[04:16:01] ===== 熊熊每日配送計畫 =====
[04:16:01] 今日日期: 2026-07-21
[04:16:01] 暫存目錄: /home/fjj04/bears/2026-07-21
[04:16:01] 目的目錄: /home/fjj04/my-bear-museum/bears/2026-07-21
[04:16:01] 
--- 步驟 1: 檢查系統狀態 ---
[04:16:01] ComfyUI: ✓ 在線
[04:16:01] 
--- 步驟 2: 取得熊熊名字和風格 ---
[04:16:01] 熊熊: ['霞光熊', '花風熊', '月影庇護者', '星光旅行者', '暖陽冒險家', '銀河仙子']
[04:16:01] 風格: ['抽象', '國畫', '粉彩', '蒸汽朋克', '黏土', '水彩暈染']
[04:16:01] 
--- 步驟 3: 準備目錄 ---
[04:16:01] 
--- 步驟 4: 生成圖片 ---
[04:16:01] 配送計畫: ComfyUI 6 張 + MiniMax 0 張 （ComfyUI 在線）
[04:16:01]   No.296 metadata: title=霞光熊, series=夢幻泡泡系列, personality=我在雲霄之上中追光！好奇開朗，有胸襟。
[04:16:01]   MiniMax 產生 prompt: 霞光熊
[04:16:26]   prompt: Abstract art composition featuring a glowing bear with warm orange, pink and purple gradient fur resembling the colors of dawn light, depicted in fluid geometric shapes and bold color fields with gestural brushstrokes, standing in the foreground of a sunny beach treasure hunting adventure scene, the bear is joyfully chasing light particles reaching toward glittering gems half-buried in golden sand dunes that transform into abstract flowing forms, beside him a small teddy bear toy wearing a tiny explorer hat and a cute human child in summer clothing explore together examining a sparkling artifact, floating iridescent bubbles of various sizes drift through the composition like from the dreamy series, the ocean behind them rendered in sweeping turquoise and coral color blocks merging into a luminous sunrise sky with bold horizontal strokes, scattered seashells appear as abstract spiral forms in coral and pearl tones, warm glowing particles and light rays burst throughout the painting capturing the curious and adventurous spirit, abstract shapes suggest footprints in the sand leading to hidden treasure, the overall atmosphere is magical and hopeful with dynamic energy of friendship and discovery, soft kawaii style, horizontal composition 16:9, high quality illustration, detailed fur texture
[04:16:26] ComfyUI #1: 霞光熊 (抽象) [1600x900]
[04:16:47]   已保存: 296-霞光熊.png
[04:16:47]   No.297 metadata: title=花風熊, series=魔法森林深系列, personality=我於雲端城市中守護！花蕊黃，正向樂觀。
[04:16:47]   MiniMax 產生 prompt: 花風熊
[04:17:01]   prompt: In a mystical Chinese ink painting scene set within a floating cloud city surrounded by enchanted forest, a cheerful bear with warm golden-yellow fur the color of flower pollen stands proudly in a lush meadow, gazing up with joyful eyes at a magnificent colorful kite dancing through the ethereal misty sky, the bear radiates optimism and guardian energy as gentle wind carries cherry blossom petals swirling around while a small yellow duckling playfully waddles nearby holding the kite string, and a tiny teddy bear toy sits on the bear's shoulder waving cheerfully, the magical atmosphere illuminated by soft golden sunlight filtering through the mist with delicate brushstroke details capturing the serene yet playful moment in traditional East Asian watercolor style with flowing ink lines and poetic composition, soft kawaii style, horizontal composition 16:9, high quality illustration, detailed fur texture
[04:17:01] ComfyUI #2: 花風熊 (國畫) [1600x900]
[04:17:21]   已保存: 297-花風熊.png
[04:17:21]   No.298 metadata: title=庇護者, series=占卜師系列, personality=今天發現了星光如鑽，想分享給你！感性活潑，熱愛大自然的美好。
[04:17:21]   MiniMax 產生 prompt: 月影庇護者
[04:17:51]   prompt: A soft gray-blue bear with luminous curious eyes and a gentle expression stands on a gentle grassy hilltop bathed in the magical glow of early evening, gazing upward with arms spread wide in emotional wonder as diamond-like stars begin to emerge across the pastel gradient sky of lavender and rose, its fluffy fur catching the soft twilight shimmer while a small white rabbit companion sits beside it, ears perked in shared amazement, both creatures surrounded by scattered wildflowers and gentle mist drifting through the meadow, the bear's warm personality evident in its excited expression as it experiences nature's beautiful secret, soft pastel illustration style with dreamy atmospheric lighting, delicate brushwork, and a tender sense of companionship and magical discovery, soft kawaii style, horizontal composition 16:9, high quality illustration, detailed fur texture
[04:17:51] ComfyUI #3: 月影庇護者 (粉彩) [1600x900]
[04:18:12]   已保存: 298-月影庇護者.png
[04:18:12]   No.299 metadata: title=旅行者, series=魔法鏡子系列, personality=今天發現了占卜師，想分享給你！有智慧，珍惜每一個美好的瞬間。
[04:18:12]   MiniMax 產生 prompt: 星光旅行者
[04:18:26]   prompt: A gentle golden-brown teddy bear with soft starlight patterns on its fur stands in a mystical steampunk workshop filled with glowing crystal balls, brass gears, and floating celestial maps, wearing Victorian-era explorer clothing with copper goggles and leather straps, while an elderly fortune teller figure draped in flowing purple robes gestures toward a magical mirror as golden steam rises from ornate brass pipes and glowing runes illuminate the ancient wooden table, accompanied by a tiny mechanical owl with amber gemstone eyes perched on the bear's shoulder and a small bronze compass hovering nearby that spins with celestial energy, the warm magical light casting soft shadows across intricate clockwork mechanisms and scattered constellation charts as the wise traveler bear extends a paw toward the fortune teller, capturing a moment of shared wonder and discovery in this enchanting magical mirror series scene, soft kawaii style, horizontal composition 16:9, high quality illustration, detailed fur texture
[04:18:26] ComfyUI #4: 星光旅行者 (蒸汽朋克) [1600x900]
[04:18:46]   已保存: 299-星光旅行者.png
[04:18:46]   No.300 metadata: title=冒險家, series=星星碎片系列, personality=虹霓帶，熱愛花季物語。珍惜每一個美好的瞬間。
[04:18:46]   MiniMax 產生 prompt: 暖陽冒險家
[04:19:02]   prompt: A joyful claymation bear with warm honey-colored fur wearing a colorful rainbow ribbon sits happily beside a glowing campfire on a moonlit mountain peak, his expressive eyes sparkling with wonder as he gazes upward at the breathtaking canopy of countless twinkling stars scattered across the deep indigo night sky, tiny stardust particles floating gently through the crisp alpine air, a small adorable fabric doll with button eyes sits cosily wrapped in a cozy blanket next to the bear while a fluffy cream-colored puppy playfully rests its head on the bear's lap, all three friends gathered together beneath a small canvas tent with expedition gear and a warm lantern nearby, the magical stargazing scene capturing the precious beauty of friendship and adventure in soft volumetric lighting with warm golden firelight contrasting beautifully against the cool blue starlight, creating a heartwarming moment of treasuring every beautiful instant together in this enchanting stop-motion style illustration, soft kawaii style, horizontal composition 16:9, high quality illustration, detailed fur texture
[04:19:02] ComfyUI #5: 暖陽冒險家 (黏土) [1600x900]
[04:19:22]   已保存: 300-暖陽冒險家.png
[04:19:22]   No.301 metadata: title=仙子, series=占卜師系列, personality=純真無邪，熱愛暮雲歸處。熱愛大自然的美好。
[04:19:22]   MiniMax 產生 prompt: 銀河仙子
[04:19:35]   prompt: A gentle silver-furred bear with delicate iridescent fur that shimmers like distant stars sits beside a small white rabbit at a charming weekend market, their paws resting on a rustic wooden table draped with handwoven cloth where crystals and dried flowers are displayed, golden afternoon sunlight filtering through canvas awnings casting soft dappled shadows, the air filled with floating petals and gentle sparkles that drift like fairy dust around them, watercolor bleeds and soft washes creating an ethereal dreamlike atmosphere with pastel tones blending seamlessly, the bear wearing a flowing white robe adorned with tiny celestial motifs while the little rabbit sniffs curiously at a bundle of lavender nearby, both characters gazing up with wide innocent eyes at a handmade dreamcatcher swaying in the breeze, warm and magical lighting illuminating their pure friendship, soft kawaii style, horizontal composition 16:9, high quality illustration, detailed fur texture
[04:19:35] ComfyUI #6: 銀河仙子 (水彩暈染) [1600x900]
[04:19:56]   已保存: 301-銀河仙子.png
[04:19:56] 共生成 6 張圖片於 /home/fjj04/bears/2026-07-21
[04:19:56] 
--- 步驟 5: 更新熊熊博物館 ---
[04:19:56] 已複製: 296-霞光熊.png → /home/fjj04/my-bear-museum/bears/2026-07-21/296-霞光熊.png
[04:19:56]   已生成縮圖: bears/2026-07-21/thumbs/296-霞光熊-s.png, bears/2026-07-21/thumbs/296-霞光熊-m.png
[04:19:56] 已複製: 297-花風熊.png → /home/fjj04/my-bear-museum/bears/2026-07-21/297-花風熊.png
[04:19:56]   已生成縮圖: bears/2026-07-21/thumbs/297-花風熊-s.png, bears/2026-07-21/thumbs/297-花風熊-m.png
[04:19:56] 已複製: 298-月影庇護者.png → /home/fjj04/my-bear-museum/bears/2026-07-21/298-月影庇護者.png
[04:19:56]   已生成縮圖: bears/2026-07-21/thumbs/298-月影庇護者-s.png, bears/2026-07-21/thumbs/298-月影庇護者-m.png
[04:19:56] 已複製: 299-星光旅行者.png → /home/fjj04/my-bear-museum/bears/2026-07-21/299-星光旅行者.png
[04:19:56]   已生成縮圖: bears/2026-07-21/thumbs/299-星光旅行者-s.png, bears/2026-07-21/thumbs/299-星光旅行者-m.png
[04:19:56] 已複製: 300-暖陽冒險家.png → /home/fjj04/my-bear-museum/bears/2026-07-21/300-暖陽冒險家.png
[04:19:56]   已生成縮圖: bears/2026-07-21/thumbs/300-暖陽冒險家-s.png, bears/2026-07-21/thumbs/300-暖陽冒險家-m.png
[04:19:56] 已複製: 301-銀河仙子.png → /home/fjj04/my-bear-museum/bears/2026-07-21/301-銀河仙子.png
[04:19:56]   已生成縮圖: bears/2026-07-21/thumbs/301-銀河仙子-s.png, bears/2026-07-21/thumbs/301-銀河仙子-m.png
[04:19:56] 已更新 bears.json
[04:19:56] 新增 6 隻熊熊
[04:19:56] 
--- 步驟 6: Git Commit ---
[04:20:05] Git push 完成
[04:20:05] 
--- 步驟 7: 部署到 Cloudflare Pages ---
[04:20:21] 
===== 完成 =====
[04:20:21] 到 https://kumaweb.pages.dev 觀看結果
