[04:10:23] ===== 熊熊每日配送計畫 =====
[04:10:23] 今日日期: 2026-07-04
[04:10:23] 暫存目錄: /home/fjj04/bears/2026-07-04
[04:10:23] 目的目錄: /home/fjj04/my-bear-museum/bears/2026-07-04
[04:10:23] 
--- 步驟 1: 檢查系統狀態 ---
[04:10:28] ComfyUI: ✗ 離線
[04:10:28] 
--- 步驟 2: 取得熊熊名字和風格 ---
[04:10:28] 熊熊: ['糖星熊', '星海熊', '銀河收藏家', '嵐光熊', '雪海熊', '羽花熊']
[04:10:28] 風格: ['藝術大字', '塗鴉', '和風', '波斯地毯', '外太空', '童話書']
[04:10:28] 
--- 步驟 3: 準備目錄 ---
[04:10:28] 
--- 步驟 4: 生成圖片 ---
[04:10:28] 配送計畫: ComfyUI 6 張 + MiniMax 0 張 （ComfyUI 離線）
[04:10:28]   No.194 metadata: title=糖星熊, series=精靈王國系列, personality=我在巧克力慕斯中玩耍！開朗明亮，夕照的。
[04:10:28]   MiniMax 產生 prompt: 糖星熊
[04:10:44]   prompt: A charming kawaii bear character with warm golden-brown fur and bright sparkling eyes plays happily among rolling hills and soft swirls of rich chocolate mousse, the entire magical scene illuminated by gorgeous warm sunset light casting deep amber and rose-gold tones across the sky, with delicate golden stars and sparkles scattered throughout the fantasy landscape, surrounded by elements of an enchanted elven kingdom with glowing mushrooms and mystical flowers blooming in the foreground, the bear has a joyful cheerful expression with a big smile, wearing a small crown decorated with candy gems, magical particles and stardust floating everywhere in the air creating a dreamy atmosphere, warm color palette of chocolate brown, honey amber, and soft pink sunset hues blending beautifully together, whimsical detailed illustration with soft atmospheric lighting and glowing magical elements throughout the entire composition, soft kawaii style, horizontal composition 16:9, high quality illustration, detailed fur texture
[04:10:44] MiniMax #1: 糖星熊 (藝術大字) [16:9]
[04:11:02]   已保存: 194-糖星熊.png
[04:11:02]   No.195 metadata: title=星海熊, series=彩虹王國系列, personality=今天發現了藍海溫柔，想分享給你！低調奢華，總是給身邊的人帶來幸福感。
[04:11:02]   MiniMax 產生 prompt: 星海熊
[04:11:13]   prompt: A whimsical doodle illustration of a cute blue-furred bear surrounded by sparkling stars floating above gentle ocean waves, the bear has a joyful expression while sharing the beauty of the blue sea with friends, the scene is filled with dreamy watercolor splashes and hand-drawn doodle elements like swirls hearts and sparkles, magical pastel lighting bathes the entire composition in soft teal and azure hues, scattered starfish and seashells add touches of seaside charm, the overall artwork feels like a playful sketch from a magical rainbow kingdom where kindness and happiness flow freely, soft kawaii style, horizontal composition 16:9, high quality illustration, detailed fur texture
[04:11:13] MiniMax #2: 星海熊 (塗鴉) [16:9]
[04:11:30]   已保存: 195-星海熊.png
[04:11:30]   No.196 metadata: title=收藏家, series=魔法寶石系列, personality=今天發現了香草冰淇淋甜，想分享給你！陰天的，充滿好奇與勇氣。
[04:11:30]   MiniMax 產生 prompt: 銀河收藏家
[04:11:41]   prompt: A charming kawaii bear character with soft galaxy-colored fur stands on an ancient wooden Japanese bridge, clutching a precious gemstone that glows with magical inner light, surrounded by floating magical crystals and gems in various mystical colors, wearing a traditional Japanese kimono with constellation patterns, holding a cute vanilla ice cream cone with a joyful expression, a gentle overcast sky with soft diffused light creates an ethereal atmosphere, traditional Japanese architecture and cherry blossom branches frame the scene, twinkling stars visible through the clouds, magical sparkles and soft pastel glow emanating from the gems, traditional washi painting style with elegant brushwork, delicate details on the bear's fur and traditional garments, warm sharing atmosphere, dynamic composition with layers of depth, serene yet magical mood, soft kawaii style, horizontal composition 16:9, high quality illustration, detailed fur texture
[04:11:41] MiniMax #3: 銀河收藏家 (和風) [16:9]
[04:12:02]   已保存: 196-銀河收藏家.png
[04:12:02]   No.197 metadata: title=嵐光熊, series=公主殿下系列, personality=我於海風鹹香中玩耍！神秘優雅，灑脫積極。
[04:12:02]   MiniMax 產生 prompt: 嵐光熊
[04:12:13]   prompt: A majestic kawaii bear princess stands proudly on a sunlit cliff overlooking a vast sparkling ocean, her fur shimmering with gradients of stormy blue and golden light that shift like clouds parting at sunrise, while the salty sea breeze carries her elegant ribbons and flowing royal garments billowing dramatically outward, the entire scene rendered in intricate Persian carpet art style featuring elaborate geometric patterns, richly woven textures, and ornate floral borders that frame this magical moment where land meets sea meets sky, with delicate light rays piercing through dramatic clouds above casting ethereal golden and turquoise glows across the waves below, capturing her mysterious yet joyful spirit as she embraces the freedom of the wind, soft kawaii style, horizontal composition 16:9, high quality illustration, detailed fur texture
[04:12:13] MiniMax #4: 嵐光熊 (波斯地毯) [16:9]
[04:12:30]   已保存: 197-嵐光熊.png
[04:12:30]   No.198 metadata: title=雪海熊, series=花之物語系列, personality=我在雲淡風輕中漫步！優雅得體，浪漫感性。
[04:12:30]   MiniMax 產生 prompt: 雪海熊
[04:12:44]   prompt: A majestic polar bear gracefully floats through a dreamy cosmic seascape, its pristine white fur shimmering with starlight against a deep indigo nebula backdrop filled with swirling galaxies and distant celestial bodies. The bear walks elegantly among translucent ice platforms that drift through space like gentle clouds, while ethereal cherry blossoms and luminous flowers from the Flower Tale series bloom impossibly in the cosmic void, their petals glowing with soft pink and lavender light. Magical aurora borealis dances across the starry sky, creating a romantic and sentimental atmosphere as the serene bear pauses to admire a glowing crystal flower, surrounded by floating petals that sparkle like diamonds in the starlight, soft kawaii style, horizontal composition 16:9, high quality illustration, detailed fur texture
[04:12:44] MiniMax #5: 雪海熊 (外太空) [16:9]
[04:13:03]   已保存: 198-雪海熊.png
[04:13:03]   No.199 metadata: title=羽花熊, series=時光旅人系列, personality=我在風雲變幻中跳舞！浪漫癡心，好奇善良。
[04:13:03]   MiniMax 產生 prompt: 羽花熊
[04:13:21]   prompt: A charming fantasy bear adorned with elegant feathered plumes and blooming flowers woven through its soft fur, dancing joyfully in a mystical sky where swirling clouds and gentle wind currents surround it, rendered in a classic fairy tale storybook illustration style with warm golden sunlight filtering through pastel clouds, magical sparkles dancing in the air. Below, a dreamy landscape of rolling hills and ancient floating islands stretches toward the horizon, bathed in soft lavender and rose-colored twilight. Delicate flower petals swirl gracefully around the charming bear as it twirls with pure happiness, while gentle wind carries feathers and blossoms through the enchanted scene. The composition features warm ethereal lighting with soft watercolor washes, gentle ink outlines, and a nostalgic children's book illustration aesthetic capturing a whimsical moment of wonder and joy, soft kawaii style, horizontal composition 16:9, high quality illustration, detailed fur texture
[04:13:21] MiniMax #6: 羽花熊 (童話書) [16:9]
[04:13:40]   已保存: 199-羽花熊.png
[04:13:40] 共生成 6 張圖片於 /home/fjj04/bears/2026-07-04
[04:13:40] 
--- 步驟 5: 更新熊熊博物館 ---
[04:13:40] 已複製: 194-糖星熊.png → /home/fjj04/my-bear-museum/bears/2026-07-04/194-糖星熊.png
[04:13:40]   已生成縮圖: bears/2026-07-04/thumbs/194-糖星熊-s.png, bears/2026-07-04/thumbs/194-糖星熊-m.png
[04:13:40] 已複製: 195-星海熊.png → /home/fjj04/my-bear-museum/bears/2026-07-04/195-星海熊.png
[04:13:40]   已生成縮圖: bears/2026-07-04/thumbs/195-星海熊-s.png, bears/2026-07-04/thumbs/195-星海熊-m.png
[04:13:40] 已複製: 196-銀河收藏家.png → /home/fjj04/my-bear-museum/bears/2026-07-04/196-銀河收藏家.png
[04:13:40]   已生成縮圖: bears/2026-07-04/thumbs/196-銀河收藏家-s.png, bears/2026-07-04/thumbs/196-銀河收藏家-m.png
[04:13:40] 已複製: 197-嵐光熊.png → /home/fjj04/my-bear-museum/bears/2026-07-04/197-嵐光熊.png
[04:13:40]   已生成縮圖: bears/2026-07-04/thumbs/197-嵐光熊-s.png, bears/2026-07-04/thumbs/197-嵐光熊-m.png
[04:13:40] 已複製: 198-雪海熊.png → /home/fjj04/my-bear-museum/bears/2026-07-04/198-雪海熊.png
[04:13:40]   已生成縮圖: bears/2026-07-04/thumbs/198-雪海熊-s.png, bears/2026-07-04/thumbs/198-雪海熊-m.png
[04:13:40] 已複製: 199-羽花熊.png → /home/fjj04/my-bear-museum/bears/2026-07-04/199-羽花熊.png
[04:13:40]   已生成縮圖: bears/2026-07-04/thumbs/199-羽花熊-s.png, bears/2026-07-04/thumbs/199-羽花熊-m.png
[04:13:40] 已更新 bears.json
[04:13:40] 新增 6 隻熊熊
[04:13:40] 
--- 步驟 6: Git Commit ---
[04:13:45] Git push 完成
[04:13:45] 
--- 步驟 7: 部署到 Cloudflare Pages ---
[04:13:58] 
===== 完成 =====
[04:13:58] 到 https://kumaweb.pages.dev 觀看結果
