[04:11:17] ===== 熊熊每日配送計畫 =====
[04:11:17] 今日日期: 2026-08-03
[04:11:17] 暫存目錄: /home/fjj04/bears/2026-08-03
[04:11:17] 目的目錄: /home/fjj04/my-bear-museum/bears/2026-08-03
[04:11:17] 
--- 步驟 1: 檢查系統狀態 ---
[04:11:17] ComfyUI: ✓ 在線
[04:11:17] 
--- 步驟 2: 取得熊熊名字和風格 ---
[04:11:17] 熊熊: ['彩霞拾夢者', '銀河占卜師', '彩霞映月者', '月影使者', '星光織光者', '琥珀旅人']
[04:11:17] 風格: ['織品', '玻璃馬賽克', '霓虹燈', '浮雕', '故障藝術', '等距視角']
[04:11:17] 
--- 步驟 3: 準備目錄 ---
[04:11:17] 
--- 步驟 4: 生成圖片 ---
[04:11:17] 配送計畫: ComfyUI 6 張 + MiniMax 0 張 （ComfyUI 在線）
[04:11:17]   No.381 metadata: title=拾夢者, series=魔法森林童話系列, personality=體貼細膩，喜歡星星王國。珍惜每一個美好的瞬間。, conditions={'weather': {'zh': '彩虹出現', 'en': 'under a brilliant rainbow'}, 'prop': {'zh': '背書包', 'en': 'carrying a school backpack'}}
[04:11:17]   MiniMax 產生 prompt: 彩霞拾夢者
[04:11:35]   prompt: A charming textile art illustration of a gentle teddy bear with warm brown fur rendered in visible fabric stitching and embroidery, standing in a mystical forest clearing under a brilliant rainbow arching across the sky, the multi-colored light casting a magical glow on delicate wildflowers and luminous fireflies dancing around, the bear wearing a small school backpack decorated with embroidered stars, its embroidered eyes filled with wonder and tenderness as it reaches toward a glowing dream-wisp floating among the clouds, beside it a curious little rabbit with soft gray fabric fur and a tiny crown sits among mushroom homes watching the rainbow reflect in a nearby crystal stream, the entire scene woven together with soft yarn textures and threadwork details in the style of fabric illustration, the atmosphere capturing that precious moment of treasuring beautiful memories where dreams meet reality, soft kawaii style, horizontal composition 16:9, high quality illustration, detailed fur texture
[04:11:35] ComfyUI #1: 彩霞拾夢者 (織品) [1600x900]
[04:11:56]   已保存: 381-彩霞拾夢者.png
[04:11:56]   No.382 metadata: title=占卜師, series=魔法森林系列, personality=我於星月同輝裡找到了美好！幽默逗趣，珍惜每一個綻放的瞬間。, conditions={'holiday': {'zh': '中秋節', 'en': 'during Mid-Autumn Festival with mooncakes'}, 'prop': {'zh': '戴皇冠', 'en': 'wearing a small golden crown'}, 'emotion': {'zh': '沉思安靜', 'en': 'in thoughtful silence'}}
[04:11:56]   MiniMax 產生 prompt: 銀河占卜師
[04:12:14]   prompt: A majestic kawaii bear diviner with shimmering silver-blue fur and a small golden crown sits gracefully in a magical forest flower meadow during the enchanting Mid-Autumn Festival, surrounded by blooming wildflowers in soft pinks and purples under a luminous full moon that glows alongside twinkling stars, the bear gazes upward with a gentle thoughtful expression contemplating the cosmic mysteries of the universe, a small adorable teddy bear toy rests cozily beside an equally small fluffy dog who leans against the bear's leg, together they share a cozy picnic spread with traditional mooncakes and glowing paper lanterns casting warm amber light across the scene, intricate glass mosaic tiles shimmer with iridescent blues and silvers capturing the celestial moon and starlight reflections, the atmosphere is serene and magical with fireflies dancing gently in the cool autumn night air, soft moonlight bathes the entire meadow in ethereal silver radiance while the three friends enjoy this precious quiet moment of togetherness under the starry sky, soft kawaii style, horizontal composition 16:9, high quality illustration, detailed fur texture
[04:12:14] ComfyUI #2: 銀河占卜師 (玻璃馬賽克) [1600x900]
[04:12:34]   已保存: 382-銀河占卜師.png
[04:12:34]   No.383 metadata: title=映月者, series=精靈傳說系列, personality=明朗坦率，喜歡流星划過。總是給身邊的人帶來幸福感。, conditions={'weather': {'zh': '彩虹出現', 'en': 'under a brilliant rainbow'}, 'holiday': {'zh': '農曆新年', 'en': 'during Lunar New Year with red lanterns'}}
[04:12:34]   MiniMax 產生 prompt: 彩霞映月者
[04:12:57]   prompt: In a magical mountain clearing under a brilliant rainbow arcing across the twilight sky, a cheerful bear with soft warm brown fur gazes upward in delight as shooting stars streak past the luminous full moon, her bright frank expression radiating pure happiness. Red paper lanterns decorated with golden Lunar New Year characters hang from nearby pine branches, their warm glow mixing with vibrant neon light effects that paint the surrounding trees in shades of pink, cyan, and purple, creating a fantastical enchanted atmosphere. The bear sits beside a cozy campfire with a small orange cat nestled between her legs, a tiny yellow duckling resting contentedly in her lap, and a small fabric doll propped up on a camping blanket beside her, all watching the starry spectacle together with wonder and joy. Fireflies dance through the crisp mountain air as the forest comes alive with celebration, the magical neon glow reflecting off the rainbow mist, capturing the warm essence of bringing happiness to those you love under the shimmering celestial sky, soft kawaii style, horizontal composition 16:9, high quality illustration, detailed fur texture
[04:12:57] ComfyUI #3: 彩霞映月者 (霓虹燈) [1600x900]
[04:13:17]   已保存: 383-彩霞映月者.png
[04:13:17]   No.384 metadata: title=使者, series=魔法城堡系列, personality=今天發現了永恆之光，想分享給你！優雅精緻，充滿好奇與勇氣。, conditions={'weather': {'zh': '晴天', 'en': 'on a bright sunny day'}}
[04:13:17]   MiniMax 產生 prompt: 月影使者
[04:13:31]   prompt: A majestic carved stone relief sculpture depicting a luminous silver bear emissary discovering an ethereal eternal light deep within a spectacular magical cave filled with glowing crystals and ancient runes, the bear stands proudly in the foreground with an elegant pose showing wonder and curiosity, accompanied by a small fluffy dog looking up in amazement, a tiny teddy bear toy riding on the dog's back, and a cheerful yellow duckling waddling nearby carrying a tiny lantern, golden sunlight from the cave entrance streams through creating magical light rays that illuminate floating dust particles and crystal formations, intricate bas-relief details showcase elaborate swirls and patterns typical of ancient temple art, the scene conveys bravery and the joy of sharing discoveries with beloved friends on a grand adventure, soft kawaii style, horizontal composition 16:9, high quality illustration, detailed fur texture
[04:13:31] ComfyUI #4: 月影使者 (浮雕) [1600x900]
[04:13:51]   已保存: 384-月影使者.png
[04:13:51]   No.385 metadata: title=織光者, series=星星糖屋系列, personality=我於奶油飄香裡找到了美好！踏實活潑，喜歡收集閃閃發亮的東西。, conditions={'weather': {'zh': '颱風天', 'en': 'during a typhoon with dramatic winds'}}
[04:13:51]   MiniMax 產生 prompt: 星光織光者
[04:14:11]   prompt: A kawaii bear character with soft cream-colored fur stands bravely in the midst of a powerful typhoon with dramatic swirling winds and rain, the bear's small body leaning into the gusts while holding onto a glowing star-shaped candy that emits warm golden light against the dark stormy clouds, surrounded by fragmented digital glitches and RGB color splits that float like scattered starlight through the rain, tiny colorful candy stars tumble through the chaotic wind around the bear, the glitch art aesthetic creates beautiful digital corruption patterns across the scene with pixel distortions and neon color trails streaking across the wet sky, the bear wears a tiny wind-blown scarf that flows dramatically backward, two small friends huddle close for warmth and safety beside the bear's feet, a fluffy hamster clutching a star mint and a small duckling with waterproof feathers, all three characters display expressions of determined excitement as they watch the spectacular storm together, the atmosphere is electric and magical with lightning flashes illuminating colorful glitch artifacts in the distance, warm buttery sweet aromas seem to emanate from the scene, cinematic composition with the bear as the focal point in the foreground leaning against nature's fury while their precious collection of sparkling treasures glows with resilience, soft kawaii style, horizontal composition 16:9, high quality illustration, detailed fur texture
[04:14:11] ComfyUI #5: 星光織光者 (故障藝術) [1600x900]
[04:14:32]   已保存: 385-星光織光者.png
[04:14:32]   No.386 metadata: title=旅人, series=願望之翼系列, personality=我在夢境流星裡找到了美好！喜歡雨聲，熱愛探索未知。, conditions={'weather': {'zh': '彩虹出現', 'en': 'under a brilliant rainbow'}, 'emotion': {'zh': '沉思安靜', 'en': 'in thoughtful silence'}}
[04:14:32]   MiniMax 產生 prompt: 琥珀旅人
[04:14:51]   prompt: A small golden-brown kawaii teddy bear with warm amber fur stands in a lush meadow under a brilliant rainbow that arches across the sky, gently blowing iridescent soap bubbles from a wand while lost in thoughtful silence, the bubbles catching rainbow light as they float upward. Beside the bear, a small curious orange cat and a fluffy white dog sit peacefully, watching the shimmering bubbles drift by with soft, wondering expressions, their presence adding warmth to the quiet contemplative moment. The scene is rendered in beautiful isometric perspective with a dreamy magical atmosphere, soft warm lighting filtering through the rainbow, capturing the essence of exploring unknown beauty and finding wonder in simple dreams like shooting stars in gentle rain, soft kawaii style, horizontal composition 16:9, high quality illustration, detailed fur texture
[04:14:51] ComfyUI #6: 琥珀旅人 (等距視角) [1600x900]
[04:15:11]   已保存: 386-琥珀旅人.png
[04:15:11] 共生成 6 張圖片於 /home/fjj04/bears/2026-08-03
[04:15:11] 
--- 步驟 5: 更新熊熊博物館 ---
[04:15:11] 已複製: 381-彩霞拾夢者.png → /home/fjj04/my-bear-museum/bears/2026-08-03/381-彩霞拾夢者.png
[04:15:11]   已生成縮圖: bears/2026-08-03/thumbs/381-彩霞拾夢者-s.png, bears/2026-08-03/thumbs/381-彩霞拾夢者-m.png
[04:15:11] 已複製: 382-銀河占卜師.png → /home/fjj04/my-bear-museum/bears/2026-08-03/382-銀河占卜師.png
[04:15:11]   已生成縮圖: bears/2026-08-03/thumbs/382-銀河占卜師-s.png, bears/2026-08-03/thumbs/382-銀河占卜師-m.png
[04:15:11] 已複製: 383-彩霞映月者.png → /home/fjj04/my-bear-museum/bears/2026-08-03/383-彩霞映月者.png
[04:15:11]   已生成縮圖: bears/2026-08-03/thumbs/383-彩霞映月者-s.png, bears/2026-08-03/thumbs/383-彩霞映月者-m.png
[04:15:11] 已複製: 384-月影使者.png → /home/fjj04/my-bear-museum/bears/2026-08-03/384-月影使者.png
[04:15:11]   已生成縮圖: bears/2026-08-03/thumbs/384-月影使者-s.png, bears/2026-08-03/thumbs/384-月影使者-m.png
[04:15:11] 已複製: 385-星光織光者.png → /home/fjj04/my-bear-museum/bears/2026-08-03/385-星光織光者.png
[04:15:11]   已生成縮圖: bears/2026-08-03/thumbs/385-星光織光者-s.png, bears/2026-08-03/thumbs/385-星光織光者-m.png
[04:15:11] 已複製: 386-琥珀旅人.png → /home/fjj04/my-bear-museum/bears/2026-08-03/386-琥珀旅人.png
[04:15:11]   已生成縮圖: bears/2026-08-03/thumbs/386-琥珀旅人-s.png, bears/2026-08-03/thumbs/386-琥珀旅人-m.png
[04:15:11] 已更新 bears.json
[04:15:11] 新增 6 隻熊熊
[04:15:11] 
--- 步驟 6: Git Commit ---
[04:15:21] Git push 完成
[04:15:21] 
--- 步驟 7: 部署到 Cloudflare Pages ---
[04:15:55] 
===== 完成 =====
[04:15:55] 到 https://kumaweb.pages.dev 觀看結果
