[04:11:08] ===== 熊熊每日配送計畫 =====
[04:11:08] 今日日期: 2026-07-07
[04:11:08] 暫存目錄: /home/fjj04/bears/2026-07-07
[04:11:08] 目的目錄: /home/fjj04/my-bear-museum/bears/2026-07-07
[04:11:08] 
--- 步驟 1: 檢查系統狀態 ---
[04:11:08] ComfyUI: ✓ 在線
[04:11:08] 
--- 步驟 2: 取得熊熊名字和風格 ---
[04:11:08] 熊熊: ['粉色旅人', '白雲仙子', '流星精靈', '森海熊', '紫色精靈', '晨曦拾光者']
[04:11:08] 風格: ['浮世繪', '點描', '水墨', '漫畫', '素描', '霓虹']
[04:11:08] 
--- 步驟 3: 準備目錄 ---
[04:11:08] 
--- 步驟 4: 生成圖片 ---
[04:11:08] 配送計畫: ComfyUI 6 張 + MiniMax 0 張 （ComfyUI 在線）
[04:11:08]   No.212 metadata: title=旅人, series=雲端城市系列, personality=今天發現了彩虹王國，想分享給你！活力充沛，是個夢幻的小精靈。
[04:11:08]   MiniMax 產生 prompt: 粉色旅人
[04:11:18]   prompt: A cheerful pink bear with soft rounded features stands triumphantly atop floating islands in a fantastical cloud city rendered in traditional ukiyo-e style, surrounded by cascading rainbows that arc across the sky in brilliant prismatic waves, delicate wisps of clouds drift between wooden pagodas and cherry blossoms while the bear gestures excitedly toward a magical rainbow kingdom visible in the distance, bold black outlines define the scene with flat areas of saturated color inspired by Japanese woodblock prints, warm golden light illuminates the bear's fluffy pink fur as mystical spirit particles swirl around it capturing that dreamy energetic personality of a happy little traveler sharing wonderful discoveries with the world, soft kawaii style, horizontal composition 16:9, high quality illustration, detailed fur texture
[04:11:18] ComfyUI #1: 粉色旅人 (浮世繪) [1600x900]
[04:11:38]   已保存: 212-粉色旅人.png
[04:11:38]   No.213 metadata: title=仙子, series=精靈禮物系列, personality=今天發現了雲端花園，想分享給你！純真單純，帶來滿滿的溫暖與快樂。
[04:11:38]   MiniMax 產生 prompt: 白雲仙子
[04:11:54]   prompt: A gentle white teddy bear with delicate translucent fairy wings floats joyfully through a magical cloud garden filled with delicate pastel flowers, floating dandelion seeds, and tiny glowing spirit orbs. The bear wears a crown of tiny white blossoms and a flowing pastel cape, smiling with pure innocent happiness. Pointillism style with millions of tiny colorful dots creating soft gradients of rose pink, lavender, baby blue, and warm golden yellow. Warm morning sunlight filters through the fluffy white clouds casting gentle dappled light across the meadow. Whimsical and heartwarming atmosphere with butterflies and tiny fairies dancing around, cherry blossom petals drifting in a gentle breeze, and rainbow sparkles scattered throughout. Pure, simple joy radiates from every corner of this dreamlike fairy tale scene, bringing warmth and happiness to all who witness it, soft kawaii style, horizontal composition 16:9, high quality illustration, detailed fur texture
[04:11:54] ComfyUI #2: 白雲仙子 (點描) [1600x900]
[04:12:14]   已保存: 213-白雲仙子.png
[04:12:14]   No.214 metadata: title=精靈, series=雲端城堡系列, personality=我於魔法城堡裡找到了美好！主動積極，喜歡收集閃閃發亮的東西。
[04:12:14]   MiniMax 產生 prompt: 流星精靈
[04:12:31]   prompt: A magical ink wash painting scene depicting a small fairy bear character with soft fur glowing with stardust, floating joyfully through an ethereal cloud castle suspended among ancient misty mountains. The bear holds sparkling gems and crystals in its tiny paws, leaving trails of shooting stars across the ink-washed sky. Delicate traditional Chinese brushstrokes define the wispy cloud structures and pagoda towers rising into a starlit heavens, with luminescent particles floating like fireflies throughout the dreamy atmosphere. Varying ink densities create beautiful depth between the foreground fairy and distant mountain silhouettes, while soft moonlight illuminates the magical creature's hopeful expression and glimmering collection of precious treasures gathered from the enchanted castle halls, soft kawaii style, horizontal composition 16:9, high quality illustration, detailed fur texture
[04:12:31] ComfyUI #3: 流星精靈 (水墨) [1600x900]
[04:12:51]   已保存: 214-流星精靈.png
[04:12:51]   No.215 metadata: title=森海熊, series=奇蹟之花系列, personality=我在天空純淨裡找到了美好！神采奕奕，熱愛探索未知。
[04:12:51]   MiniMax 產生 prompt: 森海熊
[04:13:01]   prompt: A cheerful manga-style bear with soft brown fur streaked with ocean blue tones stands proudly atop a mossy rock, gazing up at a breathtaking sky filled with floating miracle flowers that emit a soft golden glow. The scene depicts a magical realm where an ancient forest meets a crystalline sea, with bioluminescent petals drifting through the air like enchanted snowflakes. The bear's eyes sparkle with wonder and determination, embodying a bold spirit of adventure as rainbow light refracts through the magical flora surrounding the character, soft kawaii style, horizontal composition 16:9, high quality illustration, detailed fur texture
[04:13:01] ComfyUI #4: 森海熊 (漫畫) [1600x900]
[04:13:22]   已保存: 215-森海熊.png
[04:13:22]   No.216 metadata: title=精靈, series=精靈禮物系列, personality=有耐心，熱愛銀河漫漫。珍惜每一個美好的瞬間。
[04:13:22]   MiniMax 產生 prompt: 紫色精靈
[04:13:32]   prompt: A gentle purple spirit bear with delicate sketch lines stands peacefully on a floating mossy rock in the middle of a cosmic nebula, surrounded by swirling ribbons of lavender and violet stardust that form the vast Milky Way across the velvet sky, countless twinkling stars reflected in the bear's patient and wise eyes as one soft glowing star floats near its paw, the ethereal creature holds a tiny crystal gift box containing a captured moment of celestial beauty, the entire scene rendered in masterful pencil sketching technique with soft cross-hatching for depth, flowing fine lines for the cosmic atmosphere, and gentle smudging to create dreamlike gradients between the purple hues of the galaxy, delicate wisps of aurora borealis dance in the background while the bear gazes peacefully at the infinite universe, cherishing each precious instant of this magical starlit moment, soft kawaii style, horizontal composition 16:9, high quality illustration, detailed fur texture
[04:13:32] ComfyUI #5: 紫色精靈 (素描) [1600x900]
[04:13:52]   已保存: 216-紫色精靈.png
[04:13:52]   No.217 metadata: title=拾光者, series=希望之盾系列, personality=我用霓虹風格描繪花瓣雨落！山稜線，天真開朗，總是給身邊的人帶來幸福感。
[04:13:52]   MiniMax 產生 prompt: 晨曦拾光者
[04:14:01]   prompt: A cheerful small bear character with soft fur stands on a mountain ridge at dawn, wearing a glowing shield emblem on its chest, surrounded by thousands of colorful neon flower petals falling gently through the air like luminescent confetti, the mountain peaks in the background bathed in ethereal pink and orange sunrise light blending with vibrant neon glows, scattered magical light particles dancing around the bear as it reaches up happily to catch a glowing petal, the entire scene rendered in stunning neon lighting with electric blues, hot pinks, and warm golden tones creating a dreamy cyberpunk-meets-fairy-tale atmosphere full of hope and joy, soft kawaii style, horizontal composition 16:9, high quality illustration, detailed fur texture
[04:14:01] ComfyUI #6: 晨曦拾光者 (霓虹) [1600x900]
[04:14:21]   已保存: 217-晨曦拾光者.png
[04:14:21] 共生成 6 張圖片於 /home/fjj04/bears/2026-07-07
[04:14:21] 
--- 步驟 5: 更新熊熊博物館 ---
[04:14:21] 已複製: 212-粉色旅人.png → /home/fjj04/my-bear-museum/bears/2026-07-07/212-粉色旅人.png
[04:14:21]   已生成縮圖: bears/2026-07-07/thumbs/212-粉色旅人-s.png, bears/2026-07-07/thumbs/212-粉色旅人-m.png
[04:14:21] 已複製: 213-白雲仙子.png → /home/fjj04/my-bear-museum/bears/2026-07-07/213-白雲仙子.png
[04:14:21]   已生成縮圖: bears/2026-07-07/thumbs/213-白雲仙子-s.png, bears/2026-07-07/thumbs/213-白雲仙子-m.png
[04:14:21] 已複製: 214-流星精靈.png → /home/fjj04/my-bear-museum/bears/2026-07-07/214-流星精靈.png
[04:14:21]   已生成縮圖: bears/2026-07-07/thumbs/214-流星精靈-s.png, bears/2026-07-07/thumbs/214-流星精靈-m.png
[04:14:21] 已複製: 215-森海熊.png → /home/fjj04/my-bear-museum/bears/2026-07-07/215-森海熊.png
[04:14:21]   已生成縮圖: bears/2026-07-07/thumbs/215-森海熊-s.png, bears/2026-07-07/thumbs/215-森海熊-m.png
[04:14:21] 已複製: 216-紫色精靈.png → /home/fjj04/my-bear-museum/bears/2026-07-07/216-紫色精靈.png
[04:14:22]   已生成縮圖: bears/2026-07-07/thumbs/216-紫色精靈-s.png, bears/2026-07-07/thumbs/216-紫色精靈-m.png
[04:14:22] 已複製: 217-晨曦拾光者.png → /home/fjj04/my-bear-museum/bears/2026-07-07/217-晨曦拾光者.png
[04:14:22]   已生成縮圖: bears/2026-07-07/thumbs/217-晨曦拾光者-s.png, bears/2026-07-07/thumbs/217-晨曦拾光者-m.png
[04:14:22] 已更新 bears.json
[04:14:22] 新增 6 隻熊熊
[04:14:22] 
--- 步驟 6: Git Commit ---
[04:14:30] Git push 完成
[04:14:30] 
--- 步驟 7: 部署到 Cloudflare Pages ---
[04:14:44] 
===== 完成 =====
[04:14:44] 到 https://kumaweb.pages.dev 觀看結果
