[04:10:50] ===== 熊熊每日配送計畫 =====
[04:10:50] 今日日期: 2026-06-20
[04:10:50] 暫存目錄: /home/fjj04/bears/2026-06-20
[04:10:50] 目的目錄: /home/fjj04/my-bear-museum/bears/2026-06-20
[04:10:50] 
--- 步驟 1: 檢查系統狀態 ---
[04:10:50] ComfyUI: ✓ 在線
[04:10:50] 
--- 步驟 2: 取得熊熊名字和風格 ---
[04:10:50] 熊熊: ['魄雲熊', '星光漫遊者', '晨曦熊', '蜜花熊', '流星旅人', '月影王子']
[04:10:50] 風格: ['國畫', '粉彩', '蒸汽朋克', '黏土', '水彩暈染', '紙雕']
[04:10:50] 
--- 步驟 3: 準備目錄 ---
[04:10:50] 
--- 步驟 4: 生成圖片 ---
[04:10:50] 配送計畫: ComfyUI 6 張 + MiniMax 0 張 （ComfyUI 在線）
[04:10:50]   No.104 metadata: title=魄雲熊, series=星星糖屋系列, personality=有好奇心，熱愛夏風習習。珍惜每一個美好的瞬間。
[04:10:50]   MiniMax 產生 prompt: 魄雲熊
[04:11:07]   prompt: An ethereal white bear with luminous cloud-like fur floats gracefully among misty mountains in traditional Chinese ink wash painting style, the delicate brushstrokes creating flowing wisps of white and grey that seem to drift across the composition. The curious creature gazes up at a magical candy house perched among the peaks, its windows glowing with warm golden starlight from the Star Candy House series, while translucent star-shaped sweets and shimmering sugar crystals float through the air carried by gentle summer breezes. Soft pink and amber hues blend into traditional ink wash gradients, with the bear's semi-translucent fur catching rays of ethereal light as it treasures this fleeting, beautiful moment suspended in time, captured in the timeless elegance of classical Chinese painting with its characteristic empty space and poetic atmosphere, soft kawaii style, horizontal composition 16:9, high quality illustration, detailed fur texture
[04:11:07] ComfyUI #1: 魄雲熊 (國畫) [1600x900]
[04:11:32]   已保存: 104-魄雲熊.png
[04:11:32]   No.105 metadata: title=漫遊者, series=魔法師系列, personality=喜歡做夢，熱愛幸福童話。總是給身邊的人帶來幸福感。
[04:11:32]   MiniMax 產生 prompt: 星光漫遊者
[04:11:40]   prompt: A gentle magical bear with soft pastel fur wanders through a dreamy twilight landscape filled with floating stars and glowing mushrooms, wearing a cute wizard hat adorned with tiny constellation symbols, surrounded by swirling sparkles and gentle golden light that creates a warm fairy tale atmosphere, while translucent butterflies with luminescent wings dance around and whimsical clouds drift overhead in cotton candy pink and lavender, the bear carries a small glowing lantern shaped like a crescent moon that illuminates the path ahead, with cherry blossom petals gently falling through the magical night sky, soft kawaii style, horizontal composition 16:9, high quality illustration, detailed fur texture
[04:11:40] ComfyUI #2: 星光漫遊者 (粉彩) [1600x900]
[04:12:00]   已保存: 105-星光漫遊者.png
[04:12:00]   No.106 metadata: title=晨曦熊, series=月光泉水系列, personality=我用蒸汽朋克風格描繪蘭花高雅！灑脫積極，有胸襟，總是給身邊的人帶來幸福感。
[04:12:00]   MiniMax 產生 prompt: 晨曦熊
[04:12:12]   prompt: A charming steampunk bear character with warm golden-amber fur sits beside a moonlit crystal spring waterfall, surrounded by elegant purple and white orchids growing from ornate brass pipes and Victorian machinery, intricate bronze gears and copper steam pipes frame the scene while soft morning sunrise light pierces through the mystical mist creating magical golden hour reflections on the water surface, the bear wears a small steampunk monocle and has a cheerful expression radiating warmth and happiness, delicate steam wisps rise from brass instruments and floating clockwork butterflies add to the fantastical atmosphere, detailed steampunk accessories with sapphire and ruby gem accents, soft dappled light filtering through mechanical vines, ultra detailed illustration style with painterly brushstrokes capturing the essence of elegant free-spirited positivity, soft kawaii style, horizontal composition 16:9, high quality illustration, detailed fur texture
[04:12:12] ComfyUI #3: 晨曦熊 (蒸汽朋克) [1600x900]
[04:12:32]   已保存: 106-晨曦熊.png
[04:12:32]   No.107 metadata: title=蜜花熊, series=永恆之光系列, personality=我用黏土風格描繪糖霜星空！快樂天使，天真爛漫，熱愛大自然的美好。
[04:12:32]   MiniMax 產生 prompt: 蜜花熊
[04:12:40]   prompt: A chubby honey-golden teddy bear made of smooth polymer clay with delicate hand-painted flower patterns on its round belly and ears, sitting joyfully with tiny outstretched wings like a happy little angel, surrounded by a magical frosted starlit meadow filled with tiny wildflowers and soft glowing sugar-crystal particles floating gently in the air, the entire scene bathed in warm eternal golden twilight light with sparkling starlight reflections scattered across the clay surface, creating an innocent dreamy atmosphere where the adorable bear gazes up at the twinkling sky with pure wonder and joy, all rendered in soft matte 3D claymation style with smooth rounded forms and subtle finger-print textures preserving the handmade artisan quality, soft kawaii style, horizontal composition 16:9, high quality illustration, detailed fur texture
[04:12:40] ComfyUI #4: 蜜花熊 (黏土) [1600x900]
[04:13:00]   已保存: 107-蜜花熊.png
[04:13:00]   No.108 metadata: title=旅人, series=月光小徑系列, personality=今天發現了大地甦醒，想分享給你！有同理心，是個夢幻的小精靈。
[04:13:00]   MiniMax 產生 prompt: 流星旅人
[04:13:14]   prompt: A small kawaii bear with warm honey-brown fur and a tiny cape woven from stardust stands in a mystical moonlit forest where spring is awakening from its long slumber. Soft watercolor bleeding effects create dreamy edges around glowing fireflies and luminous flowers emerging from the earth beneath a silver moon. The bear gazes with wide wondering eyes at a shooting star trailing sparkling dust across the misty sky, gently holding a small glowing flower it just discovered among the fresh grass. Ethereal magical lighting with soft pastel blues and gentle pinks of dawn meeting the silver moonlight. Gentle aurora-like mist drifts through the enchanted woodland clearing, and tiny sparkles of fairy dust dance around this dreamy little traveler as it prepares to share this magical moment of earth's awakening with someone it cares about, soft kawaii style, horizontal composition 16:9, high quality illustration, detailed fur texture
[04:13:14] ComfyUI #5: 流星旅人 (水彩暈染) [1600x900]
[04:13:34]   已保存: 108-流星旅人.png
[04:13:34]   No.109 metadata: title=王子, series=彩虹糖漿系列, personality=我用紙雕風格描繪海風吹拂！誠實坦率，珍惜友誼，熱愛大自然的美好。
[04:13:34]   MiniMax 產生 prompt: 月影王子
[04:13:45]   prompt: A majestic little bear prince with soft moonlit silver fur stands gracefully on a windswept cliff overlooking a gentle moonlit ocean, wearing an elegant royal cape adorned with delicate paper-cut star patterns and crescent moon motifs, his kind eyes reflecting the serene night sky. The intricate paper carving art style reveals multiple dimensional layers of hand-cut paper creating stunning depth, with translucent paper sheets in soft lavender, pale blue, and warm gold tones overlapping like ocean waves, while delicate seashells, wildflowers, and flowing kelp are meticulously cut from the paper backdrop. A gentle sea breeze carries iridescent rainbow droplets from the magical syrup series, sparkling like diamonds in the moonlight as they drift through the air, illuminating the bear's peaceful honest expression and creating a dreamlike atmosphere where nature and fantasy blend seamlessly in this breathtaking cut-paper masterpiece, soft kawaii style, horizontal composition 16:9, high quality illustration, detailed fur texture
[04:13:45] ComfyUI #6: 月影王子 (紙雕) [1600x900]
[04:14:06]   已保存: 109-月影王子.png
[04:14:06] 共生成 6 張圖片於 /home/fjj04/bears/2026-06-20
[04:14:06] 
--- 步驟 5: 更新熊熊博物館 ---
[04:14:06] 已複製: 104-魄雲熊.png → /home/fjj04/my-bear-museum/bears/2026-06-20/104-魄雲熊.png
[04:14:06]   已生成縮圖: bears/2026-06-20/thumbs/104-魄雲熊-s.png, bears/2026-06-20/thumbs/104-魄雲熊-m.png
[04:14:06] 已複製: 105-星光漫遊者.png → /home/fjj04/my-bear-museum/bears/2026-06-20/105-星光漫遊者.png
[04:14:06]   已生成縮圖: bears/2026-06-20/thumbs/105-星光漫遊者-s.png, bears/2026-06-20/thumbs/105-星光漫遊者-m.png
[04:14:06] 已複製: 106-晨曦熊.png → /home/fjj04/my-bear-museum/bears/2026-06-20/106-晨曦熊.png
[04:14:06]   已生成縮圖: bears/2026-06-20/thumbs/106-晨曦熊-s.png, bears/2026-06-20/thumbs/106-晨曦熊-m.png
[04:14:06] 已複製: 107-蜜花熊.png → /home/fjj04/my-bear-museum/bears/2026-06-20/107-蜜花熊.png
[04:14:06]   已生成縮圖: bears/2026-06-20/thumbs/107-蜜花熊-s.png, bears/2026-06-20/thumbs/107-蜜花熊-m.png
[04:14:06] 已複製: 108-流星旅人.png → /home/fjj04/my-bear-museum/bears/2026-06-20/108-流星旅人.png
[04:14:06]   已生成縮圖: bears/2026-06-20/thumbs/108-流星旅人-s.png, bears/2026-06-20/thumbs/108-流星旅人-m.png
[04:14:06] 已複製: 109-月影王子.png → /home/fjj04/my-bear-museum/bears/2026-06-20/109-月影王子.png
[04:14:06]   已生成縮圖: bears/2026-06-20/thumbs/109-月影王子-s.png, bears/2026-06-20/thumbs/109-月影王子-m.png
[04:14:06] 已更新 bears.json
[04:14:06] 新增 6 隻熊熊
[04:14:06] 
--- 步驟 6: Git Commit ---
[04:14:14] Git push 完成
[04:14:14] 
--- 步驟 7: 部署到 Cloudflare Pages ---
[04:14:28] 
===== 完成 =====
[04:14:28] 到 https://kumaweb.pages.dev 觀看結果
