[04:10:34] ===== 熊熊每日配送計畫 =====
[04:10:34] 今日日期: 2026-07-17
[04:10:34] 暫存目錄: /home/fjj04/bears/2026-07-17
[04:10:34] 目的目錄: /home/fjj04/my-bear-museum/bears/2026-07-17
[04:10:34] 
--- 步驟 1: 檢查系統狀態 ---
[04:10:34] ComfyUI: ✓ 在線
[04:10:34] 
--- 步驟 2: 取得熊熊名字和風格 ---
[04:10:34] 熊熊: ['風月熊', '流星妖精', '蔚藍熊', '泉光熊', '花光熊', '羽夢熊']
[04:10:34] 風格: ['和風', '波斯地毯', '外太空', '童話書', '漫畫網點', '厚塗']
[04:10:34] 
--- 步驟 3: 準備目錄 ---
[04:10:34] 
--- 步驟 4: 生成圖片 ---
[04:10:34] 配送計畫: ComfyUI 6 張 + MiniMax 0 張 （ComfyUI 在線）
[04:10:34]   No.272 metadata: title=風月熊, series=愛心魔杖系列, personality=耐心持久，熱愛牡丹富貴。帶來滿滿的溫暖與快樂。
[04:10:34]   MiniMax 產生 prompt: 風月熊
[04:10:47]   prompt: A gentle cream-colored bear with soft round ears and a serene expression stands in a lush Japanese garden with blooming peonies in shades of pink and coral, wearing a traditional elegant outfit with peony patterns, carefully holding the string of a magnificent rainbow-colored kite that soars high in a pale blue sky with wispy clouds, while a fluffy little dog sits on the bear's foot looking up excitedly, a small white rabbit hops nearby with tiny paws reaching toward the kite, and a yellow duckling waddles through the soft grass beside them, their joyful laughter filling the warm spring breeze that carries cherry blossom petals through the scene, golden hour sunlight casting a magical glow over the garden with fireflies beginning to sparkle like tiny stars among the peony bushes, soft kawaii style, horizontal composition 16:9, high quality illustration, detailed fur texture
[04:10:47] ComfyUI #1: 風月熊 (和風) [1600x900]
[04:11:07]   已保存: 272-風月熊.png
[04:11:07]   No.273 metadata: title=妖精, series=時光寶盒系列, personality=我於天朗氣清裡找到了美好！幽默詼諧，珍惜每一個綻放的瞬間。
[04:11:07]   MiniMax 產生 prompt: 流星妖精
[04:11:21]   prompt: A magical fairy bear with a luminous stardust-covered body and delicate translucent wings sparkles with cosmic energy as it playfully kicks a soccer ball across a meadow bursting with blooming wildflowers under a brilliantly clear blue sky, while a small adorable teddy bear toy runs alongside with joyful excitement, their laughter echoing through the golden afternoon light, intricate Persian carpet patterns frame this whimsical scene with elaborate floral vines and geometric medallions in rich jewel tones of crimson, sapphire, and emerald, delicate embroidered details catch the sunlight as clouds shaped like tiny stars drift lazily above, capturing the precious blooming moment of carefree friendship and laughter in a timeless tapestry of warmth and wonder, soft kawaii style, horizontal composition 16:9, high quality illustration, detailed fur texture
[04:11:21] ComfyUI #2: 流星妖精 (波斯地毯) [1600x900]
[04:11:41]   已保存: 273-流星妖精.png
[04:11:41]   No.274 metadata: title=蔚藍熊, series=魔法森林童話系列, personality=我用外太空風格描繪雲端漫步！純真善良，創意泉湧，總是給身邊的人帶來幸福感。
[04:11:41]   MiniMax 產生 prompt: 蔚藍熊
[04:12:00]   prompt: A charming blue bear with a gentle expression sits on a soft checkered blanket in a lush flower meadow filled with colorful wildflowers and butterflies, a playful small orange kitten curled contentedly beside them and a small adorable teddy bear toy sitting upright next to a wicker picnic basket overflowing with fresh strawberries and cupcakes, the entire magical scene blending outer space fantasy with an enchanted forest fairy tale atmosphere as fluffy rainbow-colored clouds drift overhead alongside twinkling stars and tiny floating planets, soft golden sunlight filtering through the celestial atmosphere while the bear's shimmering azure fur catches stardust particles and cosmic sparkles dance all around the happy friends enjoying their delightful outdoor picnic adventure together in a dreamlike setting that captures pure joy and innocent friendship, soft kawaii style, horizontal composition 16:9, high quality illustration, detailed fur texture
[04:12:00] ComfyUI #3: 蔚藍熊 (外太空) [1600x900]
[04:12:20]   已保存: 274-蔚藍熊.png
[04:12:20]   No.275 metadata: title=泉光熊, series=星光隧道系列, personality=海浪白，熱愛糖烤杏仁。是個夢幻的小精靈。
[04:12:20]   MiniMax 產生 prompt: 泉光熊
[04:12:35]   prompt: A dreamy little white bear with soft cream-colored fur featuring subtle wave-like patterns and gentle starlight sparkles, wearing a tiny sparkling crown adorned with tiny flowers, stands in a magical meadow filled with glowing golden flowers and floating stardust particles. The adorable bear holds a delicate bubble wand with a joyful smile, happily blowing iridescent soap bubbles that shimmer with rainbow and celestial colors, surrounded by a playful small orange tabby cat leaping up to catch floating bubbles, a fluffy white rabbit sitting nearby with ears perked up in wonder, and a sweet human child with rosy cheeks laughing with delight as bubbles drift around them. The scene is rendered in a warm fairy tale storybook illustration style with soft magical lighting, pastel colors, and a cozy enchanting atmosphere that captures the pure joy of innocent friendship and whimsical childhood play in a starlit spring garden, soft kawaii style, horizontal composition 16:9, high quality illustration, detailed fur texture
[04:12:35] ComfyUI #4: 泉光熊 (童話書) [1600x900]
[04:12:55]   已保存: 275-泉光熊.png
[04:12:55]   No.276 metadata: title=花光熊, series=魔法旅程系列, personality=我於風起雲湧裡找到了美好！意氣風發，喜歡收集閃閃發亮的東西。
[04:12:55]   MiniMax 產生 prompt: 花光熊
[04:13:14]   prompt: A cream-colored kawaii bear with a delicate flower blossom brightening its chest stands proudly on a windswept meadow, hair flowing dramatically in the magical wind as dramatic clouds swirl overhead. The confident bear gazes triumphantly at the horizon while collecting glittering gems, luminous crystals, and golden fireflies scattered around, each sparkle reflecting the bear's triumphant spirit. Dynamic halftone dot patterns and manga screentone effects create depth and movement across the scene, with rainbow light rays breaking through the stormy sky. A small brave hamster with a tiny backpack and a fluffy white rabbit with glowing ears accompany the bear, looking up with admiration as wind swirls their fur and feathers. The magical adventure landscape is filled with floating sparkles, tumbling dandelion seeds, and gentle flower petals dancing through the air, evoking the bear's joyful declaration of finding beauty amidst the storm, soft kawaii style, horizontal composition 16:9, high quality illustration, detailed fur texture
[04:13:14] ComfyUI #5: 花光熊 (漫畫網點) [1600x900]
[04:13:34]   已保存: 276-花光熊.png
[04:13:34]   No.277 metadata: title=羽夢熊, series=彩虹糖漿系列, personality=好奇善良，喜歡巧克力豆豆。充滿好奇與勇氣。
[04:13:34]   MiniMax 產生 prompt: 羽夢熊
[04:13:48]   prompt: A dreamy cream-colored bear with soft fur and gentle expression stands in a sunlit meadow surrounded by floating rainbow soap bubbles that shimmer with iridescent light, the thick impasto brush strokes visible throughout creating rich texture and depth, the bear gently blows more bubbles from a small wand held in its paw while a fluffy little dog bounces nearby catching bubbles with its nose and a tiny teddy bear toy sits on the grass watching with wide curious eyes, the warm afternoon light casts a golden glow across the whimsical scene filled with wonder, candy-colored reflections dance across the bubbles connecting the three friends in a magical moment of pure childhood joy and friendship, soft kawaii style, horizontal composition 16:9, high quality illustration, detailed fur texture
[04:13:48] ComfyUI #6: 羽夢熊 (厚塗) [1600x900]
[04:14:09]   已保存: 277-羽夢熊.png
[04:14:09] 共生成 6 張圖片於 /home/fjj04/bears/2026-07-17
[04:14:09] 
--- 步驟 5: 更新熊熊博物館 ---
[04:14:09] 已複製: 272-風月熊.png → /home/fjj04/my-bear-museum/bears/2026-07-17/272-風月熊.png
[04:14:09]   已生成縮圖: bears/2026-07-17/thumbs/272-風月熊-s.png, bears/2026-07-17/thumbs/272-風月熊-m.png
[04:14:09] 已複製: 273-流星妖精.png → /home/fjj04/my-bear-museum/bears/2026-07-17/273-流星妖精.png
[04:14:09]   已生成縮圖: bears/2026-07-17/thumbs/273-流星妖精-s.png, bears/2026-07-17/thumbs/273-流星妖精-m.png
[04:14:09] 已複製: 274-蔚藍熊.png → /home/fjj04/my-bear-museum/bears/2026-07-17/274-蔚藍熊.png
[04:14:09]   已生成縮圖: bears/2026-07-17/thumbs/274-蔚藍熊-s.png, bears/2026-07-17/thumbs/274-蔚藍熊-m.png
[04:14:09] 已複製: 275-泉光熊.png → /home/fjj04/my-bear-museum/bears/2026-07-17/275-泉光熊.png
[04:14:09]   已生成縮圖: bears/2026-07-17/thumbs/275-泉光熊-s.png, bears/2026-07-17/thumbs/275-泉光熊-m.png
[04:14:09] 已複製: 276-花光熊.png → /home/fjj04/my-bear-museum/bears/2026-07-17/276-花光熊.png
[04:14:09]   已生成縮圖: bears/2026-07-17/thumbs/276-花光熊-s.png, bears/2026-07-17/thumbs/276-花光熊-m.png
[04:14:09] 已複製: 277-羽夢熊.png → /home/fjj04/my-bear-museum/bears/2026-07-17/277-羽夢熊.png
[04:14:09]   已生成縮圖: bears/2026-07-17/thumbs/277-羽夢熊-s.png, bears/2026-07-17/thumbs/277-羽夢熊-m.png
[04:14:09] 已更新 bears.json
[04:14:09] 新增 6 隻熊熊
[04:14:09] 
--- 步驟 6: Git Commit ---
[04:14:20] Git push 完成
[04:14:20] 
--- 步驟 7: 部署到 Cloudflare Pages ---
[04:14:35] 
===== 完成 =====
[04:14:35] 到 https://kumaweb.pages.dev 觀看結果
