[04:10:56] ===== 熊熊每日配送計畫 =====
[04:10:56] 今日日期: 2026-06-16
[04:10:56] 暫存目錄: /home/fjj04/bears/2026-06-16
[04:10:56] 目的目錄: /home/fjj04/my-bear-museum/bears/2026-06-16
[04:10:56] 
--- 步驟 1: 檢查系統狀態 ---
[04:10:57] ComfyUI: ✓ 在線
[04:10:57] 
--- 步驟 2: 取得熊熊名字和風格 ---
[04:10:57] 熊熊: ['白雲映月者', '雲星熊', '雲光熊', '月影騎士', '白雲精靈', '曙光熊']
[04:10:57] 風格: ['波斯地毯', '外太空', '童話書', '漫畫網點', '厚塗', '水墨暈染']
[04:10:57] 
--- 步驟 3: 準備目錄 ---
[04:10:57] 
--- 步驟 4: 生成圖片 ---
[04:10:57] 配送計畫: ComfyUI 6 張 + MiniMax 0 張 （ComfyUI 在線）
[04:10:57]   No.80 metadata: title=映月者, series=星辰精靈系列, personality=我用波斯地毯風格描繪暮色蒼茫！熱情開朗，幽默風趣，熱愛大自然的美好。
[04:10:57]   MiniMax 產生 prompt: 白雲映月者
[04:11:13]   prompt: A majestic kawaii white bear with soft cream-colored fur sits gracefully on an ornate Persian carpet stretching across a magical twilight meadow, the intricate geometric patterns in rich crimson, gold, and deep sapphire blue weaving seamlessly into the natural landscape as if the rug itself has come to life. The bear tilts its head upward toward a luminous full moon that bathes the entire scene in soft silvery light, its gentle eyes reflecting the celestial glow while countless twinkling stars begin to appear in the deepening purple sky, creating a dreamlike atmosphere of enchanted natural beauty. Delicate celestial sparkles drift down like fairy dust around the cheerful bear, who seems to be sharing a warm joke with the gentle moon, surrounded by magical fireflies that illuminate the ornate carpet patterns with their soft golden glow, perfectly capturing that warm and humorous spirit of someone who finds pure joy in the wonders of nature at the magical hour between day and night, soft kawaii style, horizontal composition 16:9, high quality illustration, detailed fur texture
[04:11:13] ComfyUI #1: 白雲映月者 (波斯地毯) [1600x900]
[04:11:33]   已保存: 80-白雲映月者.png
[04:11:33]   No.81 metadata: title=雲星熊, series=星辰精靈系列, personality=今天發現了風輕雲淡，想分享給你！陽光男孩，充滿好奇與勇氣。
[04:11:33]   MiniMax 產生 prompt: 雲星熊
[04:11:43]   prompt: A charming young bear with soft cloud-like fur in shades of white and silver drifts through a magnificent cosmic nebula, his round curious eyes sparkling with wonder as he gazes at distant galaxies, his tiny paw reaching out to touch a floating golden star that casts warm gentle light across his friendly face, wisps of cosmic clouds swirl around his round belly as he floats fearlessly among planets and stardust, the infinite universe stretching behind him in layers of deep purple and midnight blue dotted with countless twinkling stars, a magical breeze seems to carry him forward on his brave adventure of discovery, his expression one of pure joy and excitement as he invites you to explore the beautiful cosmos together, the scene rendered in a dreamy outer space fantasy style with soft ethereal glows and vibrant celestial colors, soft kawaii style, horizontal composition 16:9, high quality illustration, detailed fur texture
[04:11:43] ComfyUI #2: 雲星熊 (外太空) [1600x900]
[04:12:03]   已保存: 81-雲星熊.png
[04:12:03]   No.82 metadata: title=雲光熊, series=月光精靈系列, personality=我用童話書風格描繪花語信箱！感性活潑，陽光籽，珍惜每一個美好的瞬間。
[04:12:03]   MiniMax 產生 prompt: 雲光熊
[04:12:16]   prompt: A whimsical storybook illustration featuring a charming kawaii bear character surrounded by floating flower petals and soft glowing clouds at twilight, the adorable bear stands beside a vintage wooden mailbox adorned with blooming flowers and delicate botanical illustrations, bathed in magical golden sunset light mixed with gentle moonlight from above, hand-drawn fairy tale style with soft watercolor edges and warm nostalgic tones, scattered sunflower seeds and flower language symbols around the scene, dreamy atmosphere with sparkle effects and gentle bokeh lights, emotional and lively mood capturing precious beautiful moments, soft pastel color palette with warm amber and gentle lavender accents, illustrated children's book quality with charming details and enchanting magical realism, soft kawaii style, horizontal composition 16:9, high quality illustration, detailed fur texture
[04:12:16] ComfyUI #3: 雲光熊 (童話書) [1600x900]
[04:12:36]   已保存: 82-雲光熊.png
[04:12:36]   No.83 metadata: title=騎士, series=魔法鏡子系列, personality=今天發現了白雲如絮，想分享給你！好奇可愛，總是給身邊的人帶來幸福感。
[04:12:36]   MiniMax 產生 prompt: 月影騎士
[04:12:54]   prompt: A charming bear dressed in elegant silver knight armor with a flowing midnight-blue cape stands on a grassy hillock beneath a luminous moon, gazing up with pure wonder at magnificent fluffy white clouds drifting across the starry night sky like cotton candy, halftone dot patterns in classic manga comic style creating rich texture and depth throughout the shaded areas, magical sparkles and ethereal moonlight casting dramatic highlights across the bear's curious expression as it points excitedly at the clouds wanting to share this beautiful discovery, the scene infused with warmth and joy from the magic mirror dimension, soft silver moonbeams bathing the dreamy landscape in gentle glow, delicate starlight twinkling between the clouds, whimsical and heartwarming composition with the adorable knight radiating pure happiness, soft kawaii style, horizontal composition 16:9, high quality illustration, detailed fur texture
[04:12:54] ComfyUI #4: 月影騎士 (漫畫網點) [1600x900]
[04:13:14]   已保存: 83-月影騎士.png
[04:13:14]   No.84 metadata: title=精靈, series=彩虹盡頭系列, personality=我用厚塗風格描繪魔法森林！懂得分享，寬大為懷，熱愛大自然的美好。
[04:13:14]   MiniMax 產生 prompt: 白雲精靈
[04:13:25]   prompt: A gentle white bear spirit with cloud-soft fur stands in an enchanted magical forest, surrounded by luminous mushrooms and ancient mystical trees with thick impasto brushwork creating rich texture and depth. Golden sunlight filters through the canopy casting warm rays across scattered rainbow crystals and wildflowers. The bear holds a glowing orb of light symbolizing generosity and kindness. The painting style shows visible thick brushstrokes with vibrant colors blending seamlessly, capturing the magical atmosphere at the edge of a rainbow where nature spirits gather in peaceful harmony, soft kawaii style, horizontal composition 16:9, high quality illustration, detailed fur texture
[04:13:25] ComfyUI #5: 白雲精靈 (厚塗) [1600x900]
[04:13:45]   已保存: 84-白雲精靈.png
[04:13:45]   No.85 metadata: title=曙光熊, series=公主殿下系列, personality=今天發現了海洋童話，想分享給你！有同理心，熱愛大自然的美好。
[04:13:45]   MiniMax 產生 prompt: 曙光熊
[04:13:59]   prompt: A graceful kawaii bear princess with soft warm fur stands at the edge of a mystical ocean shoreline at golden dawn, wearing an elegant flowing gown with wave patterns that shimmer in the soft morning light, her gentle eyes reflecting the vast sea horizon where pink and gold hues blend into the water creating a magical fairy tale atmosphere, delicate cherry blossom petals drift across the scene carried by a gentle sea breeze, the ink wash art style creates soft flowing gradients of color where the warm sky melts into the calm ocean waves, small luminescent seashells and glowing pearls scattered around her feet symbolizing her discovery of ocean wonders she wishes to share, magical sparkles rise from the water surface like morning dew on flowers, the entire composition radiates empathy and reverence for nature's beauty captured in traditional sumi-e ink wash technique with luminous watercolor undertones, soft kawaii style, horizontal composition 16:9, high quality illustration, detailed fur texture
[04:13:59] ComfyUI #6: 曙光熊 (水墨暈染) [1600x900]
[04:14:19]   已保存: 85-曙光熊.png
[04:14:19] 共生成 6 張圖片於 /home/fjj04/bears/2026-06-16
[04:14:19] 
--- 步驟 5: 更新熊熊博物館 ---
[04:14:19] 已複製: 80-白雲映月者.png → /home/fjj04/my-bear-museum/bears/2026-06-16/80-白雲映月者.png
[04:14:20]   已生成縮圖: bears/2026-06-16/thumbs/80-白雲映月者-s.png, bears/2026-06-16/thumbs/80-白雲映月者-m.png
[04:14:20] 已複製: 81-雲星熊.png → /home/fjj04/my-bear-museum/bears/2026-06-16/81-雲星熊.png
[04:14:20]   已生成縮圖: bears/2026-06-16/thumbs/81-雲星熊-s.png, bears/2026-06-16/thumbs/81-雲星熊-m.png
[04:14:20] 已複製: 82-雲光熊.png → /home/fjj04/my-bear-museum/bears/2026-06-16/82-雲光熊.png
[04:14:20]   已生成縮圖: bears/2026-06-16/thumbs/82-雲光熊-s.png, bears/2026-06-16/thumbs/82-雲光熊-m.png
[04:14:20] 已複製: 83-月影騎士.png → /home/fjj04/my-bear-museum/bears/2026-06-16/83-月影騎士.png
[04:14:20]   已生成縮圖: bears/2026-06-16/thumbs/83-月影騎士-s.png, bears/2026-06-16/thumbs/83-月影騎士-m.png
[04:14:20] 已複製: 84-白雲精靈.png → /home/fjj04/my-bear-museum/bears/2026-06-16/84-白雲精靈.png
[04:14:20]   已生成縮圖: bears/2026-06-16/thumbs/84-白雲精靈-s.png, bears/2026-06-16/thumbs/84-白雲精靈-m.png
[04:14:20] 已複製: 85-曙光熊.png → /home/fjj04/my-bear-museum/bears/2026-06-16/85-曙光熊.png
[04:14:20]   已生成縮圖: bears/2026-06-16/thumbs/85-曙光熊-s.png, bears/2026-06-16/thumbs/85-曙光熊-m.png
[04:14:20] 已更新 bears.json
[04:14:20] 新增 6 隻熊熊
[04:14:20] 
--- 步驟 6: Git Commit ---
[04:14:28] Git push 完成
[04:14:28] 
--- 步驟 7: 部署到 Cloudflare Pages ---
[04:14:44] 
===== 完成 =====
[04:14:44] 到 https://kumaweb.pages.dev 觀看結果
