[04:11:09] ===== 熊熊每日配送計畫 =====
[04:11:09] 今日日期: 2026-06-27
[04:11:09] 暫存目錄: /home/fjj04/bears/2026-06-27
[04:11:09] 目的目錄: /home/fjj04/my-bear-museum/bears/2026-06-27
[04:11:09] 
--- 步驟 1: 檢查系統狀態 ---
[04:11:09] ComfyUI: ✓ 在線
[04:11:09] 
--- 步驟 2: 取得熊熊名字和風格 ---
[04:11:09] 熊熊: ['霞風熊', '露花熊', '彩霞妖精', '森光熊', '暖光熊', '流星拾光者']
[04:11:09] 風格: ['浮雕', '故障藝術', '等距視角', '藝術大字', '塗鴉', '和風']
[04:11:09] 
--- 步驟 3: 準備目錄 ---
[04:11:09] 
--- 步驟 4: 生成圖片 ---
[04:11:09] 配送計畫: ComfyUI 6 張 + MiniMax 0 張 （ComfyUI 在線）
[04:11:09]   No.152 metadata: title=霞風熊, series=雲端花園系列, personality=我在光之物語中守護！浪漫善良，溫婉動人。
[04:11:09]   MiniMax 產生 prompt: 霞風熊
[04:11:20]   prompt: A majestic kawaii bear carved in elegant relief sculpture style emerges from a mystical cloud garden, soft rosy dawn light filtering through gentle wisps of mist, delicate cherry blossom petals floating in a serene breeze around the guardian spirit, intricate carved details show flowing fur patterns and a peaceful protective expression, warm golden and pink tones blend with ethereal white clouds, romantic and dreamy atmosphere with magical light rays illuminating the gentle protector, 3D raised sculptural depth with smooth curves and refined artistry creating dimensional beauty against the serene garden backdrop, soft kawaii style, horizontal composition 16:9, high quality illustration, detailed fur texture
[04:11:20] ComfyUI #1: 霞風熊 (浮雕) [1600x900]
[04:11:40]   已保存: 152-霞風熊.png
[04:11:40]   No.153 metadata: title=露花熊, series=月亮船航行系列, personality=我用故障藝術風格描繪海風鹹香！積極向上，熱情進取，是個夢幻的小精靈。
[04:11:40]   MiniMax 產生 prompt: 露花熊
[04:11:53]   prompt: A cheerful bear character with dewy floral patterns on its fur stands proudly on the deck of a moonlit sailing boat surrounded by vibrant glitch art effects and digital distortion, with RGB color splits and scan lines creating dynamic visual corruption around it. The sea breeze is visualized through flowing pixel particles and chromatic aberration streaks flowing across the midnight blue ocean waves. Warm golden moonlight reflects off gentle waves while holographic butterflies made of glitch fragments and corrupted data streams flutter around the bear, transforming into blooming flowers and seafoam bubbles. The magical scene combines dreamy underwater coral gardens with floating digital artifacts and scattered light particles, the positive atmosphere enhanced by vibrant neon colors bleeding through the darkness. The little dreamy spirit stands at the helm with determined eyes, surrounded by a constellation of broken pixel stars and ethereal moon glow, all rendered in stunning glitch art style with beautiful digital interference patterns, soft kawaii style, horizontal composition 16:9, high quality illustration, detailed fur texture
[04:11:53] ComfyUI #2: 露花熊 (故障藝術) [1600x900]
[04:12:14]   已保存: 153-露花熊.png
[04:12:14]   No.154 metadata: title=妖精, series=精靈舞會系列, personality=神秘高貴，喜歡花語祝福。總是給身邊的人帶來幸福感。
[04:12:14]   MiniMax 產生 prompt: 彩霞妖精
[04:12:23]   prompt: A majestic yet adorable fairy bear standing proudly in an isometric three-quarter view scene, surrounded by a circle of glowing magic flowers that emit soft golden blessings into the air, the bear wears an elegant flowing gown adorned with delicate petals and sparkling gemstones, translucent fairy wings with iridescent shimmer spreading gently behind, magical floating orbs of light illuminate the mystical ball chamber with warm sunset hues, an ancient enchanted garden setting with vines climbing crystalline columns, the atmosphere is ethereal and blessed with floral fragrances, soft petals drift gently through the air as if celebrating a sacred ceremony, the bear's expression radiates mysterious nobility and pure joy, soft kawaii style, horizontal composition 16:9, high quality illustration, detailed fur texture
[04:12:23] ComfyUI #3: 彩霞妖精 (等距視角) [1600x900]
[04:12:44]   已保存: 154-彩霞妖精.png
[04:12:44]   No.155 metadata: title=森光熊, series=占卜師系列, personality=我於天邊雲彩中追光！神秘優雅，朝氣蓬勃。
[04:12:44]   MiniMax 產生 prompt: 森光熊
[04:13:00]   prompt: A mystical kawaii bear character with soft warm brown fur and gentle glowing aura stands gracefully atop fluffy pastel clouds at the edge of a dreamy celestial sky, arms elegantly outstretched reaching toward brilliant golden light rays streaming through layers of rose pink and lavender clouds. The bear has mysterious yet vibrant expression with sparkling starry eyes, wearing an elegant fortune teller ensemble with flowing robes decorated with mystical symbols and a delicate crystal crown. Large flowing artistic typography weaves through the composition blending with swirling mystical energy, floating tarot cards, glowing runes, and sparkling celestial elements surrounding the bear. Divine golden light illuminates the ethereal atmosphere creating magical bokeh sparkles and warm radiant glow throughout the fantastical scene, soft kawaii style, horizontal composition 16:9, high quality illustration, detailed fur texture
[04:13:00] ComfyUI #4: 森光熊 (藝術大字) [1600x900]
[04:13:20]   已保存: 155-森光熊.png
[04:13:20]   No.156 metadata: title=暖光熊, series=糖果小屋系列, personality=我在奶油糖霜裡找到了美好！優雅從容，珍惜每一個綻放的瞬間。
[04:13:20]   MiniMax 產生 prompt: 暖光熊
[04:13:31]   prompt: A whimsical doodle illustration of an adorable honey-golden bear with a warm glowing aura standing proudly beside a miniature candy cottage decorated with swirls of buttercream frosting and pastel sugar crystals, scattered rose petals and tiny blooming flowers surround the sweet scene as soft golden sunlight filters through lollipop trees and candy cane fences in the background, the bear gazes serenely at a beautiful crystallized flower blooming in its paw with an expression of graceful appreciation, playful sketchy lines and expressive doodle marks create dynamic movement while splashes of warm caramel and cream tones evoke the feeling of finding precious beauty in simple sweet moments, charming hand-drawn aesthetic with visible pencil strokes and cheerful imperfect charm, soft kawaii style, horizontal composition 16:9, high quality illustration, detailed fur texture
[04:13:31] ComfyUI #5: 暖光熊 (塗鴉) [1600x900]
[04:13:51]   已保存: 156-暖光熊.png
[04:13:51]   No.157 metadata: title=拾光者, series=勇氣之劍系列, personality=我在繁星閃爍裡找到了美好！神秘高貴，珍惜每一個綻放的瞬間。
[04:13:51]   MiniMax 產生 prompt: 流星拾光者
[04:14:00]   prompt: A majestic kawaii bear dressed in elegant traditional Japanese robes stands beneath a breathtaking canopy of falling stars, its shimmering fur glowing softly with an ethereal golden light against the deep indigo night sky filled with brilliant shooting meteors and delicate cherry blossoms drifting through the air, the bear reaches upward with gentle paws as if gathering the precious starlight and treasured moments into a glowing orb, surrounded by floating lanterns casting warm amber light across the mystical Japanese landscape with traditional torii gates and ancient pine trees silhouetted against the aurora-lit heavens, the scene captures the essence of mystery and nobility as the bear embodies the sacred duty of collecting fleeting beauty and precious memories that sparkle like diamonds in the cosmic void, soft kawaii style, horizontal composition 16:9, high quality illustration, detailed fur texture
[04:14:00] ComfyUI #6: 流星拾光者 (和風) [1600x900]
[04:14:20]   已保存: 157-流星拾光者.png
[04:14:20] 共生成 6 張圖片於 /home/fjj04/bears/2026-06-27
[04:14:20] 
--- 步驟 5: 更新熊熊博物館 ---
[04:14:20] 已複製: 152-霞風熊.png → /home/fjj04/my-bear-museum/bears/2026-06-27/152-霞風熊.png
[04:14:20]   已生成縮圖: bears/2026-06-27/thumbs/152-霞風熊-s.png, bears/2026-06-27/thumbs/152-霞風熊-m.png
[04:14:20] 已複製: 153-露花熊.png → /home/fjj04/my-bear-museum/bears/2026-06-27/153-露花熊.png
[04:14:20]   已生成縮圖: bears/2026-06-27/thumbs/153-露花熊-s.png, bears/2026-06-27/thumbs/153-露花熊-m.png
[04:14:20] 已複製: 154-彩霞妖精.png → /home/fjj04/my-bear-museum/bears/2026-06-27/154-彩霞妖精.png
[04:14:21]   已生成縮圖: bears/2026-06-27/thumbs/154-彩霞妖精-s.png, bears/2026-06-27/thumbs/154-彩霞妖精-m.png
[04:14:21] 已複製: 155-森光熊.png → /home/fjj04/my-bear-museum/bears/2026-06-27/155-森光熊.png
[04:14:21]   已生成縮圖: bears/2026-06-27/thumbs/155-森光熊-s.png, bears/2026-06-27/thumbs/155-森光熊-m.png
[04:14:21] 已複製: 156-暖光熊.png → /home/fjj04/my-bear-museum/bears/2026-06-27/156-暖光熊.png
[04:14:21]   已生成縮圖: bears/2026-06-27/thumbs/156-暖光熊-s.png, bears/2026-06-27/thumbs/156-暖光熊-m.png
[04:14:21] 已複製: 157-流星拾光者.png → /home/fjj04/my-bear-museum/bears/2026-06-27/157-流星拾光者.png
[04:14:21]   已生成縮圖: bears/2026-06-27/thumbs/157-流星拾光者-s.png, bears/2026-06-27/thumbs/157-流星拾光者-m.png
[04:14:21] 已更新 bears.json
[04:14:21] 新增 6 隻熊熊
[04:14:21] 
--- 步驟 6: Git Commit ---
[04:14:29] Git push 完成
[04:14:29] 
--- 步驟 7: 部署到 Cloudflare Pages ---
[04:14:42] 
===== 完成 =====
[04:14:42] 到 https://kumaweb.pages.dev 觀看結果
