[04:10:14] ===== 熊熊每日配送計畫 =====
[04:10:14] 今日日期: 2026-07-01
[04:10:14] 暫存目錄: /home/fjj04/bears/2026-07-01
[04:10:14] 目的目錄: /home/fjj04/my-bear-museum/bears/2026-07-01
[04:10:14] 
--- 步驟 1: 檢查系統狀態 ---
[04:10:19] ComfyUI: ✗ 離線
[04:10:19] 
--- 步驟 2: 取得熊熊名字和風格 ---
[04:10:19] 熊熊: ['流星占卜師', '星光魔法師', '流星織光者', '心夢熊', '銀河追光者', '彩霞織光者']
[04:10:19] 風格: ['漫畫', '素描', '霓虹', '復古', '極簡', '抽象']
[04:10:19] 
--- 步驟 3: 準備目錄 ---
[04:10:19] 
--- 步驟 4: 生成圖片 ---
[04:10:19] 配送計畫: ComfyUI 6 張 + MiniMax 0 張 （ComfyUI 離線）
[04:10:19]   No.176 metadata: title=占卜師, series=星光大道系列, personality=我在星月相依中探險！懂得改變，誠實勇敢。
[04:10:19]   MiniMax 產生 prompt: 流星占卜師
[04:10:30]   prompt: A young fortune teller bear stands beneath a magnificent starlit sky with a glowing crystal ball in her paws, celestial light casting ethereal reflections across her soft fur while shooting stars streak across the deep indigo heavens alongside a luminous crescent moon, wearing mystical accessories adorned with constellation symbols, her wise eyes filled with determination and courage as she gazes into the cosmic future, the atmosphere magical and mysterious with swirling stardust particles and ancient astronomical symbols floating around her in golden light, comic book illustration style with bold linework, dynamic composition showing her adventurous spirit, dramatic lighting contrasts between the warm glow of fortune telling magic and the cool blue tones of the night sky, capturing a moment of exploration and discovery in an enchanted celestial realm where the mysteries of the universe await, soft kawaii style, horizontal composition 16:9, high quality illustration, detailed fur texture
[04:10:30] MiniMax #1: 流星占卜師 (漫畫) [16:9]
[04:10:51]   已保存: 176-流星占卜師.png
[04:10:51]   No.177 metadata: title=魔法師, series=彩虹泡泡系列, personality=今天發現了星星碎片，想分享給你！勇敢自信，是個夢幻的小精靈。
[04:10:51]   MiniMax 產生 prompt: 星光魔法師
[04:10:59]   prompt: A gentle sketch illustration of a small magical bear wearing a flowing wizard robe adorned with tiny twinkling stars, standing proudly in a moonlit meadow filled with floating rainbow bubbles and scattered star fragments that glow with soft ethereal light. The bear holds a wooden wand in one paw, its eyes sparkling with excitement and confidence, ready to share the discovered celestial treasures with a dear friend. Delicate pencil strokes create soft crosshatching that gives depth to the bear's fluffy fur, while luminous particles dance around the magical scene like captured stardust, casting prismatic reflections across the bubbles. The atmosphere is whimsical and dreamy, with a starlit sky overhead and a warm sense of wonder and generosity emanating from this brave little magical creature, soft kawaii style, horizontal composition 16:9, high quality illustration, detailed fur texture
[04:10:59] MiniMax #2: 星光魔法師 (素描) [16:9]
[04:11:17]   已保存: 177-星光魔法師.png
[04:11:17]   No.178 metadata: title=織光者, series=光之物語系列, personality=我於水果甜甜圈中玩耍！喜歡聆聽，朝氣蓬勃。
[04:11:17]   MiniMax 產生 prompt: 流星織光者
[04:11:33]   prompt: A charming kawaii bear character with soft shimmering fur sits joyfully amidst a surreal neon-lit dreamscape overflowing with floating fruit donuts adorned with colorful berries and tropical fruits, each donut radiating vibrant neon glow and leaving luminous trails, the adorable bear playfully weaves and intertwines flowing ribbons of starlight connecting the glowing donuts together creating an intricate web of cosmic energy, brilliant meteors streak across the luminous night sky leaving sparkling trails, the magical atmosphere sparkles with floating light particles and ethereal glow effects, the bear has an expressive happy face with bright curious eyes listening to the enchanting sounds of the light, dynamic energy radiates throughout the scene with pulsing neon colors and cyberpunk-inspired luminous illumination that transforms this whimsical fantasy world into a mesmerizing celebration of light and joy, soft kawaii style, horizontal composition 16:9, high quality illustration, detailed fur texture
[04:11:33] MiniMax #3: 流星織光者 (霓虹) [16:9]
[04:11:51]   已保存: 178-流星織光者.png
[04:11:51]   No.179 metadata: title=心夢熊, series=時光旅人系列, personality=今天發現了守護王國，想分享給你！溫暖窩心，熱愛大自然的美好。
[04:11:51]   MiniMax 產生 prompt: 心夢熊
[04:12:01]   prompt: In a lush enchanted forest clearing stands an adorable chubby kawaii bear with soft cream-colored fur and rosy pink cheeks, wearing a small vintage brass pocket watch while gazing in wonder at an ancient moss-covered stone archway that reveals a mystical guardian kingdom beyond, surrounded by floating golden particles and gentle fireflies, the scene bathed in warm sepia-toned retro lighting with soft bokeh and hand-painted watercolor textures reminiscent of classic storybook illustrations, delicate wildflowers and ferns frame the composition as the bear gestures joyfully toward the magical kingdom with tiny outstretched paws, soft kawaii style, horizontal composition 16:9, high quality illustration, detailed fur texture
[04:12:01] MiniMax #4: 心夢熊 (復古) [16:9]
[04:12:19]   已保存: 179-心夢熊.png
[04:12:19]   No.180 metadata: title=追光者, series=星星糖果系列, personality=今天發現了雲端城市，想分享給你！浪漫溫柔，充滿好奇與勇氣。
[04:12:19]   MiniMax 產生 prompt: 銀河追光者
[04:12:35]   prompt: A small adorable bear drifts serenely among soft billowing clouds in a dreamy twilight sky, reaching toward a magnificent beam of golden light streaming from the cosmos above, the warm glow illuminating the bear's curious and gentle expression as it discovers a magical floating city made of crystalline candy structures nestled within the clouds, delicate stars scattered softly throughout the deep indigo and lavender sky creating a galaxy-like atmosphere, the entire scene bathed in romantic ethereal glow with gentle light particles dancing around the character, minimalist composition with clean lines and generous negative space, peaceful and magical ambiance, soft dreamy lighting, pastel candy colors mixed with cosmic elements, soft kawaii style, horizontal composition 16:9, high quality illustration, detailed fur texture
[04:12:35] MiniMax #5: 銀河追光者 (極簡) [16:9]
[04:12:52]   已保存: 180-銀河追光者.png
[04:12:52]   No.181 metadata: title=織光者, series=時空之門系列, personality=今天發現了星軌永恆，想分享給你！天真無邪，總是給身邊的人帶來幸福感。
[04:12:52]   MiniMax 產生 prompt: 彩霞織光者
[04:13:04]   prompt: An ethereal abstract bear with flowing multicolor fur that shimmers like woven light beams, positioned before a swirling cosmic portal where celestial star trails spiral into infinity, rainbow-hued misty clouds drift around its gentle form while luminous threads of radiant energy dance through the air connecting constellations, the creature radiates pure innocent wonder with wide sparkling eyes full of childlike joy as it beckons viewers to witness the eternal cosmic dance, dynamic swirling forms blend with geometric shapes suggesting the fabric of spacetime itself, magical prismatic light refracts through translucent geometric elements creating a dreamy celebratory atmosphere of shared discovery and boundless happiness, soft kawaii style, horizontal composition 16:9, high quality illustration, detailed fur texture
[04:13:04] MiniMax #6: 彩霞織光者 (抽象) [16:9]
[04:13:22]   已保存: 181-彩霞織光者.png
[04:13:22] 共生成 6 張圖片於 /home/fjj04/bears/2026-07-01
[04:13:22] 
--- 步驟 5: 更新熊熊博物館 ---
[04:13:22] 已複製: 176-流星占卜師.png → /home/fjj04/my-bear-museum/bears/2026-07-01/176-流星占卜師.png
[04:13:22]   已生成縮圖: bears/2026-07-01/thumbs/176-流星占卜師-s.png, bears/2026-07-01/thumbs/176-流星占卜師-m.png
[04:13:22] 已複製: 177-星光魔法師.png → /home/fjj04/my-bear-museum/bears/2026-07-01/177-星光魔法師.png
[04:13:22]   已生成縮圖: bears/2026-07-01/thumbs/177-星光魔法師-s.png, bears/2026-07-01/thumbs/177-星光魔法師-m.png
[04:13:22] 已複製: 178-流星織光者.png → /home/fjj04/my-bear-museum/bears/2026-07-01/178-流星織光者.png
[04:13:22]   已生成縮圖: bears/2026-07-01/thumbs/178-流星織光者-s.png, bears/2026-07-01/thumbs/178-流星織光者-m.png
[04:13:22] 已複製: 179-心夢熊.png → /home/fjj04/my-bear-museum/bears/2026-07-01/179-心夢熊.png
[04:13:22]   已生成縮圖: bears/2026-07-01/thumbs/179-心夢熊-s.png, bears/2026-07-01/thumbs/179-心夢熊-m.png
[04:13:22] 已複製: 180-銀河追光者.png → /home/fjj04/my-bear-museum/bears/2026-07-01/180-銀河追光者.png
[04:13:22]   已生成縮圖: bears/2026-07-01/thumbs/180-銀河追光者-s.png, bears/2026-07-01/thumbs/180-銀河追光者-m.png
[04:13:22] 已複製: 181-彩霞織光者.png → /home/fjj04/my-bear-museum/bears/2026-07-01/181-彩霞織光者.png
[04:13:22]   已生成縮圖: bears/2026-07-01/thumbs/181-彩霞織光者-s.png, bears/2026-07-01/thumbs/181-彩霞織光者-m.png
[04:13:22] 已更新 bears.json
[04:13:22] 新增 6 隻熊熊
[04:13:22] 
--- 步驟 6: Git Commit ---
[04:13:27] Git push 完成
[04:13:27] 
--- 步驟 7: 部署到 Cloudflare Pages ---
[04:13:39] 
===== 完成 =====
[04:13:39] 到 https://kumaweb.pages.dev 觀看結果
