[04:10:32] ===== 熊熊每日配送計畫 =====
[04:10:32] 今日日期: 2026-08-04
[04:10:32] 暫存目錄: /home/fjj04/bears/2026-08-04
[04:10:32] 目的目錄: /home/fjj04/my-bear-museum/bears/2026-08-04
[04:10:32] 
--- 步驟 1: 檢查系統狀態 ---
[04:10:32] ComfyUI: ✓ 在線
[04:10:32] 
--- 步驟 2: 取得熊熊名字和風格 ---
[04:10:32] 熊熊: ['銀河旅人', '白雲庇護者', '暖陽魔法師', '雲月熊', '翠綠仙子', '琥珀精靈']
[04:10:32] 風格: ['藝術大字', '塗鴉', '和風', '波斯地毯', '外太空', '童話書']
[04:10:32] 
--- 步驟 3: 準備目錄 ---
[04:10:32] 
--- 步驟 4: 生成圖片 ---
[04:10:32] 配送計畫: ComfyUI 6 張 + MiniMax 0 張 （ComfyUI 在線）
[04:10:32]   No.387 metadata: title=旅人, series=星光大道系列, personality=灑脫大方，喜歡智慧之書。總是給身邊的人帶來幸福感。, conditions={'prop': {'zh': '戴皇冠', 'en': 'wearing a small golden crown'}, 'emotion': {'zh': '害羞微笑', 'en': 'smiling shyly'}}
[04:10:32]   MiniMax 產生 prompt: 銀河旅人
[04:10:51]   prompt: A small indigo bear with fur softly dotted with twinkling silver stars floats gracefully through a magnificent cosmic nebula, wearing a delicate golden crown that sparkles against the swirling purple and pink celestial clouds, smiling shyly with a gentle expression and rosy cheeks, accompanied by a cheerful human child holding a glowing wisdom book, their eyes filled with wonder as they drift past distant planets and trailing stardust, surrounded by swirling galaxies, radiant shooting stars, and floating golden letters spelling "TRAVELER" woven seamlessly into the cosmic background, rendered in bold art lettering typography style with elegant calligraphy integrated into the celestial scenery, magical and whimsical atmosphere with soft diffused starlight cascading through the nebula, warm emotional tone that captures the bear's free-spirited generosity and the profound happiness it brings to its beloved companion on this extraordinary journey through the galaxy, soft kawaii style, horizontal composition 16:9, high quality illustration, detailed fur texture
[04:10:51] ComfyUI #1: 銀河旅人 (藝術大字) [1600x900]
[04:11:11]   已保存: 387-銀河旅人.png
[04:11:11]   No.388 metadata: title=庇護者, series=彩虹王國系列, personality=活潑可愛，熱愛糖果森林。熱愛大自然的美好。, conditions={'weather': {'zh': '下雨天', 'en': 'in the gentle rain'}, 'time_of_day': {'zh': '清晨', 'en': 'at dawn with golden light'}, 'prop': {'zh': '戴皇冠', 'en': 'wearing a small golden crown'}}
[04:11:11]   MiniMax 產生 prompt: 白雲庇護者
[04:11:31]   prompt: In a whimsical candy forest at dawn, a fluffy white teddy bear guardian with a small golden crown perched on its head stands beneath a canopy of candy trees dripping with colorful sweets, the gentle morning rain falling softly around it as golden sunlight streams through the misty forest creating magical sparkles on every raindrop, accompanied by a tiny curious rabbit nibbling on a candy mushroom and a colorful butterfly dancing nearby, the doodle art style capturing the bear's joyful smile and playful pose as it spreads its arms wide to embrace the natural beauty of the forest, soft pastel rain puddles reflecting the rainbow colors of the candy world, conveying a sense of warmth and protection as the guardian watches over its beloved enchanted home, soft kawaii style, horizontal composition 16:9, high quality illustration, detailed fur texture
[04:11:31] ComfyUI #2: 白雲庇護者 (塗鴉) [1600x900]
[04:11:51]   已保存: 388-白雲庇護者.png
[04:11:51]   No.389 metadata: title=魔法師, series=願望之翼系列, personality=陽光精靈，喜歡海風輕拂。總是給身邊的人帶來幸福感。, conditions={'time_of_day': {'zh': '清晨', 'en': 'at dawn with golden light'}, 'emotion': {'zh': '驚訝表情', 'en': 'with a surprised expression'}}
[04:11:51]   MiniMax 產生 prompt: 暖陽魔法師
[04:12:07]   prompt: A charming small bear magician with warm golden-brown fur and big surprised eyes sits in a weathered wooden rowboat gliding across a serene misty lake at dawn, wearing a flowing indigo and white Japanese-style robe with subtle wave patterns and a traditional pointed wizard hat adorned with a small golden bell, clutching wooden oars with both paws while a fluffy yellow duckling perches beside him in the boat wearing a tiny straw hat, and a small worn teddy bear toy with button eyes sits propped against the boat's side wearing a miniature backpack, the early morning air filled with soft golden sunlight streaming through the mist creating a magical ethereal atmosphere with gentle water ripples reflecting the warm hues of sunrise, tiny floating water lilies and delicate cherry blossom petals drifting on the glassy surface, as if the magician has just discovered something wonderful and unexpected in the quiet peaceful morning while bringing joy and happiness to his beloved friends, soft kawaii style, horizontal composition 16:9, high quality illustration, detailed fur texture
[04:12:07] ComfyUI #3: 暖陽魔法師 (和風) [1600x900]
[04:12:27]   已保存: 389-暖陽魔法師.png
[04:12:27]   No.390 metadata: title=雲月熊, series=魔法師系列, personality=我用波斯地毯風格描繪海浪輕柔！純真無邪，沙灘的，珍惜每一個美好的瞬間。, conditions={'weather': {'zh': '下雪天', 'en': 'in a snowy winter wonderland'}, 'time_of_day': {'zh': '黃昏', 'en': 'at sunset with orange sky'}, 'holiday': {'zh': '中秋節', 'en': 'during Mid-Autumn Festival with mooncakes'}}
[04:12:27]   MiniMax 產生 prompt: 雲月熊
[04:12:40]   prompt: A magnificent Persian carpet tapestry featuring a kawaii wizard bear wearing a flowing starry robe and pointed wizard hat, sitting peacefully on a magical beach where gentle waves meet snow-covered sand at sunset, with an enormous golden moon glowing in the orange sky during Mid-Autumn Festival, fluffy snowflakes falling around while the bear holds a small lantern and offers a mooncake to a tiny rabbit friend beside a cup of osmanthus tea, intricate geometric carpet patterns and floral motifs surrounding the scene in rich jewel tones of deep blue emerald and gold, magical sparkles and tiny stars scattered throughout, the bear has a gentle innocent smile looking at the full moon, flat perspective with ornate decorative border, Persian miniature painting style with elaborate details, soft kawaii style, horizontal composition 16:9, high quality illustration, detailed fur texture
[04:12:40] ComfyUI #4: 雲月熊 (波斯地毯) [1600x900]
[04:13:05]   已保存: 390-雲月熊.png
[04:13:05]   No.391 metadata: title=仙子, series=希望之盾系列, personality=我於海浪拍岸中小憩！感性溫柔，純真單純。, conditions={'time_of_day': {'zh': '正午', 'en': 'at bright noon'}}
[04:13:05]   MiniMax 產生 prompt: 翠綠仙子
[04:13:24]   prompt: A majestic jade green fairy bear with delicate translucent wings stands beside a small yellow duckling at a whimsical campsite near the ocean shore, surrounded by floating celestial crystals and swirling cosmic nebulae that create an ethereal daytime space atmosphere, the jade fur shimmering with bioluminescent patterns while gentle ocean waves crash in the distance, the bear gazes up at a luminous sky filled with oversized glowing planets and shooting stars rendered in brilliant noon light, small wildflowers dot the grassy campsite where their tent stands with a cozy lantern, the duckling tilts its head curiously at a shooting star trail crossing the sky, magical sparkles drift down like stardust creating rainbows where they land, the scene radiates warmth tenderness and innocent wonder in soft painterly cosmic illustration style, soft kawaii style, horizontal composition 16:9, high quality illustration, detailed fur texture
[04:13:24] ComfyUI #5: 翠綠仙子 (外太空) [1600x900]
[04:13:44]   已保存: 391-翠綠仙子.png
[04:13:44]   No.392 metadata: title=精靈, series=夢幻王國系列, personality=我在奶油甜餅中跳舞！善良單純，純真可愛。, conditions=None
[04:13:44]   MiniMax 產生 prompt: 琥珀精靈
[04:13:55]   prompt: In an enchanted magical cave illuminated by bioluminescent mushrooms and glittering crystal formations, an adorable amber-colored elf bear with honey-gold fur and delicate pointed ears wears a dreamy expression while gracefully dancing with joy, her small wings shimmering with golden dust as she twirls through floating cream swirls and sparkling sweet pastries, while a cheerful yellow duckling companion waddles excitedly beside her, their paws touching in a heartwarming moment of friendship as they explore this whimsical underground wonderland together, bathed in soft ethereal light filtering through crystal stalactites that cast rainbow prisms across the cave walls, the fairy tale illustration style capturing the pure innocent magic of their adventure with warm watercolor textures and gentle storybook charm, soft kawaii style, horizontal composition 16:9, high quality illustration, detailed fur texture
[04:13:55] ComfyUI #6: 琥珀精靈 (童話書) [1600x900]
[04:14:15]   已保存: 392-琥珀精靈.png
[04:14:15] 共生成 6 張圖片於 /home/fjj04/bears/2026-08-04
[04:14:15] 
--- 步驟 5: 更新熊熊博物館 ---
[04:14:15] 已複製: 387-銀河旅人.png → /home/fjj04/my-bear-museum/bears/2026-08-04/387-銀河旅人.png
[04:14:15]   已生成縮圖: bears/2026-08-04/thumbs/387-銀河旅人-s.png, bears/2026-08-04/thumbs/387-銀河旅人-m.png
[04:14:15] 已複製: 388-白雲庇護者.png → /home/fjj04/my-bear-museum/bears/2026-08-04/388-白雲庇護者.png
[04:14:16]   已生成縮圖: bears/2026-08-04/thumbs/388-白雲庇護者-s.png, bears/2026-08-04/thumbs/388-白雲庇護者-m.png
[04:14:16] 已複製: 389-暖陽魔法師.png → /home/fjj04/my-bear-museum/bears/2026-08-04/389-暖陽魔法師.png
[04:14:16]   已生成縮圖: bears/2026-08-04/thumbs/389-暖陽魔法師-s.png, bears/2026-08-04/thumbs/389-暖陽魔法師-m.png
[04:14:16] 已複製: 390-雲月熊.png → /home/fjj04/my-bear-museum/bears/2026-08-04/390-雲月熊.png
[04:14:16]   已生成縮圖: bears/2026-08-04/thumbs/390-雲月熊-s.png, bears/2026-08-04/thumbs/390-雲月熊-m.png
[04:14:16] 已複製: 391-翠綠仙子.png → /home/fjj04/my-bear-museum/bears/2026-08-04/391-翠綠仙子.png
[04:14:16]   已生成縮圖: bears/2026-08-04/thumbs/391-翠綠仙子-s.png, bears/2026-08-04/thumbs/391-翠綠仙子-m.png
[04:14:16] 已複製: 392-琥珀精靈.png → /home/fjj04/my-bear-museum/bears/2026-08-04/392-琥珀精靈.png
[04:14:16]   已生成縮圖: bears/2026-08-04/thumbs/392-琥珀精靈-s.png, bears/2026-08-04/thumbs/392-琥珀精靈-m.png
[04:14:16] 已更新 bears.json
[04:14:16] 新增 6 隻熊熊
[04:14:16] 
--- 步驟 6: Git Commit ---
[04:14:25] Git push 完成
[04:14:25] 
--- 步驟 7: 部署到 Cloudflare Pages ---
[04:14:43] 
===== 完成 =====
[04:14:43] 到 https://kumaweb.pages.dev 觀看結果
