[04:10:42] ===== 熊熊每日配送計畫 =====
[04:10:42] 今日日期: 2026-06-26
[04:10:42] 暫存目錄: /home/fjj04/bears/2026-06-26
[04:10:42] 目的目錄: /home/fjj04/my-bear-museum/bears/2026-06-26
[04:10:42] 
--- 步驟 1: 檢查系統狀態 ---
[04:10:42] ComfyUI: ✓ 在線
[04:10:42] 
--- 步驟 2: 取得熊熊名字和風格 ---
[04:10:42] 熊熊: ['白雲嚮導', '晨曦精靈', '糖花熊', '星光王子', '光風熊', '露月熊']
[04:10:42] 風格: ['黏土', '水彩暈染', '紙雕', '織品', '玻璃馬賽克', '霓虹燈']
[04:10:42] 
--- 步驟 3: 準備目錄 ---
[04:10:42] 
--- 步驟 4: 生成圖片 ---
[04:10:42] 配送計畫: ComfyUI 6 張 + MiniMax 0 張 （ComfyUI 在線）
[04:10:42]   No.146 metadata: title=嚮導, series=星星糖屋系列, personality=今天發現了果實纍纍，想分享給你！沉穩淡定，珍惜每一個美好的瞬間。
[04:10:42]   MiniMax 產生 prompt: 白雲嚮導
[04:11:02]   prompt: A gentle white clay sculpture bear character with soft rounded forms and a serene expression stands in a whimsical magical candy house interior filled with floating star-shaped decorations and glowing sugar crystals. The bear lovingly holds a woven basket overflowing with ripe colorful fruits, offering a warm gentle smile that conveys generosity and inner peace. Soft golden sunlight streams through candy glass windows casting a dreamy magical glow across the scene, while caramel-drizzled wooden shelves display delicate pastries and crystallized flowers. The character's calm collected presence and warm invitation suggest a precious moment of sharing nature's bounty in this enchanting Star Candy House, where every detail from the clay figure's slightly glossy surface to the sparkling sugar dust in the air creates a touching storybook atmosphere, soft kawaii style, horizontal composition 16:9, high quality illustration, detailed fur texture
[04:11:02] ComfyUI #1: 白雲嚮導 (黏土) [1600x900]
[04:11:22]   已保存: 146-白雲嚮導.png
[04:11:22]   No.147 metadata: title=精靈, series=雲端雨滴系列, personality=我用水彩暈染風格描繪糖烤杏仁！寬大為懷，天真爛漫，珍惜每一個美好的瞬間。
[04:11:22]   MiniMax 產生 prompt: 晨曦精靈
[04:11:34]   prompt: A gentle kawaii bear spirit with soft golden-brown fur stands gracefully among fluffy white clouds, her body shimmering with the warm amber glow of caramelized almonds, while delicate watercolor gradients of sunrise pink, soft orange, and honey gold blend seamlessly across the scene, tiny translucent raindrops sparkle like diamonds around her, her innocent expression captures the pure joy of cherishing every beautiful moment, surrounded by floating bokeh lights and soft magical sparkles, the ethereal figure with large expressive eyes radiates warmth and kindness, the entire composition rendered in flowing watercolor technique with soft bleeding edges, delicate wet-on-wet painting effects create dreamy atmosphere, morning light filters through translucent wings made of crystallized honey and morning mist, soft kawaii style, horizontal composition 16:9, high quality illustration, detailed fur texture
[04:11:34] ComfyUI #2: 晨曦精靈 (水彩暈染) [1600x900]
[04:11:54]   已保存: 147-晨曦精靈.png
[04:11:54]   No.148 metadata: title=糖花熊, series=月宮玉兔系列, personality=我用紙雕風格描繪繁花似錦！玉石白，光彩照人，總是給身邊的人帶來幸福感。
[04:11:54]   MiniMax 產生 prompt: 糖花熊
[04:12:08]   prompt: A magical paper carving illustration of an adorable jade-white bear character standing in a celestial moon palace garden surrounded by intricate layers of blooming flowers with delicate paper-cut details, the bear has a radiant sugar-crystalline appearance with kawaii round eyes and a gentle smile, multiple paper layers create deep dimensional depth with soft golden moonlight streaming through, flourishes of sugar flowers and gemstone-like petals cascade around the scene, floating flower petals and starlight drift through the air, the paper carving technique showcases delicate negative space and sculpted paper edges, a warm happiness-bringing glow emanates from the character, fantasy art style with rich layered depth and ethereal magical illumination, soft kawaii style, horizontal composition 16:9, high quality illustration, detailed fur texture
[04:12:08] ComfyUI #3: 糖花熊 (紙雕) [1600x900]
[04:12:28]   已保存: 148-糖花熊.png
[04:12:28]   No.149 metadata: title=王子, series=雲端王國系列, personality=我在魔法王國中玩耍！天真善良，陽光積極。
[04:12:28]   MiniMax 產生 prompt: 星光王子
[04:12:37]   prompt: A adorable teddy bear prince with soft golden-brown fur wearing an elegant royal ensemble adorned with embroidered star patterns and delicate textile embellishments, standing proudly on fluffy white clouds in a magical floating kingdom above the sky, surrounded by twinkling golden stars and shimmering celestial lights with warm sunlight streaming through wispy clouds, the scene rendered in beautiful textile art style with visible embroidered textures, woven fabric details, and intricate threadwork patterns reminiscent of fine tapestry, creating a whimsical and enchanting atmosphere filled with joy and wonder, soft kawaii style, horizontal composition 16:9, high quality illustration, detailed fur texture
[04:12:37] ComfyUI #4: 星光王子 (織品) [1600x900]
[04:12:57]   已保存: 149-星光王子.png
[04:12:57]   No.150 metadata: title=光風熊, series=魔法森林童話系列, personality=我用玻璃馬賽克風格描繪海草森林！溫柔敦敏，低調奢華，熱愛大自然的美好。
[04:12:57]   MiniMax 產生 prompt: 光風熊
[04:13:09]   prompt: A charming light brown bear with soft translucent glass mosaic fur stands gracefully in an enchanted underwater seaweed forest, surrounded by swaying emerald green kelp and bioluminescent jellyfish floating gently overhead, countless tiny glass tiles creating a dazzling mosaic effect that catches and refracts shimmering ocean light into rainbow prisms across the scene, delicate seashells and coral formations scattered among the seaweed as tiny bubbles rise toward the surface, the bear's gentle expression conveying warmth and reverence for nature's beauty, rich jewel tones of teal, aquamarine, and gold blending with soft amber highlights in this whimsical fairytale composition, magical and serene atmosphere with light dancing through the water, soft kawaii style, horizontal composition 16:9, high quality illustration, detailed fur texture
[04:13:09] ComfyUI #5: 光風熊 (玻璃馬賽克) [1600x900]
[04:13:29]   已保存: 150-光風熊.png
[04:13:29]   No.151 metadata: title=露月熊, series=魔法鏡子系列, personality=熱情善良，熱愛花之精靈。是個夢幻的小精靈。
[04:13:29]   MiniMax 產生 prompt: 露月熊
[04:13:41]   prompt: A magical small fairy bear with translucent dewdrop-like fur that shimmers in soft blues and silvery whites walks gracefully through an enchanted garden under a luminous crescent moon, surrounded by delicate neon-glowing flower spirits with delicate wings that leave trails of sparkling light, their petals illuminated in vibrant neon pink, electric purple, and cyan hues that pulse gently like breathing, ethereal fireflies dance around the bear creating luminous halos, the entire scene bathed in a dreamy atmosphere where neon light reflections bounce off dew-covered flower petals and mirror-like water surfaces, transforming the mystical garden into a fantastical realm where moonlight and neon artistry blend seamlessly, the bear's kind and passionate expression radiates warmth as it lovingly interacts with the tiny flower spirits, soft volumetric light rays pierce through the ethereal mist creating a magical sanctuary of wonder and beauty, soft kawaii style, horizontal composition 16:9, high quality illustration, detailed fur texture
[04:13:41] ComfyUI #6: 露月熊 (霓虹燈) [1600x900]
[04:14:01]   已保存: 151-露月熊.png
[04:14:01] 共生成 6 張圖片於 /home/fjj04/bears/2026-06-26
[04:14:01] 
--- 步驟 5: 更新熊熊博物館 ---
[04:14:01] 已複製: 146-白雲嚮導.png → /home/fjj04/my-bear-museum/bears/2026-06-26/146-白雲嚮導.png
[04:14:01]   已生成縮圖: bears/2026-06-26/thumbs/146-白雲嚮導-s.png, bears/2026-06-26/thumbs/146-白雲嚮導-m.png
[04:14:01] 已複製: 147-晨曦精靈.png → /home/fjj04/my-bear-museum/bears/2026-06-26/147-晨曦精靈.png
[04:14:01]   已生成縮圖: bears/2026-06-26/thumbs/147-晨曦精靈-s.png, bears/2026-06-26/thumbs/147-晨曦精靈-m.png
[04:14:01] 已複製: 148-糖花熊.png → /home/fjj04/my-bear-museum/bears/2026-06-26/148-糖花熊.png
[04:14:02]   已生成縮圖: bears/2026-06-26/thumbs/148-糖花熊-s.png, bears/2026-06-26/thumbs/148-糖花熊-m.png
[04:14:02] 已複製: 149-星光王子.png → /home/fjj04/my-bear-museum/bears/2026-06-26/149-星光王子.png
[04:14:02]   已生成縮圖: bears/2026-06-26/thumbs/149-星光王子-s.png, bears/2026-06-26/thumbs/149-星光王子-m.png
[04:14:02] 已複製: 150-光風熊.png → /home/fjj04/my-bear-museum/bears/2026-06-26/150-光風熊.png
[04:14:02]   已生成縮圖: bears/2026-06-26/thumbs/150-光風熊-s.png, bears/2026-06-26/thumbs/150-光風熊-m.png
[04:14:02] 已複製: 151-露月熊.png → /home/fjj04/my-bear-museum/bears/2026-06-26/151-露月熊.png
[04:14:02]   已生成縮圖: bears/2026-06-26/thumbs/151-露月熊-s.png, bears/2026-06-26/thumbs/151-露月熊-m.png
[04:14:02] 已更新 bears.json
[04:14:02] 新增 6 隻熊熊
[04:14:02] 
--- 步驟 6: Git Commit ---
[04:14:10] Git push 完成
[04:14:10] 
--- 步驟 7: 部署到 Cloudflare Pages ---
[04:14:23] 
===== 完成 =====
[04:14:23] 到 https://kumaweb.pages.dev 觀看結果
