[04:10:20] ===== 熊熊每日配送計畫 =====
[04:10:20] 今日日期: 2026-08-11
[04:10:20] 暫存目錄: /home/fjj04/bears/2026-08-11
[04:10:20] 目的目錄: /home/fjj04/my-bear-museum/bears/2026-08-11
[04:10:20] 
--- 步驟 1: 檢查系統狀態 ---
[04:10:20] ComfyUI: ✓ 在線
[04:10:20] 
--- 步驟 2: 取得熊熊名字和風格 ---
[04:10:20] 熊熊: ['溪月熊', '晴空熊', '金色精靈', '晨風熊', '蜂蜜熊', '泉海熊']
[04:10:20] 風格: ['霓虹', '復古', '極簡', '抽象', '國畫', '粉彩']
[04:10:20] 
--- 步驟 3: 準備目錄 ---
[04:10:20] 
--- 步驟 4: 生成圖片 ---
[04:10:20] 配送計畫: ComfyUI 6 張 + MiniMax 0 張 （ComfyUI 在線）
[04:10:20]   No.429 metadata: title=溪月熊, series=糖果城堡系列, personality=我在魔法王國中探險！謙虛可親，感性開朗。, conditions={'weather': {'zh': '下雪天', 'en': 'in a snowy winter wonderland'}}
[04:10:20]   MiniMax 產生 prompt: 溪月熊
[04:10:35]   prompt: A gentle blue bear with glowing teal fur stands at the entrance of a magical candy castle in a snowy winter wonderland, surrounded by shimmering neon lights that reflect off the fresh white snow, creating a dazzling rainbow glow in the cold night air, while a small white rabbit companion hops excitedly beside the bear wearing a tiny red scarf, both looking up in wonder at the magnificent frosted castle towers illuminated by countless colorful neon signs and floating glowing orbs, snowflakes gently falling and sparkling as they drift past the whimsical architecture decorated with oversized candy canes and sugar crystal windows, the bear's eyes filled with curiosity and joy as it explores this enchanting fantasy world with its best friend, the entire scene bathed in magical neon luminescence contrasting beautifully with the serene white snowscape, capturing a moment of pure friendship and adventure in an imaginative dreamlike realm, soft kawaii style, horizontal composition 16:9, high quality illustration, detailed fur texture
[04:10:35] ComfyUI #1: 溪月熊 (霓虹) [1600x900]
[04:10:55]   已保存: 429-溪月熊.png
[04:10:55]   No.430 metadata: title=晴空熊, series=魔法旅程系列, personality=今天發現了星光搖曳，想分享給你！喜歡太陽，帶來滿滿的溫暖與快樂。, conditions={'weather': {'zh': '下雪天', 'en': 'in a snowy winter wonderland'}, 'time_of_day': {'zh': '正午', 'en': 'at bright noon'}, 'prop': {'zh': '背書包', 'en': 'carrying a school backpack'}}
[04:10:55]   MiniMax 產生 prompt: 晴空熊
[04:11:15]   prompt: A cheerful kawaii bear with warm honey-colored fur and a gentle smile ventures into a breathtaking snowy winter wonderland on a misty mountain during bright noon, wearing a cute school backpack and radiating pure joy and warmth despite the winter chill, accompanied by an adorable little white rabbit with pink ears hopping excitedly beside the bear and a charming small teddy bear toy nestled safely in the bear's arms, as golden sunlight filters softly through the falling snowflakes creating a magical retro-inspired scene with vintage color tones, the bear pointing excitedly upward toward the sky where they have just discovered twinkling starlight shimmering even in the daylight, symbolizing their desire to share wonderful discoveries with friends, surrounded by pine trees dusted with snow, with soft warm lighting contrasting beautifully against the cool blue winter landscape, evoking a nostalgic 1950s storybook illustration with soft pastel hues and gentle hand-drawn details, capturing the magical journey of friendship, adventure, and spreading happiness, soft kawaii style, horizontal composition 16:9, high quality illustration, detailed fur texture
[04:11:15] ComfyUI #2: 晴空熊 (復古) [1600x900]
[04:11:35]   已保存: 430-晴空熊.png
[04:11:35]   No.431 metadata: title=精靈, series=願望流星系列, personality=我用極簡風格描繪晨曦微光！積極進取，好奇開朗，珍惜每一個美好的瞬間。, conditions={'holiday': {'zh': '情人節', 'en': "on Valentine's Day"}}
[04:11:35]   MiniMax 產生 prompt: 金色精靈
[04:11:49]   prompt: A cheerful golden bear cub with warm amber fur stands beside a cozy campsite at the edge of an alpine meadow, gazing up at a breathtaking sky filled with countless twinkling stars and a luminous crescent moon, while a small white rabbit companion rests contentedly beside the bear, both watching a magical shooting star streak across the velvet night sky leaving a trail of golden sparkles, surrounded by a small tent, a glowing campfire casting warm orange light that flickers gently against the cool blue twilight, with delicate heart-shaped snowflakes drifting down softly on this romantic Valentine's Day evening, as dawn begins to softly paint the distant horizon in the first warm hues of morning light, creating an ethereal atmosphere where dreams and wishes float through the crisp mountain air, minimalist composition with clean lines and soft gradients emphasizing the tender friendship between the two small creatures treasuring this beautiful moment together, soft kawaii style, horizontal composition 16:9, high quality illustration, detailed fur texture
[04:11:49] ComfyUI #3: 金色精靈 (極簡) [1600x900]
[04:12:09]   已保存: 431-金色精靈.png
[04:12:09]   No.432 metadata: title=晨風熊, series=月光泉水系列, personality=今天發現了焦糖布丁，想分享給你！森林的，是個夢幻的小精靈。, conditions={'weather': {'zh': '彩虹出現', 'en': 'under a brilliant rainbow'}, 'holiday': {'zh': '情人節', 'en': "on Valentine's Day"}, 'emotion': {'zh': '沉思安靜', 'en': 'in thoughtful silence'}}
[04:12:09]   MiniMax 產生 prompt: 晨風熊
[04:12:30]   prompt: A dreamy ethereal bear with soft cream and light brown fur stands gently in a mystical forest clearing beneath a brilliant rainbow arcing across a pastel sky, the abstract art style transforming the entire scene into flowing geometric shapes and soft watercolor washes that blend together like poetry. The forest bear holds a small ceramic bowl of golden caramel pudding with both paws, offering it with a tender gesture to a tiny deer fawn and a delicate fairy rabbit beside it, their forms rendered in elegant pastel silhouettes that harmonize with the Valentine's Day atmosphere. Soft pink and crimson heart shapes float delicately through the luminous morning light, while the bear's large round eyes reflect a quiet thoughtful expression of peaceful contentment, as though savoring the simple magic of sharing and companionship in this enchanted woodland moment, soft kawaii style, horizontal composition 16:9, high quality illustration, detailed fur texture
[04:12:30] ComfyUI #4: 晨風熊 (抽象) [1600x900]
[04:12:50]   已保存: 432-晨風熊.png
[04:12:50]   No.433 metadata: title=蜂蜜熊, series=雲端花園系列, personality=我於彩虹糖果裡找到了美好！獨立開朗，熱愛探索未知。, conditions={'weather': {'zh': '彩虹出現', 'en': 'under a brilliant rainbow'}, 'time_of_day': {'zh': '清晨', 'en': 'at dawn with golden light'}}
[04:12:50]   MiniMax 產生 prompt: 蜂蜜熊
[04:13:07]   prompt: In a masterful traditional Chinese ink painting style, a delightful honey-colored bear with warm amber fur and expressive eyes stands joyfully in a serene cloud garden, one paw gracefully kicking a soccer ball into the air as golden dawn light filters through the ethereal mist. A spirited yellow duckling companion waddles excitedly alongside, wings fluttered in playful anticipation, their friendship radiating pure happiness. Above them, a magnificent rainbow arches across the soft pink and celadon sky, its vibrant colors blending harmoniously with the delicate floating peony blossoms and graceful bamboo stalks that frame this magical garden suspended among the clouds. The composition captures the bear's adventurous spirit with masterful brushstroke techniques, creating a scene of innocent wonder, friendship, and the beauty of exploration in a dreamlike landscape where ink wash textures meet warm golden sunlight at the edge of morning, soft kawaii style, horizontal composition 16:9, high quality illustration, detailed fur texture
[04:13:07] ComfyUI #5: 蜂蜜熊 (國畫) [1600x900]
[04:13:27]   已保存: 433-蜂蜜熊.png
[04:13:27]   No.434 metadata: title=泉海熊, series=夢境之門系列, personality=今天發現了潮汐升降，想分享給你！低調沉穩，是個夢幻的小精靈。, conditions={'prop': {'zh': '戴圍巾', 'en': 'wearing a cozy scarf'}}
[04:13:27]   MiniMax 產生 prompt: 泉海熊
[04:13:43]   prompt: A soft blue and teal sea bear with gentle pastel tones stands at the edge of a moonlit ocean shore, its plush fur shimmering with an ethereal glow. The bear wears a cozy pastel-colored scarf draped around its neck, its low-key steady expression conveying a dreamy spirit discovering the wonder of rising and falling tides. A small white rabbit companion stands beside the bear, both gazing at luminescent waves that ebb and flow across a magical shoreline dotted with softly glowing seashells and tiny star-like lights. The pastel watercolor atmosphere creates a tender moment of friendship and wonder, with soft golden moonlight dancing on the water and gentle foam trails marking the tide's gentle rhythm, evoking the mystical dream gate series setting where magical creatures share discoveries with those they love, soft kawaii style, horizontal composition 16:9, high quality illustration, detailed fur texture
[04:13:43] ComfyUI #6: 泉海熊 (粉彩) [1600x900]
[04:14:03]   已保存: 434-泉海熊.png
[04:14:03] 共生成 6 張圖片於 /home/fjj04/bears/2026-08-11
[04:14:03] 
--- 步驟 5: 更新熊熊博物館 ---
[04:14:03] 已複製: 429-溪月熊.png → /home/fjj04/my-bear-museum/bears/2026-08-11/429-溪月熊.png
[04:14:03]   已生成縮圖: bears/2026-08-11/thumbs/429-溪月熊-s.png, bears/2026-08-11/thumbs/429-溪月熊-m.png
[04:14:03] 已複製: 430-晴空熊.png → /home/fjj04/my-bear-museum/bears/2026-08-11/430-晴空熊.png
[04:14:03]   已生成縮圖: bears/2026-08-11/thumbs/430-晴空熊-s.png, bears/2026-08-11/thumbs/430-晴空熊-m.png
[04:14:03] 已複製: 431-金色精靈.png → /home/fjj04/my-bear-museum/bears/2026-08-11/431-金色精靈.png
[04:14:03]   已生成縮圖: bears/2026-08-11/thumbs/431-金色精靈-s.png, bears/2026-08-11/thumbs/431-金色精靈-m.png
[04:14:03] 已複製: 432-晨風熊.png → /home/fjj04/my-bear-museum/bears/2026-08-11/432-晨風熊.png
[04:14:04]   已生成縮圖: bears/2026-08-11/thumbs/432-晨風熊-s.png, bears/2026-08-11/thumbs/432-晨風熊-m.png
[04:14:04] 已複製: 433-蜂蜜熊.png → /home/fjj04/my-bear-museum/bears/2026-08-11/433-蜂蜜熊.png
[04:14:04]   已生成縮圖: bears/2026-08-11/thumbs/433-蜂蜜熊-s.png, bears/2026-08-11/thumbs/433-蜂蜜熊-m.png
[04:14:04] 已複製: 434-泉海熊.png → /home/fjj04/my-bear-museum/bears/2026-08-11/434-泉海熊.png
[04:14:04]   已生成縮圖: bears/2026-08-11/thumbs/434-泉海熊-s.png, bears/2026-08-11/thumbs/434-泉海熊-m.png
[04:14:04] 已更新 bears.json
[04:14:04] 新增 6 隻熊熊
[04:14:04] 
--- 步驟 6: Git Commit ---
[04:14:12] Git push 完成
[04:14:12] 
--- 步驟 7: 部署到 Cloudflare Pages ---
[04:14:28] 
===== 完成 =====
[04:14:28] 到 https://kumaweb.pages.dev 觀看結果
