[04:11:02] ===== 熊熊每日配送計畫 =====
[04:11:02] 今日日期: 2026-08-14
[04:11:02] 暫存目錄: /home/fjj04/bears/2026-08-14
[04:11:02] 目的目錄: /home/fjj04/my-bear-museum/bears/2026-08-14
[04:11:02] 
--- 步驟 1: 檢查系統狀態 ---
[04:11:02] ComfyUI: ✓ 在線
[04:11:02] 
--- 步驟 2: 取得熊熊名字和風格 ---
[04:11:02] 熊熊: ['星光精靈', '森風熊', '泉星熊', '星夢熊', '雲端熊', '潮星熊']
[04:11:02] 風格: ['和風', '波斯地毯', '外太空', '童話書', '漫畫網點', '厚塗']
[04:11:02] 
--- 步驟 3: 準備目錄 ---
[04:11:02] 
--- 步驟 4: 生成圖片 ---
[04:11:02] 配送計畫: ComfyUI 6 張 + MiniMax 0 張 （ComfyUI 在線）
[04:11:02]   No.447 metadata: title=精靈, series=精靈傳說系列, personality=我在雲端雨滴裡找到了美好！獨立自主，珍惜每一個綻放的瞬間。, conditions={'weather': {'zh': '下雪天', 'en': 'in a snowy winter wonderland'}}
[04:11:02]   MiniMax 產生 prompt: 星光精靈
[04:11:24]   prompt: In a enchanting snow-dusted Japanese-style magical cave with translucent icicle formations glowing softly in bioluminescent light, a small star-patterned bear with soft cream-colored fur and delicate glowing markings leads a gentle adventure with a tiny white rabbit hopping beside them, a small fabric doll held carefully by a child companion whose eyes sparkle with wonder, crystalline formations blooming like winter flowers throughout the cavern while soft snowfall drifts through the cave entrance creating a dreamy atmosphere where each snowflake catches the ethereal light and transforms into tiny falling stars, the bear gazes peacefully at the magical display treasuring the fleeting beauty of the moment as the little rabbit sniffs curiously at glowing mushrooms and the child points excitedly at ancient spirit symbols carved into the cave walls, their warm friendship evident in how they explore together sharing in each discovery, the entire scene bathed in soft lavender and gold light filtering through the snowy entrance like a watercolor painting from another world, soft kawaii style, horizontal composition 16:9, high quality illustration, detailed fur texture
[04:11:24] ComfyUI #1: 星光精靈 (和風) [1600x900]
[04:11:44]   已保存: 447-星光精靈.png
[04:11:44]   No.448 metadata: title=森風熊, series=精靈物語系列, personality=我用波斯地毯風格描繪山嵐繚繞！機智多謀，獨立自強，總是給身邊的人帶來幸福感。, conditions={'time_of_day': {'zh': '月夜', 'en': 'under the glowing full moon'}, 'emotion': {'zh': '沉思安靜', 'en': 'in thoughtful silence'}}
[04:11:44]   MiniMax 產生 prompt: 森風熊
[04:12:00]   prompt: In a Persian carpet style illustration, a wise forest wind bear with warm honey-brown fur stands beside a human child and a small fluffy white dog on a moonlit snowy meadow, all three carefully shaping a lopsided snowman together under the enchanting glow of a full silver moon that illuminates the mystical forest of ancient misty mountains, the intricate carpet patterns weave through the snowflakes creating ornate geometric borders around the peaceful scene, the bear pauses thoughtfully with a gentle smile as if contemplating the perfect placement of a carrot nose, the child wears a cozy knit scarf while patting snow with mittened hands, the fluffy dog sits nearby watching with curious bright eyes, delicate moonlight casts long ethereal shadows across the pristine white snow while silk-screened ornamental motifs of flowers and vines frame the composition in traditional Persian rug fashion, the atmosphere is one of serene contemplation and quiet companionship as the gentle snowfall continues around them, soft kawaii style, horizontal composition 16:9, high quality illustration, detailed fur texture
[04:12:00] ComfyUI #2: 森風熊 (波斯地毯) [1600x900]
[04:12:20]   已保存: 448-森風熊.png
[04:12:20]   No.449 metadata: title=泉星熊, series=幸福童話系列, personality=我用外太空風格描繪星光如鑽！謙虛低調，低調沉穩，帶來滿滿的溫暖與快樂。, conditions={'holiday': {'zh': '情人節', 'en': "on Valentine's Day"}}
[04:12:20]   MiniMax 產生 prompt: 泉星熊
[04:12:49]   MiniMax prompt 不完整 (finish=length, len=0): ''，重試一次
[04:13:06]   prompt: A gentle golden-brown bear with shimmering star patterns scattered across its soft fur sits on a wooden swing set, gently pumping its legs to swing higher into the vast cosmic sky filled with swirling galaxies and diamond-like stars, accompanied by a fluffy little white rabbit friend with delicate pink-tipped ears swinging on the adjacent swing, both of them laughing together as they soar through the Valentine's Day sky decorated with soft pink nebulae clouds and dozens of tiny floating hearts, magical starlight casting a warm romantic glow on their friendship, the humble bear looking at its friend with a warm gentle smile, whimsical fairy tale atmosphere with outer space elements blending perfectly with romantic holiday vibes, soft kawaii style, horizontal composition 16:9, high quality illustration, detailed fur texture
[04:13:06] ComfyUI #3: 泉星熊 (外太空) [1600x900]
[04:13:26]   已保存: 449-泉星熊.png
[04:13:26]   No.450 metadata: title=星夢熊, series=水晶球占系列, personality=我於魔法旅程中探險！好奇創新，獨立自強。, conditions=None
[04:13:26]   MiniMax 產生 prompt: 星夢熊
[04:13:47]   prompt: In a fairytale storybook illustration, a soft blue bear with delicate silver star patterns on its plush fur stands at a cozy weekend market filled with warm wooden stalls draped in twinkling fairy lights and hand-painted banners, the bear holds a small glowing crystal ball that reveals swirling constellations while gazing with wide curious eyes at the magical treasures around, beside it a cute human child with rosy cheeks reaches out excitedly toward a stall selling crystallized honey jars and enchanted forest flowers, morning sunlight filters through colorful canvas awnings casting soft golden and lavender shadows across cobblestone paths lined with plush toy rabbits and brass instruments, the atmosphere is filled with the sweet scent of fresh pastries from a nearby bakery and the gentle hum of merchants sharing mystical stories, the two friends lean close together sharing wonder and laughter as they discover a map to a hidden star garden, their expressions reflect pure joy and adventurous curiosity while a few floating sparkles drift between the market stalls, soft kawaii style, horizontal composition 16:9, high quality illustration, detailed fur texture
[04:13:47] ComfyUI #4: 星夢熊 (童話書) [1600x900]
[04:14:07]   已保存: 450-星夢熊.png
[04:14:07]   No.451 metadata: title=雲端熊, series=花園仙子系列, personality=我於晨曦染天裡找到了美好！低調奢華，喜歡收集閃閃發亮的東西。, conditions={'holiday': {'zh': '新年', 'en': 'celebrating New Year with confetti'}}
[04:14:07]   MiniMax 產生 prompt: 雲端熊
[04:14:26]   prompt: The Cloud Bear stands in a magical garden at the break of dawn, where soft pink and gold light paints the entire sky in breathtaking beauty, his fluffy cloud-white fur glowing with a subtle elegant sparkle as he happily blows iridescent soap bubbles that drift upward carrying tiny rainbow reflections. Beside him, a cheerful orange cat playfully leaps to catch bubbles mid-air, a tiny white rabbit hops nearby with wide wondering eyes mesmerized by the floating spheres, and a small fabric doll stands on the grass waving excitedly at the drifting bubbles. Colorful confetti streams down gently through the scene like celebratory New Year fireworks frozen in time, their metallic surfaces catching the dawn light and creating a dazzling sparkle effect that fills the garden with joy and magic. The manga halftone art style with its characteristic dot screen patterns creates beautiful texture and depth throughout the entire composition, capturing this precious moment of friendship and wonder, soft kawaii style, horizontal composition 16:9, high quality illustration, detailed fur texture
[04:14:26] ComfyUI #5: 雲端熊 (漫畫網點) [1600x900]
[04:14:46]   已保存: 451-雲端熊.png
[04:14:46]   No.452 metadata: title=潮星熊, series=永恆之光系列, personality=我在草莓奶昔中玩耍！獨立果斷，喜歡星星。, conditions={'weather': {'zh': '彩虹出現', 'en': 'under a brilliant rainbow'}}
[04:14:46]   MiniMax 產生 prompt: 潮星熊
[04:15:01]   prompt: A charming teddy bear with soft cream-colored fur wearing a trendy star-shaped accessory sits on a red-and-white checkered picnic blanket surrounded by a vibrant meadow of blooming wildflowers in shades of pink, purple, and yellow under a brilliant rainbow arching across the sky, an adorable orange cat curls contentedly beside the bear while a fluffy white dog with floppy ears rests its head on the blanket, and a small fabric doll with button eyes sits propped against a wicker basket filled with strawberry treats, the thick impasto brushstrokes creating rich texture and dimension in the magical eternal light that bathes the entire scene in warm golden glow, the confident little bear gazes up at the rainbow with a curious expression while its animal friends look on peacefully, scattered rose petals and dandelion seeds float gently in the soft breeze, soft kawaii style, horizontal composition 16:9, high quality illustration, detailed fur texture
[04:15:01] ComfyUI #6: 潮星熊 (厚塗) [1600x900]
[04:15:21]   已保存: 452-潮星熊.png
[04:15:21] 共生成 6 張圖片於 /home/fjj04/bears/2026-08-14
[04:15:21] 
--- 步驟 5: 更新熊熊博物館 ---
[04:15:21] 已複製: 447-星光精靈.png → /home/fjj04/my-bear-museum/bears/2026-08-14/447-星光精靈.png
[04:15:21]   已生成縮圖: bears/2026-08-14/thumbs/447-星光精靈-s.png, bears/2026-08-14/thumbs/447-星光精靈-m.png
[04:15:21] 已複製: 448-森風熊.png → /home/fjj04/my-bear-museum/bears/2026-08-14/448-森風熊.png
[04:15:21]   已生成縮圖: bears/2026-08-14/thumbs/448-森風熊-s.png, bears/2026-08-14/thumbs/448-森風熊-m.png
[04:15:21] 已複製: 449-泉星熊.png → /home/fjj04/my-bear-museum/bears/2026-08-14/449-泉星熊.png
[04:15:22]   已生成縮圖: bears/2026-08-14/thumbs/449-泉星熊-s.png, bears/2026-08-14/thumbs/449-泉星熊-m.png
[04:15:22] 已複製: 450-星夢熊.png → /home/fjj04/my-bear-museum/bears/2026-08-14/450-星夢熊.png
[04:15:22]   已生成縮圖: bears/2026-08-14/thumbs/450-星夢熊-s.png, bears/2026-08-14/thumbs/450-星夢熊-m.png
[04:15:22] 已複製: 451-雲端熊.png → /home/fjj04/my-bear-museum/bears/2026-08-14/451-雲端熊.png
[04:15:22]   已生成縮圖: bears/2026-08-14/thumbs/451-雲端熊-s.png, bears/2026-08-14/thumbs/451-雲端熊-m.png
[04:15:22] 已複製: 452-潮星熊.png → /home/fjj04/my-bear-museum/bears/2026-08-14/452-潮星熊.png
[04:15:22]   已生成縮圖: bears/2026-08-14/thumbs/452-潮星熊-s.png, bears/2026-08-14/thumbs/452-潮星熊-m.png
[04:15:22] 已更新 bears.json
[04:15:22] 新增 6 隻熊熊
[04:15:22] 
--- 步驟 6: Git Commit ---
[04:15:32] Git push 完成
[04:15:32] 
--- 步驟 7: 部署到 Cloudflare Pages ---
[04:15:48] 
===== 完成 =====
[04:15:48] 到 https://kumaweb.pages.dev 觀看結果
