[04:10:34] ===== 熊熊每日配送計畫 =====
[04:10:34] 今日日期: 2026-06-22
[04:10:34] 暫存目錄: /home/fjj04/bears/2026-06-22
[04:10:34] 目的目錄: /home/fjj04/my-bear-museum/bears/2026-06-22
[04:10:34] 
--- 步驟 1: 檢查系統狀態 ---
[04:10:34] ComfyUI: ✓ 在線
[04:10:34] 
--- 步驟 2: 取得熊熊名字和風格 ---
[04:10:34] 熊熊: ['嵐月熊', '銀河精靈', '月影冒險家', '星光映月者', '嵐星熊', '魂月熊']
[04:10:34] 風格: ['藝術大字', '塗鴉', '和風', '波斯地毯', '外太空', '童話書']
[04:10:34] 
--- 步驟 3: 準備目錄 ---
[04:10:34] 
--- 步驟 4: 生成圖片 ---
[04:10:34] 配送計畫: ComfyUI 6 張 + MiniMax 0 張 （ComfyUI 在線）
[04:10:34]   No.116 metadata: title=嵐月熊, series=彩虹糖果系列, personality=我在薰衣草田中跳舞！創意豐富，善良單純。
[04:10:34]   MiniMax 產生 prompt: 嵐月熊
[04:10:43]   prompt: A magical kawaii bear character with soft lavender fur dances joyfully through an endless purple lavender field under a dreamy moonlit sky, delicate storm clouds swirl above creating ethereal silver highlights while the bear twirls with pure innocent happiness, surrounded by floating rainbow candy stars and sparkling sugar crystals that drift through the warm evening air, the entire scene rendered in an artistic lettering style with elegant flowing typography elements woven throughout the composition like magical pathways of light, warm golden hour lighting mixed with cool moonlight creates a whimsical fairy tale atmosphere, the bear's expressive eyes sparkle with creativity and kindness as gentle petals float around its graceful dance moves, soft kawaii style, horizontal composition 16:9, high quality illustration, detailed fur texture
[04:10:43] ComfyUI #1: 嵐月熊 (藝術大字) [1600x900]
[04:11:04]   已保存: 116-嵐月熊.png
[04:11:04]   No.117 metadata: title=精靈, series=精靈花園系列, personality=我於守護王國中探險！細心周到，神秘幽雅。
[04:11:04]   MiniMax 產生 prompt: 銀河精靈
[04:11:14]   prompt: A whimsical doodle illustration of a small bear fairy with shimmering silver-blue galaxy-patterned fur floating gracefully through an enchanted garden filled with glowing wildflowers and floating luminous orbs, wearing a delicate crown of tiny stars, surrounded by swirling cosmic dust particles and translucent butterfly wings with constellation patterns, the garden path leads to an ancient stone archway covered in glowing vines, soft starlight filters through the canopy creating magical dappled shadows on the ground, the bear carries a tiny lantern shaped like a crescent moon illuminating the mystical guardian kingdom, rendered in loose expressive hand-drawn sketch lines with playful scribble textures and splatter accents, elegant and mysterious atmosphere with ethereal bioluminescent lighting throughout, soft kawaii style, horizontal composition 16:9, high quality illustration, detailed fur texture
[04:11:14] ComfyUI #2: 銀河精靈 (塗鴉) [1600x900]
[04:11:34]   已保存: 117-銀河精靈.png
[04:11:34]   No.118 metadata: title=冒險家, series=糖果王國系列, personality=今天發現了糖果王國，想分享給你！成熟從容，熱愛大自然的美好。
[04:11:34]   MiniMax 產生 prompt: 月影冒險家
[04:11:44]   prompt: A noble bear adventurer stands atop a mossy stone lantern in an enchanted Japanese garden, gazing out at a breathtaking magical Candy Kingdom stretching beyond misty mountains. The bear wears a traditional woven bamboo hat and a cozy exploration cape adorned with embroidered maple leaves, its warm brown fur catching the gentle glow of a large pale moon hanging in a twilight sky painted with soft indigo and rose watercolor washes. Tiny lanterns float among towering sugar crystal trees and twisted candy cane forests, their golden light reflecting off peaceful streams of liquid caramel flowing between moss-covered stepping stones scattered with crystallized sugar flowers. The ancient Japanese atmosphere blends with whimsical confectionery wonder, creating a serene twilight scene of discovery and natural beauty, with delicate cherry blossom petals drifting gently through the warm magical air, soft kawaii style, horizontal composition 16:9, high quality illustration, detailed fur texture
[04:11:44] ComfyUI #3: 月影冒險家 (和風) [1600x900]
[04:12:04]   已保存: 118-月影冒險家.png
[04:12:04]   No.119 metadata: title=映月者, series=奇蹟之花系列, personality=我用波斯地毯風格描繪蜂蜜堅果！優雅從容，優雅得體，珍惜每一個美好的瞬間。
[04:12:04]   MiniMax 產生 prompt: 星光映月者
[04:12:19]   prompt: A majestic teddy bear with warm honey-colored fur stands gracefully upon an ornate Persian carpet, surrounded by intricate geometric medallion patterns and elegant arabesque flourishes in rich jewel tones of sapphire, emerald, crimson, and gold. Delicate miracle flowers from the series bloom around the bear, their petals painted in the same elaborate tapestry style as the carpet beneath. Soft starlight and gentle moonlight filter through the scene, casting a magical glow upon the ornate geometric borders and symmetrical patterns that radiate outward like celestial constellations. Glowing honey droplets and beautifully decorated golden nuts rest upon the intricate carpet, symbolizing the bear's refined elegance and graceful appreciation for life's precious moments. The entire composition is rendered in luxurious Persian rug artistry with meticulous attention to decorative detail, warm atmospheric lighting, and a sense of serene nobility that captures the elegant and composed nature of this graceful character, soft kawaii style, horizontal composition 16:9, high quality illustration, detailed fur texture
[04:12:19] ComfyUI #4: 星光映月者 (波斯地毯) [1600x900]
[04:12:40]   已保存: 119-星光映月者.png
[04:12:40]   No.120 metadata: title=嵐星熊, series=星光繽紛系列, personality=我在占卜師中追光！温柔似水，誠實純真。
[04:12:40]   MiniMax 產生 prompt: 嵐星熊
[04:12:56]   prompt: A majestic celestial bear with soft storm-gray fur stands gracefully on a floating crystal platform suspended in the infinite expanse of outer space, surrounded by swirling galaxies of vibrant purple and deep blue nebulae with countless twinkling golden stars scattered throughout the cosmic void like scattered diamonds, ethereal aurora ribbons dance across the starry backdrop casting magical prismatic light that illuminates the bear's gentle eyes filled with pure wisdom and honest kindness, while distant glowing planets and shimmering cosmic dust particles create layers of ethereal depth, mystical fortune-telling symbols materialize as soft glowing constellations around this divine creature, the entire scene is bathed in dreamy soft lighting with a gentle cosmic breeze carrying stardust particles, capturing the essence of chasing eternal light through the universe's most beautiful mysteries, soft kawaii style, horizontal composition 16:9, high quality illustration, detailed fur texture
[04:12:56] ComfyUI #5: 嵐星熊 (外太空) [1600x900]
[04:13:16]   已保存: 120-嵐星熊.png
[04:13:16]   No.121 metadata: title=魂月熊, series=雲端城堡系列, personality=我在月光森林中追光！香草精，優雅從容。
[04:13:16]   MiniMax 產生 prompt: 魂月熊
[04:13:26]   prompt: A charming small bear character with soft vanilla-cream colored fur stands gracefully beneath ancient silver trees in a mystical moonlit forest, surrounded by floating orbs of gentle golden light that drift through the air like magical fireflies, the full moon glowing brilliantly overhead casting ethereal silver-blue moonlight that illuminates the forest floor scattered with luminescent mushrooms and delicate wildflowers, in the background a magnificent cloud castle floats serenely among the stars, the bear lifts one tiny paw elegantly toward the dancing lights with a serene composed expression, the entire scene rendered in a whimsical fairy tale storybook illustration style with soft watercolor textures, magical atmosphere, twinkling stars, and enchanting dreamy lighting that captures the essence of wonder and elegance, soft kawaii style, horizontal composition 16:9, high quality illustration, detailed fur texture
[04:13:26] ComfyUI #6: 魂月熊 (童話書) [1600x900]
[04:13:46]   已保存: 121-魂月熊.png
[04:13:46] 共生成 6 張圖片於 /home/fjj04/bears/2026-06-22
[04:13:46] 
--- 步驟 5: 更新熊熊博物館 ---
[04:13:46] 已複製: 116-嵐月熊.png → /home/fjj04/my-bear-museum/bears/2026-06-22/116-嵐月熊.png
[04:13:47]   已生成縮圖: bears/2026-06-22/thumbs/116-嵐月熊-s.png, bears/2026-06-22/thumbs/116-嵐月熊-m.png
[04:13:47] 已複製: 117-銀河精靈.png → /home/fjj04/my-bear-museum/bears/2026-06-22/117-銀河精靈.png
[04:13:47]   已生成縮圖: bears/2026-06-22/thumbs/117-銀河精靈-s.png, bears/2026-06-22/thumbs/117-銀河精靈-m.png
[04:13:47] 已複製: 118-月影冒險家.png → /home/fjj04/my-bear-museum/bears/2026-06-22/118-月影冒險家.png
[04:13:47]   已生成縮圖: bears/2026-06-22/thumbs/118-月影冒險家-s.png, bears/2026-06-22/thumbs/118-月影冒險家-m.png
[04:13:47] 已複製: 119-星光映月者.png → /home/fjj04/my-bear-museum/bears/2026-06-22/119-星光映月者.png
[04:13:47]   已生成縮圖: bears/2026-06-22/thumbs/119-星光映月者-s.png, bears/2026-06-22/thumbs/119-星光映月者-m.png
[04:13:47] 已複製: 120-嵐星熊.png → /home/fjj04/my-bear-museum/bears/2026-06-22/120-嵐星熊.png
[04:13:47]   已生成縮圖: bears/2026-06-22/thumbs/120-嵐星熊-s.png, bears/2026-06-22/thumbs/120-嵐星熊-m.png
[04:13:47] 已複製: 121-魂月熊.png → /home/fjj04/my-bear-museum/bears/2026-06-22/121-魂月熊.png
[04:13:47]   已生成縮圖: bears/2026-06-22/thumbs/121-魂月熊-s.png, bears/2026-06-22/thumbs/121-魂月熊-m.png
[04:13:47] 已更新 bears.json
[04:13:47] 新增 6 隻熊熊
[04:13:47] 
--- 步驟 6: Git Commit ---
[04:13:55] Git push 完成
[04:13:55] 
--- 步驟 7: 部署到 Cloudflare Pages ---
[04:14:10] 
===== 完成 =====
[04:14:10] 到 https://kumaweb.pages.dev 觀看結果
[10:34:40] ===== 熊熊每日配送計畫 =====
[10:34:40] 今日日期: 2026-06-22
[10:34:40] 暫存目錄: /home/fjj04/bears/2026-06-22
[10:34:40] 目的目錄: /home/fjj04/my-bear-museum/bears/2026-06-22
[10:34:40] 
--- 步驟 1: 檢查系統狀態 ---
[10:34:40] ComfyUI: ✓ 在線
[10:34:40] 
--- 步驟 2: 取得熊熊名字和風格 ---
[10:34:40] 熊熊: ['夢風熊', '彩霞守護者', '晨曦使者', '潮夢熊', '溪花熊', '風露熊']
[10:34:40] 風格: ['漫畫網點', '厚塗', '水墨暈染', '像素藝術', '表情包', '3D']
[10:34:40] 
--- 步驟 3: 準備目錄 ---
[10:34:40] 
--- 步驟 4: 生成圖片 ---
[10:34:40] 配送計畫: ComfyUI 3 張 + MiniMax 3 張 （ComfyUI 在線）
[10:34:40]   No.122 metadata: title=夢風熊, series=棉花糖王國系列, personality=我於巧克力慕斯裡找到了美好！機智風趣，熱愛探索未知。
[10:34:40]   MiniMax 產生 prompt: 夢風熊
[10:34:53]   prompt: A charming bear with soft caramel and cream-colored fur sits delighted at an ornate marble table in a fantastical cotton candy kingdom hall, surrounded by towering pillars made of spun sugar and clouds of pink and lavender cotton candy floating gently in the air, while a magnificent chocolate mousse dessert sits before them decorated with golden edible glitter and swirling cocoa patterns, the bear's clever expression conveying wonder and satisfaction as they gaze at the delectable creation, soft magical light filtering through crystalline windows casting rainbow prisms across the scene, rendered in classic manga halftone dot screening technique with bold ink outlines and characteristic Ben-Day dots creating depth and texture, whimsical atmosphere filled with sweet aromas and adventurous spirit, soft kawaii style, horizontal composition 16:9, high quality illustration, detailed fur texture
[10:34:53] ComfyUI #1: 夢風熊 (漫畫網點) [1600x912]
[10:35:14]   已保存: 122-夢風熊.png
[10:35:14]   No.123 metadata: title=守護者, series=魔法旅程系列, personality=我在雲端漫步裡找到了美好！踏實肯乾，珍惜每一個綻放的瞬間。
[10:35:14]   MiniMax 產生 prompt: 彩霞守護者
[10:35:28]   prompt: A majestic bear with warm golden-amber fur adorned with soft pink and coral highlights walks gracefully across a dreamlike sky filled with magnificent billowing clouds in shades of rose, lavender, and molten gold. The heavy impasto technique creates rich, sculptural brushstrokes that give the entire scene incredible texture and depth, with thick paint layers adding dimension to both the bear's plush fur and the ethereal cloudscape. Magical sparkles and warm golden light rays filter through the clouds, creating a breathtaking golden hour atmosphere. The gentle guardian bear gazes peacefully toward the horizon with quiet determination, surrounded by floating luminous particles and soft mist that add layers of wonder to this fantastical scene, soft kawaii style, horizontal composition 16:9, high quality illustration, detailed fur texture
[10:35:28] ComfyUI #2: 彩霞守護者 (厚塗) [1600x912]
[10:35:48]   已保存: 123-彩霞守護者.png
[10:35:48]   No.124 metadata: title=使者, series=風之物語系列, personality=我在花季物語中守護！機智風趣，勇敢冒險。
[10:35:48]   MiniMax 產生 prompt: 晨曦使者
[10:36:08]   prompt: A charming bear wearing flowing robes stands at the edge of a misty cliff as the first golden rays of dawn break through layers of soft clouds. Cherry blossoms and wildflowers bloom around the scene while gentle wind carries delicate petals through the air. The bear holds a small lantern that glows with warm light, symbolizing its role as a messenger of hope. The composition features soft ink wash effects with bleeding edges where black and gray washes dissolve into translucent layers of pink, gold, and pale blue. Ethereal morning mist swirls around the character's paws, creating a sense of movement and magic. A breeze animates the scene, carrying petals and leaves in a choreographed dance around the adorable messenger bear. The artwork blends traditional Chinese ink wash techniques with a whimsical kawaii aesthetic, evoking a sense of serene wonder at the transition between night and day, soft kawaii style, horizontal composition 16:9, high quality illustration, detailed fur texture
[10:36:08] ComfyUI #3: 晨曦使者 (水墨暈染) [1600x912]
[10:36:28]   已保存: 124-晨曦使者.png
[10:36:28]   No.125 metadata: title=潮夢熊, series=雲端城堡系列, personality=今天發現了銀河垂掛，想分享給你！勇敢無畏，總是給身邊的人帶來幸福感。
[10:36:28]   MiniMax 產生 prompt: 潮夢熊
[10:36:39]   prompt: A brave little pixel art bear stands on a fluffy cloud platform reaching up toward a magnificent Milky Way that appears to cascade down from the cosmic sky like a shimmering river of stars, the bear's arms spread wide in wonder as it beckons the viewer to witness the celestial display, surrounded by floating castle spires in the background with gentle stardust particles drifting through the scene, the pixel art style rendered in a nostalgic 16-bit aesthetic with rich purples and blues of deep space contrasted by warm golden starlight, the bear's expression radiates pure joy and fearlessness as it shares this cosmic discovery, magical atmosphere with glowing nebulae and shooting stars illuminating the dreamlike cloud realm, soft kawaii style, horizontal composition 16:9, high quality illustration, detailed fur texture
[10:36:39] MiniMax #4: 潮夢熊 (像素藝術) [16:9]
[10:36:57]   已保存: 125-潮夢熊.png
[10:36:57]   No.126 metadata: title=溪花熊, series=水晶球占系列, personality=我於大地甦醒裡找到了美好！水庫大，珍惜每一個綻放的瞬間。
[10:36:57]   MiniMax 產生 prompt: 溪花熊
[10:37:13]   prompt: A delightfully expressive kawaii bear character with soft fur adorned with delicate flower petals and tiny blooming buds, gazing curiously into a magical floating crystal ball that swirls with ethereal light and visions of nature awakening. The bear stands on a mossy riverbank beside a serene reservoir reflecting the dawn sky, surrounded by wildflowers bursting into bloom from freshly awakened earth. Sparkling water droplets and golden sunlight create a dreamy atmosphere, while translucent magical particles float around the bear who wears a warm gentle smile of appreciation for the beautiful moments unfolding in nature's renewal, soft kawaii style, horizontal composition 16:9, high quality illustration, detailed fur texture
[10:37:13] MiniMax #5: 溪花熊 (表情包) [16:9]
[10:37:32]   已保存: 126-溪花熊.png
[10:37:32]   No.127 metadata: title=風露熊, series=希望之盾系列, personality=善於配合，喜歡水果沙拉甜。總是給身邊的人帶來幸福感。
[10:37:32]   MiniMax 產生 prompt: 風露熊
[10:37:41]   prompt: A cheerful 3D rendered bear character with soft cream-colored fur standing in a dreamy meadow filled with floating dewdrops that catch the morning sunlight, the little bear holds a colorful fruit salad bowl overflowing with fresh strawberries blueberries and grapes while gentle wind blows through wildflowers surrounding the character, magical sparkles and soft pastel lighting create a warm hopeful atmosphere with the bear wearing a small golden shield emblem on its chest symbolizing hope, soft volumetric lighting bathes the entire scene in warm golden hour tones making the character look absolutely adorable and heartwarming, soft kawaii style, horizontal composition 16:9, high quality illustration, detailed fur texture
[10:37:41] MiniMax #6: 風露熊 (3D) [16:9]
[10:37:59]   已保存: 127-風露熊.png
[10:37:59] 共生成 6 張圖片於 /home/fjj04/bears/2026-06-22
[10:37:59] 
--- 步驟 5: 更新熊熊博物館 ---
[10:37:59] 已複製: 122-夢風熊.png → /home/fjj04/my-bear-museum/bears/2026-06-22/122-夢風熊.png
[10:38:00]   已生成縮圖: bears/2026-06-22/thumbs/122-夢風熊-s.png, bears/2026-06-22/thumbs/122-夢風熊-m.png
[10:38:00] 已複製: 123-彩霞守護者.png → /home/fjj04/my-bear-museum/bears/2026-06-22/123-彩霞守護者.png
[10:38:00]   已生成縮圖: bears/2026-06-22/thumbs/123-彩霞守護者-s.png, bears/2026-06-22/thumbs/123-彩霞守護者-m.png
[10:38:00] 已複製: 124-晨曦使者.png → /home/fjj04/my-bear-museum/bears/2026-06-22/124-晨曦使者.png
[10:38:00]   已生成縮圖: bears/2026-06-22/thumbs/124-晨曦使者-s.png, bears/2026-06-22/thumbs/124-晨曦使者-m.png
[10:38:00] 已複製: 125-潮夢熊.png → /home/fjj04/my-bear-museum/bears/2026-06-22/125-潮夢熊.png
[10:38:00]   已生成縮圖: bears/2026-06-22/thumbs/125-潮夢熊-s.png, bears/2026-06-22/thumbs/125-潮夢熊-m.png
[10:38:00] 已複製: 126-溪花熊.png → /home/fjj04/my-bear-museum/bears/2026-06-22/126-溪花熊.png
[10:38:00]   已生成縮圖: bears/2026-06-22/thumbs/126-溪花熊-s.png, bears/2026-06-22/thumbs/126-溪花熊-m.png
[10:38:00] 已複製: 127-風露熊.png → /home/fjj04/my-bear-museum/bears/2026-06-22/127-風露熊.png
[10:38:00]   已生成縮圖: bears/2026-06-22/thumbs/127-風露熊-s.png, bears/2026-06-22/thumbs/127-風露熊-m.png
[10:38:00] 已更新 bears.json
[10:38:00] 新增 6 隻熊熊
[10:38:00] 
--- 步驟 6: Git Commit ---
[10:38:06] Git push 完成
[10:38:06] 
--- 步驟 7: 部署到 Cloudflare Pages ---
[10:38:55] 
===== 完成 =====
[10:38:55] 到 https://kumaweb.pages.dev 觀看結果
