[04:10:47] ===== 熊熊每日配送計畫 =====
[04:10:47] 今日日期: 2026-07-27
[04:10:47] 暫存目錄: /home/fjj04/bears/2026-07-27
[04:10:47] 目的目錄: /home/fjj04/my-bear-museum/bears/2026-07-27
[04:10:47] 
--- 步驟 1: 檢查系統狀態 ---
[04:10:47] ComfyUI: ✓ 在線
[04:10:47] 
--- 步驟 2: 取得熊熊名字和風格 ---
[04:10:47] 熊熊: ['暮風熊', '晨曦旅人', '露光熊', '丘夢熊', '白雲熊', '溪海熊']
[04:10:47] 風格: ['霓虹', '復古', '極簡', '抽象', '國畫', '粉彩']
[04:10:47] 
--- 步驟 3: 準備目錄 ---
[04:10:47] 
--- 步驟 4: 生成圖片 ---
[04:10:47] 配送計畫: ComfyUI 6 張 + MiniMax 0 張 （ComfyUI 在線）
[04:10:47]   No.332 metadata: title=暮風熊, series=魔法旅程系列, personality=今天發現了奇幻鑰匙，想分享給你！器量寬宏，是個夢幻的小精靈。
[04:10:47]   MiniMax 產生 prompt: 暮風熊
[04:11:08]   prompt: A majestic twilight purple and indigo bear with soft luminous fur stands in a breathtaking magical underground cave, having discovered a sparkling enchanted golden key floating between its gentle paws while its small loyal fabric doll companion clings to its side with wonder-filled eyes, the cave walls shimmer with intricate neon pink and cyan crystal formations that pulse with otherworldly light, bioluminescent mushrooms and floating magical particles illuminate the ancient stone passages in dreamy purple and electric blue hues, the bear turns its wise gentle face toward the viewer as if inviting them to share in this fantastical discovery, dramatic neon light rays pierce through the darkness creating a mystical atmosphere, the fabric doll reaches up to touch the glowing key as the bear carefully guides its tiny companion, magical adventure, ethereal glow, fantasy journey scene, soft kawaii style, horizontal composition 16:9, high quality illustration, detailed fur texture
[04:11:08] ComfyUI #1: 暮風熊 (霓虹) [1600x900]
[04:11:48]   已保存: 332-暮風熊.png
[04:11:48]   No.333 metadata: title=旅人, series=魔法鏡子系列, personality=我用復古風格描繪蜂蜜甜心！灑脫自在，快樂寶貝，總是給身邊的人帶來幸福感。
[04:11:48]   MiniMax 產生 prompt: 晨曦旅人
[04:12:08]   prompt: A charming vintage illustration depicting a joyful winter scene where a sweet honey-colored bear cub works together with a fluffy little dog and an adorable white rabbit to build a round snowman in a peaceful snowy meadow, the golden morning sunrise casting a warm pink and amber glow across the snow-covered landscape, soft dusted snowflakes gently falling from the pastel sky, the bear carefully placing a carrot nose on the snowman while the small dog playfully paws at the snow and the white rabbit hops around with a twig for the snowman's arms, vintage storybook aesthetic with muted warm tones, soft rounded shapes, and a nostalgic hand-painted feel, the three friends wearing colorful winter accessories like tiny scarves and mittens, scattered snowballs around them, distant pine trees dusted with snow in the background, magical golden hour lighting illuminating their happy faces as they share cheerful smiles, detailed vintage texture with subtle paper grain, whimsical and heartwarming atmosphere, soft kawaii style, horizontal composition 16:9, high quality illustration, detailed fur texture
[04:12:08] ComfyUI #2: 晨曦旅人 (復古) [1600x900]
[04:12:28]   已保存: 333-晨曦旅人.png
[04:12:28]   No.334 metadata: title=露光熊, series=奇幻鑰匙系列, personality=珍惜愛情，熱愛藍海溫柔。熱愛大自然的美好。
[04:12:28]   MiniMax 產生 prompt: 露光熊
[04:12:44]   prompt: A tender minimalist scene featuring a soft blue-furred bear with a gentle expression sitting on a weathered wooden dock at golden hour, watching the calm sapphire sea merge with a gradient sunset sky filled with pastel pink and lavender clouds, a single golden key floating mysteriously near the bear's outstretched paw radiating warm ethereal light particles, a tiny curious seahorse companion resting on the dock beside the bear while a small sea turtle paddles peacefully in the crystalline turquoise water below, delicate wildflowers and seashells scattered across the dock, soft bokeh lights resembling morning dew drops shimmering throughout the composition, clean negative space framing the peaceful romantic moment between old friends by the ocean, soft kawaii style, horizontal composition 16:9, high quality illustration, detailed fur texture
[04:12:44] ComfyUI #3: 露光熊 (極簡) [1600x900]
[04:13:04]   已保存: 334-露光熊.png
[04:13:04]   No.335 metadata: title=丘夢熊, series=愛心魔杖系列, personality=今天發現了溫暖王國，想分享給你！熱情積極，總是給身邊的人帶來幸福感。
[04:13:04]   MiniMax 產生 prompt: 丘夢熊
[04:13:24]   prompt: A warm honey-gold furred dream bear stands joyfully atop a gentle grassy hill in the magical Warm Kingdom, surrounded by flowing abstract shapes in sunset oranges, peachy pinks, and luminous golds that swirl and dance like solidified rays of happiness around them. A cheerful human girl wearing a bright red bow in her hair holds the bear's paw with a trusting smile, while a fluffy white duckling waddles contentedly between their feet, all three gazing at a glowing abstract horizon filled with floating heart shapes and luminous starburst patterns. Soft warm light bathes everything in a dreamy golden glow, with floating geometric curves and organic swirls connecting the characters symbolizing their deep bond of friendship and shared warmth, soft kawaii style, horizontal composition 16:9, high quality illustration, detailed fur texture
[04:13:24] ComfyUI #4: 丘夢熊 (抽象) [1600x900]
[04:13:44]   已保存: 335-丘夢熊.png
[04:13:44]   No.336 metadata: title=白雲熊, series=精靈羽毛系列, personality=今天發現了星光溫馨，想分享給你！慷慨活潑，珍惜每一個美好的瞬間。
[04:13:44]   MiniMax 產生 prompt: 白雲熊
[04:14:01]   prompt: A fluffy white bear with soft cloud-like fur discovers a hidden magical cave filled with bioluminescent crystals and delicate mushrooms that glow with soft blues and purples, warm golden starlight streams through cracks in the ancient stone ceiling creating a mystical atmosphere, the generous and lively bear holds an ethereal fairy feather gently while turning to share the wonder with a small teddy bear toy companion, delicate feathers drift through the air like snow, magical particles sparkle around them, Chinese traditional ink painting style with flowing brushstrokes, elegant ink wash gradients, minimalist composition, subtle gradations of light and shadow, capturing a precious moment of friendship and shared discovery in this enchanting underground sanctuary, soft kawaii style, horizontal composition 16:9, high quality illustration, detailed fur texture
[04:14:01] ComfyUI #5: 白雲熊 (國畫) [1600x900]
[04:14:21]   已保存: 336-白雲熊.png
[04:14:21]   No.337 metadata: title=溪海熊, series=夢境之門系列, personality=我用粉彩風格描繪精靈舞會！忠誠可靠，善於學習，是個夢幻的小精靈。
[04:14:21]   MiniMax 產生 prompt: 溪海熊
[04:14:43]   prompt: A dreamy pastel blue-teal bear with soft luminous fur and gentle sparkling eyes stands gracefully beside a magical moonlit stream where crystal-clear creek water meets the distant ocean, dressed in flowing robes embroidered with delicate seashells and glowing water lilies, while playful river otters and adorable glowing fireflies dance joyfully around in a whimsical outdoor fairy celebration, the entire fantastical scene bathed in dreamy pastel pink and lavender light with floating flower petals, sparkling water reflections, and a soft magical atmosphere where the loyal reliable little dream精灵 bear welcomes all the tiny magical creatures to join the enchanting elf ball party under a starry pastel twilight sky filled with gentle sparkling motes of light, soft kawaii style, horizontal composition 16:9, high quality illustration, detailed fur texture
[04:14:43] ComfyUI #6: 溪海熊 (粉彩) [1600x900]
[04:15:03]   已保存: 337-溪海熊.png
[04:15:03] 共生成 6 張圖片於 /home/fjj04/bears/2026-07-27
[04:15:03] 
--- 步驟 5: 更新熊熊博物館 ---
[04:15:03] 已複製: 332-暮風熊.png → /home/fjj04/my-bear-museum/bears/2026-07-27/332-暮風熊.png
[04:15:03]   已生成縮圖: bears/2026-07-27/thumbs/332-暮風熊-s.png, bears/2026-07-27/thumbs/332-暮風熊-m.png
[04:15:03] 已複製: 333-晨曦旅人.png → /home/fjj04/my-bear-museum/bears/2026-07-27/333-晨曦旅人.png
[04:15:03]   已生成縮圖: bears/2026-07-27/thumbs/333-晨曦旅人-s.png, bears/2026-07-27/thumbs/333-晨曦旅人-m.png
[04:15:03] 已複製: 334-露光熊.png → /home/fjj04/my-bear-museum/bears/2026-07-27/334-露光熊.png
[04:15:03]   已生成縮圖: bears/2026-07-27/thumbs/334-露光熊-s.png, bears/2026-07-27/thumbs/334-露光熊-m.png
[04:15:03] 已複製: 335-丘夢熊.png → /home/fjj04/my-bear-museum/bears/2026-07-27/335-丘夢熊.png
[04:15:03]   已生成縮圖: bears/2026-07-27/thumbs/335-丘夢熊-s.png, bears/2026-07-27/thumbs/335-丘夢熊-m.png
[04:15:03] 已複製: 336-白雲熊.png → /home/fjj04/my-bear-museum/bears/2026-07-27/336-白雲熊.png
[04:15:03]   已生成縮圖: bears/2026-07-27/thumbs/336-白雲熊-s.png, bears/2026-07-27/thumbs/336-白雲熊-m.png
[04:15:03] 已複製: 337-溪海熊.png → /home/fjj04/my-bear-museum/bears/2026-07-27/337-溪海熊.png
[04:15:03]   已生成縮圖: bears/2026-07-27/thumbs/337-溪海熊-s.png, bears/2026-07-27/thumbs/337-溪海熊-m.png
[04:15:03] 已更新 bears.json
[04:15:03] 新增 6 隻熊熊
[04:15:03] 
--- 步驟 6: Git Commit ---
[04:15:12] Git push 完成
[04:15:12] 
--- 步驟 7: 部署到 Cloudflare Pages ---
[04:15:30] 
===== 完成 =====
[04:15:30] 到 https://kumaweb.pages.dev 觀看結果
