[04:10:37] ===== 熊熊每日配送計畫 =====
[04:10:37] 今日日期: 2026-07-18
[04:10:37] 暫存目錄: /home/fjj04/bears/2026-07-18
[04:10:37] 目的目錄: /home/fjj04/my-bear-museum/bears/2026-07-18
[04:10:37] 
--- 步驟 1: 檢查系統狀態 ---
[04:10:37] ComfyUI: ✓ 在線
[04:10:37] 
--- 步驟 2: 取得熊熊名字和風格 ---
[04:10:37] 熊熊: ['流星使者', '魂海熊', '霧星熊', '白雲漫遊者', '星光公主', '銀河騎士']
[04:10:37] 風格: ['水墨暈染', '像素藝術', '表情包', '3D', '像素', '水彩']
[04:10:37] 
--- 步驟 3: 準備目錄 ---
[04:10:37] 
--- 步驟 4: 生成圖片 ---
[04:10:37] 配送計畫: ComfyUI 6 張 + MiniMax 0 張 （ComfyUI 在線）
[04:10:37]   No.278 metadata: title=使者, series=魔法城堡系列, personality=我於霞光燦爛中探險！夕照的，珍惜親情。
[04:10:37]   MiniMax 產生 prompt: 流星使者
[04:10:54]   prompt: A majestic teddy bear wearing flowing robes embroidered with constellation patterns stands proudly on an ancient stone balcony of a magnificent magical castle, gazing upward at a sky ablaze with brilliant sunset colors as shooting stars streak across the twilight heavens leaving luminous trails of gold and silver light, the warm evening glow casting dramatic silhouettes against the ornate Gothic architecture while billowing clouds of deep crimson and burnt orange blend seamlessly into indigo and violet in the traditional sumi-e ink wash painting style with soft bleeding edges and elegant brushstroke gradients, the atmospheric perspective creating layers of dreamy mist between distant towers, a small curious rabbit companion nestled contentedly against the bear's feet while two playful ducklings waddle nearby on the stone floor, all bathed in the precious golden light of dusk as the messenger bear extends one gentle paw toward the celestial display in a gesture of wonder and reverence for the cosmic beauty above, soft kawaii style, horizontal composition 16:9, high quality illustration, detailed fur texture
[04:10:54] ComfyUI #1: 流星使者 (水墨暈染) [1600x900]
[04:11:14]   已保存: 278-流星使者.png
[04:11:14]   No.279 metadata: title=魂海熊, series=精靈花園系列, personality=今天發現了花團錦簇，想分享給你！開朗明快，充滿好奇與勇氣。
[04:11:14]   MiniMax 產生 prompt: 魂海熊
[04:11:27]   prompt: In a sunlit fantasy flower meadow bursting with rainbow blossoms and floating spirit lights, a cheerful blue-purple pixel bear with bright curious eyes sits contentedly on a checkered picnic blanket, extending a delicate flower toward its beloved little white rabbit companion who hops excitedly nearby with ears perked forward, tiny sparkles and flower petals dancing in the warm golden breeze while magical glowing orbs float between the colorful blooms, creating an enchanting outdoor adventure scene where the brave and joyful bear shares nature's beauty with its best friend beneath a soft pastel sky, soft kawaii style, horizontal composition 16:9, high quality illustration, detailed fur texture
[04:11:27] ComfyUI #2: 魂海熊 (像素藝術) [1600x900]
[04:11:47]   已保存: 279-魂海熊.png
[04:11:47]   No.280 metadata: title=霧星熊, series=星辰精靈系列, personality=今天發現了風之物語，想分享給你！有愛心，充滿好奇與勇氣。
[04:11:47]   MiniMax 產生 prompt: 霧星熊
[04:12:02]   prompt: A magical misty gray bear with soft lavender accents and sparkly star patterns on its fur stands excitedly on a mountain peak during a starlit camping adventure, pointing toward the sky with joyful wonder while sharing the mysterious Wind's Tale it discovered, with an adorable white rabbit sitting beside a tiny glowing campfire and a small fabric doll with button eyes nestled in a cozy sleeping bag, the enchanting mountain landscape illuminated by countless twinkling stars in a deep indigo night sky, the bear's expressive emoji-like face showing pure excitement and courage as gentle magical wind swirls around the trio, capturing the loving spirit of discovery and friendship in a whimsical sticker-style cartoon with bold outlines and vibrant colors, soft kawaii style, horizontal composition 16:9, high quality illustration, detailed fur texture
[04:12:02] ComfyUI #3: 霧星熊 (表情包) [1600x900]
[04:12:22]   已保存: 280-霧星熊.png
[04:12:22]   No.281 metadata: title=漫遊者, series=奇遇記系列, personality=今天發現了精靈禮物，想分享給你！山稜線，珍惜每一個美好的瞬間。
[04:12:22]   MiniMax 產生 prompt: 白雲漫遊者
[04:12:35]   prompt: The white fluffy bear character stands on a grassy mountain meadow with majestic snow-capped peaks rising in the misty distance behind them, golden hour sunlight casting a warm ethereal glow across the landscape. The adorable white bear holds a bubble wand, gently blowing iridescent soap bubbles that float and sparkle in the magical air, while a small cute teddy bear toy sits beside them gazing up in wonder at the floating bubbles. The scene captures a moment of pure friendship and wonder, with tiny fairy lights and sparkles scattered among the bubbles suggesting the fairy gift the bear discovered, creating a dreamy and heartwarming atmosphere where two unlikely friends share the joy of simple pleasures against the breathtaking mountain ridge backdrop, soft kawaii style, horizontal composition 16:9, high quality illustration, detailed fur texture
[04:12:35] ComfyUI #4: 白雲漫遊者 (3D) [1600x900]
[04:12:55]   已保存: 281-白雲漫遊者.png
[04:12:55]   No.282 metadata: title=公主, series=精靈羽毛系列, personality=今天發現了流星雨降，想分享給你！浪漫開朗，熱愛大自然的美好。
[04:12:55]   MiniMax 產生 prompt: 星光公主
[04:13:06]   prompt: A charming pixel art scene at a cozy weekend market under a magical night sky with twinkling stars and a gentle meteor shower streaming across the deep blue-purple heavens, the starry princess bear stands joyfully at a festive stall decorated with glowing lanterns and sparkly crystals, wearing a beautiful princess dress with star patterns, her fluffy golden fur glowing warmly as she gestures excitedly toward the sky, a sweet human child in colorful autumn clothing holds a small basket of fresh berries and looks up in wonder, a fluffy little white rabbit sits peacefully on the stall counter wearing a tiny crown, around them the market glows with warm amber light from wooden stalls selling handmade crafts flowers and sweet treats, scattered star petals drift down from above like nature's confetti, creating a romantic and cheerful atmosphere full of friendship and wonder, soft kawaii style, horizontal composition 16:9, high quality illustration, detailed fur texture
[04:13:06] ComfyUI #5: 星光公主 (像素) [1600x900]
[04:13:26]   已保存: 282-星光公主.png
[04:13:26]   No.283 metadata: title=騎士, series=星光大道系列, personality=我於冬雪飄飄中玩耍！低調奢雅，海量汪涵。
[04:13:26]   MiniMax 產生 prompt: 銀河騎士
[04:13:41]   prompt: A graceful silver-furred bear knight stands regally in a softly falling winter snowscape, wearing elegant celestial armor that shimmers with galaxy patterns and starlight. The watercolor scene captures delicate snowflakes dancing around the bear while a friendly white rabbit and a small yellow duckling play at the bear's feet, their footprints creating tiny trails in the pristine snow. Behind the knight, a vast cosmic sky blends with the winter atmosphere, where soft aurora lights and distant stars emerge through the snowfall. The composition radiates quiet elegance and warmth, with the knight gently lowering a wing to shelter the small friends from a gentle snow breeze, conveying both the winter wonder and the bear's low-key luxurious charm. Soft watercolor washes in silver, pale blue, lavender, and warm gold tones create a dreamy, magical winter twilight ambiance, soft kawaii style, horizontal composition 16:9, high quality illustration, detailed fur texture
[04:13:41] ComfyUI #6: 銀河騎士 (水彩) [1600x900]
[04:14:02]   已保存: 283-銀河騎士.png
[04:14:02] 共生成 6 張圖片於 /home/fjj04/bears/2026-07-18
[04:14:02] 
--- 步驟 5: 更新熊熊博物館 ---
[04:14:02] 已複製: 278-流星使者.png → /home/fjj04/my-bear-museum/bears/2026-07-18/278-流星使者.png
[04:14:02]   已生成縮圖: bears/2026-07-18/thumbs/278-流星使者-s.png, bears/2026-07-18/thumbs/278-流星使者-m.png
[04:14:02] 已複製: 279-魂海熊.png → /home/fjj04/my-bear-museum/bears/2026-07-18/279-魂海熊.png
[04:14:02]   已生成縮圖: bears/2026-07-18/thumbs/279-魂海熊-s.png, bears/2026-07-18/thumbs/279-魂海熊-m.png
[04:14:02] 已複製: 280-霧星熊.png → /home/fjj04/my-bear-museum/bears/2026-07-18/280-霧星熊.png
[04:14:02]   已生成縮圖: bears/2026-07-18/thumbs/280-霧星熊-s.png, bears/2026-07-18/thumbs/280-霧星熊-m.png
[04:14:02] 已複製: 281-白雲漫遊者.png → /home/fjj04/my-bear-museum/bears/2026-07-18/281-白雲漫遊者.png
[04:14:02]   已生成縮圖: bears/2026-07-18/thumbs/281-白雲漫遊者-s.png, bears/2026-07-18/thumbs/281-白雲漫遊者-m.png
[04:14:02] 已複製: 282-星光公主.png → /home/fjj04/my-bear-museum/bears/2026-07-18/282-星光公主.png
[04:14:02]   已生成縮圖: bears/2026-07-18/thumbs/282-星光公主-s.png, bears/2026-07-18/thumbs/282-星光公主-m.png
[04:14:02] 已複製: 283-銀河騎士.png → /home/fjj04/my-bear-museum/bears/2026-07-18/283-銀河騎士.png
[04:14:02]   已生成縮圖: bears/2026-07-18/thumbs/283-銀河騎士-s.png, bears/2026-07-18/thumbs/283-銀河騎士-m.png
[04:14:02] 已更新 bears.json
[04:14:02] 新增 6 隻熊熊
[04:14:02] 
--- 步驟 6: Git Commit ---
[04:14:10] Git push 完成
[04:14:10] 
--- 步驟 7: 部署到 Cloudflare Pages ---
[04:14:25] 
===== 完成 =====
[04:14:25] 到 https://kumaweb.pages.dev 觀看結果
