[04:10:44] ===== 熊熊每日配送計畫 =====
[04:10:44] 今日日期: 2026-08-05
[04:10:44] 暫存目錄: /home/fjj04/bears/2026-08-05
[04:10:44] 目的目錄: /home/fjj04/my-bear-museum/bears/2026-08-05
[04:10:44] 
--- 步驟 1: 檢查系統狀態 ---
[04:10:44] ComfyUI: ✓ 在線
[04:10:44] 
--- 步驟 2: 取得熊熊名字和風格 ---
[04:10:44] 熊熊: ['暖陽旅人', '潮花熊', '虹花熊', '霧夢熊', '丘雲熊', '星光旅人']
[04:10:44] 風格: ['漫畫網點', '厚塗', '水墨暈染', '像素藝術', '表情包', '拜占庭馬賽克']
[04:10:44] 
--- 步驟 3: 準備目錄 ---
[04:10:44] 
--- 步驟 4: 生成圖片 ---
[04:10:44] 配送計畫: ComfyUI 6 張 + MiniMax 0 張 （ComfyUI 在線）
[04:10:44]   No.393 metadata: title=旅人, series=勇氣之劍系列, personality=意氣昂揚，熱愛晨露晶瑩。是個夢幻的小精靈。, conditions={'emotion': {'zh': '害羞微笑', 'en': 'smiling shyly'}}
[04:10:44]   MiniMax 產生 prompt: 暖陽旅人
[04:11:01]   prompt: A cheerful kawaii teddy bear character with warm honey-brown fur stands on a sun-dappled grassy meadow at golden morning, surrounded by sparkling crystal morning dew drops that shimmer like tiny diamonds, wearing a tiny adventurer backpack and a shy smile while gently kicking a colorful soccer ball toward a cute human child companion and a fluffy white rabbit friend who playfully chase after it, the bear's ears slightly lowered in endearing shyness as warm sunlight bathes the scene in a magical golden glow, rendered in comic halftone dot screen technique with bold black ink outlines and traditional manga screen tone patterns that create textured shading across the fur and background, capturing the spirit of a dreamy little forest creature filled with youthful energy and gentle courage, the three friends laughing together in perfect harmony as dewdrops catch the first rays of dawn light, soft kawaii style, horizontal composition 16:9, high quality illustration, detailed fur texture
[04:11:01] ComfyUI #1: 暖陽旅人 (漫畫網點) [1600x900]
[04:11:21]   已保存: 393-暖陽旅人.png
[04:11:21]   No.394 metadata: title=潮花熊, series=月光精靈系列, personality=我用厚塗風格描繪抹茶紅豆！天真善良，純真單純，總是給身邊的人帶來幸福感。, conditions={'emotion': {'zh': '害羞微笑', 'en': 'smiling shyly'}}
[04:11:21]   MiniMax 產生 prompt: 潮花熊
[04:11:36]   prompt: A charming matcha-colored bear with soft red bean patterned accents on its rounded body stands bashfully in a moonlit flower garden, one paw gently raised near its rosy cheek as a shy smile graces its gentle face, blushing slightly with innocent warmth, accompanied by a tiny yellow duckling friend nestled in the flowers beside it, the two sharing a tender moment under the soft glow of pale moonlight filtering through the dreamy blossoms, surrounded by gently swaying wildflowers and floating luminescent petals that drift like fairy dust through the night air, painted in rich thick impasto brushstrokes that give the fur and petals a soft three-dimensional texture, with magical starlight and subtle sparkle effects illuminating the peaceful scene in warm and cool tones blending harmoniously together, soft kawaii style, horizontal composition 16:9, high quality illustration, detailed fur texture
[04:11:36] ComfyUI #2: 潮花熊 (厚塗) [1600x900]
[04:11:56]   已保存: 394-潮花熊.png
[04:11:56]   No.395 metadata: title=虹花熊, series=小仙子系列, personality=我在星星王國中探險！開朗開闊，光彩照人。, conditions={'weather': {'zh': '彩虹出現', 'en': 'under a brilliant rainbow'}, 'time_of_day': {'zh': '正午', 'en': 'at bright noon'}}
[04:11:56]   MiniMax 產生 prompt: 虹花熊
[04:12:13]   prompt: A majestic bear with luminous rainbow-gradient fur adorned with delicate floral patterns stands joyfully beneath a magnificent rainbow arching across a brilliant noon sky, the Star Kingdom's ethereal palace shimmering in the golden background, soft ink wash diffusion technique creating dreamy bleeding edges where celestial light meets traditional brushwork, tiny glowing fairy companions swirl and dance around the radiant bear as she spreads her arms wide in cheerful wonder, her sparkling eyes and warm smile capturing the open-minded adventurous spirit, magical stardust particles floating through the air like tiny diamonds catching the midday sun, the entire scene rendered in elegant Chinese ink wash painting style with flowing gradients and ethereal atmosphere, soft kawaii style, horizontal composition 16:9, high quality illustration, detailed fur texture
[04:12:13] ComfyUI #3: 虹花熊 (水墨暈染) [1600x900]
[04:12:33]   已保存: 395-虹花熊.png
[04:12:33]   No.396 metadata: title=霧夢熊, series=時光旅人系列, personality=我於精靈舞會裡找到了美好！夕照的，熱愛探索未知。, conditions={'time_of_day': {'zh': '月夜', 'en': 'under the glowing full moon'}, 'holiday': {'zh': '情人節', 'en': "on Valentine's Day"}}
[04:12:33]   MiniMax 產生 prompt: 霧夢熊
[04:12:51]   prompt: In a dreamy pixel art scene, a sunset-colored bear with soft warm fur sits contentedly beside a small fluffy dog inside a vintage train carriage, gazing out the window at the moonlit countryside bathed in silvery glow while rolling green hills and twinkling stars drift past, the interior illuminated by romantic candlelight and small heart decorations for Valentine's Day, the bear's eyes reflecting wonder and joy as they explore this magical nighttime journey together through the peaceful landscape beneath the glowing full moon, soft kawaii style, horizontal composition 16:9, high quality illustration, detailed fur texture
[04:12:51] ComfyUI #4: 霧夢熊 (像素藝術) [1600x900]
[04:13:11]   已保存: 396-霧夢熊.png
[04:13:11]   No.397 metadata: title=丘雲熊, series=棉花糖王國系列, personality=我在花語呢喃裡找到了美好！有毅力，熱愛探索未知。, conditions={'holiday': {'zh': '萬聖節', 'en': 'in Halloween costume'}}
[04:13:11]   MiniMax 產生 prompt: 丘雲熊
[04:13:24]   prompt: A fluffy cream-colored cloud bear wearing a cute jack-o-lantern costume sits by the window of a vintage wooden train, gazing excitedly at the golden autumn countryside rolling by. A small teddy bear toy friend sits beside the bear on the plush seat, wearing a tiny witch hat, both characters smiling with wide curious eyes. Autumn leaves in orange, red, and yellow drift past the window as the train passes through a magical forest. Soft glowing lantern lights illuminate the cozy train interior, with small spider web decorations and candy props adding Halloween charm. The scene has warm lighting and a whimsical storybook quality, capturing the joy of friendship and adventure, soft kawaii style, horizontal composition 16:9, high quality illustration, detailed fur texture
[04:13:24] ComfyUI #5: 丘雲熊 (表情包) [1600x900]
[04:13:44]   已保存: 397-丘雲熊.png
[04:13:44]   No.398 metadata: title=旅人, series=智慧之書系列, personality=我在花語祝福中玩耍！感性開朗，陽光精靈。, conditions={'holiday': {'zh': '聖誕節', 'en': 'on Christmas with gifts and tree'}, 'emotion': {'zh': '沉思安靜', 'en': 'in thoughtful silence'}}
[04:13:44]   MiniMax 產生 prompt: 星光旅人
[04:14:04]   prompt: A small celestial bear with luminous silver-white fur and soft golden starlight scattered across its body stands in contemplative silence before a magnificent Christmas tree decorated with glowing golden ornaments, ruby red berries, and flickering candles, the bear gently holding a small wrapped gift in its paws while gazing upward with a peaceful thoughtful expression, surrounded by scattered presents and gentle snowfall visible through ornate Byzantine mosaic windows, the entire scene rendered in rich Byzantine mosaic style with small tessera tile pieces forming intricate patterns, a grand golden mosaic background adorned with celestial symbols and ornate geometric borders, the bear illuminated by warm candlelight casting soft amber and sapphire blue shadows, a small teddy bear friend sits quietly beside the traveler bear adding warmth to the intimate moment, the mosaic tiles creating a dazzling interplay of emerald, sapphire, and ruby tones against brilliant gold leaf background, capturing a serene winter Christmas eve atmosphere filled with quiet wonder and gentle holiday magic, soft kawaii style, horizontal composition 16:9, high quality illustration, detailed fur texture
[04:14:04] ComfyUI #6: 星光旅人 (拜占庭馬賽克) [1600x900]
[04:14:29]   已保存: 398-星光旅人.png
[04:14:29] 共生成 6 張圖片於 /home/fjj04/bears/2026-08-05
[04:14:29] 
--- 步驟 5: 更新熊熊博物館 ---
[04:14:29] 已複製: 393-暖陽旅人.png → /home/fjj04/my-bear-museum/bears/2026-08-05/393-暖陽旅人.png
[04:14:29]   已生成縮圖: bears/2026-08-05/thumbs/393-暖陽旅人-s.png, bears/2026-08-05/thumbs/393-暖陽旅人-m.png
[04:14:29] 已複製: 394-潮花熊.png → /home/fjj04/my-bear-museum/bears/2026-08-05/394-潮花熊.png
[04:14:29]   已生成縮圖: bears/2026-08-05/thumbs/394-潮花熊-s.png, bears/2026-08-05/thumbs/394-潮花熊-m.png
[04:14:29] 已複製: 395-虹花熊.png → /home/fjj04/my-bear-museum/bears/2026-08-05/395-虹花熊.png
[04:14:30]   已生成縮圖: bears/2026-08-05/thumbs/395-虹花熊-s.png, bears/2026-08-05/thumbs/395-虹花熊-m.png
[04:14:30] 已複製: 396-霧夢熊.png → /home/fjj04/my-bear-museum/bears/2026-08-05/396-霧夢熊.png
[04:14:30]   已生成縮圖: bears/2026-08-05/thumbs/396-霧夢熊-s.png, bears/2026-08-05/thumbs/396-霧夢熊-m.png
[04:14:30] 已複製: 397-丘雲熊.png → /home/fjj04/my-bear-museum/bears/2026-08-05/397-丘雲熊.png
[04:14:30]   已生成縮圖: bears/2026-08-05/thumbs/397-丘雲熊-s.png, bears/2026-08-05/thumbs/397-丘雲熊-m.png
[04:14:30] 已複製: 398-星光旅人.png → /home/fjj04/my-bear-museum/bears/2026-08-05/398-星光旅人.png
[04:14:30]   已生成縮圖: bears/2026-08-05/thumbs/398-星光旅人-s.png, bears/2026-08-05/thumbs/398-星光旅人-m.png
[04:14:30] 已更新 bears.json
[04:14:30] 新增 6 隻熊熊
[04:14:30] 
--- 步驟 6: Git Commit ---
[04:14:39] Git push 完成
[04:14:39] 
--- 步驟 7: 部署到 Cloudflare Pages ---
[04:14:55] 
===== 完成 =====
[04:14:55] 到 https://kumaweb.pages.dev 觀看結果
