[04:10:11] ===== 熊熊每日配送計畫 =====
[04:10:11] 今日日期: 2026-07-28
[04:10:11] 暫存目錄: /home/fjj04/bears/2026-07-28
[04:10:11] 目的目錄: /home/fjj04/my-bear-museum/bears/2026-07-28
[04:10:11] 
--- 步驟 1: 檢查系統狀態 ---
[04:10:11] ComfyUI: ✓ 在線
[04:10:11] 
--- 步驟 2: 取得熊熊名字和風格 ---
[04:10:11] 熊熊: ['心月熊', '彩霞嚮導', '彩霞冒險家', '白雲守護神', '魄月熊', '暖陽收藏家']
[04:10:11] 風格: ['蒸汽朋克', '黏土', '水彩暈染', '紙雕', '織品', '玻璃馬賽克']
[04:10:11] 
--- 步驟 3: 準備目錄 ---
[04:10:11] 
--- 步驟 4: 生成圖片 ---
[04:10:11] 配送計畫: ComfyUI 6 張 + MiniMax 0 張 （ComfyUI 在線）
[04:10:11]   No.338 metadata: title=心月熊, series=魔法王國系列, personality=我用蒸汽朋克風格描繪露珠晨夢！香噴噴，開朗陽光，總是給身邊的人帶來幸福感。
[04:10:11]   MiniMax 產生 prompt: 心月熊
[04:10:22]   prompt: A charming teddy bear with soft heart-shaped ears and a crescent moon emblem on its chest stands in a sunlit meadow filled with wildflowers, wearing a Victorian steampunk outfit with polished brass gears, copper pipes, and a small top hat adorned with clockwork decorations, while steam gently rises from a brass kettle beside a red checkered picnic blanket where the bear sits alongside a smiling human child in a cute dress, a fluffy orange kitten batting at a small wind-up toy, and a fluffy yellow duckling pecking at bread crumbs, the magical scene bathed in warm golden hour sunlight filtering through the flower stems with iridescent dragonflies hovering nearby and delicate mechanical butterflies with bronze wings fluttering around the happy group celebrating the joy of friendship and morning dreams, soft kawaii style, horizontal composition 16:9, high quality illustration, detailed fur texture
[04:10:22] ComfyUI #1: 心月熊 (蒸汽朋克) [1600x900]
[04:10:42]   已保存: 338-心月熊.png
[04:10:42]   No.339 metadata: title=嚮導, series=童話冒險系列, personality=我在星夜沉思裡找到了美好！機智聰明，熱愛探索未知。
[04:10:42]   MiniMax 產生 prompt: 彩霞嚮導
[04:10:55]   prompt: A charming claymation scene set high in a misty mountain range where a wise little bear with warm honey-colored fur wearing a cozy explorer vest sits beside a small campfire, gazing up at a magnificent starry sky with a small fluffy cream-colored dog nestled happily beside them, the bear gesturing toward constellations while the dog tilts its head with curiosity, scattered camping supplies and a tiny tent visible nearby, stars twinkling with soft magical glow illuminating the rocky peaks, soft purple and orange twilight hues blending with deep blue night sky in the background, whimsical clay texture with smooth rounded shapes, heartwarming friendship captured in this fairy tale adventure moment, soft kawaii style, horizontal composition 16:9, high quality illustration, detailed fur texture
[04:10:55] ComfyUI #2: 彩霞嚮導 (黏土) [1600x900]
[04:11:20]   已保存: 339-彩霞嚮導.png
[04:11:20]   No.340 metadata: title=冒險家, series=水晶宮殿系列, personality=我用水彩暈染風格描繪花中皇后！柔美動人，喜歡做夢，總是給身邊的人帶來幸福感。
[04:11:20]   MiniMax 產生 prompt: 彩霞冒險家
[04:11:35]   prompt: A dreamy rainbow-furred bear adventurer with soft pastel fur in watercolor bleeding style stands beneath a canopy of blooming cherry blossoms, her colorful fur tones blending seamlessly into the delicate pink petals floating gently in the breeze. Beside her, a cheerful human child reaches up to catch falling blossoms while a small white rabbit hops happily among the grass, all bathed in magical soft golden sunlight filtering through the crystal-clear spring sky. The entire scene has an ethereal, storybook quality with flowing pigment edges and gentle color washes creating a sense of warmth and wonder, capturing the tender moment of friendship and adventure in full bloom, soft kawaii style, horizontal composition 16:9, high quality illustration, detailed fur texture
[04:11:35] ComfyUI #3: 彩霞冒險家 (水彩暈染) [1600x900]
[04:11:55]   已保存: 340-彩霞冒險家.png
[04:11:55]   No.341 metadata: title=守護神, series=彩虹糖果系列, personality=創意無限，熱愛時光寶盒。是個夢幻的小精靈。
[04:11:55]   MiniMax 產生 prompt: 白雲守護神
[04:12:08]   prompt: A magnificent white paper-cut sculpture of a dreamy guardian fairy bear floating gracefully among soft billowing clouds at golden sunset, wearing a delicate crown woven from rainbow candy ribbons, holding a shimmering time treasure box that radiates warm golden light with tiny glowing hourglasses floating around it, accompanied by two small adorable cloud spirit friends and a tiny pastel-colored fairy doll companion who playfully tugs at the guardian's magical cape, intricate layered paper-cut design with delicate lace-like patterns, soft pastel rainbow gradients blending into the warm sky, ethereal volumetric lighting filtering through the paper layers creating beautiful shadows and highlights, enchanting and whimsical atmosphere, fantasy magical realm, detailed paper sculpture art style with visible cut lines and embossed textures, soft kawaii style, horizontal composition 16:9, high quality illustration, detailed fur texture
[04:12:08] ComfyUI #4: 白雲守護神 (紙雕) [1600x900]
[04:12:28]   已保存: 341-白雲守護神.png
[04:12:28]   No.342 metadata: title=魄月熊, series=星星碎片系列, personality=我用織品風格描繪星光如鑽！低調奢華，浪漫癡情，珍惜每一個美好的瞬間。
[04:12:28]   MiniMax 產生 prompt: 魄月熊
[04:12:46]   prompt: The Soul Moon Bear sits gracefully on an embroidered blanket spread across a lush flower meadow bursting with colorful wildflowers in soft pastels, a small vintage teddy bear companion nestled beside a wicker picnic basket filled with delicate treats and crystal glasses, the bear's luxurious dark fur with silvery moonlit highlights gleaming in the magical atmosphere while diamond-like starlight fragments float gently through the air creating a sparkling canopy above the romantic scene, delicate textile art style rendered with intricate fabric textures visible in every element from the embroidered flower petals to the woven grass beneath their paws, the two friends sharing a quiet precious moment together under the soft glow of moonlight and scattered stardust, low-key luxury details of satin ribbons adorning the basket and pearl-like dew drops glittering on petals, romantic and dreamy atmosphere celebrating the beauty of friendship and cherished moments, soft kawaii style, horizontal composition 16:9, high quality illustration, detailed fur texture
[04:12:46] ComfyUI #5: 魄月熊 (織品) [1600x900]
[04:13:07]   已保存: 342-魄月熊.png
[04:13:07]   No.343 metadata: title=收藏家, series=彩虹泡泡系列, personality=今天發現了櫻花飄落，想分享給你！浪漫感性，總是給身邊的人帶來幸福感。
[04:13:07]   MiniMax 產生 prompt: 暖陽收藏家
[04:13:29]   prompt: A golden-furred teddy bear with warm amber fur and a gentle tender expression stands beneath a blooming cherry blossom tree, catching delicate pink petals in its soft paws while a stream of sparkling rainbow bubbles floats gently around it in the warm sunlight, the entire scene rendered in beautiful glass mosaic tiles that create a luminous stained-glass effect with rich amber honey rose quartz and soft coral tones, a small cream-colored rabbit sits happily beside the bear reaching up to touch the floating bubbles with tiny paws, countless cherry blossom petals drift lazily through the warm golden air creating a romantic dreamy atmosphere that fills everyone nearby with happiness, the magical glass mosaic art style scatters prismatic light throughout the composition like precious collected memories, soft magical golden hour lighting bathes the entire tender moment in warmth and wonder, soft kawaii style, horizontal composition 16:9, high quality illustration, detailed fur texture
[04:13:29] ComfyUI #6: 暖陽收藏家 (玻璃馬賽克) [1600x900]
[04:13:49]   已保存: 343-暖陽收藏家.png
[04:13:49] 共生成 6 張圖片於 /home/fjj04/bears/2026-07-28
[04:13:49] 
--- 步驟 5: 更新熊熊博物館 ---
[04:13:49] 已複製: 338-心月熊.png → /home/fjj04/my-bear-museum/bears/2026-07-28/338-心月熊.png
[04:13:49]   已生成縮圖: bears/2026-07-28/thumbs/338-心月熊-s.png, bears/2026-07-28/thumbs/338-心月熊-m.png
[04:13:49] 已複製: 339-彩霞嚮導.png → /home/fjj04/my-bear-museum/bears/2026-07-28/339-彩霞嚮導.png
[04:13:49]   已生成縮圖: bears/2026-07-28/thumbs/339-彩霞嚮導-s.png, bears/2026-07-28/thumbs/339-彩霞嚮導-m.png
[04:13:49] 已複製: 340-彩霞冒險家.png → /home/fjj04/my-bear-museum/bears/2026-07-28/340-彩霞冒險家.png
[04:13:49]   已生成縮圖: bears/2026-07-28/thumbs/340-彩霞冒險家-s.png, bears/2026-07-28/thumbs/340-彩霞冒險家-m.png
[04:13:49] 已複製: 341-白雲守護神.png → /home/fjj04/my-bear-museum/bears/2026-07-28/341-白雲守護神.png
[04:13:49]   已生成縮圖: bears/2026-07-28/thumbs/341-白雲守護神-s.png, bears/2026-07-28/thumbs/341-白雲守護神-m.png
[04:13:49] 已複製: 342-魄月熊.png → /home/fjj04/my-bear-museum/bears/2026-07-28/342-魄月熊.png
[04:13:49]   已生成縮圖: bears/2026-07-28/thumbs/342-魄月熊-s.png, bears/2026-07-28/thumbs/342-魄月熊-m.png
[04:13:49] 已複製: 343-暖陽收藏家.png → /home/fjj04/my-bear-museum/bears/2026-07-28/343-暖陽收藏家.png
[04:13:49]   已生成縮圖: bears/2026-07-28/thumbs/343-暖陽收藏家-s.png, bears/2026-07-28/thumbs/343-暖陽收藏家-m.png
[04:13:49] 已更新 bears.json
[04:13:49] 新增 6 隻熊熊
[04:13:49] 
--- 步驟 6: Git Commit ---
[04:14:01] Git push 完成
[04:14:01] 
--- 步驟 7: 部署到 Cloudflare Pages ---
[04:14:17] 
===== 完成 =====
[04:14:17] 到 https://kumaweb.pages.dev 觀看結果
