[04:10:18] ===== 熊熊每日配送計畫 =====
[04:10:18] 今日日期: 2026-07-14
[04:10:18] 暫存目錄: /home/fjj04/bears/2026-07-14
[04:10:18] 目的目錄: /home/fjj04/my-bear-museum/bears/2026-07-14
[04:10:18] 
--- 步驟 1: 檢查系統狀態 ---
[04:10:18] ComfyUI: ✓ 在線
[04:10:18] 
--- 步驟 2: 取得熊熊名字和風格 ---
[04:10:18] 熊熊: ['雲露熊', '月影仙子', '翠綠精靈', '暖陽踏星者', '嵐花熊', '霞星熊']
[04:10:18] 風格: ['漫畫', '素描', '霓虹', '復古', '極簡', '抽象']
[04:10:18] 
--- 步驟 3: 準備目錄 ---
[04:10:18] 
--- 步驟 4: 生成圖片 ---
[04:10:18] 配送計畫: ComfyUI 6 張 + MiniMax 0 張 （ComfyUI 在線）
[04:10:18]   No.254 metadata: title=雲露熊, series=夢幻泡泡系列, personality=勇敢堅強，喜歡海底世界。總是給身邊的人帶來幸福感。
[04:10:18]   MiniMax 產生 prompt: 雲露熊
[04:10:43]   MiniMax prompt 不完整 (finish=length, len=0): ''，重試一次
[04:11:27]   MiniMax prompt 生成失敗: prompt 仍不完整 (finish=length, len=0): ''，使用 fallback
[04:11:27]   prompt (fallback): A cute adorable bear character, 雲露熊, inspired by 夢幻泡泡系列, 勇敢堅強，喜歡海底世界。總是給身邊的人帶來幸福感。, 漫畫 art style, dreamy atmosphere, soft kawaii style, horizontal composition 16:9, high quality illustration, detailed fur texture
[04:11:27] ComfyUI #1: 雲露熊 (漫畫) [1600x900]
[04:11:47]   已保存: 254-雲露熊.png
[04:11:47]   No.255 metadata: title=仙子, series=彩虹盡頭系列, personality=低調沉穩，喜歡白雲如絮。充滿好奇與勇氣。
[04:11:47]   MiniMax 產生 prompt: 月影仙子
[04:12:00]   prompt: A mystical kawaii bear character with soft gray-blue fur that shimmers with moonlit highlights, sitting gracefully among billowing cotton-like white clouds in an ethereal dreamscape. The sketch art style captures delicate pencil strokes with subtle cross-hatching creating depth and dimension. Wisps of silver moonlight cascade through the scene while soft rainbow gradients glow on the horizon, suggesting the legendary rainbow's end. The bear's gentle expression reflects quiet composure and inner curiosity, with one paw reaching thoughtfully toward a drifting cloud. Hints of stardust and celestial sparkles add a magical quality to this enchanting moment beyond the rainbow, soft kawaii style, horizontal composition 16:9, high quality illustration, detailed fur texture
[04:12:00] ComfyUI #2: 月影仙子 (素描) [1600x900]
[04:12:20]   已保存: 255-月影仙子.png
[04:12:20]   No.256 metadata: title=精靈, series=精靈花園系列, personality=今天發現了星光燦若，想分享給你！畫筆的，充滿好奇與勇氣。
[04:12:20]   MiniMax 產生 prompt: 翠綠精靈
[04:12:45]   MiniMax prompt 不完整 (finish=length, len=0): ''，重試一次
[04:13:00]   prompt: A magical kawaii bear character with soft emerald green fur stands in an enchanted garden illuminated by vibrant neon lights, surrounded by glowing flowers and luminescent butterflies, the night sky filled with brilliant cascading stars and aurora-like streaks of light, the bear has wide curious eyes sparkling with wonder and bravery, wearing delicate flower accessories woven into its fur, the scene rendered in stunning neon artistry with electric blues, magentas, and emerald greens creating a dreamlike atmosphere where starlight reflects off dewy petals and soft glowing orbs float through the air, capturing a moment of magical discovery and joyful sharing, the bear reaches up toward a particularly bright constellation as if wanting to show this celestial treasure to someone special, tiny sparkles scattered throughout the composition adding whimsy and delight to this fantasy spirit garden scene, soft kawaii style, horizontal composition 16:9, high quality illustration, detailed fur texture
[04:13:00] ComfyUI #3: 翠綠精靈 (霓虹) [1600x900]
[04:13:20]   已保存: 256-翠綠精靈.png
[04:13:20]   No.257 metadata: title=踏星者, series=彩虹王國系列, personality=熱情善良，熱愛晨曦微光。總是給身邊的人帶來幸福感。
[04:13:20]   MiniMax 產生 prompt: 暖陽踏星者
[04:13:34]   prompt: A charming vintage storybook illustration featuring an adorable teddy bear with soft golden honey-colored fur and warm amber highlights, standing joyfully on a magical path that winds through a dreamlike rainbow kingdom as the first golden rays of dawn break over the horizon, casting a beautiful warm glow across rolling pastel hills dotted with sparkling morning dew, delicate stars still visible in the soft gradient sky transitioning from deep twilight blue to gentle peachy orange, the little bear's eyes filled with kindness and wonder as a radiant smile lights up its friendly face, surrounded by floating luminous particles and magical sparkles that drift lazily through the crisp morning air, wearing a cozy small scarf that flutters gently in the fresh breeze, vintage-inspired soft textures and warm color palette reminiscent of classic children's book illustrations from the mid-20th century, with rich layering of warm ochre and copper tones creating depth and nostalgic atmosphere, soft kawaii style, horizontal composition 16:9, high quality illustration, detailed fur texture
[04:13:34] ComfyUI #4: 暖陽踏星者 (復古) [1600x900]
[04:13:54]   已保存: 257-暖陽踏星者.png
[04:13:54]   No.258 metadata: title=嵐花熊, series=精靈傳說系列, personality=我用極簡風格描繪精靈王國！晨曦大道的，謙虛可親，充滿好奇與勇氣。
[04:13:54]   MiniMax 產生 prompt: 嵐花熊
[04:14:06]   prompt: A gentle cream-colored bear cub stands on an ancient moss-covered stone path winding through a mystical elven kingdom, where towering crystalline trees with soft glowing leaves frame the entrance to an ethereal village in the distance, bathed in the warm golden glow of early morning dawn light filtering through delicate mist, while tiny luminous particles drift lazily through the crisp air, creating a serene atmosphere of quiet magic and wonder, the minimalist composition featuring simple flowing lines and soft gradients emphasizes the bear's humble posture with perked ears showing curious alertness, surrounded by tiny glowing wildflowers dotting the verdant path leading toward a grand elven archway carved with intricate runes that shimmer faintly in the ethereal light of the awakening forest, capturing the spirit of courage and gentle discovery in this enchanted realm of timeless beauty, soft kawaii style, horizontal composition 16:9, high quality illustration, detailed fur texture
[04:14:06] ComfyUI #5: 嵐花熊 (極簡) [1600x900]
[04:14:26]   已保存: 258-嵐花熊.png
[04:14:26]   No.259 metadata: title=霞星熊, series=夢幻王國系列, personality=今天發現了風輕雲淡，想分享給你！創意獨特，熱愛大自然的美好。
[04:14:26]   MiniMax 產生 prompt: 霞星熊
[04:14:38]   prompt: An ethereal bear creature emerges from cascading layers of sunset rose and amber, its form dissolving into flowing geometric shapes and swirling celestial patterns that drift like gentle clouds across a dreamscape, stars begin to awaken within its fur as twilight descends, the abstract composition captures moments of light breeze and floating wisps of cloud, blending organic curves with sharp angular fragments in harmonious balance, warm golden light bathes the scene while deep purples and soft pinks create a magical twilight atmosphere, delicate translucent layers overlap to suggest layers of atmosphere and wonder, the bear appears to be offering or presenting this beautiful natural moment to the viewer, inviting them into its dreamy kingdom where nature's quiet elegance transforms into timeless abstract art, soft kawaii style, horizontal composition 16:9, high quality illustration, detailed fur texture
[04:14:38] ComfyUI #6: 霞星熊 (抽象) [1600x900]
[04:14:58]   已保存: 259-霞星熊.png
[04:14:58] 共生成 6 張圖片於 /home/fjj04/bears/2026-07-14
[04:14:58] 
--- 步驟 5: 更新熊熊博物館 ---
[04:14:58] 已複製: 254-雲露熊.png → /home/fjj04/my-bear-museum/bears/2026-07-14/254-雲露熊.png
[04:14:58]   已生成縮圖: bears/2026-07-14/thumbs/254-雲露熊-s.png, bears/2026-07-14/thumbs/254-雲露熊-m.png
[04:14:58] 已複製: 255-月影仙子.png → /home/fjj04/my-bear-museum/bears/2026-07-14/255-月影仙子.png
[04:14:58]   已生成縮圖: bears/2026-07-14/thumbs/255-月影仙子-s.png, bears/2026-07-14/thumbs/255-月影仙子-m.png
[04:14:58] 已複製: 256-翠綠精靈.png → /home/fjj04/my-bear-museum/bears/2026-07-14/256-翠綠精靈.png
[04:14:58]   已生成縮圖: bears/2026-07-14/thumbs/256-翠綠精靈-s.png, bears/2026-07-14/thumbs/256-翠綠精靈-m.png
[04:14:58] 已複製: 257-暖陽踏星者.png → /home/fjj04/my-bear-museum/bears/2026-07-14/257-暖陽踏星者.png
[04:14:59]   已生成縮圖: bears/2026-07-14/thumbs/257-暖陽踏星者-s.png, bears/2026-07-14/thumbs/257-暖陽踏星者-m.png
[04:14:59] 已複製: 258-嵐花熊.png → /home/fjj04/my-bear-museum/bears/2026-07-14/258-嵐花熊.png
[04:14:59]   已生成縮圖: bears/2026-07-14/thumbs/258-嵐花熊-s.png, bears/2026-07-14/thumbs/258-嵐花熊-m.png
[04:14:59] 已複製: 259-霞星熊.png → /home/fjj04/my-bear-museum/bears/2026-07-14/259-霞星熊.png
[04:14:59]   已生成縮圖: bears/2026-07-14/thumbs/259-霞星熊-s.png, bears/2026-07-14/thumbs/259-霞星熊-m.png
[04:14:59] 已更新 bears.json
[04:14:59] 新增 6 隻熊熊
[04:14:59] 
--- 步驟 6: Git Commit ---
[04:15:07] Git push 完成
[04:15:07] 
--- 步驟 7: 部署到 Cloudflare Pages ---
[04:15:23] 
===== 完成 =====
[04:15:23] 到 https://kumaweb.pages.dev 觀看結果
[10:10:40] ===== 熊熊每日配送計畫 =====
[10:10:40] 模式: step2
[10:10:40] 今日日期: 2026-07-14
[10:10:40] 暫存目錄: /home/fjj04/bears/2026-07-14
[10:10:40] 目的目錄: /home/fjj04/my-bear-museum/bears/2026-07-14
[10:10:40] 
--- 步驟 1: 檢查系統狀態 ---
[10:10:40] ComfyUI: ✓ 在線
[10:10:40] 
--- 步驟 2: 取得熊熊名字和風格 ---
[10:10:40] 風格輪流 index: 16
[10:10:40] 配送隻數: ComfyUI 1 + MiniMax 1 = 2
[10:10:40] 熊熊 (2): ['海洋熊', '星光拾夢者']
[10:10:40] 風格 (2): ['國畫', '粉彩']
[10:10:40]   #1 [ComfyUI]: 海洋熊 / 國畫
[10:10:40]   #2 [MiniMax]: 星光拾夢者 / 粉彩
[10:10:40] 
[step2] 預覽完成，未生圖、未更新詞彙輪流
[10:22:38] ===== 熊熊每日配送計畫 =====
[10:22:38] 模式: step4
[10:22:38] 今日日期: 2026-07-14
[10:22:38] 暫存目錄: /home/fjj04/bears/2026-07-14
[10:22:38] 目的目錄: /home/fjj04/my-bear-museum/bears/2026-07-14
[10:22:38] 
--- 步驟 1: 檢查系統狀態 ---
[10:22:38] ComfyUI: ✓ 在線
[10:22:38] 
--- 步驟 2: 取得熊熊名字和風格 ---
[10:22:38] 熊熊: ['溪風熊']
[10:22:38] 風格: ['國畫']
[10:22:38] 
--- 步驟 3: 準備目錄 ---
[10:22:38] 
--- 步驟 4: 生成圖片 ---
[10:22:38] 配送計畫: ComfyUI 0 張 + MiniMax 1 張 （ComfyUI 在線）
[10:22:38]   No.260 metadata: title=溪風熊, series=花之物語系列, personality=我用國畫風格描繪花香鳥語！機智靈活，風冷的，是個夢幻的小精靈。
[10:22:38]   MiniMax 產生 prompt: 溪風熊
[10:22:52]   prompt: A whimsical grey-blue bear spirit with flowing fur that seems to dance in the mountain breeze, standing gracefully on mossy rocks beside a cascading stream in an ancient Chinese landscape painting, delicate cherry blossoms and plum flowers floating through the air, small songbirds perched on bamboo stalks and flying among the petals, soft ink wash gradients creating ethereal mist rising from the water, golden sunlight filtering through the branches like liquid amber, traditional Gongbi brushwork with fine detailed linework capturing every whisker and petal, the bear's clever eyes sparkling with playful wisdom as a butterfly lands gently on its nose, magical atmosphere where the wind itself seems alive with petals and feathers, serene yet dynamic composition celebrating the harmony of nature, soft kawaii style, horizontal composition 16:9, high quality illustration, detailed fur texture
[10:22:52] MiniMax #1: 溪風熊 (國畫) [16:9]
[10:23:11]   已保存: 260-溪風熊.png
[10:23:11] 共生成 1 張圖片於 /home/fjj04/bears/2026-07-14
[10:23:11] 
[step4] 生圖完成，圖片保留於暫存目錄，未複製、未更新 bears.json
[10:24:02] ===== 熊熊每日配送計畫 =====
[10:24:02] 模式: step4
[10:24:02] 今日日期: 2026-07-14
[10:24:02] 暫存目錄: /home/fjj04/bears/2026-07-14
[10:24:02] 目的目錄: /home/fjj04/my-bear-museum/bears/2026-07-14
[10:24:02] 
--- 步驟 1: 檢查系統狀態 ---
[10:24:02] ComfyUI: ✓ 在線
[10:24:02] 
--- 步驟 2: 取得熊熊名字和風格 ---
[10:24:02] 熊熊: ['海雲熊']
[10:24:02] 風格: ['粉彩']
[10:24:02] 
--- 步驟 3: 準備目錄 ---
[10:24:02] 
--- 步驟 4: 生成圖片 ---
[10:24:02] 配送計畫: ComfyUI 0 張 + MiniMax 1 張 （ComfyUI 在線）
[10:24:02]   No.260 metadata: title=海雲熊, series=童話冒險系列, personality=我於大地回春中跳舞！活力充沛，寬容大量。
[10:24:02]   MiniMax 產生 prompt: 海雲熊
[10:24:13]   prompt: A fluffy pale blue bear with a happy expressive face dances joyfully across a sunlit spring meadow filled with blooming wildflowers and soft green grass, its arms raised in celebration as it playfully kicks a colorful soccer ball toward a small fluffy white dog with wagging tail, both characters radiantly happy in the warm golden afternoon light with gentle pastel clouds drifting across a soft blue sky, the spring breeze visible through swaying flower petals and the bear's joyful dancing posture conveying boundless energy and generous spirit, rendered in soft dreamy pastel art style with delicate color gradients and a magical fairy tale atmosphere, soft kawaii style, horizontal composition 16:9, high quality illustration, detailed fur texture
[10:24:13] MiniMax #1: 海雲熊 (粉彩) [16:9]
[10:25:49]   已保存: 260-海雲熊.png
[10:25:49] 共生成 1 張圖片於 /home/fjj04/bears/2026-07-14
[10:25:49] 
[step4] 生圖完成，圖片保留於暫存目錄，未複製、未更新 bears.json
