[04:12:49] ===== 熊熊每日配送計畫 =====
[04:12:49] 今日日期: 2026-07-25
[04:12:49] 暫存目錄: /home/fjj04/bears/2026-07-25
[04:12:49] 目的目錄: /home/fjj04/my-bear-museum/bears/2026-07-25
[04:12:49] 
--- 步驟 1: 檢查系統狀態 ---
[04:12:50] ComfyUI: ✓ 在線
[04:12:50] 
--- 步驟 2: 取得熊熊名字和風格 ---
[04:12:50] 熊熊: ['白雲占卜師', '柔光熊', '霧月熊', '丘光熊', '晨曦織光者', '流星仙子']
[04:12:50] 風格: ['3D', '像素', '水彩', '油畫', '奇幻', '童趣']
[04:12:50] 
--- 步驟 3: 準備目錄 ---
[04:12:50] 
--- 步驟 4: 生成圖片 ---
[04:12:50] 配送計畫: ComfyUI 6 張 + MiniMax 0 張 （ComfyUI 在線）
[04:12:50]   No.320 metadata: title=占卜師, series=雲端花園系列, personality=踏實上進，熱愛蜂蜜燕麥。總是給身邊的人帶來幸福感。
[04:12:50]   MiniMax 產生 prompt: 白雲占卜師
[04:13:14]   prompt: A chubby white teddy bear wearing a soft lavender divination robe embroidered with tiny golden stars sits gracefully inside an old wooden train cabin, gazing thoughtfully out the window at rolling green hills and blooming wildflowers rushing past. A small fluffy cream-colored dog with adorable floppy ears dozes peacefully against the bear's warm side, while a cheerful yellow duckling perches on the seat beside them, carefully cradling a tiny glowing crystal ball that reveals swirling clouds and gentle stars within. Warm golden morning light streams through the window, casting honey-toned highlights across the cozy cabin interior, with soft white clouds drifting across a blue sky and distant mountains capped with a faint rainbow on the horizon. The bear's gentle wise expression and warm smile convey its practical and ambitious spirit, yet radiates pure happiness and comfort to its beloved small friends, creating a magical atmosphere of adventure and companionship as they journey together through the peaceful countryside in this whimsical 3D, soft kawaii style, horizontal composition 16:9, high quality illustration, detailed fur texture
[04:13:14] ComfyUI #1: 白雲占卜師 (3D) [1600x900]
[04:13:39]   已保存: 320-白雲占卜師.png
[04:13:39]   No.321 metadata: title=柔光熊, series=勇氣之劍系列, personality=我用像素風格描繪風精靈語！活潑可愛，山脈的，帶來滿滿的溫暖與快樂。
[04:13:39]   MiniMax 產生 prompt: 柔光熊
[04:14:04]   MiniMax prompt 不完整 (finish=length, len=0): ''，重試一次
[04:14:24]   prompt: In a charming weekend market square with rustic wooden stalls and colorful fabric banners, a cheerful pixel art wind spirit bear character wearing a soft glowing aura dances joyfully beside a tiny loyal teddy bear toy companion, both pointing excitedly at artisan crafts and blooming flower arrangements. Warm golden pixel sunlight filters through the market canopy, casting gentle shadows across handmade goods and fresh pastries while the bear's wind spirit magic creates tiny sparkling pixel particles that drift playfully around the two friends. The teddy bear sits contentedly in the bear's arms as friendly vendors smile warmly at the adorable pair, their pixel hearts radiating pure friendship and happiness in this cozy mountain village adventure, soft kawaii style, horizontal composition 16:9, high quality illustration, detailed fur texture
[04:14:24] ComfyUI #2: 柔光熊 (像素) [1600x900]
[04:14:45]   已保存: 321-柔光熊.png
[04:14:45]   No.322 metadata: title=霧月熊, series=智慧之書系列, personality=我用水彩風格描繪糖果小屋！陽光精靈，神秘高貴，是個夢幻的小精靈。
[04:14:45]   MiniMax 產生 prompt: 霧月熊
[04:14:59]   prompt: A gentle misty fog moon bear with soft silvery-blue fur rows a weathered wooden boat across a tranquil glass-like lake, its reflection shimmering perfectly in the calm water beneath a canopy of golden sunset light filtering through the clouds. The small fabric doll companion sits primly beside the bear, wearing a tiny pastel dress and holding a delicate flower crown, both characters gazing in wonder at a flock of luminous fireflies emerging from the misty treeline where weeping willows drape gently over the water's edge. The entire watercolor scene blooms with soft wet-on-wet edges, dreamy transparent washes of lavender and amber light dancing across the composition, delicate paper textures visible in the sky, and magical sparkles of golden dust floating through the ethereal fog that rolls across the peaceful mountain-ringed lake, capturing that mystical wisdom and noble sunshine spirit described in ancient folklore, soft kawaii style, horizontal composition 16:9, high quality illustration, detailed fur texture
[04:14:59] ComfyUI #3: 霧月熊 (水彩) [1600x900]
[04:15:19]   已保存: 322-霧月熊.png
[04:15:19]   No.323 metadata: title=丘光熊, series=時光旅人系列, personality=我於溫暖王國中漫步！善於溝通，溫柔敦厚。
[04:15:19]   MiniMax 產生 prompt: 丘光熊
[04:15:35]   prompt: A gentle honey-colored bear with warm golden fur wanders through a mysterious enchanted forest in an oil painting, where dappled golden sunlight filters through towering ancient trees covered in emerald moss and mystical vines, the atmosphere filled with soft magical particles floating like tiny stars in the air, while the kind-hearted bear walks alongside a small fabric doll with button eyes and a tiny teddy bear toy, all three friends exploring together along a winding forest path lined with glowing wildflowers and towering ferns, their eyes filled with wonder and gentle curiosity as they journey deeper into the heart of this magical woodland realm, rich textured brushstrokes capturing the warm afternoon light and the peaceful yet adventurous spirit of their expedition through time, soft kawaii style, horizontal composition 16:9, high quality illustration, detailed fur texture
[04:15:35] ComfyUI #4: 丘光熊 (油畫) [1600x900]
[04:15:55]   已保存: 323-丘光熊.png
[04:15:55]   No.324 metadata: title=織光者, series=月宮玉兔系列, personality=我於香草甜筒中玩耍！創意無限，樂觀明亮。
[04:15:55]   MiniMax 產生 prompt: 晨曦織光者
[04:16:07]   prompt: In an enchanted celestial meadow bathed in soft golden sunrise light, a magical luminescent bear with fur woven from threads of morning light and delicate gossamer threads floats playfully, wearing a whimsical vanilla ice cream cone hat that sparkles with stardust, while a cheerful human child in colorful fantasy attire runs joyfully beside the bear, about to kick a glowing ethereal soccer ball made of crystallized light, and a tiny yellow duckling waddles excitedly behind them, with magical light particles swirling through the air, tiny floating islands and crescent moon decorations in the background, fantasy art style with luminous watercolor lighting, warm optimistic atmosphere, magical adventure scene capturing the bright creative spirit of friendship and play, soft kawaii style, horizontal composition 16:9, high quality illustration, detailed fur texture
[04:16:07] ComfyUI #5: 晨曦織光者 (奇幻) [1600x900]
[04:16:28]   已保存: 324-晨曦織光者.png
[04:16:28]   No.325 metadata: title=仙子, series=彩虹盡頭系列, personality=我在棉花糖王國中玩耍！晨曦大道的，喜歡關懷。
[04:16:28]   MiniMax 產生 prompt: 流星仙子
[04:16:52]   MiniMax prompt 不完整 (finish=length, len=0): ''，重試一次
[04:17:03]   prompt: On a magical hillside at the edge of a cotton candy kingdom, a gentle shooting star fairy bear with soft lavender fur and sparkling starry patterns on her ears sits beside a small teddy bear toy and an adorable orange kitten, all three huddled together on a cozy red blanket watching the night sky sparkle with falling stars, the bear's caring nature evident as she wraps a tiny arm around her friends while pointing at a shooting star streaking across the rainbow-tinted heavens, with glowing lanterns hung from nearby pine trees casting warm golden light against the cool twilight, the meadow below dotted with luminous mushrooms and fireflies dancing in the breeze, creating a dreamy adventure scene where the fairy bear whispers softly about the magic of the universe to her tiny companions who gaze up in wonder at the cosmic wonderland above them, soft kawaii style, horizontal composition 16:9, high quality illustration, detailed fur texture
[04:17:03] ComfyUI #6: 流星仙子 (童趣) [1600x900]
[04:17:23]   已保存: 325-流星仙子.png
[04:17:23] 共生成 6 張圖片於 /home/fjj04/bears/2026-07-25
[04:17:23] 
--- 步驟 5: 更新熊熊博物館 ---
[04:17:23] 已複製: 320-白雲占卜師.png → /home/fjj04/my-bear-museum/bears/2026-07-25/320-白雲占卜師.png
[04:17:23]   已生成縮圖: bears/2026-07-25/thumbs/320-白雲占卜師-s.png, bears/2026-07-25/thumbs/320-白雲占卜師-m.png
[04:17:23] 已複製: 321-柔光熊.png → /home/fjj04/my-bear-museum/bears/2026-07-25/321-柔光熊.png
[04:17:23]   已生成縮圖: bears/2026-07-25/thumbs/321-柔光熊-s.png, bears/2026-07-25/thumbs/321-柔光熊-m.png
[04:17:23] 已複製: 322-霧月熊.png → /home/fjj04/my-bear-museum/bears/2026-07-25/322-霧月熊.png
[04:17:23]   已生成縮圖: bears/2026-07-25/thumbs/322-霧月熊-s.png, bears/2026-07-25/thumbs/322-霧月熊-m.png
[04:17:23] 已複製: 323-丘光熊.png → /home/fjj04/my-bear-museum/bears/2026-07-25/323-丘光熊.png
[04:17:23]   已生成縮圖: bears/2026-07-25/thumbs/323-丘光熊-s.png, bears/2026-07-25/thumbs/323-丘光熊-m.png
[04:17:23] 已複製: 324-晨曦織光者.png → /home/fjj04/my-bear-museum/bears/2026-07-25/324-晨曦織光者.png
[04:17:23]   已生成縮圖: bears/2026-07-25/thumbs/324-晨曦織光者-s.png, bears/2026-07-25/thumbs/324-晨曦織光者-m.png
[04:17:23] 已複製: 325-流星仙子.png → /home/fjj04/my-bear-museum/bears/2026-07-25/325-流星仙子.png
[04:17:23]   已生成縮圖: bears/2026-07-25/thumbs/325-流星仙子-s.png, bears/2026-07-25/thumbs/325-流星仙子-m.png
[04:17:23] 已更新 bears.json
[04:17:23] 新增 6 隻熊熊
[04:17:23] 
--- 步驟 6: Git Commit ---
