[04:11:02] ===== 熊熊每日配送計畫 =====
[04:11:02] 今日日期: 2026-07-13
[04:11:02] 暫存目錄: /home/fjj04/bears/2026-07-13
[04:11:02] 目的目錄: /home/fjj04/my-bear-museum/bears/2026-07-13
[04:11:02] 
--- 步驟 1: 檢查系統狀態 ---
[04:11:02] ComfyUI: ✓ 在線
[04:11:02] 
--- 步驟 2: 取得熊熊名字和風格 ---
[04:11:02] 熊熊: ['海露熊', '暖風熊', '暖陽妖精', '魂星熊', '魂光熊', '晨曦妖精']
[04:11:02] 風格: ['奇幻', '童趣', '賽博朋克', '浮世繪', '點描', '水墨']
[04:11:02] 
--- 步驟 3: 準備目錄 ---
[04:11:02] 
--- 步驟 4: 生成圖片 ---
[04:11:02] 配送計畫: ComfyUI 6 張 + MiniMax 0 張 （ComfyUI 在線）
[04:11:02]   No.248 metadata: title=海露熊, series=光之物語系列, personality=活潑開朗，熱愛花香四溢。總是給身邊的人帶來幸福感。
[04:11:02]   MiniMax 產生 prompt: 海露熊
[04:11:18]   prompt: A fantastical woodland clearing bathed in ethereal golden sunlight filtering through translucent dewdrops suspended in the air like tiny floating crystals, where a cheerful bear with shimmering ocean blue fur decorated with delicate dewdrop patterns stands among an enchanted garden bursting with fragrant roses, lavender, and cherry blossoms, magical sparkles dancing around the cheerful character as gentle sea breeze carries luminous petals through the mystical atmosphere, while soft rainbow prisms refract through the morning dew creating a dreamy wonderland of light and floral scents, the bear's warm personality radiating pure joy and contentment as tiny butterflies with glowing wings flutter nearby in this magical light tale setting, soft kawaii style, horizontal composition 16:9, high quality illustration, detailed fur texture
[04:11:18] ComfyUI #1: 海露熊 (奇幻) [1600x900]
[04:11:38]   已保存: 248-海露熊.png
[04:11:38]   No.249 metadata: title=暖風熊, series=魔法王國系列, personality=我在糖霜餅乾裡找到了美好！喜歡雪景，珍惜每一個綻放的瞬間。
[04:11:38]   MiniMax 產生 prompt: 暖風熊
[04:11:55]   prompt: A whimsical childlike illustration of a charming teddy bear with warm honey-brown fur standing joyfully in a magical winter wonderland, surrounded by oversized frosted sugar cookies shaped like snowflakes and stars scattered across a snowy meadow, gentle snowflakes drifting down from a soft pastel purple and pink twilight sky, the bear's warm amber eyes sparkling with delight as it gazes at delicate frost flowers blooming on crystal-clear cookie surfaces, cozy candy cane fences and glowing lollipop trees visible in the distance, warm golden and soft pink magical lighting creating an enchanting dreamlike atmosphere, tiny candy canes, gumdrop bushes, and shimmering ice crystals adding playful details throughout the scene, childlike art style with soft rounded shapes, innocent charm, and pure joyful energy capturing the precious beauty of this magical frosted moment, soft kawaii style, horizontal composition 16:9, high quality illustration, detailed fur texture
[04:11:55] ComfyUI #2: 暖風熊 (童趣) [1600x900]
[04:12:15]   已保存: 249-暖風熊.png
[04:12:15]   No.250 metadata: title=妖精, series=風精靈語系列, personality=開朗活潑，熱愛希望之盾。總是給身邊的人帶來幸福感。
[04:12:15]   MiniMax 產生 prompt: 暖陽妖精
[04:12:32]   prompt: A golden-furred kawaii bear fairy with translucent butterfly wings hovers above a rain-slicked cyberpunk street, her warm amber glow casting soft halos that pierce through the cold neon reflections on wet pavement, her cheerful round face illuminated by a mystical shield of golden light that hovers before her like a protective talisman, while holographic wind spirits swirl around her in trails of iridescent digital particles, the bear's oversized sparkly eyes filled with hopeful determination as she smiles with joyful energy, the dark dystopian cityscape of towering chrome buildings and flickering holographic advertisements serves as a dramatic backdrop that makes her warm radiance appear even more magical and life-giving, soft golden rays streaming from her small paws like captured sunlight breaking through perpetual night, her presence transforming the gritty cyberpunk atmosphere into a sanctuary of warmth and happiness, detailed with delicate fairy dust sparkling in the air, vibrant warm tones contrasting beautifully against the cool blue and pink neon lights of the futuristic metropolis, soft kawaii style, horizontal composition 16:9, high quality illustration, detailed fur texture
[04:12:32] ComfyUI #3: 暖陽妖精 (賽博朋克) [1600x900]
[04:12:52]   已保存: 250-暖陽妖精.png
[04:12:52]   No.251 metadata: title=魂星熊, series=命運之輪系列, personality=今天發現了風信子戀，想分享給你！喜歡付出，帶來滿滿的溫暖與快樂。
[04:12:52]   MiniMax 產生 prompt: 魂星熊
[04:13:10]   prompt: A charming kawaii bear spirit stands gracefully in a traditional Japanese ukiyo-e composition, gazing upward with warm, loving eyes at a mystical wheel of destiny suspended in a deep indigo sky filled with twinkling stars and crescent moons. The bear is surrounded by lush clusters of blooming purple and blue hyacinth flowers swaying gently in an ethereal breeze, their delicate petals catching soft golden light. Cherry blossom petals drift through the scene like falling wishes, creating a dreamy atmosphere of romance and hope. Traditional Japanese wave patterns and cloud formations frame the composition at the edges, while soft radial light emanates from the bear's heart, symbolizing the warmth and happiness it wishes to share with the viewer, soft kawaii style, horizontal composition 16:9, high quality illustration, detailed fur texture
[04:13:10] ComfyUI #4: 魂星熊 (浮世繪) [1600x900]
[04:13:30]   已保存: 251-魂星熊.png
[04:13:30]   No.252 metadata: title=魂光熊, series=雲端王國系列, personality=低調奢華，熱愛夕陽餘暉。熱愛大自然的美好。
[04:13:30]   MiniMax 產生 prompt: 魂光熊
[04:13:46]   prompt: In a mystical cloud kingdom floating among soft rolling clouds, a graceful bear with warm golden-amber fur rendered in delicate pointillism technique stands on a floating meadow overlooking a breathtaking sunset. Thousands of tiny dots create soft luminous fur that glows subtly in the warm evening light, reflecting the bear's low-key luxurious nature. The sky bursts with rich oranges, pinks, and gentle purples as the last rays of sunlight illuminate floating garden islands and delicate wildflowers swaying in a gentle breeze, while ethereal wisps of clouds drift lazily through the scene, creating a serene magical atmosphere that celebrates the beauty of nature's twilight moments, soft kawaii style, horizontal composition 16:9, high quality illustration, detailed fur texture
[04:13:46] ComfyUI #5: 魂光熊 (點描) [1600x900]
[04:14:06]   已保存: 252-魂光熊.png
[04:14:06]   No.253 metadata: title=妖精, series=夢想王國系列, personality=神秘幽雅，喜歡天邊雲彩。充滿好奇與勇氣。
[04:14:06]   MiniMax 產生 prompt: 晨曦妖精
[04:14:16]   prompt: A mystical fairy bear with delicate translucent wings emerges from swirling morning mist at the edge of a vast sky, her elegant silhouette rendered in flowing sumi-e ink brushstrokes that fade gracefully into negative white space, surrounded by ethereal wisps of clouds painted with masterful gradations of grey and charcoal, as soft dawn light peeks through distant celestial layers, creating an atmosphere of serene wonder and ancient Chinese artistic elegance with delicate splashes of pale gold where the first rays meet the horizon, soft kawaii style, horizontal composition 16:9, high quality illustration, detailed fur texture
[04:14:16] ComfyUI #6: 晨曦妖精 (水墨) [1600x900]
[04:14:36]   已保存: 253-晨曦妖精.png
[04:14:36] 共生成 6 張圖片於 /home/fjj04/bears/2026-07-13
[04:14:36] 
--- 步驟 5: 更新熊熊博物館 ---
[04:14:36] 已複製: 248-海露熊.png → /home/fjj04/my-bear-museum/bears/2026-07-13/248-海露熊.png
[04:14:36]   已生成縮圖: bears/2026-07-13/thumbs/248-海露熊-s.png, bears/2026-07-13/thumbs/248-海露熊-m.png
[04:14:36] 已複製: 249-暖風熊.png → /home/fjj04/my-bear-museum/bears/2026-07-13/249-暖風熊.png
[04:14:36]   已生成縮圖: bears/2026-07-13/thumbs/249-暖風熊-s.png, bears/2026-07-13/thumbs/249-暖風熊-m.png
[04:14:36] 已複製: 250-暖陽妖精.png → /home/fjj04/my-bear-museum/bears/2026-07-13/250-暖陽妖精.png
[04:14:36]   已生成縮圖: bears/2026-07-13/thumbs/250-暖陽妖精-s.png, bears/2026-07-13/thumbs/250-暖陽妖精-m.png
[04:14:36] 已複製: 251-魂星熊.png → /home/fjj04/my-bear-museum/bears/2026-07-13/251-魂星熊.png
[04:14:36]   已生成縮圖: bears/2026-07-13/thumbs/251-魂星熊-s.png, bears/2026-07-13/thumbs/251-魂星熊-m.png
[04:14:36] 已複製: 252-魂光熊.png → /home/fjj04/my-bear-museum/bears/2026-07-13/252-魂光熊.png
[04:14:36]   已生成縮圖: bears/2026-07-13/thumbs/252-魂光熊-s.png, bears/2026-07-13/thumbs/252-魂光熊-m.png
[04:14:36] 已複製: 253-晨曦妖精.png → /home/fjj04/my-bear-museum/bears/2026-07-13/253-晨曦妖精.png
[04:14:36]   已生成縮圖: bears/2026-07-13/thumbs/253-晨曦妖精-s.png, bears/2026-07-13/thumbs/253-晨曦妖精-m.png
[04:14:36] 已更新 bears.json
[04:14:36] 新增 6 隻熊熊
[04:14:36] 
--- 步驟 6: Git Commit ---
[04:14:45] Git push 完成
[04:14:45] 
--- 步驟 7: 部署到 Cloudflare Pages ---
[04:14:58] 
===== 完成 =====
[04:14:58] 到 https://kumaweb.pages.dev 觀看結果
