[04:10:29] ===== 熊熊每日配送計畫 =====
[04:10:29] 今日日期: 2026-07-11
[04:10:29] 暫存目錄: /home/fjj04/bears/2026-07-11
[04:10:29] 目的目錄: /home/fjj04/my-bear-museum/bears/2026-07-11
[04:10:29] 
--- 步驟 1: 檢查系統狀態 ---
[04:10:29] ComfyUI: ✓ 在線
[04:10:29] 
--- 步驟 2: 取得熊熊名字和風格 ---
[04:10:29] 熊熊: ['銀河守護神', '夢露熊', '彩霞熊', '晨曦仙子', '蜜糖熊', '流星熊']
[04:10:29] 風格: ['波斯地毯', '外太空', '童話書', '漫畫網點', '厚塗', '水墨暈染']
[04:10:29] 
--- 步驟 3: 準備目錄 ---
[04:10:29] 
--- 步驟 4: 生成圖片 ---
[04:10:29] 配送計畫: ComfyUI 6 張 + MiniMax 0 張 （ComfyUI 在線）
[04:10:29]   No.236 metadata: title=守護神, series=星光大道系列, personality=我在天際線美中玩耍！勇敢果斷，機智風趣。
[04:10:29]   MiniMax 產生 prompt: 銀河守護神
[04:10:56]   prompt: A majestic kawaii bear guardian stands triumphantly atop a glittering city skyline, wearing celestial armor adorned with golden constellation symbols, the bear's fur shimmering with galaxy patterns in deep indigo and silver, intricate Persian carpet geometric motifs frame the entire scene creating a woven magical aura with rich jewel-toned medallions and ornate tessellated borders, the urban landscape below features art deco buildings with warm glowing windows, a brilliant cosmic sky above with swirling nebulae and shooting stars, the bear has a brave and playful expression with determined twinkling eyes, rich burgundy and emerald woven textures dominate the composition with golden thread accents catching ethereal light, the overall atmosphere blends heroic whimsy with ancient textile artistry, vibrant saturated jewel tones create a sense of mythical grandeur against the twilight backdrop, delicate Persian rug tessellation patterns extend throughout the composition suggesting an infinite sacred guardian realm, soft kawaii style, horizontal composition 16:9, high quality illustration, detailed fur texture
[04:10:56] ComfyUI #1: 銀河守護神 (波斯地毯) [1600x900]
[04:11:17]   已保存: 236-銀河守護神.png
[04:11:17]   No.237 metadata: title=夢露熊, series=命運之輪系列, personality=善良敦厚，熱愛玫瑰盛開。是個夢幻的小精靈。
[04:11:17]   MiniMax 產生 prompt: 夢露熊
[04:11:30]   prompt: A gentle kawaii bear character wearing an elegant celestial gown drifts weightlessly through a breathtaking cosmic wonderland, surrounded by magnificent roses blooming in vibrant pink and red, their petals floating gently among spiraling galaxies and twinkling stars, the bear holds a glowing rose tenderly with warm kind eyes, the scene bathed in dreamy ethereal light from distant nebulae in soft pastels of lavender and rose gold, cosmic wheels of fate rotate slowly in the starry background with mystical glowing constellations, delicate rose petals swirl around the bear like gentle snow, the entire composition rendered in a magical oil painting style with rich luminous textures and atmospheric depth, the bear's expression radiates pure善良敦厚 kindness and gentle wonder as a dreamy little fairy amidst the infinite beauty of outer space, soft kawaii style, horizontal composition 16:9, high quality illustration, detailed fur texture
[04:11:30] ComfyUI #2: 夢露熊 (外太空) [1600x900]
[04:11:50]   已保存: 237-夢露熊.png
[04:11:50]   No.238 metadata: title=彩霞熊, series=童話王國系列, personality=我於白雲點點裡找到了美好！誠實善良，熱愛探索未知。
[04:11:50]   MiniMax 產生 prompt: 彩霞熊
[04:12:02]   prompt: A gentle bear with fur painted in sunset gradients of coral pink, soft lavender, and golden amber sits contentedly atop a dreamy cumulus cloud floating through an endless pastel sky, surrounded by tiny sparkling stars scattered like fairy dust among the wisps of white. The illustrated storybook scene captures a magical moment of wonder as the honest explorer bear gazes into the vast cheerful horizon with innocent eyes full of curiosity, warm sunlight filtering through the clouds creating a luminous golden glow that illuminates the entire ethereal landscape in a hand-painted watercolor fairy tale style with delicate ink outlines and soft blended edges, soft kawaii style, horizontal composition 16:9, high quality illustration, detailed fur texture
[04:12:02] ComfyUI #3: 彩霞熊 (童話書) [1600x900]
[04:12:22]   已保存: 238-彩霞熊.png
[04:12:22]   No.239 metadata: title=仙子, series=森林守護者系列, personality=我在星夜物語裡找到了美好！陽光開朗，熱愛探索未知。
[04:12:22]   MiniMax 產生 prompt: 晨曦仙子
[04:12:34]   prompt: A gentle kawaii bear fairy character with soft golden fur that seems to glow with morning light, delicate translucent wings sparkling with dew drops, standing on a mossy forest stump surrounded by floating luminous particles and tiny glowing mushrooms, wearing a crown of woven wildflowers, her bright curious eyes gazing up at dappled sunlight filtering through ancient trees, forest guardian aesthetic with magical atmosphere, halftone dot pattern shading throughout the composition creating authentic manga screen tone effect, warm golden hour lighting mixed with cool forest shadows, cherry blossom petals and fireflies dancing around her, whimsical fairy tale scene full of wonder and discovery, soft kawaii style, horizontal composition 16:9, high quality illustration, detailed fur texture
[04:12:34] ComfyUI #4: 晨曦仙子 (漫畫網點) [1600x900]
[04:12:54]   已保存: 239-晨曦仙子.png
[04:12:54]   No.240 metadata: title=蜜糖熊, series=雲端雨滴系列, personality=郵戳的，熱愛童話王國。珍惜每一個美好的瞬間。
[04:12:54]   MiniMax 產生 prompt: 蜜糖熊
[04:13:05]   prompt: A majestic honey-colored teddy bear with warm amber fur and soft golden highlights stands gracefully in an ethereal dreamscape where gentle raindrops fall through luminous clouds, creating a magical fairy tale kingdom atmosphere with warm golden light filtering through the misty sky, scattered with floating sparkles and delicate translucent raindrops that catch the soft glow like tiny diamonds, the bear's gentle eyes reflecting wonder and appreciation for the beautiful moment, surrounded by soft billowing clouds in pastel purples and pinks with deep rich impasto brushstrokes creating a luxurious three-dimensional texture, warm ambient lighting bathes the scene in honey-gold tones while cool blue raindrop accents create a dreamy contrast, evoking a sense of tenderness and precious memory captured forever in rich oil paint texture with visible thick layered brushwork, soft kawaii style, horizontal composition 16:9, high quality illustration, detailed fur texture
[04:13:05] ComfyUI #5: 蜜糖熊 (厚塗) [1600x900]
[04:13:26]   已保存: 240-蜜糖熊.png
[04:13:26]   No.241 metadata: title=流星熊, series=雲端城市系列, personality=我於雲朵棉花糖裡找到了美好！極光紫，喜歡收集閃閃發亮的東西。
[04:13:26]   MiniMax 產生 prompt: 流星熊
[04:13:36]   prompt: A majestic purple bear with luminous aurora-colored fur sits gracefully among soft cotton candy clouds in a fantastical sky city, surrounded by floating shooting stars and glittering cosmic treasures it has collected, the entire ethereal scene rendered in traditional ink wash blending technique with soft ink diffusion edges bleeding into the dreamy background, delicate wisps of purple and lavender mist swirling around the bear like a magical aurora halo, tiny sparkles and celestial gems scattered across the fluffy cloud platforms, the bear gazing lovingly at a brilliant shooting star streaming across the purple twilight sky, traditional Chinese ink painting aesthetic with flowing brushstrokes and gentle watercolor washes creating depth and atmosphere, soft kawaii style, horizontal composition 16:9, high quality illustration, detailed fur texture
[04:13:36] ComfyUI #6: 流星熊 (水墨暈染) [1600x900]
[04:13:56]   已保存: 241-流星熊.png
[04:13:56] 共生成 6 張圖片於 /home/fjj04/bears/2026-07-11
[04:13:56] 
--- 步驟 5: 更新熊熊博物館 ---
[04:13:56] 已複製: 236-銀河守護神.png → /home/fjj04/my-bear-museum/bears/2026-07-11/236-銀河守護神.png
[04:13:56]   已生成縮圖: bears/2026-07-11/thumbs/236-銀河守護神-s.png, bears/2026-07-11/thumbs/236-銀河守護神-m.png
[04:13:56] 已複製: 237-夢露熊.png → /home/fjj04/my-bear-museum/bears/2026-07-11/237-夢露熊.png
[04:13:56]   已生成縮圖: bears/2026-07-11/thumbs/237-夢露熊-s.png, bears/2026-07-11/thumbs/237-夢露熊-m.png
[04:13:56] 已複製: 238-彩霞熊.png → /home/fjj04/my-bear-museum/bears/2026-07-11/238-彩霞熊.png
[04:13:56]   已生成縮圖: bears/2026-07-11/thumbs/238-彩霞熊-s.png, bears/2026-07-11/thumbs/238-彩霞熊-m.png
[04:13:56] 已複製: 239-晨曦仙子.png → /home/fjj04/my-bear-museum/bears/2026-07-11/239-晨曦仙子.png
[04:13:56]   已生成縮圖: bears/2026-07-11/thumbs/239-晨曦仙子-s.png, bears/2026-07-11/thumbs/239-晨曦仙子-m.png
[04:13:56] 已複製: 240-蜜糖熊.png → /home/fjj04/my-bear-museum/bears/2026-07-11/240-蜜糖熊.png
[04:13:56]   已生成縮圖: bears/2026-07-11/thumbs/240-蜜糖熊-s.png, bears/2026-07-11/thumbs/240-蜜糖熊-m.png
[04:13:56] 已複製: 241-流星熊.png → /home/fjj04/my-bear-museum/bears/2026-07-11/241-流星熊.png
[04:13:56]   已生成縮圖: bears/2026-07-11/thumbs/241-流星熊-s.png, bears/2026-07-11/thumbs/241-流星熊-m.png
[04:13:57] 已更新 bears.json
[04:13:57] 新增 6 隻熊熊
[04:13:57] 
--- 步驟 6: Git Commit ---
[04:14:05] Git push 完成
[04:14:05] 
--- 步驟 7: 部署到 Cloudflare Pages ---
[04:14:19] 
===== 完成 =====
[04:14:19] 到 https://kumaweb.pages.dev 觀看結果
