[04:10:39] ===== 熊熊每日配送計畫 =====
[04:10:39] 今日日期: 2026-07-08
[04:10:39] 暫存目錄: /home/fjj04/bears/2026-07-08
[04:10:39] 目的目錄: /home/fjj04/my-bear-museum/bears/2026-07-08
[04:10:39] 
--- 步驟 1: 檢查系統狀態 ---
[04:10:39] ComfyUI: ✓ 在線
[04:10:39] 
--- 步驟 2: 取得熊熊名字和風格 ---
[04:10:39] 熊熊: ['銀河妖精', '銀河守護者', '星花熊', '粉色仙子', '雪夢熊', '森林熊']
[04:10:39] 風格: ['復古', '極簡', '抽象', '國畫', '粉彩', '蒸汽朋克']
[04:10:39] 
--- 步驟 3: 準備目錄 ---
[04:10:39] 
--- 步驟 4: 生成圖片 ---
[04:10:39] 配送計畫: ComfyUI 6 張 + MiniMax 0 張 （ComfyUI 在線）
[04:10:39]   No.218 metadata: title=妖精, series=星之物語系列, personality=我在星月情話裡找到了美好！喜歡童話，珍惜每一個綻放的瞬間。
[04:10:39]   MiniMax 產生 prompt: 銀河妖精
[04:10:54]   prompt: A vintage illustration style scene featuring a small bear fairy sprite with soft shimmering galaxy-colored fur that shifts between silver and pale lavender, wearing a flowing gown made of midnight blue fabric adorned with golden stars and crescent moons. The bear stands in a fantastical garden filled with blooming celestial flowers that emit gentle stardust, surrounded by twinkling stars and a large luminous moon in the purple twilight sky. Warm fairy lights float around the character like gentle fireflies, creating a nostalgic romantic atmosphere reminiscent of vintage storybook illustrations from the mid-century era, with soft dreamy bokeh effects and delicate star trails in the background. The scene captures a magical moment of wonder and fairy tale romance, with the bear fairy gazing up at the glowing moon with joy and enchantment, surrounded by magical sparkles and blooming star-shaped flowers, soft kawaii style, horizontal composition 16:9, high quality illustration, detailed fur texture
[04:10:54] ComfyUI #1: 銀河妖精 (復古) [1600x900]
[04:11:14]   已保存: 218-銀河妖精.png
[04:11:14]   No.219 metadata: title=守護者, series=雲端王國系列, personality=今天發現了水晶球占，想分享給你！創意泉湧，珍惜每一個美好的瞬間。
[04:11:14]   MiniMax 產生 prompt: 銀河守護者
[04:11:39]   prompt: A small celestial bear with soft silvery-white fur and warm gentle eyes stands gracefully on a floating cloud in a dreamy pastel sky kingdom, cradling a translucent crystal ball that glows with inner starlight and swirling cosmic patterns, the bear's expression peaceful and generous as if eager to share a magical discovery with a dear friend, minimalist composition with clean flowing lines and subtle gradients, ethereal and heartwarming atmosphere filled with floating cloud wisps and gentle sparkling lights, magical twilight colors of lavender and soft gold surrounding the scene, precious moment of creative inspiration flowing freely through the air, simple yet deeply moving illustration capturing the essence of wonder and the joy of sharing beautiful things with others, soft kawaii style, horizontal composition 16:9, high quality illustration, detailed fur texture
[04:11:39] ComfyUI #2: 銀河守護者 (極簡) [1600x900]
[04:11:59]   已保存: 219-銀河守護者.png
[04:11:59]   No.220 metadata: title=星花熊, series=王子殿下系列, personality=沉穩冷靜，喜歡森林守護者。是個夢幻的小精靈。
[04:11:59]   MiniMax 產生 prompt: 星花熊
[04:12:10]   prompt: A majestic yet gentle forest guardian emerges from an ethereal dreamscape where bioluminescent flowers bloom beneath a starlit canopy, their petals swirling in geometric constellations that float like crystallized stardust around the serene bear spirit, soft aurora ribbons weave through towering ancient trees that pulse with gentle magical light, the abstract composition features flowing organic shapes that suggest forest spirits awakening at twilight, crystalline star-flowers illuminate the mossy ground with prismatic rainbow reflections, the atmosphere is mystical and contemplative as the calm woodland protector stands regally yet warmly, surrounded by floating luminous orbs and geometric star patterns that connect earth to cosmos, dreamy pastel hues blend with deep forest greens creating a transcendent ethereal portrait of nature's gentle guardian spirit, soft kawaii style, horizontal composition 16:9, high quality illustration, detailed fur texture
[04:12:10] ComfyUI #3: 星花熊 (抽象) [1600x900]
[04:12:30]   已保存: 220-星花熊.png
[04:12:30]   No.221 metadata: title=仙子, series=精靈禮物系列, personality=今天發現了風輕雲淡，想分享給你！踏實活潑，熱愛大自然的美好。
[04:12:30]   MiniMax 產生 prompt: 粉色仙子
[04:12:45]   prompt: A charming pink fairy bear with delicate translucent wings stands gracefully on a mossy rock beside a flowing stream, surrounded by swirling wisps of clouds and gentle mist. The bear gazes upward with bright curious eyes and a warm gentle smile, one paw reaching toward the sky as if sharing the lightness of drifting clouds with the viewer. Traditional Chinese ink painting style with soft wash techniques and delicate brushwork, subtle pink and white color accents, flowing water, bamboo leaves, and ethereal atmosphere with natural light filtering through misty mountains in the background, serene and magical, soft kawaii style, horizontal composition 16:9, high quality illustration, detailed fur texture
[04:12:45] ComfyUI #4: 粉色仙子 (國畫) [1600x900]
[04:13:05]   已保存: 221-粉色仙子.png
[04:13:05]   No.222 metadata: title=雪夢熊, series=糖果小屋系列, personality=今天發現了星辰守護，想分享給你！感性癡迷，充滿好奇與勇氣。
[04:13:05]   MiniMax 產生 prompt: 雪夢熊
[04:13:25]   prompt: A charming white bear with soft shimmering fur stands in a whimsical candy-colored cottage surrounded by floating sugar crystals and delicate pastel decorations, gazing up in wonder at a magical night sky visible through the cottage window where countless twinkling stars and swirling constellations create a celestial dance, with sparkling stardust and golden light particles drifting gently through the cozy interior, the little bear's big innocent eyes filled with curiosity and gentle bravery as it reaches toward a luminous star that seems to respond to its innocent touch, the scene bathed in dreamy pastel pink, lavender, and soft blue hues with a warm, sentimental atmosphere that captures the magic of sharing wonderful discoveries, rendered in soft pastel illustration style with gentle gradients and ethereal lighting that makes the entire composition feel like a tender, magical moment frozen in time, soft kawaii style, horizontal composition 16:9, high quality illustration, detailed fur texture
[04:13:25] ComfyUI #5: 雪夢熊 (粉彩) [1600x900]
[04:13:45]   已保存: 222-雪夢熊.png
[04:13:45]   No.223 metadata: title=森林熊, series=魔法鏡子系列, personality=我於星河滾滾裡找到了美好！積極向上，熱愛探索未知。
[04:13:45]   MiniMax 產生 prompt: 森林熊
[04:14:02]   prompt: A majestic teddy bear with rich forest brown fur stands proudly beneath towering ancient trees adorned with glowing brass pipes and copper steam vents, wearing Victorian leather goggles pushed up on its forehead and a mechanical utility belt with spinning golden gears. The enchanted woodland is bathed in soft bioluminescent light from crystalline mushrooms and magical fireflies, with a massive ornate gilded mirror floating mysteriously among the branches, its surface rippling with reflected galaxies and rolling star rivers. Magical stardust swirls through the misty air as the bear gazes upward with wide curious eyes at a sky filled with swirling nebulae and cascading meteor showers, embodying the spirit of fearless exploration and finding beauty in cosmic wonder, while intricate steampunk machinery and floating celestial gears create an otherworldly atmosphere of Victorian fantasy and intergalactic magic, soft kawaii style, horizontal composition 16:9, high quality illustration, detailed fur texture
[04:14:02] ComfyUI #6: 森林熊 (蒸汽朋克) [1600x900]
[04:14:22]   已保存: 223-森林熊.png
[04:14:22] 共生成 6 張圖片於 /home/fjj04/bears/2026-07-08
[04:14:22] 
--- 步驟 5: 更新熊熊博物館 ---
[04:14:22] 已複製: 218-銀河妖精.png → /home/fjj04/my-bear-museum/bears/2026-07-08/218-銀河妖精.png
[04:14:22]   已生成縮圖: bears/2026-07-08/thumbs/218-銀河妖精-s.png, bears/2026-07-08/thumbs/218-銀河妖精-m.png
[04:14:22] 已複製: 219-銀河守護者.png → /home/fjj04/my-bear-museum/bears/2026-07-08/219-銀河守護者.png
[04:14:22]   已生成縮圖: bears/2026-07-08/thumbs/219-銀河守護者-s.png, bears/2026-07-08/thumbs/219-銀河守護者-m.png
[04:14:22] 已複製: 220-星花熊.png → /home/fjj04/my-bear-museum/bears/2026-07-08/220-星花熊.png
[04:14:22]   已生成縮圖: bears/2026-07-08/thumbs/220-星花熊-s.png, bears/2026-07-08/thumbs/220-星花熊-m.png
[04:14:22] 已複製: 221-粉色仙子.png → /home/fjj04/my-bear-museum/bears/2026-07-08/221-粉色仙子.png
[04:14:22]   已生成縮圖: bears/2026-07-08/thumbs/221-粉色仙子-s.png, bears/2026-07-08/thumbs/221-粉色仙子-m.png
[04:14:22] 已複製: 222-雪夢熊.png → /home/fjj04/my-bear-museum/bears/2026-07-08/222-雪夢熊.png
[04:14:23]   已生成縮圖: bears/2026-07-08/thumbs/222-雪夢熊-s.png, bears/2026-07-08/thumbs/222-雪夢熊-m.png
[04:14:23] 已複製: 223-森林熊.png → /home/fjj04/my-bear-museum/bears/2026-07-08/223-森林熊.png
[04:14:23]   已生成縮圖: bears/2026-07-08/thumbs/223-森林熊-s.png, bears/2026-07-08/thumbs/223-森林熊-m.png
[04:14:23] 已更新 bears.json
[04:14:23] 新增 6 隻熊熊
[04:14:23] 
--- 步驟 6: Git Commit ---
[04:14:31] Git push 完成
[04:14:31] 
--- 步驟 7: 部署到 Cloudflare Pages ---
[04:14:44] 
===== 完成 =====
[04:14:44] 到 https://kumaweb.pages.dev 觀看結果
