[04:10:45] ===== 熊熊每日配送計畫 =====
[04:10:45] 今日日期: 2026-06-23
[04:10:45] 暫存目錄: /home/fjj04/bears/2026-06-23
[04:10:45] 目的目錄: /home/fjj04/my-bear-museum/bears/2026-06-23
[04:10:45] 
--- 步驟 1: 檢查系統狀態 ---
[04:10:45] ComfyUI: ✓ 在線
[04:10:45] 
--- 步驟 2: 取得熊熊名字和風格 ---
[04:10:45] 熊熊: ['魂花熊', '星光嚮導', '流星王子', '巧克力熊', '魄夢熊', '流星守護者']
[04:10:45] 風格: ['像素', '水彩', '油畫', '奇幻', '童趣', '賽博朋克']
[04:10:45] 
--- 步驟 3: 準備目錄 ---
[04:10:45] 
--- 步驟 4: 生成圖片 ---
[04:10:45] 配送計畫: ComfyUI 6 張 + MiniMax 0 張 （ComfyUI 在線）
[04:10:45]   No.128 metadata: title=魂花熊, series=奇蹟之花系列, personality=今天發現了海風吹拂，想分享給你！浪漫可愛，充滿好奇與勇氣。
[04:10:45]   MiniMax 產生 prompt: 魂花熊
[04:10:53]   prompt: A charming pixel art character standing at the edge of a moonlit shoreline, fluffy fur ruffling gently in the cool sea breeze, wearing a delicate flower crown made of glowing translucent petals that shimmer with iridescent light. The ocean waves sparkle with bioluminescent particles while luminous spirit-flowers bloom around its paws, releasing soft golden pollen into the night air. The scene captures a moment of wonder and bravery as this adorable bear gazes out at the vast sea with sparkling curious eyes, filled with romantic dreams and adventurous spirit, soft kawaii style, horizontal composition 16:9, high quality illustration, detailed fur texture
[04:10:53] ComfyUI #1: 魂花熊 (像素) [1600x900]
[04:11:13]   已保存: 128-魂花熊.png
[04:11:13]   No.129 metadata: title=嚮導, series=希望之盾系列, personality=我於珊瑚花園裡找到了美好！柔情似水，熱愛探索未知。
[04:11:13]   MiniMax 產生 prompt: 星光嚮導
[04:11:26]   prompt: A charming bear character with soft starlit fur in gentle blues and silvers wearing a delicate explorer cape stands amid a magical underwater coral garden, surrounded by vibrant coral formations in pink and gold that seem to glow with an ethereal light, small bioluminescent bubbles float upward around the scene, tropical fish with translucent scales swim gracefully through the coral arches, the bear gazes with wide curious kawaii eyes filled with wonder and tenderness, delicate starfish and seashells scattered across the sandy ocean floor catch filtered sunlight from above, creating a dreamlike atmosphere of peaceful exploration and discovery, the entire scene rendered in flowing soft-edged watercolor technique with gentle color bleeding and luminous translucent washes that capture the magical quality of an enchanted underwater sanctuary, soft kawaii style, horizontal composition 16:9, high quality illustration, detailed fur texture
[04:11:26] ComfyUI #2: 星光嚮導 (水彩) [1600x900]
[04:11:46]   已保存: 129-星光嚮導.png
[04:11:46]   No.130 metadata: title=王子, series=森林王國系列, personality=我在夢幻王國中漫步！純真可愛，謙虛謹慎。
[04:11:46]   MiniMax 產生 prompt: 流星王子
[04:12:00]   prompt: A distinguished bear prince with lustrous midnight blue fur adorned with golden star patterns stands gracefully on a mossy forest pathway, his royal yet simple silver crown catching the ethereal light filtering through towering ancient trees draped in luminescent vines and glowing fireflies, while magnificent shooting stars streak across the velvet twilight sky creating magical trails of stardust that illuminate his gentle innocent expression and humble dignified posture, he wears an elegant velvet cape in deep sapphire blue with constellation embroidery, one paw resting upon his heart in a respectful gesture, the forest kingdom around him blooms with enchanted flowers in soft pastels and crystalline streams that reflect the celestial light, rendered in rich classical oil painting technique with warm amber and rose tones blending with cool midnight blues, soft glowing atmosphere with dramatic chiaroscuro lighting, whimsical fairy tale ambiance, masterpiece quality artwork with visible painterly brushstrokes and sumptuous color depth, soft kawaii style, horizontal composition 16:9, high quality illustration, detailed fur texture
[04:12:00] ComfyUI #3: 流星王子 (油畫) [1600x900]
[04:12:20]   已保存: 130-流星王子.png
[04:12:20]   No.131 metadata: title=巧克力熊, series=星光繽紛系列, personality=我用奇幻風格描繪花季來臨！勇敢冒險，珍惜親情，熱愛大自然的美好。
[04:12:20]   MiniMax 產生 prompt: 巧克力熊
[04:12:30]   prompt: A majestic chocolate brown bear cub stands proudly atop a mystical hill covered in vibrant blooming cherry blossoms and wildflowers, surrounded by floating magical particles and twinkling starlight that create an ethereal glow throughout the enchanted meadow, with a gentle cascade of petals swirling through the air as the creature gazes into the distance with determined yet gentle eyes, its soft fur ruffled by a warm breeze carrying the sweet scent of spring blossoms, while in the background towering ancient trees adorned with glowing fireflies and luminous fungi line a winding path that leads toward distant mountains painted in pastel purple and pink hues under a twilight sky filled with dancing aurora lights, symbolizing the brave spirit of adventure and the precious bonds of family that guide every journey through the beauty of nature, soft kawaii style, horizontal composition 16:9, high quality illustration, detailed fur texture
[04:12:30] ComfyUI #4: 巧克力熊 (奇幻) [1600x900]
[04:12:51]   已保存: 131-巧克力熊.png
[04:12:51]   No.132 metadata: title=魄夢熊, series=幽靈燈塔系列, personality=海量汪涵，喜歡糖霜餅乾。珍惜每一個美好的瞬間。
[04:12:51]   MiniMax 產生 prompt: 魄夢熊
[04:13:06]   prompt: A gentle translucent white bear with soulful dark eyes stands on weathered lighthouse rocks at twilight, clutching a delicate sugar-frosted cookie, surrounded by gentle ocean waves carrying bioluminescent glow. The ghost lighthouse emanates a warm amber light that mingles with soft lavender and seafoam mist, creating a magical ethereal atmosphere where every precious moment feels frozen in time. Whimsical floating lights drift through the childlike scene while the vast ocean sparkles with countless stars reflected in the water, capturing the bear's generous spirit and deep appreciation for beautiful fleeting moments in a nostalgic, heartwarming composition, soft kawaii style, horizontal composition 16:9, high quality illustration, detailed fur texture
[04:13:06] ComfyUI #5: 魄夢熊 (童趣) [1600x900]
[04:13:26]   已保存: 132-魄夢熊.png
[04:13:26]   No.133 metadata: title=守護者, series=月光精靈系列, personality=我於霧氣朦朧裡找到了美好！有責任感，熱愛探索未知。
[04:13:26]   MiniMax 產生 prompt: 流星守護者
[04:13:37]   prompt: A small silver-gray bear guardian standing proudly on a futuristic rooftop overlooking a sprawling cyberpunk metropolis at twilight, massive neon signs and holographic displays casting vibrant glows in purple, cyan, and pink across the misty fog below, while luminous meteors streak across the starry sky above the towering skyscrapers, the bear has a mystical glowing aura symbolizing its protective duty, a responsible and watchful expression with determined eyes gazing into the distant unknown, floating platforms and sleek flying vehicles穿梭 in the background, dynamic volumetric lighting with ethereal particles and starlight creating a magical atmosphere of adventure and discovery in this enchanting moonlit spirit realm, soft kawaii style, horizontal composition 16:9, high quality illustration, detailed fur texture
[04:13:37] ComfyUI #6: 流星守護者 (賽博朋克) [1600x900]
[04:13:57]   已保存: 133-流星守護者.png
[04:13:57] 共生成 6 張圖片於 /home/fjj04/bears/2026-06-23
[04:13:57] 
--- 步驟 5: 更新熊熊博物館 ---
[04:13:57] 已複製: 128-魂花熊.png → /home/fjj04/my-bear-museum/bears/2026-06-23/128-魂花熊.png
[04:13:57]   已生成縮圖: bears/2026-06-23/thumbs/128-魂花熊-s.png, bears/2026-06-23/thumbs/128-魂花熊-m.png
[04:13:57] 已複製: 129-星光嚮導.png → /home/fjj04/my-bear-museum/bears/2026-06-23/129-星光嚮導.png
[04:13:57]   已生成縮圖: bears/2026-06-23/thumbs/129-星光嚮導-s.png, bears/2026-06-23/thumbs/129-星光嚮導-m.png
[04:13:57] 已複製: 130-流星王子.png → /home/fjj04/my-bear-museum/bears/2026-06-23/130-流星王子.png
[04:13:57]   已生成縮圖: bears/2026-06-23/thumbs/130-流星王子-s.png, bears/2026-06-23/thumbs/130-流星王子-m.png
[04:13:57] 已複製: 131-巧克力熊.png → /home/fjj04/my-bear-museum/bears/2026-06-23/131-巧克力熊.png
[04:13:57]   已生成縮圖: bears/2026-06-23/thumbs/131-巧克力熊-s.png, bears/2026-06-23/thumbs/131-巧克力熊-m.png
[04:13:57] 已複製: 132-魄夢熊.png → /home/fjj04/my-bear-museum/bears/2026-06-23/132-魄夢熊.png
[04:13:57]   已生成縮圖: bears/2026-06-23/thumbs/132-魄夢熊-s.png, bears/2026-06-23/thumbs/132-魄夢熊-m.png
[04:13:57] 已複製: 133-流星守護者.png → /home/fjj04/my-bear-museum/bears/2026-06-23/133-流星守護者.png
[04:13:57]   已生成縮圖: bears/2026-06-23/thumbs/133-流星守護者-s.png, bears/2026-06-23/thumbs/133-流星守護者-m.png
[04:13:57] 已更新 bears.json
[04:13:57] 新增 6 隻熊熊
[04:13:57] 
--- 步驟 6: Git Commit ---
[04:14:06] Git push 完成
[04:14:06] 
--- 步驟 7: 部署到 Cloudflare Pages ---
[04:14:20] 
===== 完成 =====
[04:14:20] 到 https://kumaweb.pages.dev 觀看結果
