[04:10:24] ===== 熊熊每日配送計畫 =====
[04:10:24] 今日日期: 2026-06-17
[04:10:24] 暫存目錄: /home/fjj04/bears/2026-06-17
[04:10:24] 目的目錄: /home/fjj04/my-bear-museum/bears/2026-06-17
[04:10:24] 
--- 步驟 1: 檢查系統狀態 ---
[04:10:24] ComfyUI: ✓ 在線
[04:10:24] 
--- 步驟 2: 取得熊熊名字和風格 ---
[04:10:24] 熊熊: ['銀河魔法師', '雪花熊', '香草熊', '月影精靈', '琉璃熊', '流星映月者']
[04:10:24] 風格: ['像素藝術', '表情包', '3D', '像素', '水彩', '油畫']
[04:10:24] 
--- 步驟 3: 準備目錄 ---
[04:10:24] 
--- 步驟 4: 生成圖片 ---
[04:10:24] 配送計畫: ComfyUI 6 張 + MiniMax 0 張 （ComfyUI 在線）
[04:10:24]   No.86 metadata: title=魔法師, series=奇蹟之花系列, personality=我於糖霜星空中守護！有禮貌，活潑開朗。
[04:10:24]   MiniMax 產生 prompt: 銀河魔法師
[04:10:36]   prompt: A cheerful white and silver bear wizard stands proudly in a magical garden filled with blooming miracle flowers under a frosted starlit sky. The bear wears a flowing cosmic robe adorned with glittering constellation patterns and holds a glowing magical staff topped with a crystal orb. Soft moonlight bathes the entire scene while tiny sparkles and floating candy stars drift gently around him, creating a dreamy enchanted atmosphere. The pixel art style gives the image a nostalgic retro charm with carefully placed colorful pixels that bring warmth and cuteness to this magical cosmic moment, soft kawaii style, horizontal composition 16:9, high quality illustration, detailed fur texture
[04:10:36] ComfyUI #1: 銀河魔法師 (像素藝術) [1600x900]
[04:10:57]   已保存: 86-銀河魔法師.png
[04:10:57]   No.87 metadata: title=雪花熊, series=糖果小屋系列, personality=創意獨特，喜歡草莓大福。熱愛大自然的美好。
[04:10:57]   MiniMax 產生 prompt: 雪花熊
[04:11:12]   prompt: A charming white bear with soft fluffy fur gently cradles a perfectly round pink strawberry daifuku rice ball in its tiny paws, standing in a whimsical candy-colored forest clearing surrounded by frosted pine trees and delicate snowflakes drifting down from a pale blue winter sky, the bear gazes with creative and dreamy expression featuring sparkling curious eyes, wearing a small wreath of winter berries nestled among its white fur, the scene rendered in adorable expression pack style with bold outlines, pastel candy colors, and magical soft lighting filtering through crystalline snow-covered branches, creating a warm yet wintry atmosphere that celebrates the beauty of nature, with scattered wildflowers peeking through patches of soft snow at the bear's feet and tiny sparkling snowflakes catching the gentle golden light of a setting winter sun, soft kawaii style, horizontal composition 16:9, high quality illustration, detailed fur texture
[04:11:12] ComfyUI #2: 雪花熊 (表情包) [1600x900]
[04:11:32]   已保存: 87-雪花熊.png
[04:11:32]   No.88 metadata: title=香草熊, series=夢境之門系列, personality=今天發現了精靈王國，想分享給你！機智風趣，珍惜每一個美好的瞬間。
[04:11:32]   MiniMax 產生 prompt: 香草熊
[04:11:43]   prompt: A charming vanilla-colored bear cub with soft cream-colored fur stands at the entrance of an enchanted forest, eyes sparkling with wonder as delicate glowing butterflies flutter around them. Towering crystalline mushrooms in shades of lavender and mint line a winding cobblestone path leading deeper into the mystical Elf Kingdom, where ethereal spirit lights drift like floating lanterns through ancient silver trees. The bear gestures excitedly with tiny paws toward magical floating islands in the distance, golden sunlight filtering through canopy leaves and casting prismatic rainbows across dewdrops that shimmer like tiny diamonds on every leaf and flower. The entire scene glows with warm golden hour lighting mixed with cool magical luminescence, creating a breathtaking fantasy atmosphere where fantasy creatures peek from behind glowing flowers, celebrating the beauty of discovery and sharing wonderful moments with friends, soft kawaii style, horizontal composition 16:9, high quality illustration, detailed fur texture
[04:11:43] ComfyUI #3: 香草熊 (3D) [1600x900]
[04:12:03]   已保存: 88-香草熊.png
[04:12:03]   No.89 metadata: title=精靈, series=時光寶盒系列, personality=我於精靈傳說裡找到了美好！光明磊落，珍惜每一個綻放的瞬間。
[04:12:03]   MiniMax 產生 prompt: 月影精靈
[04:12:12]   prompt: In an enchanted pixel art forest clearing under a luminous moonlit sky, a small adorable kawaii bear spirit with soft silver-blue fur stands beneath a glowing ancient tree, surrounded by floating translucent spirit orbs and delicate moonflowers that bloom with golden light. The ethereal elf bear has bright curious eyes and delicate leaf-like ears, wearing a crown of tiny glowing moons. Magical fireflies dance around its paws as it gazes in wonder at a blooming celestial flower, representing the precious fleeting moments it treasures. Soft moonlight casts gentle shadows through the mystical woodland, while sparkles of starlight cascade down like gentle rain, illuminating this enchanting creature standing in a clearing filled with floating time hourglass symbols from its magical realm, soft kawaii style, horizontal composition 16:9, high quality illustration, detailed fur texture
[04:12:12] ComfyUI #4: 月影精靈 (像素) [1600x900]
[04:12:32]   已保存: 89-月影精靈.png
[04:12:32]   No.90 metadata: title=琉璃熊, series=星光大道系列, personality=我在潮汐物語裡找到了美好！柔情似蜜，喜歡收集閃閃發亮的東西。
[04:12:32]   MiniMax 產生 prompt: 琉璃熊
[04:12:44]   prompt: A translucent glazed bear with shimmering blue-violet fur stands on a moonlit beach where gentle waves meet the shore, surrounded by scattered pearls, sea glass, and glowing seashells that reflect starlight from the celestial boulevard above. The tender bear cradles a sparkling treasure in its soft paws, with a dreamy watercolor background featuring flowing gradients of twilight purple, rose gold, and deep ocean blue. Magical sparkles and luminescent fireflies drift through the salty evening air, casting gentle glows across the crystalline fur while the tide whispers ancient tales of beauty and wonder, soft kawaii style, horizontal composition 16:9, high quality illustration, detailed fur texture
[04:12:44] ComfyUI #5: 琉璃熊 (水彩) [1600x900]
[04:13:04]   已保存: 90-琉璃熊.png
[04:13:04]   No.91 metadata: title=映月者, series=星星王國系列, personality=我在星月交輝中追光！幽默逗趣，樂觀開朗。
[04:13:04]   MiniMax 產生 prompt: 流星映月者
[04:13:19]   prompt: A cheerful teddy bear character with soft warm golden-brown fur stands joyfully on a mystical moonlit hilltop in a dreamy night meadow, reaching one tiny paw toward a luminous oversized moon that fills the sky with ethereal silver-blue light. Streaking meteors leave glowing trails across a heavens filled with twinkling stars, creating a magical celestial cascade around the bear. Below, rolling hills sparkle with glowing wildflowers and tiny fireflies dance in the moonbeams, while a crystal-clear pond nearby shimmers with the moon's reflection. The bear's expression radiates pure delight and wonder, embodying playful optimism as light streams through the clouds in golden rays. Rich impasto oil painting technique with bold visible brushstrokes, warm amber and cool silver tones blending harmoniously in romantic classical composition, storybook illustration style with soft atmospheric depth, soft kawaii style, horizontal composition 16:9, high quality illustration, detailed fur texture
[04:13:19] ComfyUI #6: 流星映月者 (油畫) [1600x900]
[04:13:39]   已保存: 91-流星映月者.png
[04:13:39] 共生成 6 張圖片於 /home/fjj04/bears/2026-06-17
[04:13:39] 
--- 步驟 5: 更新熊熊博物館 ---
[04:13:39] 已複製: 86-銀河魔法師.png → /home/fjj04/my-bear-museum/bears/2026-06-17/86-銀河魔法師.png
[04:13:40]   已生成縮圖: bears/2026-06-17/thumbs/86-銀河魔法師-s.png, bears/2026-06-17/thumbs/86-銀河魔法師-m.png
[04:13:40] 已複製: 87-雪花熊.png → /home/fjj04/my-bear-museum/bears/2026-06-17/87-雪花熊.png
[04:13:40]   已生成縮圖: bears/2026-06-17/thumbs/87-雪花熊-s.png, bears/2026-06-17/thumbs/87-雪花熊-m.png
[04:13:40] 已複製: 88-香草熊.png → /home/fjj04/my-bear-museum/bears/2026-06-17/88-香草熊.png
[04:13:40]   已生成縮圖: bears/2026-06-17/thumbs/88-香草熊-s.png, bears/2026-06-17/thumbs/88-香草熊-m.png
[04:13:40] 已複製: 89-月影精靈.png → /home/fjj04/my-bear-museum/bears/2026-06-17/89-月影精靈.png
[04:13:40]   已生成縮圖: bears/2026-06-17/thumbs/89-月影精靈-s.png, bears/2026-06-17/thumbs/89-月影精靈-m.png
[04:13:40] 已複製: 90-琉璃熊.png → /home/fjj04/my-bear-museum/bears/2026-06-17/90-琉璃熊.png
[04:13:40]   已生成縮圖: bears/2026-06-17/thumbs/90-琉璃熊-s.png, bears/2026-06-17/thumbs/90-琉璃熊-m.png
[04:13:40] 已複製: 91-流星映月者.png → /home/fjj04/my-bear-museum/bears/2026-06-17/91-流星映月者.png
[04:13:40]   已生成縮圖: bears/2026-06-17/thumbs/91-流星映月者-s.png, bears/2026-06-17/thumbs/91-流星映月者-m.png
[04:13:40] 已更新 bears.json
[04:13:40] 新增 6 隻熊熊
[04:13:40] 
--- 步驟 6: Git Commit ---
[04:13:49] Git push 完成
[04:13:49] 
--- 步驟 7: 部署到 Cloudflare Pages ---
[04:14:09] 
===== 完成 =====
[04:14:09] 到 https://kumaweb.pages.dev 觀看結果
