[04:11:03] ===== 熊熊每日配送計畫 =====
[04:11:03] 今日日期: 2026-08-13
[04:11:03] 暫存目錄: /home/fjj04/bears/2026-08-13
[04:11:03] 目的目錄: /home/fjj04/my-bear-museum/bears/2026-08-13
[04:11:03] 
--- 步驟 1: 檢查系統狀態 ---
[04:11:03] ComfyUI: ✓ 在線
[04:11:03] 
--- 步驟 2: 取得熊熊名字和風格 ---
[04:11:03] 熊熊: ['霧雲熊', '白雲旅人', '彩霞守護神', '月光熊', '露夢熊', '白雲織夢者']
[04:11:03] 風格: ['霓虹燈', '浮雕', '故障藝術', '等距視角', '藝術大字', '塗鴉']
[04:11:03] 
--- 步驟 3: 準備目錄 ---
[04:11:03] 
--- 步驟 4: 生成圖片 ---
[04:11:03] 配送計畫: ComfyUI 6 張 + MiniMax 0 張 （ComfyUI 在線）
[04:11:03]   No.441 metadata: title=霧雲熊, series=奇遇記系列, personality=今天發現了魔法鏡子，想分享給你！寬容大量，充滿好奇與勇氣。, conditions={'emotion': {'zh': '開心大笑', 'en': 'laughing joyfully'}}
[04:11:03]   MiniMax 產生 prompt: 霧雲熊
[04:11:15]   prompt: A magnificent fog-gray bear with soft cloud-like fur stands in a futuristic neon-lit cityscape at twilight, its round friendly face glowing with pure joy as it laughingly kicks a glowing soccer ball across a reflective pavement, accompanied by a tiny handmade fabric doll wearing a tiny scarf bouncing excitedly nearby and a cheerful yellow duckling waddling alongside with wings spread wide in delight, the neon signs of surrounding buildings casting brilliant pink, cyan, and purple light reflections across the wet ground, while scattered magical sparkles and floating light particles drift through the air like tiny stars, creating an atmosphere of whimsical adventure and friendship as they play together under a gradient sky transitioning from deep indigo to warm sunset orange, soft kawaii style, horizontal composition 16:9, high quality illustration, detailed fur texture
[04:11:15] ComfyUI #1: 霧雲熊 (霓虹燈) [1600x900]
[04:11:36]   已保存: 441-霧雲熊.png
[04:11:36]   No.442 metadata: title=旅人, series=雲端城市系列, personality=我在帆船遠航裡找到了美好！焦油黑，珍惜每一個綻放的瞬間。, conditions={'weather': {'zh': '彩虹出現', 'en': 'under a brilliant rainbow'}, 'time_of_day': {'zh': '黃昏', 'en': 'at sunset with orange sky'}}
[04:11:36]   MiniMax 產生 prompt: 白雲旅人
[04:11:49]   prompt: A majestic black bear with soulful eyes sits at the stern of a small wooden rowboat gliding peacefully across a tranquil misty lake, gently rowing with determination while wearing a small explorer's cap, accompanied by a fluffy orange cat curled contentedly at the bow and a cheerful yellow duckling perched near the boat's edge, their reflections rippling beautifully on the calm water beneath a brilliant double rainbow arcing across the warm orange and pink sunset sky as golden hour light bathes the entire scene in a soft ethereal glow, rendered in stunning bas-relief sculpture style with elegant carved textures and dramatic shadows that give the figures remarkable depth and dimension, celebrating the wonder of friendship and the joy of cherishing every precious moment of life's journey, soft kawaii style, horizontal composition 16:9, high quality illustration, detailed fur texture
[04:11:49] ComfyUI #2: 白雲旅人 (浮雕) [1600x900]
[04:12:09]   已保存: 442-白雲旅人.png
[04:12:09]   No.443 metadata: title=守護神, series=魔法寶石系列, personality=我用故障藝術風格描繪蓮花出淤泥！踏實上進，溫柔似水，珍惜每一個美好的瞬間。, conditions={'weather': {'zh': '彩虹出現', 'en': 'under a brilliant rainbow'}, 'time_of_day': {'zh': '月夜', 'en': 'under the glowing full moon'}, 'emotion': {'zh': '興奮跳躍', 'en': 'jumping with excitement'}}
[04:12:09]   MiniMax 產生 prompt: 彩霞守護神
[04:12:32]   prompt: A magical guardian spirit bear rendered in stunning glitch art style leaps joyfully beneath a brilliant rainbow that arches across a glowing full moonlit sky, chromatic aberration fragments creating rainbow-colored pixel distortions and digital scan lines around the ethereal figure, the luminous white bear with precious gem-like eyes and flowing rainbow-tinted fur glistens with moonbeams while floating above a serene pond where lotus flowers bloom from dark mud, representing beauty emerging from hardship, a small child companion claps excitedly nearby and a tiny white bunny hops along the water's edge, both watching with wide amazed eyes as the guardian spirit jumps higher with pure joy, the entire scene alive with prismatic color shifts and digital artifacts that enhance the magical atmosphere, scattered magical gems sparkle in the water and throughout the air, the combination of moonlit serenity and rainbow vibrancy creating an otherworldly digital fantasy dreamscape full of warmth and wonder, soft kawaii style, horizontal composition 16:9, high quality illustration, detailed fur texture
[04:12:32] ComfyUI #3: 彩霞守護神 (故障藝術) [1600x900]
[04:12:52]   已保存: 443-彩霞守護神.png
[04:12:52]   No.444 metadata: title=月光熊, series=水晶宮殿系列, personality=我用等距視角風格描繪夢境流星！好奇創新，勇敢無畏，充滿好奇與勇氣。, conditions=None
[04:12:52]   MiniMax 產生 prompt: 月光熊
[04:13:03]   prompt: In a magical isometric world, a gentle moonlit teddy bear sits on a grassy hilltop campsite beside a tiny white rabbit companion, both gazing upward at a breathtaking night sky filled with countless twinkling stars and a brilliant shooting star streaking across the dark indigo heavens, a small crystal tent and glowing lanterns nearby casting soft warm light against the cool moonlight, the bear's curious expression and the rabbit's excited pose conveying their wonder and shared adventure as they sit together on a wooden picnic bench, magical sparkles and tiny floating crystals drift through the air around them, creating an enchanting atmosphere of fearless exploration and celestial beauty under a luminous full moon with distant purple mountains silhouetted against the starry backdrop, soft kawaii style, horizontal composition 16:9, high quality illustration, detailed fur texture
[04:13:03] ComfyUI #4: 月光熊 (等距視角) [1600x900]
[04:13:24]   已保存: 444-月光熊.png
[04:13:24]   No.445 metadata: title=露夢熊, series=糖果王國系列, personality=今天發現了花園城堡，想分享給你！低調奢華，總是給身邊的人帶來幸福感。, conditions={'weather': {'zh': '彩虹出現', 'en': 'under a brilliant rainbow'}, 'emotion': {'zh': '興奮跳躍', 'en': 'jumping with excitement'}}
[04:13:24]   MiniMax 產生 prompt: 露夢熊
[04:13:40]   prompt: A charming teddy bear with soft creamy-brown fur and a subtle golden shimmer discovered a magical flower garden castle and is now sharing the wonderful discovery with dear friends, a small white rabbit with pink ears and a fluffy cream-colored dog with a wagging tail, they are having a delightful picnic on a lush green meadow filled with blooming roses, daisies, and colorful wildflowers under a brilliant rainbow arcing across the sky, the bear is jumping with excitement while spreading arms wide as if embracing the beauty around them, the little rabbit sits on a checkered blanket holding a tiny cupcake while the puppy playfully rolls on the grass beside a wicker basket overflowing with candy-colored treats and sparkling juice, scattered flower petals swirl in the gentle breeze, magical golden sparkles drift through the air creating a dreamy atmosphere, the scene captures pure joy and togetherness with warm sunlight filtering through the rainbow glow, large elegant calligraphy-style letters reading "Dream" and "Happiness" float gently above the meadow in a soft watercolor style blending harmoniously with the vibrant candy-colored landscape, soft kawaii style, horizontal composition 16:9, high quality illustration, detailed fur texture
[04:13:40] ComfyUI #5: 露夢熊 (藝術大字) [1600x900]
[04:14:00]   已保存: 445-露夢熊.png
[04:14:00]   No.446 metadata: title=織夢者, series=光之物語系列, personality=我在魔法森林深中跳舞！晨曦大道的，純真善良。, conditions=None
[04:14:00]   MiniMax 產生 prompt: 白雲織夢者
[04:14:13]   prompt: A whimsical white bear with cloud-soft fur floats joyfully across a golden sunny beach, wearing a sparkle-threaded scarf that catches the warm light, as the dream weaver leads an exciting treasure hunt with a fluffy orange cat, a smiling human child, and a tiny white rabbit following behind with shovels and a tattered map, their playful paws leaving doodle-style footprints in the sand while waves sparkle like scattered diamonds, the magical morning atmosphere filled with floating cloud wisps and golden rays that make the bear appear to dance between reality and dreams, with a glittering treasure chest half-buried in the distance beckoning them forward, rendered in loose sketchy lines and playful doodle strokes that capture the innocent adventure spirit of pure friendship on this magical dawn-lit shore, soft kawaii style, horizontal composition 16:9, high quality illustration, detailed fur texture
[04:14:13] ComfyUI #6: 白雲織夢者 (塗鴉) [1600x900]
[04:14:33]   已保存: 446-白雲織夢者.png
[04:14:33] 共生成 6 張圖片於 /home/fjj04/bears/2026-08-13
[04:14:33] 
--- 步驟 5: 更新熊熊博物館 ---
[04:14:33] 已複製: 441-霧雲熊.png → /home/fjj04/my-bear-museum/bears/2026-08-13/441-霧雲熊.png
[04:14:33]   已生成縮圖: bears/2026-08-13/thumbs/441-霧雲熊-s.png, bears/2026-08-13/thumbs/441-霧雲熊-m.png
[04:14:33] 已複製: 442-白雲旅人.png → /home/fjj04/my-bear-museum/bears/2026-08-13/442-白雲旅人.png
[04:14:33]   已生成縮圖: bears/2026-08-13/thumbs/442-白雲旅人-s.png, bears/2026-08-13/thumbs/442-白雲旅人-m.png
[04:14:33] 已複製: 443-彩霞守護神.png → /home/fjj04/my-bear-museum/bears/2026-08-13/443-彩霞守護神.png
[04:14:33]   已生成縮圖: bears/2026-08-13/thumbs/443-彩霞守護神-s.png, bears/2026-08-13/thumbs/443-彩霞守護神-m.png
[04:14:33] 已複製: 444-月光熊.png → /home/fjj04/my-bear-museum/bears/2026-08-13/444-月光熊.png
[04:14:34]   已生成縮圖: bears/2026-08-13/thumbs/444-月光熊-s.png, bears/2026-08-13/thumbs/444-月光熊-m.png
[04:14:34] 已複製: 445-露夢熊.png → /home/fjj04/my-bear-museum/bears/2026-08-13/445-露夢熊.png
[04:14:34]   已生成縮圖: bears/2026-08-13/thumbs/445-露夢熊-s.png, bears/2026-08-13/thumbs/445-露夢熊-m.png
[04:14:34] 已複製: 446-白雲織夢者.png → /home/fjj04/my-bear-museum/bears/2026-08-13/446-白雲織夢者.png
[04:14:34]   已生成縮圖: bears/2026-08-13/thumbs/446-白雲織夢者-s.png, bears/2026-08-13/thumbs/446-白雲織夢者-m.png
[04:14:34] 已更新 bears.json
[04:14:34] 新增 6 隻熊熊
[04:14:34] 
--- 步驟 6: Git Commit ---
[04:14:43] Git push 完成
[04:14:43] 
--- 步驟 7: 部署到 Cloudflare Pages ---
[04:14:59] 
===== 完成 =====
[04:14:59] 到 https://kumaweb.pages.dev 觀看結果
