[04:11:03] ===== 熊熊每日配送計畫 =====
[04:11:03] 今日日期: 2026-08-08
[04:11:03] 暫存目錄: /home/fjj04/bears/2026-08-08
[04:11:03] 目的目錄: /home/fjj04/my-bear-museum/bears/2026-08-08
[04:11:03] 
--- 步驟 1: 檢查系統狀態 ---
[04:11:03] ComfyUI: ✓ 在線
[04:11:03] 
--- 步驟 2: 取得熊熊名字和風格 ---
[04:11:03] 熊熊: ['粉色熊', '白雲踏星者', '蜜海熊', '銀河雲遊者', '晨曦騎士', '霧海熊']
[04:11:03] 風格: ['80年代復古', '工業革命蒸汽時代', '水晶寶石', '全息投影', '彩色玻璃', '押花拼貼']
[04:11:03] 
--- 步驟 3: 準備目錄 ---
[04:11:03] 
--- 步驟 4: 生成圖片 ---
[04:11:03] 配送計畫: ComfyUI 6 張 + MiniMax 0 張 （ComfyUI 在線）
[04:11:03]   No.411 metadata: title=粉色熊, series=雲端火車系列, personality=我於波斯菊美中跳舞！成熟穩重，忠誠守信。, conditions={'weather': {'zh': '彩虹出現', 'en': 'under a brilliant rainbow'}, 'emotion': {'zh': '興奮跳躍', 'en': 'jumping with excitement'}}
[04:11:03]   MiniMax 產生 prompt: 粉色熊
[04:11:19]   prompt: A cheerful pink bear dances joyfully through a vast purple cosmos flower field stretching toward the clouds, its soft pink fur glowing warmly in the sunlight as it leaps with pure excitement, wearing a wide delighted smile that shows its loving heart, a magnificent rainbow arches brilliantly across the pastel blue sky in bold vintage colors of pink, orange and gold, an old-fashioned steam train drifts gracefully along a winding cloud railway track in the dreamy background, tiny cosmos blossoms sway gently around the jumping bear's paws in the soft breeze, a fluffy white rabbit companion bounces happily beside it sharing the magical moment of pure joy, the entire fantasy scene rendered in bold 80s retro color palette with geometric star bursts scattered across the warm sky, nostalgic pop art style with clean bold outlines and vibrant saturated colors, vintage illustration aesthetic with soft cel shading and warm nostalgic atmosphere, soft kawaii style, horizontal composition 16:9, high quality illustration, detailed fur texture
[04:11:19] ComfyUI #1: 粉色熊 (80年代復古) [1600x900]
[04:11:39]   已保存: 411-粉色熊.png
[04:11:39]   No.412 metadata: title=踏星者, series=彩虹盡頭系列, personality=喜歡分享，熱愛花季物語。是個夢幻的小精靈。, conditions={'prop': {'zh': '戴皇冠', 'en': 'wearing a small golden crown'}}
[04:11:39]   MiniMax 產生 prompt: 白雲踏星者
[04:11:55]   prompt: A whimsical white bear with soft cloud-like fur wearing a delicate golden crown walks along a winding mossy path through an ancient mysterious forest filled with bioluminescent flowers and floating golden fireflies, the little bear reaches out to gently share a glowing flower with a tiny orange kitten who playfully paws at it while a small teddy bear toy with brass joints and a yellow duckling with tiny goggles follow close behind, their eyes filled with wonder as they discover a magnificent steampunk greenhouse covered in copper vines and glass domes that sparkle with morning dew, delicate steam wisps curl around twisted tree roots that have grown into intricate Victorian archways, the scene is bathed in magical soft golden light filtering through the canopy with small gears and brass ornaments embedded in the tree bark, the dreamy fairy-like bear smiles warmly while the duckling waddles excitedly ahead and the teddy bear's button eyes seem to twinkle with adventure, creating a heartwarming tableau of friendship exploring the enchanted forest in a Victorian steampunk fantasy world, soft kawaii style, horizontal composition 16:9, high quality illustration, detailed fur texture
[04:11:55] ComfyUI #2: 白雲踏星者 (工業革命蒸汽時代) [1600x900]
[04:12:15]   已保存: 412-白雲踏星者.png
[04:12:15]   No.413 metadata: title=蜜海熊, series=星星王國系列, personality=我用水晶寶石風格描繪潮汐物語！純真開朗，踏實善良，帶來滿滿的溫暖與快樂。, conditions={'prop': {'zh': '戴皇冠', 'en': 'wearing a small golden crown'}}
[04:12:15]   MiniMax 產生 prompt: 蜜海熊
[04:12:31]   prompt: A magnificent golden honey-colored teddy bear rendered in stunning crystal gem style, each part of its body beautifully faceted like precious jewels with light refracting through translucent amber and golden tones, wearing a small delicate golden crown studded with tiny gems, standing proudly on a rocky shore where crystalline tide pools reflect the starlit sky above, the Starry Kingdom castle visible in the distant misty background with gentle waves lapping at sparkling sandy shores, its round innocent face glowing with warmth and genuine happiness, pure-hearted expression radiating joy and kindness, magical sparkles and tiny floating stars surrounding the scene creating a dreamy ethereal atmosphere, the crystal bear's fur appearing as smooth polished gemstones catching moonlight and starlight simultaneously, soft kawaii style, horizontal composition 16:9, high quality illustration, detailed fur texture
[04:12:31] ComfyUI #3: 蜜海熊 (水晶寶石) [1600x900]
[04:12:51]   已保存: 413-蜜海熊.png
[04:12:51]   No.414 metadata: title=雲遊者, series=夢想王國系列, personality=我於藍天無際裡找到了美好！劍蘭花，珍惜每一個綻放的瞬間。, conditions={'prop': {'zh': '戴圍巾', 'en': 'wearing a cozy scarf'}}
[04:12:51]   MiniMax 產生 prompt: 銀河雲遊者
[04:13:04]   prompt: A magnificent holographic teddy bear with a shimmering silver-blue galaxy coat drifts effortlessly on a whimsical swing set suspended among fluffy clouds, its iridescent fur catching rainbow light reflections that ripple like prisms across the sky, wearing a cozy burgundy scarf that flows gracefully in the gentle breeze, while a delightful little white rabbit friend bounces excitedly on the adjacent swing, their laughter echoing through the endless blue expanse where delicate gladiolus flowers bloom along the cloud edges, the entire scene rendered in stunning holographic projection with translucent layers, cosmic stardust particles floating around them, magical morning sunlight casting warm golden rays through the ethereal atmosphere, celebrating the joy of friendship and cherishing every precious moment of this fantastical cloud wandering adventure, soft kawaii style, horizontal composition 16:9, high quality illustration, detailed fur texture
[04:13:04] ComfyUI #4: 銀河雲遊者 (全息投影) [1600x900]
[04:13:24]   已保存: 414-銀河雲遊者.png
[04:13:24]   No.415 metadata: title=騎士, series=精靈茶會系列, personality=我用彩色玻璃風格描繪香草冰淇淋！忠誠勇敢，喜歡日出，熱愛大自然的美好。, conditions={'time_of_day': {'zh': '黃昏', 'en': 'at sunset with orange sky'}}
[04:13:24]   MiniMax 產生 prompt: 晨曦騎士
[04:13:45]   prompt: A magnificent cream-colored knight bear with a noble bearing stands proudly in a fantastical forest clearing at sunset, her fur rendered in warm vanilla and honey tones characteristic of stained glass art, wearing elegant armor pieces with deep jewel-toned accents of ruby, sapphire, and emerald that catch the golden hour light streaming through the translucent glass panels of her form. The sunset sky blazes in brilliant oranges, ambers, and soft purples behind her, with delicate stained glass geometric patterns creating a cathedral-like atmosphere around the scene, while tiny pixie friends with translucent wings flutter around her wearing miniature crowns and holding tiny golden cups as if attending an eternal tea party in the fairy realm. Delicate vines with blooming flowers frame the arched composition, and small forest creatures like a curious rabbit and fluffy hamster peek out from behind mushrooms nearby, all rendered in bold black outlines with vibrant glass-like color separations and mystical light effects that suggest late afternoon sunbeams piercing through the stained glass artwork, capturing the loyal and brave spirit of this nature-loving knight surrounded by the magical beauty of the forest at dusk, soft kawaii style, horizontal composition 16:9, high quality illustration, detailed fur texture
[04:13:45] ComfyUI #5: 晨曦騎士 (彩色玻璃) [1600x900]
[04:14:05]   已保存: 415-晨曦騎士.png
[04:14:05]   No.416 metadata: title=霧海熊, series=溫暖王國系列, personality=我在王子殿下中跳舞！快樂寶貝，誠實可靠。, conditions={'weather': {'zh': '晴天', 'en': 'on a bright sunny day'}, 'time_of_day': {'zh': '清晨', 'en': 'at dawn with golden light'}}
[04:14:05]   MiniMax 產生 prompt: 霧海熊
[04:14:25]   prompt: A charming teddy bear with soft blue-gray fur like morning mist rolling over the ocean, wearing a delicate crown of pressed wildflowers and botanical leaves, dancing joyfully in an elegant royal palace ballroom at dawn, golden sunlight streaming through tall arched windows creating warm rays across the polished marble floor, scattered pressed flower petals and botanical collage elements drifting gently through the air, accompanied by a fluffy white rabbit wearing a tiny golden crown hopping happily alongside and a small yellow duckling waddling behind with delight, the three friends celebrating together in this magical morning moment, the entire scene rendered in flower pressing collage art style with layered pressed botanicals, organic textures, soft watercolor washes, and natural earth tones, the palace walls decorated with framed botanical specimens and dried flower arrangements, warm glowing atmosphere, happy and whimsical mood capturing the bear's cheerful dancing spirit and honest reliable nature, soft kawaii style, horizontal composition 16:9, high quality illustration, detailed fur texture
[04:14:25] ComfyUI #6: 霧海熊 (押花拼貼) [1600x900]
[04:14:46]   已保存: 416-霧海熊.png
[04:14:46] 共生成 6 張圖片於 /home/fjj04/bears/2026-08-08
[04:14:46] 
--- 步驟 5: 更新熊熊博物館 ---
[04:14:46] 已複製: 411-粉色熊.png → /home/fjj04/my-bear-museum/bears/2026-08-08/411-粉色熊.png
[04:14:46]   已生成縮圖: bears/2026-08-08/thumbs/411-粉色熊-s.png, bears/2026-08-08/thumbs/411-粉色熊-m.png
[04:14:46] 已複製: 412-白雲踏星者.png → /home/fjj04/my-bear-museum/bears/2026-08-08/412-白雲踏星者.png
[04:14:46]   已生成縮圖: bears/2026-08-08/thumbs/412-白雲踏星者-s.png, bears/2026-08-08/thumbs/412-白雲踏星者-m.png
[04:14:46] 已複製: 413-蜜海熊.png → /home/fjj04/my-bear-museum/bears/2026-08-08/413-蜜海熊.png
[04:14:46]   已生成縮圖: bears/2026-08-08/thumbs/413-蜜海熊-s.png, bears/2026-08-08/thumbs/413-蜜海熊-m.png
[04:14:46] 已複製: 414-銀河雲遊者.png → /home/fjj04/my-bear-museum/bears/2026-08-08/414-銀河雲遊者.png
[04:14:46]   已生成縮圖: bears/2026-08-08/thumbs/414-銀河雲遊者-s.png, bears/2026-08-08/thumbs/414-銀河雲遊者-m.png
[04:14:46] 已複製: 415-晨曦騎士.png → /home/fjj04/my-bear-museum/bears/2026-08-08/415-晨曦騎士.png
[04:14:46]   已生成縮圖: bears/2026-08-08/thumbs/415-晨曦騎士-s.png, bears/2026-08-08/thumbs/415-晨曦騎士-m.png
[04:14:46] 已複製: 416-霧海熊.png → /home/fjj04/my-bear-museum/bears/2026-08-08/416-霧海熊.png
[04:14:46]   已生成縮圖: bears/2026-08-08/thumbs/416-霧海熊-s.png, bears/2026-08-08/thumbs/416-霧海熊-m.png
[04:14:46] 已更新 bears.json
[04:14:46] 新增 6 隻熊熊
[04:14:46] 
--- 步驟 6: Git Commit ---
[04:14:56] Git push 完成
[04:14:56] 
--- 步驟 7: 部署到 Cloudflare Pages ---
[04:15:14] 
===== 完成 =====
[04:15:14] 到 https://kumaweb.pages.dev 觀看結果
