[04:11:12] ===== 熊熊每日配送計畫 =====
[04:11:12] 今日日期: 2026-07-31
[04:11:12] 暫存目錄: /home/fjj04/bears/2026-07-31
[04:11:12] 目的目錄: /home/fjj04/my-bear-museum/bears/2026-07-31
[04:11:12] 
--- 步驟 1: 檢查系統狀態 ---
[04:11:12] ComfyUI: ✓ 在線
[04:11:12] 
--- 步驟 2: 取得熊熊名字和風格 ---
[04:11:12] 熊熊: ['流星夢想家', '朵月熊', '晨霧精靈', '輕嵐熊', '月影織光者', '虹光熊']
[04:11:12] 風格: ['水墨暈染', '像素藝術', '表情包', '3D', '像素', '水彩']
[04:11:12] 
--- 步驟 3: 準備目錄 ---
[04:11:12] 
--- 步驟 4: 生成圖片 ---
[04:11:12] 配送計畫: ComfyUI 6 張 + MiniMax 0 張 （ComfyUI 在線）
[04:11:12]   No.356 metadata: title=夢想家, series=夢境流星系列, personality=我在草原廣袤中跳舞！忠誠活潑，純真爛漫。
[04:11:12]   MiniMax 產生 prompt: 流星夢想家
[04:11:27]   prompt: A magnificent teddy bear with warm honey-golden fur dances joyfully in a snow-covered meadow surrounded by soft rolling hills under a pale winter sky, holding a snowball with one paw while a small white rabbit with delicate pink ears and a fluffy cream-colored dog with oversized paws playfully help pack snow for the snowman they are building together, their breath visible in the crisp air as gentle snowflakes drift down around them, rendered in traditional Chinese ink wash painting style with flowing sumi-e brushwork, soft gradient washes of grey and white creating misty atmospheric depth, delicate ink splatters suggesting falling snow, the three friends standing close together in a heartwarming moment of friendship and winter adventure, magical golden starlight from a distant shooting star illuminating their happy faces with warm glow against the cool blue-white winter landscape, soft kawaii style, horizontal composition 16:9, high quality illustration, detailed fur texture
[04:11:27] ComfyUI #1: 流星夢想家 (水墨暈染) [1600x900]
[04:11:47]   已保存: 356-流星夢想家.png
[04:11:47]   No.357 metadata: title=朵月熊, series=棉花糖王國系列, personality=我在糖果森林裡找到了美好！成熟穩重，熱愛探索未知。
[04:11:47]   MiniMax 產生 prompt: 朵月熊
[04:12:01]   prompt: A gentle pixelated bear with soft cream-colored fur and subtle moonlit highlights sits contentedly beside a tiny fabric doll friend as they ride an old-fashioned wooden train carriage through rolling candy-colored countryside hills. Warm afternoon sunlight streams through the train windows, casting soft golden glows across the dusty velvet seats while vibrant pixel flowers and cotton candy clouds drift past the window frame. The bear gazes thoughtfully at the passing landscape with wise, gentle eyes, one paw resting protectively on the small doll sitting beside them, both characters wearing tiny adventure hats and carrying a small wicker basket. The scene captures the peaceful magic of discovery, with tiny floating sugar crystals catching the light and a whimsical patchwork sky transitioning from soft pink to lavender above the candy forest treetops visible in the distance, soft kawaii style, horizontal composition 16:9, high quality illustration, detailed fur texture
[04:12:01] ComfyUI #2: 朵月熊 (像素藝術) [1600x900]
[04:12:21]   已保存: 357-朵月熊.png
[04:12:21]   No.358 metadata: title=精靈, series=雲端城堡系列, personality=今天發現了星河長明，想分享給你！天真無邪，充滿好奇與勇氣。
[04:12:21]   MiniMax 產生 prompt: 晨霧精靈
[04:12:37]   prompt: A small magical bear spirit with translucent wings and soft fur the color of morning mist, standing on a mountain peak under a breathtaking canopy of countless glowing stars forming the eternal bright starry river, the bear has an excited expression pointing upward at the celestial wonder while sharing this magical discovery with three adorable friends gathered around a cozy campsite with a warm glowing lantern between them, a fluffy yellow duckling wearing a tiny backpack, a little white rabbit with long ears perked up in wonder, and a small fluffy dog with sparkling eyes all looking up in awe at the cosmic display above, the scene wrapped in ethereal morning mist drifting between pine trees with fireflies floating nearby creating a dreamy and heartwarming atmosphere of innocent adventure and the joy of sharing beautiful discoveries with beloved friends, in expressive sticker art style with bold outlines and soft pastel colors, soft kawaii style, horizontal composition 16:9, high quality illustration, detailed fur texture
[04:12:37] ComfyUI #3: 晨霧精靈 (表情包) [1600x900]
[04:12:57]   已保存: 358-晨霧精靈.png
[04:12:57]   No.359 metadata: title=輕嵐熊, series=奇蹟之花系列, personality=低調奢華，喜歡草莓奶凍。是個夢幻的小精靈。
[04:12:57]   MiniMax 產生 prompt: 輕嵐熊
[04:13:13]   prompt: A dreamy 3D rendered scene at a mystical mountain campsite under a vast starlit sky, where a small ethereal bear with soft misty cream-colored fur sits on a cozy plaid blanket beside a crackling campfire, gazing up at the shimmering constellations with wonder and magic, the bear is accompanied by a fluffy little dog nestled against its side, a tiny yellow duckling sitting nearby holding a marshmallow roasting stick, and a small teddy bear toy propped up against a camping pillow as if it's part of the group, the entire scene bathed in warm firelight that mingles with the cool silver moonlight from above, creating a breathtaking contrast of golden and blue tones across the forest clearing, with fireflies dancing gently through the pine trees and the peaceful mountains looming softly in the background under the spectacular aurora-streaked night sky, soft kawaii style, horizontal composition 16:9, high quality illustration, detailed fur texture
[04:13:13] ComfyUI #4: 輕嵐熊 (3D) [1600x900]
[04:13:33]   已保存: 359-輕嵐熊.png
[04:13:33]   No.360 metadata: title=織光者, series=精靈羽毛系列, personality=我在抹茶蛋糕裡找到了美好！獨立勇敢，熱愛探索未知。
[04:13:33]   MiniMax 產生 prompt: 月影織光者
[04:13:51]   prompt: In a mystical moonlit Japanese garden, a small bear with soft silver-blue fur sits beneath a glowing lantern, carefully weaving shimmering threads of pale moonlight into a delicate tapestry that floats gently in the cool night air, while a tiny white fairy rabbit with delicate wings and three glowing firefly sprites dance around the bear, their soft luminescence adding golden sparkles to the ethereal blue light of the moon threads, the scene rendered in charming pixel art style with a warm cozy atmosphere despite the cool nighttime setting, matcha green and cream colored traditional lanterns casting soft pools of amber light among the dark garden foliage, cherry blossom petals drifting lazily through the magical scene as the brave little bear confidently creates beautiful light patterns that illuminate the shadowy garden paths, conveying wonder and independent exploration through every glowing stitch, soft kawaii style, horizontal composition 16:9, high quality illustration, detailed fur texture
[04:13:51] ComfyUI #5: 月影織光者 (像素) [1600x900]
[04:14:11]   已保存: 360-月影織光者.png
[04:14:11]   No.361 metadata: title=虹光熊, series=魔法森林物語系列, personality=我在星辰精靈裡找到了美好！極光紫，喜歡收集閃閃發亮的東西。
[04:14:11]   MiniMax 產生 prompt: 虹光熊
[04:14:26]   prompt: A magical watercolor illustration of an adorable purple bear with iridescent rainbow highlights and soft fur, standing in a mystical forest clearing surrounded by delicate cherry blossom trees in full bloom, pink petals drifting gently through the air like confetti. The bear is accompanied by a sweet little white rabbit with pink ears and a tiny fabric doll, all three gazing up at the magical pink canopy together with wonder and joy. Sparkling stardust and tiny glowing light particles float around them, reflecting the bear's love for collecting beautiful sparkling treasures. Soft watercolor washes blend purple, pink, and gentle gold tones throughout the scene, with magical twinkling lights scattered among the cherry branches creating an enchanting atmosphere of friendship and wonder in this enchanted forest moment, soft kawaii style, horizontal composition 16:9, high quality illustration, detailed fur texture
[04:14:26] ComfyUI #6: 虹光熊 (水彩) [1600x900]
[04:14:46]   已保存: 361-虹光熊.png
[04:14:46] 共生成 6 張圖片於 /home/fjj04/bears/2026-07-31
[04:14:46] 
--- 步驟 5: 更新熊熊博物館 ---
[04:14:46] 已複製: 356-流星夢想家.png → /home/fjj04/my-bear-museum/bears/2026-07-31/356-流星夢想家.png
[04:14:46]   已生成縮圖: bears/2026-07-31/thumbs/356-流星夢想家-s.png, bears/2026-07-31/thumbs/356-流星夢想家-m.png
[04:14:46] 已複製: 357-朵月熊.png → /home/fjj04/my-bear-museum/bears/2026-07-31/357-朵月熊.png
[04:14:47]   已生成縮圖: bears/2026-07-31/thumbs/357-朵月熊-s.png, bears/2026-07-31/thumbs/357-朵月熊-m.png
[04:14:47] 已複製: 358-晨霧精靈.png → /home/fjj04/my-bear-museum/bears/2026-07-31/358-晨霧精靈.png
[04:14:47]   已生成縮圖: bears/2026-07-31/thumbs/358-晨霧精靈-s.png, bears/2026-07-31/thumbs/358-晨霧精靈-m.png
[04:14:47] 已複製: 359-輕嵐熊.png → /home/fjj04/my-bear-museum/bears/2026-07-31/359-輕嵐熊.png
[04:14:47]   已生成縮圖: bears/2026-07-31/thumbs/359-輕嵐熊-s.png, bears/2026-07-31/thumbs/359-輕嵐熊-m.png
[04:14:47] 已複製: 360-月影織光者.png → /home/fjj04/my-bear-museum/bears/2026-07-31/360-月影織光者.png
[04:14:47]   已生成縮圖: bears/2026-07-31/thumbs/360-月影織光者-s.png, bears/2026-07-31/thumbs/360-月影織光者-m.png
[04:14:47] 已複製: 361-虹光熊.png → /home/fjj04/my-bear-museum/bears/2026-07-31/361-虹光熊.png
[04:14:47]   已生成縮圖: bears/2026-07-31/thumbs/361-虹光熊-s.png, bears/2026-07-31/thumbs/361-虹光熊-m.png
[04:14:47] 已更新 bears.json
[04:14:47] 新增 6 隻熊熊
[04:14:47] 
--- 步驟 6: Git Commit ---
[04:14:56] Git push 完成
[04:14:56] 
--- 步驟 7: 部署到 Cloudflare Pages ---
[04:15:14] 
===== 完成 =====
[04:15:14] 到 https://kumaweb.pages.dev 觀看結果
[08:57:31] ===== 熊熊每日配送計畫 =====
[08:57:31] 模式: step2
[08:57:31] 今日日期: 2026-07-31
[08:57:31] 暫存目錄: /home/fjj04/bears/2026-07-31
[08:57:31] 目的目錄: /home/fjj04/my-bear-museum/bears/2026-07-31
[08:57:31] 
--- 步驟 1: 檢查系統狀態 ---
[08:57:31] ComfyUI: ✓ 在線
[08:57:31] 
--- 步驟 2: 取得熊熊名字和風格 ---
[08:57:31] 風格輪流 index: 3
[08:57:31] 配送隻數: ComfyUI 3 + MiniMax 3 = 6
[08:57:31] 熊熊 (6): ['月影占卜師', '雲花熊', '晴空熊', '朵夢熊', '心花熊', '暮色熊']
[08:57:31] 風格 (6): ['油畫', '奇幻', '童趣', '賽博朋克', '浮世繪', '點描']
[08:57:31]   #1 [ComfyUI]: 月影占卜師 / 油畫
[08:57:31]   #2 [ComfyUI]: 雲花熊 / 奇幻
[08:57:31]   #3 [ComfyUI]: 晴空熊 / 童趣
[08:57:31]   #4 [MiniMax]: 朵夢熊 / 賽博朋克
[08:57:31]   #5 [MiniMax]: 心花熊 / 浮世繪
[08:57:31]   #6 [MiniMax]: 暮色熊 / 點描
[08:57:31] 
[step2] 預覽完成，未生圖、未更新詞彙輪流
[08:57:56] ===== 熊熊每日配送計畫 =====
[08:57:56] 模式: step2
[08:57:56] 今日日期: 2026-07-31
[08:57:56] 暫存目錄: /home/fjj04/bears/2026-07-31
[08:57:56] 目的目錄: /home/fjj04/my-bear-museum/bears/2026-07-31
[08:57:56] 
--- 步驟 1: 檢查系統狀態 ---
[08:57:56] ComfyUI: ✓ 在線
[08:57:56] 
--- 步驟 2: 取得熊熊名字和風格 ---
[08:57:56] 風格輪流 index: 3
[08:57:56] 配送隻數: ComfyUI 0 + MiniMax 0 = 0
[08:57:56] 熊熊 (0): []
[08:57:56] 風格 (0): []
[08:57:56] 
[step2] 預覽完成，未生圖、未更新詞彙輪流
[09:05:58] ===== 熊熊每日配送計畫 =====
[09:05:58] 模式: step4
[09:05:58] 今日日期: 2026-07-31
[09:05:58] 暫存目錄: /home/fjj04/bears/2026-07-31
[09:05:58] 目的目錄: /home/fjj04/my-bear-museum/bears/2026-07-31
[09:05:58] 
--- 步驟 1: 檢查系統狀態 ---
[09:05:58] ComfyUI: ✓ 在線
[09:05:58] 
--- 步驟 2: 取得熊熊名字和風格 ---
[09:05:58] 熊熊: ['魂夢熊']
[09:05:58] 風格: ['油畫']
[09:05:58] 
--- 步驟 3: 準備目錄 ---
[09:05:58] 
--- 步驟 4: 生成圖片 ---
[09:05:58] 配送計畫: ComfyUI 0 張 + MiniMax 1 張 （ComfyUI 在線）
[09:05:58]   No.362 metadata: title=魂夢熊, series=命運之輪系列, personality=我用油畫風格描繪白雲點點！忠誠開朗，勇敢豪爽，熱愛大自然的美好。, conditions={'weather': {'zh': '颱風天', 'en': 'during a typhoon with dramatic winds'}, 'emotion': {'zh': '害羞微笑', 'en': 'smiling shyly'}}
[09:05:58]   MiniMax 產生 prompt: 魂夢熊
[09:06:14]   prompt: A charming teddy bear with soft cream-colored fur stands bravely in a windswept meadow during a dramatic typhoon, its small body tilting slightly from the powerful gusts while wearing a yellow raincoat, holding a red umbrella that strains against the howling wind, around it dark swirling clouds fill the stormy sky yet scattered white clouds peek through creating a breathtaking contrast of chaos and serenity, the bear gazes down with a shy yet gentle smile showing quiet courage and loyalty, wild grass bends horizontally in the fierce wind, rain streaks diagonally across the scene, and dramatic golden light breaks through a gap in the clouds illuminating the bear in a warm glow, small puddles reflect the turbulent sky on the ground, painted in rich impasto oil painting style with thick visible brushstrokes, bold expressive colors blending warm amber and cool blue-gray tones, emotional depth and atmospheric perspective, capturing both the wild beauty of nature and the bear's generous spirit embracing the storm, soft kawaii style, horizontal composition 16:9, high quality illustration, detailed fur texture
[09:06:14] MiniMax #1: 魂夢熊 (油畫) [16:9]
[09:06:31]   已保存: 362-魂夢熊.png
[09:06:31] 共生成 1 張圖片於 /home/fjj04/bears/2026-07-31
[09:06:31] 
[step4] 生圖完成，圖片保留於暫存目錄，未複製、未更新 bears.json
[09:10:39] ===== 熊熊每日配送計畫 =====
[09:10:39] 今日日期: 2026-07-31
[09:10:39] 暫存目錄: /home/fjj04/bears/2026-07-31
[09:10:39] 目的目錄: /home/fjj04/my-bear-museum/bears/2026-07-31
[09:10:39] 
--- 步驟 1: 檢查系統狀態 ---
[09:10:39] ComfyUI: ✓ 在線
[09:10:39] 
--- 步驟 2: 取得熊熊名字和風格 ---
[09:10:39] 熊熊: ['羽光熊', '銀河嚮導', '銀河拾光者', '彩霞夢想家', '羽海熊', '月影踏星者']
[09:10:39] 風格: ['奇幻', '童趣', '賽博朋克', '浮世繪', '點描', '水墨']
[09:10:39] 
--- 步驟 3: 準備目錄 ---
[09:10:39] 
--- 步驟 4: 生成圖片 ---
[09:10:39] 配送計畫: ComfyUI 0 張 + MiniMax 6 張 （ComfyUI 在線）
[09:10:39]   No.362 metadata: title=羽光熊, series=愛心魔杖系列, personality=我用奇幻風格描繪浪花飛濺！成熟內斂，拍立得的，總是給身邊的人帶來幸福感。, conditions={'weather': {'zh': '颱風天', 'en': 'during a typhoon with dramatic winds'}, 'emotion': {'zh': '興奮跳躍', 'en': 'jumping with excitement'}}
[09:10:39]   MiniMax 產生 prompt: 羽光熊
[09:10:53]   prompt: A magnificent fantasy illustration captures a luminous bear with soft feather-like fur that shimmers with an ethereal golden glow, leaping joyfully through the air as powerful typhoon winds swirl dramatically around it, lifting countless sparkling water droplets and magical feathers into a mesmerizing vortex, the bear's magical love wand held high radiating heart-shaped sparkles and brilliant light that illuminates the stormy clouds in impossible hues of purple and gold, waves crashing with spectacular force below as the bear's joyful jumping pose radiates pure excitement and happiness, a tiny duckling friend riding on the wind beside it both laughing with delight at the thrilling magical adventure, the entire scene bathed in dramatic yet enchanting lighting where the ferocity of the typhoon becomes a magical playground filled with floating hearts and cascading light trails, soft kawaii style, horizontal composition 16:9, high quality illustration, detailed fur texture
[09:10:53] MiniMax #1: 羽光熊 (奇幻) [16:9]
[09:11:10]   已保存: 362-羽光熊.png
[09:11:10]   No.363 metadata: title=嚮導, series=彩虹糖漿系列, personality=皓月的，熱愛雲霄之上。是個夢幻的小精靈。, conditions={'prop': {'zh': '拿氣球', 'en': 'holding colorful balloons'}}
[09:11:10]   MiniMax 產生 prompt: 銀河嚮導
[09:11:20]   prompt: A dreamy little spirit bear with soft luminous fur that glows like moonlight, wearing a galaxy-themed guide hat adorned with twinkling stars, stands on a fluffy rainbow-colored cloud high above the world in a twilight sky filled with scattered stars and a glowing crescent moon. This celestial bear playfully kicks a soccer ball with one paw while laughing joyfully, accompanied by a cute human child wearing rainbow sneakers who reaches toward the ball in excitement, and a cheerful yellow duckling waddling nearby on the cloud. Colorful balloons float gently around them, their strings trailing in the gentle breeze, while soft magical sparkles and stardust drift through the scene creating a whimsical childlike atmosphere of pure friendship and adventure among the clouds, soft kawaii style, horizontal composition 16:9, high quality illustration, detailed fur texture
[09:11:20] MiniMax #2: 銀河嚮導 (童趣) [16:9]
[09:11:36]   已保存: 363-銀河嚮導.png
[09:11:36]   No.364 metadata: title=拾光者, series=夢境之門系列, personality=我於晨露晶瑩裡找到了美好！機智敏捷，喜歡收集閃閃發亮的東西。, conditions={'weather': {'zh': '彩虹出現', 'en': 'under a brilliant rainbow'}, 'prop': {'zh': '撐傘', 'en': 'holding a transparent umbrella'}, 'emotion': {'zh': '驚訝表情', 'en': 'with a surprised expression'}}
[09:11:36]   MiniMax 產生 prompt: 銀河拾光者
[09:11:50]   prompt: In a breathtaking cyberpunk cityscape at dawn, a kawaii bear character with luminous silver-white fur stands on a floating platform amidst towering neon-lit skyscrapers and holographic billboards, gazing upward with wide sparkling eyes and a surprised expression while holding a crystal-clear transparent umbrella that refracts prismatic light across its soft fur, completely amazed by a brilliant rainbow arching across the morning sky between the futuristic buildings. Countless sparkling light particles and tiny holographic gems swirl around the bear like captured fragments of time and starlight, which it is eagerly collecting with its tiny paws, while a small hovering robot companion and a tiny cyberpunk-styled rabbit friend float nearby, sharing in the moment of wonder. The atmosphere blends the electric energy of cyberpunk with the delicate magic of morning dew, mixing cool blue and purple neon glows with warm golden sunlight streaming through the rainbow, creating an enchanting scene of a dream gate opening where technology meets wonder, soft kawaii style, horizontal composition 16:9, high quality illustration, detailed fur texture
[09:11:50] MiniMax #3: 銀河拾光者 (賽博朋克) [16:9]
[09:12:07]   已保存: 364-銀河拾光者.png
[09:12:07]   No.365 metadata: title=夢想家, series=光之物語系列, personality=今天發現了星星王國，想分享給你！幽默風趣，充滿好奇與勇氣。, conditions={'prop': {'zh': '彈吉他', 'en': 'playing a small guitar'}, 'emotion': {'zh': '害羞微笑', 'en': 'smiling shyly'}}
[09:12:07]   MiniMax 產生 prompt: 彩霞夢想家
[09:12:19]   prompt: A warm sunset-colored teddy bear with a gentle shy smile sits on a wooden platform at the edge of a dreamy star kingdom, strumming a small acoustic guitar under a magnificent cascade of glowing stars in traditional Japanese woodblock print style, accompanied by an adventurous little girl in a red jacket and a small white rabbit both looking up in wonder at the magical constellation above, the night sky alive with swirling galaxies and shooting stars creating an ethereal atmosphere of discovery and wonder, soft moonlight casting a gentle glow on their faces as the bear carefully shares this precious secret wonderland with close friends, rendered in classic ukiyo-e composition with bold outlines, flat color areas, and delicate wave patterns in the distance, adventurous yet tender moment captured in time, soft kawaii style, horizontal composition 16:9, high quality illustration, detailed fur texture
[09:12:19] MiniMax #4: 彩霞夢想家 (浮世繪) [16:9]
[09:12:38]   已保存: 365-彩霞夢想家.png
[09:12:38]   No.366 metadata: title=羽海熊, series=精靈茶會系列, personality=勇敢堅強，熱愛守護王國。熱愛大自然的美好。, conditions={'prop': {'zh': '拿話筒', 'en': 'holding a microphone singing'}}
[09:12:38]   MiniMax 產生 prompt: 羽海熊
[09:12:49]   prompt: A brave guardian bear with soft feather-like patterns in deep ocean blue and teal tones sits proudly at a cozy woodland campsite surrounded by pine trees, the bear wears a tiny crown adorned with tiny stars and holds a shining microphone while singing a gentle melody into the night, beside the bear sits a cheerful yellow duckling wearing a tiny bow tie looking up adoringly, a small white rabbit with long ears nestled contentedly in a woven basket nearby, and a beloved teddy bear toy propped up on a log with button eyes sparkling with wonder, above them stretches an impossibly vast starry night sky filled with twinkling constellations and a luminous crescent moon casting soft silver light over the scene, the forest clearing is decorated with glowing fireflies and wildflowers blooming in the moonlight, the atmosphere is magical and peaceful as this little group gazes upward at shooting stars streaking across the heavens, rendered in delicate pointillism technique where countless tiny colored dots blend together to create soft gradients and luminous depth, with warm campfire glow contrasting against cool starlight, soft kawaii style, horizontal composition 16:9, high quality illustration, detailed fur texture
[09:12:49] MiniMax #5: 羽海熊 (點描) [16:9]
[09:13:06]   已保存: 366-羽海熊.png
[09:13:06]   No.367 metadata: title=踏星者, series=雲端城堡系列, personality=我於雲端王國中小憩！珍惜時間，謙虛低調。, conditions={'weather': {'zh': '下雨天', 'en': 'in the gentle rain'}, 'emotion': {'zh': '開心大笑', 'en': 'laughing joyfully'}}
[09:13:06]   MiniMax 產生 prompt: 月影踏星者
[09:13:21]   prompt: A humble little bear with soft brown fur walks peacefully across floating cloud platforms in a mystical ink wash landscape, wearing a small woven straw hat and holding a tiny wooden walking staff, laughing joyfully with eyes closed and arms spread wide in pure delight, while gentle rain falls softly around the scene creating delicate ink splatter effects and flowing wet brush strokes across the composition, tiny golden stars are scattered across the wet sky like stepping stones the bear has been following, a crescent moon hangs low on the horizon casting silver moonlight that mingles with the raindrops, in the foreground a small curious rabbit with long ears and a gentle smile hops alongside the bear as if they've been longtime companions on this journey through the cloud kingdom, the ink wash painting style captures flowing black brushstrokes with varying ink density, vast areas of negative white space suggesting mist and atmosphere, subtle gray wash gradients creating depth between the cloud layers, the overall mood is one of carefree contentment and quiet wonder at the beauty of this fleeting moment in the celestial realm, soft kawaii style, horizontal composition 16:9, high quality illustration, detailed fur texture
[09:13:21] MiniMax #6: 月影踏星者 (水墨) [16:9]
[09:13:39]   已保存: 367-月影踏星者.png
[09:13:39] 共生成 6 張圖片於 /home/fjj04/bears/2026-07-31
[09:13:39] 
--- 步驟 5: 更新熊熊博物館 ---
[09:13:39] 已複製: 362-羽光熊.png → /home/fjj04/my-bear-museum/bears/2026-07-31/362-羽光熊.png
[09:13:39]   已生成縮圖: bears/2026-07-31/thumbs/362-羽光熊-s.png, bears/2026-07-31/thumbs/362-羽光熊-m.png
[09:13:39] 已複製: 363-銀河嚮導.png → /home/fjj04/my-bear-museum/bears/2026-07-31/363-銀河嚮導.png
[09:13:39]   已生成縮圖: bears/2026-07-31/thumbs/363-銀河嚮導-s.png, bears/2026-07-31/thumbs/363-銀河嚮導-m.png
[09:13:39] 已複製: 364-銀河拾光者.png → /home/fjj04/my-bear-museum/bears/2026-07-31/364-銀河拾光者.png
[09:13:39]   已生成縮圖: bears/2026-07-31/thumbs/364-銀河拾光者-s.png, bears/2026-07-31/thumbs/364-銀河拾光者-m.png
[09:13:39] 已複製: 365-彩霞夢想家.png → /home/fjj04/my-bear-museum/bears/2026-07-31/365-彩霞夢想家.png
[09:13:39]   已生成縮圖: bears/2026-07-31/thumbs/365-彩霞夢想家-s.png, bears/2026-07-31/thumbs/365-彩霞夢想家-m.png
[09:13:39] 已複製: 366-羽海熊.png → /home/fjj04/my-bear-museum/bears/2026-07-31/366-羽海熊.png
[09:13:39]   已生成縮圖: bears/2026-07-31/thumbs/366-羽海熊-s.png, bears/2026-07-31/thumbs/366-羽海熊-m.png
[09:13:39] 已複製: 367-月影踏星者.png → /home/fjj04/my-bear-museum/bears/2026-07-31/367-月影踏星者.png
[09:13:39]   已生成縮圖: bears/2026-07-31/thumbs/367-月影踏星者-s.png, bears/2026-07-31/thumbs/367-月影踏星者-m.png
[09:13:39] 已更新 bears.json
[09:13:39] 新增 6 隻熊熊
[09:13:39] 
--- 步驟 6: Git Commit ---
[09:13:44] Git push 完成
[09:13:44] 
--- 步驟 7: 部署到 Cloudflare Pages ---
[09:13:59] 
===== 完成 =====
[09:13:59] 到 https://kumaweb.pages.dev 觀看結果
