[04:10:23] ===== 熊熊每日配送計畫 =====
[04:10:23] 今日日期: 2026-06-25
[04:10:23] 暫存目錄: /home/fjj04/bears/2026-06-25
[04:10:23] 目的目錄: /home/fjj04/my-bear-museum/bears/2026-06-25
[04:10:23] 
--- 步驟 1: 檢查系統狀態 ---
[04:10:23] ComfyUI: ✓ 在線
[04:10:23] 
--- 步驟 2: 取得熊熊名字和風格 ---
[04:10:23] 熊熊: ['月星熊', '紫色仙子', '花海熊', '月影旅人', '潮月熊', '白雲守護者']
[04:10:23] 風格: ['復古', '極簡', '抽象', '國畫', '粉彩', '蒸汽朋克']
[04:10:23] 
--- 步驟 3: 準備目錄 ---
[04:10:23] 
--- 步驟 4: 生成圖片 ---
[04:10:23] 配送計畫: ComfyUI 6 張 + MiniMax 0 張 （ComfyUI 在線）
[04:10:23]   No.140 metadata: title=月星熊, series=夢境流星系列, personality=今天發現了香草布丁，想分享給你！陽光使者，熱愛大自然的美好。
[04:10:23]   MiniMax 產生 prompt: 月星熊
[04:10:33]   prompt: A whimsical vintage illustration of a charming bear character with soft moon and star patterns on its fluffy fur, standing joyfully in a sunlit meadow filled with wildflowers and floating meteor showers across a dreamy pastel sky. The bear holds a delicate porcelain bowl of creamy vanilla pudding, offering to share its sweet discovery with the viewer, while golden sunlight filters through translucent clouds and twinkling stars dance around the peaceful scene. Vintage botanical elements and celestial motifs frame the composition in an art nouveau style, with warm amber and soft lavender tones creating a nostalgic, magical atmosphere that captures the gentle joy of nature's simple pleasures, soft kawaii style, horizontal composition 16:9, high quality illustration, detailed fur texture
[04:10:33] ComfyUI #1: 月星熊 (復古) [1600x900]
[04:10:53]   已保存: 140-月星熊.png
[04:10:53]   No.141 metadata: title=仙子, series=彩虹糖果系列, personality=善良體貼，熱愛雲端城市。熱愛大自然的美好。
[04:10:53]   MiniMax 產生 prompt: 紫色仙子
[04:11:04]   prompt: A mystical purple fairy bear with delicate translucent wings and a soft glowing aura floats gracefully above an ethereal floating cloud city, surrounded by rainbow candy islands and soft blooming wildflowers. The minimalist composition features clean geometric shapes and smooth gradients creating a dreamy atmosphere, with the gentle bear gazing peacefully at distant pastel mountains and floating lotus flowers. Soft pastel light bathes the entire scene in a magical twilight glow, capturing the kind and considerate spirit of this woodland fairy who loves nature's beauty and peaceful cloud kingdoms, soft kawaii style, horizontal composition 16:9, high quality illustration, detailed fur texture
[04:11:04] ComfyUI #2: 紫色仙子 (極簡) [1600x900]
[04:11:24]   已保存: 141-紫色仙子.png
[04:11:24]   No.142 metadata: title=花海熊, series=夢境流星系列, personality=我在藍莓果醬中小憩！有規矩，樂觀積極。
[04:11:24]   MiniMax 產生 prompt: 花海熊
[04:11:38]   prompt: An adorable teddy bear with soft purple-blue fur peacefully rests in a whimsical sea of thick blueberry jam, surrounded by cascading fields of colorful abstract flowers in shades of violet, pink and gold, while luminous shooting stars streak across the starry dreamlike sky above, creating a magical celestial atmosphere with glowing orbs and floating geometric shapes in the background, the scene rendered in vibrant abstract expressionist style with flowing brushstrokes and ethereal light cascading down like liquid starlight onto this cozy moment of tranquil contentment, soft kawaii style, horizontal composition 16:9, high quality illustration, detailed fur texture
[04:11:38] ComfyUI #3: 花海熊 (抽象) [1600x900]
[04:11:58]   已保存: 142-花海熊.png
[04:11:58]   No.143 metadata: title=旅人, series=雲端王國系列, personality=我於海草搖曳中守護！好奇求知，元氣滿滿。
[04:11:58]   MiniMax 產生 prompt: 月影旅人
[04:12:10]   prompt: A gentle teddy bear with soft cream-colored fur and large curious eyes stands gracefully among tall swaying seaweed in a mystical underwater garden of an ethereal cloud kingdom, wearing a flowing traditional Chinese ink-wash robe that billows gently with the current, moonlight filtering through the water casting beautiful shadow patterns across the scene, delicate kelp fronds and bioluminescent coral surrounding the traveler as small fish swim peacefully nearby, the bear gazes upward with wonder and元气满满 energy, traditional Chinese ink painting style with flowing brushstrokes visible in the ethereal mist and flowing hair, soft ink wash gradients blending celestial blues and jade greens, magical lantern-like jellyfish floating above like clouds in the sky, atmospheric perspective with misty mountains in the distant background suggesting the cloud kingdom above, serene yet dynamic composition capturing both tranquility and youthful adventure spirit, soft kawaii style, horizontal composition 16:9, high quality illustration, detailed fur texture
[04:12:10] ComfyUI #4: 月影旅人 (國畫) [1600x900]
[04:12:30]   已保存: 143-月影旅人.png
[04:12:30]   No.144 metadata: title=潮月熊, series=永恆之光系列, personality=謙虛可親，喜歡糖霜甜甜。充滿好奇與勇氣。
[04:12:30]   MiniMax 產生 prompt: 潮月熊
[04:12:43]   prompt: A gentle moonlit tide bear with soft cream-colored fur and silvery-white markings stands gracefully on a moonlit beach as gentle waves lap at the shore, the eternal moonlight casting a magical luminous glow across the scene, the bear holds a frosted donut with pink icing and colorful sprinkles in its paw, surrounded by scattered seashells and glowing moonlit pearls, pastel watercolor art style with soft ethereal lighting, dreamy atmosphere with gentle pink and lavender tints in the sky, tiny stars beginning to appear, the bear's warm gentle expression radiates humble kindness and curious wonder as it gazes at the horizon with brave adventurous eyes, magical sparkles dance on the water surface, soft pastel color palette with delicate gradients creating a serene enchanting moment in this eternal twilight wonderland, soft kawaii style, horizontal composition 16:9, high quality illustration, detailed fur texture
[04:12:43] ComfyUI #5: 潮月熊 (粉彩) [1600x900]
[04:13:03]   已保存: 144-潮月熊.png
[04:13:03]   No.145 metadata: title=守護者, series=王子殿下系列, personality=今天發現了天空蔚藍，想分享給你！喜歡日落，珍惜每一個美好的瞬間。
[04:13:03]   MiniMax 產生 prompt: 白雲守護者
[04:13:22]   prompt: A noble steampunk bear guardian with warm bronze fur wearing an elaborate Victorian royal coat adorned with intricate brass gears, copper pipes, and mechanical ornaments, standing proudly on a floating platform surrounded by billowing clouds at golden sunset, a delicate crown with cloud and gear motifs resting proudly on its head, looking up with pure joy at the magnificent blue sky above, accompanied by whimsical steam-powered butterflies and glowing lanterns, warm orange and pink sunset light casting a magical glow across the scene, soft fluffy clouds below, steam wisps rising from brass machinery, enchanting steampunk fantasy atmosphere, detailed illustration style, soft kawaii style, horizontal composition 16:9, high quality illustration, detailed fur texture
[04:13:22] ComfyUI #6: 白雲守護者 (蒸汽朋克) [1600x900]
[04:13:42]   已保存: 145-白雲守護者.png
[04:13:42] 共生成 6 張圖片於 /home/fjj04/bears/2026-06-25
[04:13:42] 
--- 步驟 5: 更新熊熊博物館 ---
[04:13:42] 已複製: 140-月星熊.png → /home/fjj04/my-bear-museum/bears/2026-06-25/140-月星熊.png
[04:13:43]   已生成縮圖: bears/2026-06-25/thumbs/140-月星熊-s.png, bears/2026-06-25/thumbs/140-月星熊-m.png
[04:13:43] 已複製: 141-紫色仙子.png → /home/fjj04/my-bear-museum/bears/2026-06-25/141-紫色仙子.png
[04:13:43]   已生成縮圖: bears/2026-06-25/thumbs/141-紫色仙子-s.png, bears/2026-06-25/thumbs/141-紫色仙子-m.png
[04:13:43] 已複製: 142-花海熊.png → /home/fjj04/my-bear-museum/bears/2026-06-25/142-花海熊.png
[04:13:43]   已生成縮圖: bears/2026-06-25/thumbs/142-花海熊-s.png, bears/2026-06-25/thumbs/142-花海熊-m.png
[04:13:43] 已複製: 143-月影旅人.png → /home/fjj04/my-bear-museum/bears/2026-06-25/143-月影旅人.png
[04:13:43]   已生成縮圖: bears/2026-06-25/thumbs/143-月影旅人-s.png, bears/2026-06-25/thumbs/143-月影旅人-m.png
[04:13:43] 已複製: 144-潮月熊.png → /home/fjj04/my-bear-museum/bears/2026-06-25/144-潮月熊.png
[04:13:43]   已生成縮圖: bears/2026-06-25/thumbs/144-潮月熊-s.png, bears/2026-06-25/thumbs/144-潮月熊-m.png
[04:13:43] 已複製: 145-白雲守護者.png → /home/fjj04/my-bear-museum/bears/2026-06-25/145-白雲守護者.png
[04:13:43]   已生成縮圖: bears/2026-06-25/thumbs/145-白雲守護者-s.png, bears/2026-06-25/thumbs/145-白雲守護者-m.png
[04:13:43] 已更新 bears.json
[04:13:43] 新增 6 隻熊熊
[04:13:43] 
--- 步驟 6: Git Commit ---
[04:13:51] Git push 完成
[04:13:51] 
--- 步驟 7: 部署到 Cloudflare Pages ---
[04:14:04] 
===== 完成 =====
[04:14:04] 到 https://kumaweb.pages.dev 觀看結果
