[04:10:23] ===== 熊熊每日配送計畫 =====
[04:10:23] 今日日期: 2026-06-28
[04:10:23] 暫存目錄: /home/fjj04/bears/2026-06-28
[04:10:23] 目的目錄: /home/fjj04/my-bear-museum/bears/2026-06-28
[04:10:23] 
--- 步驟 1: 檢查系統狀態 ---
[04:10:23] ComfyUI: ✓ 在線
[04:10:23] 
--- 步驟 2: 取得熊熊名字和風格 ---
[04:10:23] 熊熊: ['流星騎士', '星光守護神', '紫色熊', '銀河公主', '月影公主', '晨曦織夢者']
[04:10:23] 風格: ['波斯地毯', '外太空', '童話書', '漫畫網點', '厚塗', '水墨暈染']
[04:10:23] 
--- 步驟 3: 準備目錄 ---
[04:10:23] 
--- 步驟 4: 生成圖片 ---
[04:10:23] 配送計畫: ComfyUI 6 張 + MiniMax 0 張 （ComfyUI 在線）
[04:10:23]   No.158 metadata: title=騎士, series=希望之鄉系列, personality=今天發現了藍海夢幻，想分享給你！喜歡聆聽，珍惜每一個美好的瞬間。
[04:10:23]   MiniMax 產生 prompt: 流星騎士
[04:10:35]   prompt: A noble bear knight standing proudly on an ornate Persian carpet tapestry woven with intricate geometric patterns and golden medallions, wearing shining silver armor decorated with celestial motifs, gazing across a magical blue sea that transforms into a dreamlike cosmic ocean filled with shooting stars and constellations, the scene illuminated by ethereal moonlight blending with warm candlelight, delicate embroidery of roses and vines framing the composition, the bear extending a gentle paw toward the viewer as if sharing this beautiful discovered treasure, rich jewel tones of sapphire blue, gold, and crimson creating a warm yet magical atmosphere, soft kawaii style, horizontal composition 16:9, high quality illustration, detailed fur texture
[04:10:35] ComfyUI #1: 流星騎士 (波斯地毯) [1600x900]
[04:10:55]   已保存: 158-流星騎士.png
[04:10:55]   No.159 metadata: title=守護神, series=星之物語系列, personality=我用外太空風格描繪星光閃耀！天真爛漫，善良可愛，充滿好奇與勇氣。
[04:10:55]   MiniMax 產生 prompt: 星光守護神
[04:11:08]   prompt: A charming celestial bear floats gracefully through a magnificent cosmic wonderland filled with glittering stars, swirling galaxies, and radiant nebulae. The innocent little bear gazes with wide curious eyes filled with wonder and bravery, surrounded by twinkling starlight and cosmic particles. Magical golden and silver starlight illuminates the bear's pristine white and cream fur, creating a heavenly glow. Scattered across the deep indigo space background are distant planets, shooting stars, and glowing cosmic clouds. The atmosphere is enchanting and dreamy, capturing the bear's kind and courageous spirit in this vast starlit universe, soft kawaii style, horizontal composition 16:9, high quality illustration, detailed fur texture
[04:11:08] ComfyUI #2: 星光守護神 (外太空) [1600x900]
[04:11:28]   已保存: 159-星光守護神.png
[04:11:28]   No.160 metadata: title=紫色熊, series=月光精靈系列, personality=今天發現了雲端之上，想分享給你！正向陽光，熱愛大自然的美好。
[04:11:28]   MiniMax 產生 prompt: 紫色熊
[04:11:42]   prompt: A gentle purple bear with soft lavender fur stands gracefully on a fluffy white cloud platform high above the rolling green hills and meadows below, reaching toward the golden morning sun that bathes the entire dreamy landscape in warm amber and rose-colored light, with tiny sparkles of magical fairy dust floating gently through the air, surrounded by delicate wildflowers and glowing fireflies that illuminate the storybook scene, the bear's expression is cheerful and inviting, gazing with wonder at the breathtaking panoramic view of nature's beauty stretching to the distant horizon, illustrated in a charming fairy tale storybook art style with soft watercolor textures, hand-painted brush strokes, and warm pastel tones that evoke the feeling of a beloved children's picture book from a magical kingdom where woodland creatures live in harmony with nature, soft kawaii style, horizontal composition 16:9, high quality illustration, detailed fur texture
[04:11:42] ComfyUI #3: 紫色熊 (童話書) [1600x900]
[04:12:02]   已保存: 160-紫色熊.png
[04:12:02]   No.161 metadata: title=公主, series=魔法鏡子系列, personality=低調內斂，熱愛香草布丁。熱愛大自然的美好。
[04:12:02]   MiniMax 產生 prompt: 銀河公主
[04:12:14]   prompt: A gentle silver-furred bear princess wearing an elegant flowing dress adorned with delicate star patterns stands gracefully in a mystical moonlit forest clearing, surrounded by glowing fireflies and floating flower petals that drift softly through the air. She holds a small crystal bowl of vanilla pudding in her delicate paws, her soft introspective expression reflecting contentment as she gazes upon the natural beauty around her. Behind her, an ancient ornate magic mirror with swirling cosmic energy hovers among the towering enchanted trees. The scene is rendered in classic manga halftone dot screen style with bold black ink outlines, soft gradient shading, and dramatic light contrast that captures the magical atmosphere of a serene starlit night where nature's beauty meets celestial wonder, soft kawaii style, horizontal composition 16:9, high quality illustration, detailed fur texture
[04:12:14] ComfyUI #4: 銀河公主 (漫畫網點) [1600x900]
[04:12:34]   已保存: 161-銀河公主.png
[04:12:34]   No.162 metadata: title=公主, series=王國物語系列, personality=誠實善良，熱愛雲海翻滾。充滿好奇與勇氣。
[04:12:34]   MiniMax 產生 prompt: 月影公主
[04:12:51]   prompt: A majestic silver-gray teddy bear princess standing proudly on an ancient stone balcony atop a fairy tale castle, wearing an elegant flowing royal gown with pearl and crystal embellishments, a delicate silver crown adorned with moonstone gems resting on her head, gazing out at a vast magical sea of fluffy white clouds illuminated by soft pale moonlight streaming through the cloudscape, her honest and kind expression showing gentle curiosity as she spreads her arms wide in a brave and adventurous pose, the thick impasto oil painting technique creating rich texture with bold visible brushstrokes and dramatic lighting contrasting warm golden moonbeams against cool blue-purple twilight sky, magical sparkles and ethereal mist swirling around her feet as she prepares to explore the wonderful world below, cinematic composition with the cloudscape stretching endlessly toward the horizon, soft kawaii style, horizontal composition 16:9, high quality illustration, detailed fur texture
[04:12:51] ComfyUI #5: 月影公主 (厚塗) [1600x900]
[04:13:11]   已保存: 162-月影公主.png
[04:13:11]   No.163 metadata: title=織夢者, series=勇氣之劍系列, personality=溫暖窩心，喜歡永恆之光。帶來滿滿的溫暖與快樂。
[04:13:11]   MiniMax 產生 prompt: 晨曦織夢者
[04:13:27]   prompt: A gentle and adorable bear character with warm honey-colored fur and soft round features, standing gracefully on a misty mountaintop during the magical moments of dawn, wearing flowing celestial robes that shimmer with golden light. This precious dreamweaver bear is carefully weaving luminous threads of light that connect floating stars and wispy clouds, creating a tapestry of eternal hope across the vast sky. Rendered in traditional Chinese ink wash painting style with beautiful splashing ink effects and soft bleeding brushstrokes, the artwork captures the bear surrounded by ethereal golden morning light that pierces through gentle morning mist. The atmosphere is filled with warmth and happiness, as if this cozy dreamweaver is sharing endless joy with the world, while soft ink gradients blend seamlessly with warm golden hues, creating a serene and enchanting scene that celebrates courage and everlasting light, soft kawaii style, horizontal composition 16:9, high quality illustration, detailed fur texture
[04:13:27] ComfyUI #6: 晨曦織夢者 (水墨暈染) [1600x900]
[04:13:47]   已保存: 163-晨曦織夢者.png
[04:13:47] 共生成 6 張圖片於 /home/fjj04/bears/2026-06-28
[04:13:47] 
--- 步驟 5: 更新熊熊博物館 ---
[04:13:47] 已複製: 158-流星騎士.png → /home/fjj04/my-bear-museum/bears/2026-06-28/158-流星騎士.png
[04:13:47]   已生成縮圖: bears/2026-06-28/thumbs/158-流星騎士-s.png, bears/2026-06-28/thumbs/158-流星騎士-m.png
[04:13:47] 已複製: 159-星光守護神.png → /home/fjj04/my-bear-museum/bears/2026-06-28/159-星光守護神.png
[04:13:47]   已生成縮圖: bears/2026-06-28/thumbs/159-星光守護神-s.png, bears/2026-06-28/thumbs/159-星光守護神-m.png
[04:13:47] 已複製: 160-紫色熊.png → /home/fjj04/my-bear-museum/bears/2026-06-28/160-紫色熊.png
[04:13:47]   已生成縮圖: bears/2026-06-28/thumbs/160-紫色熊-s.png, bears/2026-06-28/thumbs/160-紫色熊-m.png
[04:13:47] 已複製: 161-銀河公主.png → /home/fjj04/my-bear-museum/bears/2026-06-28/161-銀河公主.png
[04:13:47]   已生成縮圖: bears/2026-06-28/thumbs/161-銀河公主-s.png, bears/2026-06-28/thumbs/161-銀河公主-m.png
[04:13:47] 已複製: 162-月影公主.png → /home/fjj04/my-bear-museum/bears/2026-06-28/162-月影公主.png
[04:13:47]   已生成縮圖: bears/2026-06-28/thumbs/162-月影公主-s.png, bears/2026-06-28/thumbs/162-月影公主-m.png
[04:13:47] 已複製: 163-晨曦織夢者.png → /home/fjj04/my-bear-museum/bears/2026-06-28/163-晨曦織夢者.png
[04:13:47]   已生成縮圖: bears/2026-06-28/thumbs/163-晨曦織夢者-s.png, bears/2026-06-28/thumbs/163-晨曦織夢者-m.png
[04:13:47] 已更新 bears.json
[04:13:47] 新增 6 隻熊熊
[04:13:47] 
--- 步驟 6: Git Commit ---
[04:13:56] Git push 完成
[04:13:56] 
--- 步驟 7: 部署到 Cloudflare Pages ---
[04:14:10] 
===== 完成 =====
[04:14:10] 到 https://kumaweb.pages.dev 觀看結果
