[04:10:18] ===== 熊熊每日配送計畫 =====
[04:10:18] 今日日期: 2026-07-24
[04:10:18] 暫存目錄: /home/fjj04/bears/2026-07-24
[04:10:18] 目的目錄: /home/fjj04/my-bear-museum/bears/2026-07-24
[04:10:18] 
--- 步驟 1: 檢查系統狀態 ---
[04:10:18] ComfyUI: ✓ 在線
[04:10:18] 
--- 步驟 2: 取得熊熊名字和風格 ---
[04:10:18] 熊熊: ['嵐風熊', '森月熊', '翠綠熊', '琥珀熊', '虹月熊', '暖陽織光者']
[04:10:18] 風格: ['童話書', '漫畫網點', '厚塗', '水墨暈染', '像素藝術', '表情包']
[04:10:18] 
--- 步驟 3: 準備目錄 ---
[04:10:18] 
--- 步驟 4: 生成圖片 ---
[04:10:18] 配送計畫: ComfyUI 6 張 + MiniMax 0 張 （ComfyUI 在線）
[04:10:18]   No.314 metadata: title=嵐風熊, series=森林王國系列, personality=我用童話書風格描繪糖霜餅乾！喜歡日出，獨立自強，熱愛大自然的美好。
[04:10:18]   MiniMax 產生 prompt: 嵐風熊
[04:10:34]   prompt: A gentle bear with soft grey-blue fur and a small wind-swept leaf tucked behind one ear stands on a mossy forest clearing at golden sunrise, warm amber and rose-pink light filtering through ancient trees, the bear holds a tiny decorated sugar cookie shaped like a star in its paw while gazing at the first rays of dawn breaking over rolling hills, delicate wildflowers dot the meadow floor with morning dew, a fluffy white rabbit with a leaf bookmark peeks from behind a mushroom, a small songbird with a ribbon tail perches on a low branch, soft watercolor fairy tale illustration style with hand-painted texture, storybook page composition with decorative vine borders, magical golden hour lighting casting long peaceful shadows, charming woodland atmosphere celebrating independence and the beauty of nature awakening, soft kawaii style, horizontal composition 16:9, high quality illustration, detailed fur texture
[04:10:34] ComfyUI #1: 嵐風熊 (童話書) [1600x900]
[04:10:59]   已保存: 314-嵐風熊.png
[04:10:59]   No.315 metadata: title=森月熊, series=光之物語系列, personality=幽默可愛，喜歡沙灘陽光。總是給身邊的人帶來幸福感。
[04:10:59]   MiniMax 產生 prompt: 森月熊
[04:11:15]   prompt: A charming brown bear with a gentle moon-like glow sits beside a cheerful human child at a cozy forest campsite, gazing up at a magnificent starry sky filled with twinkling constellations and shooting stars. The campfire between them casts warm golden light while magical fireflies drift lazily through the air, creating a dreamy atmosphere. The bear's expressive face shows pure joy and wonder as they point at a shooting star together, their friendship radiating happiness and adventure. Rendered in manga screen dot illustration style with delicate cross-hatching patterns, capturing the whimsical Tale of Light series aesthetic with soft moonlight filtering through the trees and a sense of peaceful nighttime magic surrounding them, soft kawaii style, horizontal composition 16:9, high quality illustration, detailed fur texture
[04:11:15] ComfyUI #2: 森月熊 (漫畫網點) [1600x900]
[04:11:35]   已保存: 315-森月熊.png
[04:11:35]   No.316 metadata: title=翠綠熊, series=童話王國系列, personality=我在星星糖屋中漫步！灑脫積極，霧飄的。
[04:11:35]   MiniMax 產生 prompt: 翠綠熊
[04:11:52]   prompt: In a magical fairy tale kingdom under a vast starlit sky, an adorable emerald green teddy bear with thick impasto brushstrokes and soft fluffy fur sits beside a glowing campfire at a cozy forest campsite, gazing up in wonder at countless twinkling stars scattered across the night heavens. A cute human child wearing a star-patterned nightgown sits next to the bear, pointing excitedly at the sky while marshmallow treats roast over the flames, their faces illuminated by warm amber lantern glow and shimmering celestial light. Candy-colored shooting stars streak across the misty atmosphere, magical fireflies dance around the pine trees, and a whimsical star-shaped candy house silhouette glows softly in the distant enchanted forest background, creating a dreamy adventurous scene full of friendship and wonder with rich textured oil painting details, soft kawaii style, horizontal composition 16:9, high quality illustration, detailed fur texture
[04:11:52] ComfyUI #3: 翠綠熊 (厚塗) [1600x900]
[04:12:12]   已保存: 316-翠綠熊.png
[04:12:12]   No.317 metadata: title=琥珀熊, series=幸福童話系列, personality=我用水墨暈染風格描繪溫暖王國！想像力豐富的，神采奕奕，充滿好奇與勇氣。
[04:12:12]   MiniMax 產生 prompt: 琥珀熊
[04:12:28]   prompt: In a fairy tale kingdom rendered in flowing ink wash painting style with soft gradients of grey and warm sepia tones, an imaginative and spirited amber-colored bear with honey-golden fur and bright curious eyes explores a breathtaking landscape of ancient cherry blossom trees, delicate pink petals drifting through misty air like gentle snow, accompanied by a playful small orange cat with bright curious eyes that watches the floating blossoms with wonder, the scene bathed in warm golden afternoon sunlight filtering through the canopy of flowering branches, creating magical soft gradients and ethereal atmosphere as the brave little bear gazes upward in awe at the natural beauty surrounding them, their friendship evident in how the cat nuzzles close to the bear's warm fur, both characters standing on a mossy stone pathway beneath the Sakura trees, surrounded by rolling hills painted with traditional Chinese ink wash techniques where distant mountains fade into misty watercolor horizons, capturing the essence of wonder and courage as they embark on their spring adventure together in this enchanted storybook world, soft kawaii style, horizontal composition 16:9, high quality illustration, detailed fur texture
[04:12:28] ComfyUI #4: 琥珀熊 (水墨暈染) [1600x900]
[04:12:49]   已保存: 317-琥珀熊.png
[04:12:49]   No.318 metadata: title=虹月熊, series=夢幻王國系列, personality=善於思考，熱愛天空之城。是個夢幻的小精靈。
[04:12:49]   MiniMax 產生 prompt: 虹月熊
[04:13:02]   prompt: A dreamy little rainbow-colored bear with soft gradient fur featuring pastel pink, lavender, and silver tones stands gracefully on a floating island in a magical sky kingdom, gazing thoughtfully at floating airships and crystal islands in the distance, surrounded by luminous clouds and shimmering stardust particles, wearing a small magical crown, with a tiny glowing fairy companion floating beside it, pixel art style with vibrant colors and soft lighting, nostalgic retro gaming aesthetic with smooth animation-ready poses, warm sunset sky with purple and orange gradient, fantasy kingdom atmosphere with floating crystals and magical lanterns, detailed pixel work showing the bear's gentle expression and dreamy eyes, whimsical and enchanting scene full of wonder and imagination, soft kawaii style, horizontal composition 16:9, high quality illustration, detailed fur texture
[04:13:02] ComfyUI #5: 虹月熊 (像素藝術) [1600x900]
[04:13:22]   已保存: 318-虹月熊.png
[04:13:22]   No.319 metadata: title=織光者, series=星辰精靈系列, personality=我用表情包風格描繪月光小徑！獨立果斷，喜歡星星，是個夢幻的小精靈。
[04:13:22]   MiniMax 產生 prompt: 暖陽織光者
[04:13:39]   prompt: A warm golden-amber teddy bear with soft glowing fur and delicate translucent wings stands proudly on a winding moonlit forest path, weaving shimmering golden light threads between its paws that stretch up into the starlit sky like magical ribbons, a tiny glowing star sprite companion floats beside it with joyful expressions and sparkles trailing behind, the enchanted path lined with luminous mushrooms and gentle moonlight filtering through cherry blossom trees, dreamy celestial atmosphere with floating stardust particles and twinkling constellations overhead, charming sticker-style artwork with bold black outlines, simplified kawaii expressions, pastel colors blending with warm golden light tones, magical and heartwarming friendship scene capturing the independent and dreamy spirit exploring the starry night with wonder and determination, soft kawaii style, horizontal composition 16:9, high quality illustration, detailed fur texture
[04:13:39] ComfyUI #6: 暖陽織光者 (表情包) [1600x900]
[04:13:59]   已保存: 319-暖陽織光者.png
[04:13:59] 共生成 6 張圖片於 /home/fjj04/bears/2026-07-24
[04:13:59] 
--- 步驟 5: 更新熊熊博物館 ---
[04:13:59] 已複製: 314-嵐風熊.png → /home/fjj04/my-bear-museum/bears/2026-07-24/314-嵐風熊.png
[04:13:59]   已生成縮圖: bears/2026-07-24/thumbs/314-嵐風熊-s.png, bears/2026-07-24/thumbs/314-嵐風熊-m.png
[04:13:59] 已複製: 315-森月熊.png → /home/fjj04/my-bear-museum/bears/2026-07-24/315-森月熊.png
[04:13:59]   已生成縮圖: bears/2026-07-24/thumbs/315-森月熊-s.png, bears/2026-07-24/thumbs/315-森月熊-m.png
[04:13:59] 已複製: 316-翠綠熊.png → /home/fjj04/my-bear-museum/bears/2026-07-24/316-翠綠熊.png
[04:13:59]   已生成縮圖: bears/2026-07-24/thumbs/316-翠綠熊-s.png, bears/2026-07-24/thumbs/316-翠綠熊-m.png
[04:13:59] 已複製: 317-琥珀熊.png → /home/fjj04/my-bear-museum/bears/2026-07-24/317-琥珀熊.png
[04:13:59]   已生成縮圖: bears/2026-07-24/thumbs/317-琥珀熊-s.png, bears/2026-07-24/thumbs/317-琥珀熊-m.png
[04:13:59] 已複製: 318-虹月熊.png → /home/fjj04/my-bear-museum/bears/2026-07-24/318-虹月熊.png
[04:14:00]   已生成縮圖: bears/2026-07-24/thumbs/318-虹月熊-s.png, bears/2026-07-24/thumbs/318-虹月熊-m.png
[04:14:00] 已複製: 319-暖陽織光者.png → /home/fjj04/my-bear-museum/bears/2026-07-24/319-暖陽織光者.png
[04:14:00]   已生成縮圖: bears/2026-07-24/thumbs/319-暖陽織光者-s.png, bears/2026-07-24/thumbs/319-暖陽織光者-m.png
[04:14:00] 已更新 bears.json
[04:14:00] 新增 6 隻熊熊
[04:14:00] 
--- 步驟 6: Git Commit ---
[04:14:09] Git push 完成
[04:14:09] 
--- 步驟 7: 部署到 Cloudflare Pages ---
[04:14:23] 
===== 完成 =====
[04:14:23] 到 https://kumaweb.pages.dev 觀看結果
