[04:10:31] ===== 熊熊每日配送計畫 =====
[04:10:31] 今日日期: 2026-07-05
[04:10:31] 暫存目錄: /home/fjj04/bears/2026-07-05
[04:10:31] 目的目錄: /home/fjj04/my-bear-museum/bears/2026-07-05
[04:10:31] 
--- 步驟 1: 檢查系統狀態 ---
[04:10:32] ComfyUI: ✓ 在線
[04:10:32] 
--- 步驟 2: 取得熊熊名字和風格 ---
[04:10:32] 熊熊: ['潮風熊', '銀河庇護者', '奶油熊', '彩霞占卜師', '蜜月熊', '柔風熊']
[04:10:32] 風格: ['漫畫網點', '厚塗', '水墨暈染', '像素藝術', '表情包', '3D']
[04:10:32] 
--- 步驟 3: 準備目錄 ---
[04:10:32] 
--- 步驟 4: 生成圖片 ---
[04:10:32] 配送計畫: ComfyUI 6 張 + MiniMax 0 張 （ComfyUI 在線）
[04:10:32]   No.200 metadata: title=潮風熊, series=精靈禮物系列, personality=我在花語信箱中玩耍！大方慷慨，喜歡奉獻。
[04:10:32]   MiniMax 產生 prompt: 潮風熊
[04:10:45]   prompt: A charming blue-gray bear cub with a gentle expression sits beside an enchanted mailbox overflowing with vibrant flowers, petals dancing in a soft sea breeze. The magical garden setting features delicate blossoms in pink, lavender, and golden yellow with delicate halftone dot patterns overlaying the illustration in classic comic book style. Tiny sparkling spirits and glowing orbs float around the generous bear friend, who gazes warmly at an arrangement of flower letters tied with silk ribbons, surrounded by gentle morning light filtering through the blossoms, creating a heartwarming scene of woodland magic and kindness, soft kawaii style, horizontal composition 16:9, high quality illustration, detailed fur texture
[04:10:45] ComfyUI #1: 潮風熊 (漫畫網點) [1600x900]
[04:11:25]   已保存: 200-潮風熊.png
[04:11:25]   No.201 metadata: title=庇護者, series=森林王國系列, personality=今天發現了露珠閃耀，想分享給你！浪漫感性，珍惜每一個美好的瞬間。
[04:11:25]   MiniMax 產生 prompt: 銀河庇護者
[04:11:37]   prompt: A majestic kawaii bear guardian stands beneath the ancient trees of a mystical forest kingdom, its soft silver-blue fur shimmering with cosmic stardust that drifts down like gentle snowflakes from the vast galaxy above. The bear gazes tenderly at delicate dewdrops clinging to moss-covered branches, each tiny droplet catching and reflecting the warm golden light of dawn mixed with soft purple twilight. Fireflies and tiny glowing spirits float gracefully around the gentle creature, illuminating a magical clearing filled with wildflowers and luminescent mushrooms. The scene is painted in rich impasto style, with thick visible brushstrokes that give the bear's fur and the forest elements a wonderful tactile quality, while soft magical light emanates from the sparkling dewdrops and celestial sky overhead, creating an atmosphere of wonder and gentle romance in this enchanted forest sanctuary, soft kawaii style, horizontal composition 16:9, high quality illustration, detailed fur texture
[04:11:37] ComfyUI #2: 銀河庇護者 (厚塗) [1600x900]
[04:11:57]   已保存: 201-銀河庇護者.png
[04:11:57]   No.202 metadata: title=奶油熊, series=雲端雨滴系列, personality=温暖如春，熱愛魔法森林深。總是給身邊的人帶來幸福感。
[04:11:57]   MiniMax 產生 prompt: 奶油熊
[04:12:07]   MiniMax prompt 不完整 (finish=stop, len=0): ''，重試一次
[04:12:22]   prompt: A gentle cream-colored bear cub with soft buttery beige fur stands beneath towering ancient trees in a mystical enchanted forest, where delicate raindrops cascade from fluffy clouds above, creating shimmering droplets that catch ethereal light filtering through the canopy. The bear's warm amber eyes sparkle with kindness and joy as golden spring sunlight streams through the misty woodland, casting soft halos around floating luminescent particles and gentle rain mists. Traditional ink wash painting technique with beautiful ink bleeding and spreading effects creates dreamy soft edges around the magical forest scenery, while warm pastel tones blend seamlessly with subtle gray ink washes, evoking a sense of comfort, happiness, and springtime serenity as the bear brings cheerful energy to the mystical woodland realm, soft kawaii style, horizontal composition 16:9, high quality illustration, detailed fur texture
[04:12:22] ComfyUI #3: 奶油熊 (水墨暈染) [1600x900]
[04:12:42]   已保存: 202-奶油熊.png
[04:12:42]   No.203 metadata: title=占卜師, series=星光大道系列, personality=我在藍海之戀中追光！幽默詼諧，誠實可靠。
[04:12:42]   MiniMax 產生 prompt: 彩霞占卜師
[04:12:57]   prompt: A charming pixel art bear fortune teller standing beneath a mystical crystal ball on an ancient wooden table, surrounded by floating tarot cards with glowing edges. The scene captures a dreamy twilight atmosphere where warm sunset colors of orange, pink, and purple (representing colorful clouds) blend with deep ocean blues from a distant shimmering sea visible through a fantasy window. Stars twinkle brightly above the bear, part of the magical "Starry Avenue" setting, casting diamond-like sparkles across the fortune-telling booth decorated with celestial patterns. The bear gazes with wise yet playful eyes, one paw extended as if about to reveal cosmic secrets, wearing mystical robes embroidered with constellations and shimmering moons. Magical light particles float ethereally around the scene, combining the warmth of sunset clouds with the mysterious glow of starlight, while gentle ocean waves can be heard in the background, creating a whimsical fusion of celestial magic and maritime wonder in intricate pixel art style with rich detail, soft kawaii style, horizontal composition 16:9, high quality illustration, detailed fur texture
[04:12:57] ComfyUI #4: 彩霞占卜師 (像素藝術) [1600x900]
[04:13:17]   已保存: 203-彩霞占卜師.png
[04:13:17]   No.204 metadata: title=蜜月熊, series=夢幻泡泡系列, personality=我用表情包風格描繪微風輕拂！神采奕奕，開朗明亮，充滿好奇與勇氣。
[04:13:17]   MiniMax 產生 prompt: 蜜月熊
[04:13:39]   prompt: A dreamy golden-furred bear with rosy cheeks stands joyfully in a whimsical bubble-filled meadow, its soft fur gently lifted by a gentle breeze as scattered hearts and sparkles float around it, wearing a cute romantic expression with wide curious eyes that sparkle with wonder, the scene rendered in vibrant emoji sticker style with bold outlines and cheerful pastel colors, soft sunlight casting a warm magical glow across the fantasy setting where countless iridescent bubbles drift lazily through the air like translucent ornaments, capturing the bear's adventurous spirit and bright cheerful energy in a single expressive moment of pure happiness, soft kawaii style, horizontal composition 16:9, high quality illustration, detailed fur texture
[04:13:39] ComfyUI #5: 蜜月熊 (表情包) [1600x900]
[04:13:59]   已保存: 204-蜜月熊.png
[04:13:59]   No.205 metadata: title=柔風熊, series=王國物語系列, personality=我在湖畔倒影中小憩！機智敏捷，機智靈活。
[04:13:59]   MiniMax 產生 prompt: 柔風熊
[04:14:13]   prompt: A majestic 3D rendered soft brown bear cub with cream-colored fur gently resting beside a mystical moonlit lake, gazing peacefully at its own reflection rippling in the calm crystal-clear water. The bear has a clever and alert expression, with bright intelligent eyes that sparkle with wit and agility. Surrounding the scene are delicate wildflowers, ancient willow trees draping gracefully over the water's edge, and floating magical fireflies casting warm golden glow. Soft volumetric lighting filters through the willow branches creating dappled shadows on the scene. The entire composition has a dreamy fairy tale atmosphere with soft bokeh effects in the background, showing distant castle towers emerging from the misty forest. The bear sits on a smooth moss-covered stone, its fluffy tail curled elegantly, embodying both grace and gentle strength in this enchanting woodland kingdom setting, soft kawaii style, horizontal composition 16:9, high quality illustration, detailed fur texture
[04:14:13] ComfyUI #6: 柔風熊 (3D) [1600x900]
[04:14:33]   已保存: 205-柔風熊.png
[04:14:33] 共生成 6 張圖片於 /home/fjj04/bears/2026-07-05
[04:14:33] 
--- 步驟 5: 更新熊熊博物館 ---
[04:14:33] 已複製: 200-潮風熊.png → /home/fjj04/my-bear-museum/bears/2026-07-05/200-潮風熊.png
[04:14:33]   已生成縮圖: bears/2026-07-05/thumbs/200-潮風熊-s.png, bears/2026-07-05/thumbs/200-潮風熊-m.png
[04:14:33] 已複製: 201-銀河庇護者.png → /home/fjj04/my-bear-museum/bears/2026-07-05/201-銀河庇護者.png
[04:14:33]   已生成縮圖: bears/2026-07-05/thumbs/201-銀河庇護者-s.png, bears/2026-07-05/thumbs/201-銀河庇護者-m.png
[04:14:33] 已複製: 202-奶油熊.png → /home/fjj04/my-bear-museum/bears/2026-07-05/202-奶油熊.png
[04:14:33]   已生成縮圖: bears/2026-07-05/thumbs/202-奶油熊-s.png, bears/2026-07-05/thumbs/202-奶油熊-m.png
[04:14:33] 已複製: 203-彩霞占卜師.png → /home/fjj04/my-bear-museum/bears/2026-07-05/203-彩霞占卜師.png
[04:14:34]   已生成縮圖: bears/2026-07-05/thumbs/203-彩霞占卜師-s.png, bears/2026-07-05/thumbs/203-彩霞占卜師-m.png
[04:14:34] 已複製: 204-蜜月熊.png → /home/fjj04/my-bear-museum/bears/2026-07-05/204-蜜月熊.png
[04:14:34]   已生成縮圖: bears/2026-07-05/thumbs/204-蜜月熊-s.png, bears/2026-07-05/thumbs/204-蜜月熊-m.png
[04:14:34] 已複製: 205-柔風熊.png → /home/fjj04/my-bear-museum/bears/2026-07-05/205-柔風熊.png
[04:14:34]   已生成縮圖: bears/2026-07-05/thumbs/205-柔風熊-s.png, bears/2026-07-05/thumbs/205-柔風熊-m.png
[04:14:34] 已更新 bears.json
[04:14:34] 新增 6 隻熊熊
[04:14:34] 
--- 步驟 6: Git Commit ---
[04:14:42] Git push 完成
[04:14:42] 
--- 步驟 7: 部署到 Cloudflare Pages ---
[04:14:55] 
===== 完成 =====
[04:14:55] 到 https://kumaweb.pages.dev 觀看結果
