[04:11:03] ===== 熊熊每日配送計畫 =====
[04:11:03] 今日日期: 2026-06-19
[04:11:03] 暫存目錄: /home/fjj04/bears/2026-06-19
[04:11:03] 目的目錄: /home/fjj04/my-bear-museum/bears/2026-06-19
[04:11:03] 
--- 步驟 1: 檢查系統狀態 ---
[04:11:03] ComfyUI: ✓ 在線
[04:11:03] 
--- 步驟 2: 取得熊熊名字和風格 ---
[04:11:03] 熊熊: ['光夢熊', '流星拾夢者', '魄風熊', '月影妖精', '晨霧仙子', '流星庇護者']
[04:11:03] 風格: ['漫畫', '素描', '霓虹', '復古', '極簡', '抽象']
[04:11:03] 
--- 步驟 3: 準備目錄 ---
[04:11:03] 
--- 步驟 4: 生成圖片 ---
[04:11:03] 配送計畫: ComfyUI 6 張 + MiniMax 0 張 （ComfyUI 在線）
[04:11:03]   No.98 metadata: title=光夢熊, series=夢境之門系列, personality=我用漫畫風格描繪露珠閃耀！喜歡聆聽，創意十足，充滿好奇與勇氣。
[04:11:03]   MiniMax 產生 prompt: 光夢熊
[04:11:17]   prompt: A gentle light gray bear with soft round ears and sparkling crystal-clear eyes stands gracefully in a fantastical dream meadow, surrounded by countless luminous dewdrops that glisten like tiny diamonds under ethereal moonlight streaming through a magical portal behind the bear, creating a breathtaking cascade of rainbow light reflections across the soft grass and delicate wildflowers that seem to bloom with inner radiance. The bear looks up with an expression of pure wonder and curiosity, one paw raised as if reaching toward a floating dewdrop that hovers nearby, while a gentle magical breeze causes the scene to come alive with shimmering particles and gentle light trails connecting the sparkling droplets together in an intricate web of dream energy, all rendered in a dynamic manga art style with bold linework, expressive clean shapes, and dramatic lighting that captures the magical moment when creativity meets courage in the realm between waking and dreaming, soft kawaii style, horizontal composition 16:9, high quality illustration, detailed fur texture
[04:11:17] ComfyUI #1: 光夢熊 (漫畫) [1600x900]
[04:11:37]   已保存: 98-光夢熊.png
[04:11:37]   No.99 metadata: title=拾夢者, series=夢想王國系列, personality=我在希望之盾裡找到了美好！穩重如磐，珍惜每一個綻放的瞬間。
[04:11:37]   MiniMax 產生 prompt: 流星拾夢者
[04:11:51]   prompt: A gentle kawaii bear with soft brown fur stands gracefully in an ethereal dreamscape, holding a glowing crystalline Shield of Hope that radiates warm golden light. Meteors streak across the twilight sky above a floating dream kingdom with pastel clouds and floating islands connected by bridges of starlight. The bear's wise eyes shimmer with inner peace as scattered dream fragments swirl around like magical fireflies. Rendered in delicate pencil sketch style with sepia undertones, the scene captures a moment of precious wonder and steadfast beauty, with soft crosshatching creating depth and a warm nostalgic atmosphere illuminated by magical starlight filtering through the celestial dreamscape, soft kawaii style, horizontal composition 16:9, high quality illustration, detailed fur texture
[04:11:51] ComfyUI #2: 流星拾夢者 (素描) [1600x900]
[04:12:11]   已保存: 99-流星拾夢者.png
[04:12:11]   No.100 metadata: title=魄風熊, series=棉花糖王國系列, personality=我用霓虹風格描繪海岸城堡！純真活潑，好奇活潑，帶來滿滿的溫暖與快樂。
[04:12:11]   MiniMax 產生 prompt: 魄風熊
[04:12:19]   prompt: A magical coastal castle towering on a candy-colored shore at twilight, glowing with vibrant neon pink, electric blue, and golden lights that reflect off gentle ocean waves, a fluffy cute bear character with soft fur standing at the castle entrance with arms wide open in pure joy, surrounded by floating marshmallow clouds in cotton candy purple and mint green, the sky ablaze with aurora borealis shimmer, playful dolphins leaping in sparkling bioluminescent waters below, whimsical glowing seashells scattered along the sandy beach, the entire scene radiates warmth and happiness with a dreamy fantasy atmosphere, soft bokeh lights dancing in the distance, soft kawaii style, horizontal composition 16:9, high quality illustration, detailed fur texture
[04:12:19] ComfyUI #3: 魄風熊 (霓虹) [1600x900]
[04:12:39]   已保存: 100-魄風熊.png
[04:12:39]   No.101 metadata: title=妖精, series=星之物語系列, personality=今天發現了花季限定，想分享給你！創意獨特，總是給身邊的人帶來幸福感。
[04:12:39]   MiniMax 產生 prompt: 月影妖精
[04:12:50]   prompt: A whimsical vintage illustration of a charming bear fairy standing in an enchanted moonlit garden filled with seasonal flowers, the bear has soft silvery-white fur with delicate moonlit glow, wearing a dreamy flower crown made of blossoms, surrounded by floating magical sparkles and gentle fireflies, the retro color palette features soft pastel tones with warm golden light from vintage-style lanterns scattered among the flowers, while a crescent moon hangs in the starry night sky above, the fairy bear holds a small bouquet of rare blossoms with a joyful expression, ready to share the limited flower season magic with friends, the scene captures that precious moment of discovering something beautiful and wanting to spread happiness, soft vintage bokeh effects in the background with ancient celestial stars forming constellation patterns from the Star Story series, warm ethereal lighting illuminates the fairy bear making her glow with innocent joy and creative wonder, soft kawaii style, horizontal composition 16:9, high quality illustration, detailed fur texture
[04:12:50] ComfyUI #4: 月影妖精 (復古) [1600x900]
[04:13:10]   已保存: 101-月影妖精.png
[04:13:10]   No.102 metadata: title=仙子, series=夢境流星系列, personality=今天發現了星河瑤瑤，想分享給你！勇敢堅強，珍惜每一個美好的瞬間。
[04:13:10]   MiniMax 產生 prompt: 晨霧仙子
[04:13:21]   prompt: A delicate kawaii bear fairy with soft cloudlike fur stands gracefully on a misty hilltop at dawn, wearing a flowing ethereal gown woven from morning fog and stardust, her gentle expression filled with wonder as she shares the magic of shooting stars streaking across the pastel-colored sky above, one paw extended toward the celestial display while the other rests over her heart, delicate sparkles and luminous particles drift around her like morning dew, the entire scene rendered in a clean minimalist composition with abundant soft negative space, serene and magical atmosphere bathed in gentle pastel gradients of lavender and rose gold dawn light, her small delicate wings shimmer with the last remnants of starlight as she cherishes this beautiful moment of celestial connection, soft kawaii style, horizontal composition 16:9, high quality illustration, detailed fur texture
[04:13:21] ComfyUI #5: 晨霧仙子 (極簡) [1600x900]
[04:13:41]   已保存: 102-晨霧仙子.png
[04:13:41]   No.103 metadata: title=庇護者, series=溫暖王國系列, personality=我於魔法森林物語裡找到了美好！獨立能幹，熱愛探索未知。
[04:13:41]   MiniMax 產生 prompt: 流星庇護者
[04:13:55]   prompt: A majestic abstract bear with deep midnight blue fur adorned with shimmering meteor-like particles and golden starlight accents stands proudly at the entrance of an enchanted forest, surrounded by bold geometric shapes representing ancient mystical trees with luminous amber canopies, floating celestial orbs casting warm golden and soft purple twilight rays through the misty woodland atmosphere, the guardian's intelligent eyes reflecting deep wisdom and independent spirit as it discovers hidden magical beauty within the mysterious realm, rendered in dynamic abstract expressionist style with flowing organic forms and striking color contrasts capturing the essence of exploration and wonder in the warm kingdom of dreams, soft kawaii style, horizontal composition 16:9, high quality illustration, detailed fur texture
[04:13:55] ComfyUI #6: 流星庇護者 (抽象) [1600x900]
[04:14:15]   已保存: 103-流星庇護者.png
[04:14:15] 共生成 6 張圖片於 /home/fjj04/bears/2026-06-19
[04:14:15] 
--- 步驟 5: 更新熊熊博物館 ---
[04:14:15] 已複製: 98-光夢熊.png → /home/fjj04/my-bear-museum/bears/2026-06-19/98-光夢熊.png
[04:14:16]   已生成縮圖: bears/2026-06-19/thumbs/98-光夢熊-s.png, bears/2026-06-19/thumbs/98-光夢熊-m.png
[04:14:16] 已複製: 99-流星拾夢者.png → /home/fjj04/my-bear-museum/bears/2026-06-19/99-流星拾夢者.png
[04:14:16]   已生成縮圖: bears/2026-06-19/thumbs/99-流星拾夢者-s.png, bears/2026-06-19/thumbs/99-流星拾夢者-m.png
[04:14:16] 已複製: 100-魄風熊.png → /home/fjj04/my-bear-museum/bears/2026-06-19/100-魄風熊.png
[04:14:16]   已生成縮圖: bears/2026-06-19/thumbs/100-魄風熊-s.png, bears/2026-06-19/thumbs/100-魄風熊-m.png
[04:14:16] 已複製: 101-月影妖精.png → /home/fjj04/my-bear-museum/bears/2026-06-19/101-月影妖精.png
[04:14:16]   已生成縮圖: bears/2026-06-19/thumbs/101-月影妖精-s.png, bears/2026-06-19/thumbs/101-月影妖精-m.png
[04:14:16] 已複製: 102-晨霧仙子.png → /home/fjj04/my-bear-museum/bears/2026-06-19/102-晨霧仙子.png
[04:14:16]   已生成縮圖: bears/2026-06-19/thumbs/102-晨霧仙子-s.png, bears/2026-06-19/thumbs/102-晨霧仙子-m.png
[04:14:16] 已複製: 103-流星庇護者.png → /home/fjj04/my-bear-museum/bears/2026-06-19/103-流星庇護者.png
[04:14:16]   已生成縮圖: bears/2026-06-19/thumbs/103-流星庇護者-s.png, bears/2026-06-19/thumbs/103-流星庇護者-m.png
[04:14:16] 已更新 bears.json
[04:14:16] 新增 6 隻熊熊
[04:14:16] 
--- 步驟 6: Git Commit ---
[04:14:24] Git push 完成
[04:14:24] 
--- 步驟 7: 部署到 Cloudflare Pages ---
[04:14:38] 
===== 完成 =====
[04:14:38] 到 https://kumaweb.pages.dev 觀看結果
