[04:10:43] ===== 熊熊每日配送計畫 =====
[04:10:43] 今日日期: 2026-07-12
[04:10:43] 暫存目錄: /home/fjj04/bears/2026-07-12
[04:10:43] 目的目錄: /home/fjj04/my-bear-museum/bears/2026-07-12
[04:10:43] 
--- 步驟 1: 檢查系統狀態 ---
[04:10:43] ComfyUI: ✓ 在線
[04:10:43] 
--- 步驟 2: 取得熊熊名字和風格 ---
[04:10:43] 熊熊: ['白雲追光者', '露海熊', '蜜風熊', '夢星熊', '星光夢想家', '暖陽追光者']
[04:10:43] 風格: ['像素藝術', '表情包', '3D', '像素', '水彩', '油畫']
[04:10:43] 
--- 步驟 3: 準備目錄 ---
[04:10:43] 
--- 步驟 4: 生成圖片 ---
[04:10:43] 配送計畫: ComfyUI 6 張 + MiniMax 0 張 （ComfyUI 在線）
[04:10:43]   No.242 metadata: title=追光者, series=小仙子系列, personality=我在白雲如絮裡找到了美好！創意滿分，喜歡收集閃閃發亮的東西。
[04:10:43]   MiniMax 產生 prompt: 白雲追光者
[04:10:53]   prompt: A cheerful white bear with soft round ears and bright curious eyes floats gracefully through a dreamy sky filled with billowing white clouds that drift like cotton candy, golden sunlight streams through the fluffy clouds creating magical halos of warm light that illuminate sparkling fragments and gleaming treasures floating in the air around the bear, delicate fairy dust particles dance in the sunbeams while the bear reaches toward a particularly brilliant ray of light with tiny outstretched paws, the pixel art scene captures a whimsical fairy tale atmosphere with soft gradients of pale blue sky transitioning to warm gold at the edges where the clouds catch the morning light, scattered throughout are tiny crystalline objects and luminous fireflies that the creative bear has collected on its light-chasing adventure through this enchanting floating paradise, soft kawaii style, horizontal composition 16:9, high quality illustration, detailed fur texture
[04:10:53] ComfyUI #1: 白雲追光者 (像素藝術) [1600x900]
[04:11:13]   已保存: 242-白雲追光者.png
[04:11:13]   No.243 metadata: title=露海熊, series=光之物語系列, personality=今天發現了彩虹糖果，想分享給你！活力十足，熱愛大自然的美好。
[04:11:13]   MiniMax 產生 prompt: 露海熊
[04:11:27]   prompt: A cheerful kawaii bear character with soft ocean-blue fur glistening with dewdrops stands on a sunlit beach surrounded by scattered rainbow-colored candies that sparkle with magical light, the bear holds out a glowing rainbow candy with big joyful eyes and an excited expression, colorful light rays pierce through translucent candy clouds above while gentle ocean waves sparkle with bioluminescence in the background, small butterflies with glowing wings flutter around wildflowers and seashells scattered on the sand, the entire scene radiates warmth and happiness with vibrant saturated colors and a whimsical fairy-tale atmosphere capturing the bear's infectious joy of discovering nature's sweet treasures to share with friends, soft kawaii style, horizontal composition 16:9, high quality illustration, detailed fur texture
[04:11:27] ComfyUI #2: 露海熊 (表情包) [1600x900]
[04:11:47]   已保存: 243-露海熊.png
[04:11:47]   No.244 metadata: title=蜜風熊, series=彩虹精靈系列, personality=踏實開朗，喜歡銀河傾瀉。總是給身邊的人帶來幸福感。
[04:11:47]   MiniMax 產生 prompt: 蜜風熊
[04:12:06]   prompt: A charming chubby 3D rendered bear character with soft honey-golden fur and warm pink blush on round cheeks stands gracefully on a grassy floating island in an ethereal cosmic realm, gazing upward with pure wonder and an infectious joyful smile at a magnificent galaxy waterfall cascading like luminous liquid starlight from the heavens above, rainbow aurora ribbons swirling and dancing through the celestial space, countless glowing stars and magical fireflies floating gently around the scene, soft volumetric golden sunlight streaming through cosmic dust creating a warm ethereal glow, sparkling stardust drifting through the air like gentle confetti, the atmosphere radiates pure happiness and magical comfort, fantastical fairy tale setting with mushroom houses and crystal flowers in the distance, cinematic composition with rich depth of field, beautiful dreamy fantasy lighting, high quality 3D animation style, magical and heartwarming mood, soft kawaii style, horizontal composition 16:9, high quality illustration, detailed fur texture
[04:12:06] ComfyUI #3: 蜜風熊 (3D) [1600x900]
[04:12:26]   已保存: 244-蜜風熊.png
[04:12:26]   No.245 metadata: title=夢星熊, series=願望之翼系列, personality=我在林間光影中漫步！勇敢無畏，桌布的。
[04:12:26]   MiniMax 產生 prompt: 夢星熊
[04:12:38]   prompt: A small adorable bear with soft dreamlike fur walks confidently through a magical forest filled with shifting patterns of golden sunlight and cool shadows dancing between ancient trees, glowing stardust particles and tiny constellation stars softly illuminate the mossy ground and floating lanterns drift gently through the scene while fireflies trace luminous paths through the air, creating an enchanting atmosphere of adventure and wonder with the brave little explorer standing proudly among the magical forest creatures peeking from behind mushroom clusters and fern leaves, rendered in charming pixel art style with a warm color palette blending deep forest greens and purples with soft amber light rays streaming down through the canopy overhead, soft kawaii style, horizontal composition 16:9, high quality illustration, detailed fur texture
[04:12:38] ComfyUI #4: 夢星熊 (像素) [1600x900]
[04:12:58]   已保存: 245-夢星熊.png
[04:12:58]   No.246 metadata: title=夢想家, series=魔法師系列, personality=我於藍海秘境中漫步！謙虛可親，快樂寶貝。
[04:12:58]   MiniMax 產生 prompt: 星光夢想家
[04:13:09]   prompt: A gentle magician bear with soft blue and cream colored fur walks gracefully along a luminous underwater pathway made of crystallized starlight, surrounded by gentle waves of glowing azure water that shimmer with bioluminescent creatures floating peacefully around them, delicate seashells and sparkling starfish dot the ocean floor beneath their feet as tiny wisps of magical energy trail from their paws, the entire scene rendered in flowing watercolor with soft wet-on-wet edges, translucent washes of cerulean and aquamarine bleeding into white, with golden starlight particles dancing through the water like scattered dreams, creating a serene and enchanting atmosphere of wonder and tranquility, soft kawaii style, horizontal composition 16:9, high quality illustration, detailed fur texture
[04:13:09] ComfyUI #5: 星光夢想家 (水彩) [1600x900]
[04:13:29]   已保存: 246-星光夢想家.png
[04:13:29]   No.247 metadata: title=追光者, series=彩虹精靈系列, personality=我於海草搖曳裡找到了美好！創意無限，珍惜每一個綻放的瞬間。
[04:13:29]   MiniMax 產生 prompt: 暖陽追光者
[04:13:40]   prompt: A magnificent golden-furred bear character stands gracefully in an enchanting underwater garden filled with swaying emerald seaweed and vibrant coral formations, as brilliant rainbow light rays pierce through the turquoise waters casting ethereal prismatic glows across the scene, while delicate luminescent jellyfish float nearby like living lanterns and colorful flowers bloom from the ocean floor in perfect harmony, capturing the essence of boundless creativity and cherished moments through rich impasto brushstrokes and luminous oil painting techniques with warm golden highlights contrasting against cool oceanic depths, creating a fantastical dreamscape where magical forest sprites and luminous particles dance around the serene bear protagonist, soft kawaii style, horizontal composition 16:9, high quality illustration, detailed fur texture
[04:13:40] ComfyUI #6: 暖陽追光者 (油畫) [1600x900]
[04:14:00]   已保存: 247-暖陽追光者.png
[04:14:00] 共生成 6 張圖片於 /home/fjj04/bears/2026-07-12
[04:14:00] 
--- 步驟 5: 更新熊熊博物館 ---
[04:14:00] 已複製: 242-白雲追光者.png → /home/fjj04/my-bear-museum/bears/2026-07-12/242-白雲追光者.png
[04:14:00]   已生成縮圖: bears/2026-07-12/thumbs/242-白雲追光者-s.png, bears/2026-07-12/thumbs/242-白雲追光者-m.png
[04:14:00] 已複製: 243-露海熊.png → /home/fjj04/my-bear-museum/bears/2026-07-12/243-露海熊.png
[04:14:00]   已生成縮圖: bears/2026-07-12/thumbs/243-露海熊-s.png, bears/2026-07-12/thumbs/243-露海熊-m.png
[04:14:00] 已複製: 244-蜜風熊.png → /home/fjj04/my-bear-museum/bears/2026-07-12/244-蜜風熊.png
[04:14:00]   已生成縮圖: bears/2026-07-12/thumbs/244-蜜風熊-s.png, bears/2026-07-12/thumbs/244-蜜風熊-m.png
[04:14:00] 已複製: 245-夢星熊.png → /home/fjj04/my-bear-museum/bears/2026-07-12/245-夢星熊.png
[04:14:00]   已生成縮圖: bears/2026-07-12/thumbs/245-夢星熊-s.png, bears/2026-07-12/thumbs/245-夢星熊-m.png
[04:14:00] 已複製: 246-星光夢想家.png → /home/fjj04/my-bear-museum/bears/2026-07-12/246-星光夢想家.png
[04:14:00]   已生成縮圖: bears/2026-07-12/thumbs/246-星光夢想家-s.png, bears/2026-07-12/thumbs/246-星光夢想家-m.png
[04:14:00] 已複製: 247-暖陽追光者.png → /home/fjj04/my-bear-museum/bears/2026-07-12/247-暖陽追光者.png
[04:14:00]   已生成縮圖: bears/2026-07-12/thumbs/247-暖陽追光者-s.png, bears/2026-07-12/thumbs/247-暖陽追光者-m.png
[04:14:00] 已更新 bears.json
[04:14:00] 新增 6 隻熊熊
[04:14:00] 
--- 步驟 6: Git Commit ---
[04:14:08] Git push 完成
[04:14:08] 
--- 步驟 7: 部署到 Cloudflare Pages ---
[04:14:23] 
===== 完成 =====
[04:14:23] 到 https://kumaweb.pages.dev 觀看結果
