[04:10:47] ===== 熊熊每日配送計畫 =====
[04:10:47] 今日日期: 2026-07-09
[04:10:47] 暫存目錄: /home/fjj04/bears/2026-07-09
[04:10:47] 目的目錄: /home/fjj04/my-bear-museum/bears/2026-07-09
[04:10:47] 
--- 步驟 1: 檢查系統狀態 ---
[04:10:47] ComfyUI: ✓ 在線
[04:10:47] 
--- 步驟 2: 取得熊熊名字和風格 ---
[04:10:47] 熊熊: ['魄星熊', '星月熊', '露雲熊', '糖海熊', '雪雲熊', '夢海熊']
[04:10:47] 風格: ['黏土', '水彩暈染', '紙雕', '織品', '玻璃馬賽克', '霓虹燈']
[04:10:47] 
--- 步驟 3: 準備目錄 ---
[04:10:47] 
--- 步驟 4: 生成圖片 ---
[04:10:47] 配送計畫: ComfyUI 6 張 + MiniMax 0 張 （ComfyUI 在線）
[04:10:47]   No.224 metadata: title=魄星熊, series=命運之輪系列, personality=我在貝殼沙灘中玩耍！懂得原諒，快樂寶貝。
[04:10:47]   MiniMax 產生 prompt: 魄星熊
[04:10:58]   prompt: A cheerful claymation bear with soft plush-like fur sits happily on a magical beach filled with beautiful seashells and starfish, its round chubby body catching the warm golden sunlight as gentle waves sparkle with cosmic stardust, the soul star bear's wise innocent eyes gleaming with forgiveness and joy, a giant mystical wheel of destiny glimmers in the distant twilight sky reflected on the calm shore, tiny floating spirit lights drift around the scene like fireflies illuminating delicate scallop shells and pearl-covered treasures scattered across the sandy shore, the entire 3D clay sculpture has that beautiful handcrafted modeling texture with subtle imperfections that give it authentic stop-motion charm, the atmosphere is whimsical and heartwarming with a dreamy pastel color palette of soft pinks lavenders and warm golds blending seamlessly with the mystical starry elements, soft kawaii style, horizontal composition 16:9, high quality illustration, detailed fur texture
[04:10:58] ComfyUI #1: 魄星熊 (黏土) [1600x900]
[04:11:18]   已保存: 224-魄星熊.png
[04:11:18]   No.225 metadata: title=星月熊, series=星辰精靈系列, personality=熱情善良，熱愛白雲如絮。珍惜每一個美好的瞬間。
[04:11:18]   MiniMax 產生 prompt: 星月熊
[04:11:32]   prompt: A gentle star moon bear with soft warm honey-brown fur sits peacefully atop a billowing cloud that drifts among the shimmering constellations of a deep twilight sky, surrounded by glowing stardust particles and delicate watercolor washes of indigo, violet and warm golden light bleeding softly into one another creating a magical diffused atmosphere, the bear gazes lovingly at a glowing crescent moon while tiny stars cascade gently down like shimmering snowflakes around her, capturing the precious essence of every beautiful fleeting moment with passionate kindness radiating from every brushstroke of dreamy ethereal watercolor art, soft kawaii style, horizontal composition 16:9, high quality illustration, detailed fur texture
[04:11:32] ComfyUI #2: 星月熊 (水彩暈染) [1600x900]
[04:11:52]   已保存: 225-星月熊.png
[04:11:52]   No.226 metadata: title=露雲熊, series=魔法森林系列, personality=我在星夜精靈裡找到了美好！低調奢華，熱愛探索未知。
[04:11:52]   MiniMax 產生 prompt: 露雲熊
[04:12:06]   prompt: A kawaii cute bear character made entirely of delicate paper sculpture, featuring multiple intricate paper layers creating stunning dimensional depth and intricate paper-cut patterns. This ethereal creature stands gracefully in an enchanted magical forest illuminated by soft starlight filtering through ancient mystical trees. Delicate paper-cut starry night elves with translucent wings dance among luminous glowing orbs and floating dewdrops. Magical fireflies and celestial particles drift through the misty forest atmosphere. The paper sculpture technique creates beautiful negative space cuts with soft ethereal lighting, luxurious yet mysterious atmosphere, soft pastel colors with gold and silver accents, dreamy and enchanting mood, soft kawaii style, horizontal composition 16:9, high quality illustration, detailed fur texture
[04:12:06] ComfyUI #3: 露雲熊 (紙雕) [1600x900]
[04:12:26]   已保存: 226-露雲熊.png
[04:12:26]   No.227 metadata: title=糖海熊, series=星辰精靈系列, personality=今天發現了繁星漫天，想分享給你！好奇探索，是個夢幻的小精靈。
[04:12:26]   MiniMax 產生 prompt: 糖海熊
[04:12:45]   prompt: A precious little bear character made entirely of soft textile art and delicate embroidery, with plush pastel blue and pink fur that shimmers like cotton candy waves beneath the luminous night sky, wearing a tiny woven cape adorned with glittering hand-stitched starry constellations. The curious and dreamy spirit bear explores from atop a fluffy fabric cliff, gazing out at an endless cosmic sea of twinkling stars and swirling galaxies rendered in shimmering thread work. The embroidered scene captures a magical atmosphere with soft bioluminescent waves of light rippling across the star-filled horizon, while delicate aurora threads cascade through the midnight fabric sky. Tiny embroidered sparkles and celestial beads scattered throughout create a warm, cozy wonderland where stardust spirits dance among woven constellations, inviting the viewer to share in the bear's discovery of the beautiful starry expanse above, soft kawaii style, horizontal composition 16:9, high quality illustration, detailed fur texture
[04:12:45] ComfyUI #4: 糖海熊 (織品) [1600x900]
[04:13:05]   已保存: 227-糖海熊.png
[04:13:05]   No.228 metadata: title=雪雲熊, series=守護王國系列, personality=我用玻璃馬賽克風格描繪奶油糖霜！獨立能幹，爽朗大方，帶來滿滿的溫暖與快樂。
[04:13:05]   MiniMax 產生 prompt: 雪雲熊
[04:13:18]   prompt: A magnificent snow-white teddy bear with a cloud-like fluffy appearance stands proudly in front of a magical fairy tale castle, surrounded by sparkling stained glass mosaic tiles that create a beautiful cathedral window effect with vibrant rainbow colors reflecting warm golden sunlight streaming through translucent glass pieces, the bear wears a small golden crown symbolizing guardianship, delicate buttercream frosting swirls decorate the scene like frosting on a cake, cheerful golden sparkles float around creating a warm and joyful atmosphere, the intricate glass mosaic art style shows colorful fragments with dark lead lines outlining each piece creating depth and dimension, the bear has a confident smile conveying independence and capability while spreading happiness and warmth throughout the enchanted kingdom scene, soft kawaii style, horizontal composition 16:9, high quality illustration, detailed fur texture
[04:13:18] ComfyUI #5: 雪雲熊 (玻璃馬賽克) [1600x900]
[04:13:38]   已保存: 228-雪雲熊.png
[04:13:38]   No.229 metadata: title=夢海熊, series=月亮船航行系列, personality=今天發現了杜鵑花開，想分享給你！意氣昂揚，是個夢幻的小精靈。
[04:13:38]   MiniMax 產生 prompt: 夢海熊
[04:13:51]   prompt: A magical little bear with soft luminous fur sails across a shimmering sea beneath a glowing crescent moon, discovering a grove of vibrant pink azaleas blooming in the neon-lit night sky. The bear stands proudly on a delicate moon boat, surrounded by floating ethereal sparkles and dreamy light effects, with the ocean reflecting rainbow neon colors like an urban fantasy dreamscape. The atmosphere is whimsical and spirited, sharing the precious discovery of spring flowers in a fantastical underwater garden filled with bioluminescent waves, glowing jellyfish, and floating celestial orbs that illuminate the azaleas with magical pink and purple light, soft kawaii style, horizontal composition 16:9, high quality illustration, detailed fur texture
[04:13:51] ComfyUI #6: 夢海熊 (霓虹燈) [1600x900]
[04:14:11]   已保存: 229-夢海熊.png
[04:14:11] 共生成 6 張圖片於 /home/fjj04/bears/2026-07-09
[04:14:11] 
--- 步驟 5: 更新熊熊博物館 ---
[04:14:11] 已複製: 224-魄星熊.png → /home/fjj04/my-bear-museum/bears/2026-07-09/224-魄星熊.png
[04:14:11]   已生成縮圖: bears/2026-07-09/thumbs/224-魄星熊-s.png, bears/2026-07-09/thumbs/224-魄星熊-m.png
[04:14:11] 已複製: 225-星月熊.png → /home/fjj04/my-bear-museum/bears/2026-07-09/225-星月熊.png
[04:14:11]   已生成縮圖: bears/2026-07-09/thumbs/225-星月熊-s.png, bears/2026-07-09/thumbs/225-星月熊-m.png
[04:14:11] 已複製: 226-露雲熊.png → /home/fjj04/my-bear-museum/bears/2026-07-09/226-露雲熊.png
[04:14:11]   已生成縮圖: bears/2026-07-09/thumbs/226-露雲熊-s.png, bears/2026-07-09/thumbs/226-露雲熊-m.png
[04:14:11] 已複製: 227-糖海熊.png → /home/fjj04/my-bear-museum/bears/2026-07-09/227-糖海熊.png
[04:14:12]   已生成縮圖: bears/2026-07-09/thumbs/227-糖海熊-s.png, bears/2026-07-09/thumbs/227-糖海熊-m.png
[04:14:12] 已複製: 228-雪雲熊.png → /home/fjj04/my-bear-museum/bears/2026-07-09/228-雪雲熊.png
[04:14:12]   已生成縮圖: bears/2026-07-09/thumbs/228-雪雲熊-s.png, bears/2026-07-09/thumbs/228-雪雲熊-m.png
[04:14:12] 已複製: 229-夢海熊.png → /home/fjj04/my-bear-museum/bears/2026-07-09/229-夢海熊.png
[04:14:12]   已生成縮圖: bears/2026-07-09/thumbs/229-夢海熊-s.png, bears/2026-07-09/thumbs/229-夢海熊-m.png
[04:14:12] 已更新 bears.json
[04:14:12] 新增 6 隻熊熊
[04:14:12] 
--- 步驟 6: Git Commit ---
[04:14:21] Git push 完成
[04:14:21] 
--- 步驟 7: 部署到 Cloudflare Pages ---
[04:14:40] 
===== 完成 =====
[04:14:40] 到 https://kumaweb.pages.dev 觀看結果
