[04:11:02] ===== 熊熊每日配送計畫 =====
[04:11:02] 今日日期: 2026-07-20
[04:11:02] 暫存目錄: /home/fjj04/bears/2026-07-20
[04:11:02] 目的目錄: /home/fjj04/my-bear-museum/bears/2026-07-20
[04:11:02] 
--- 步驟 1: 檢查系統狀態 ---
[04:11:02] ComfyUI: ✓ 在線
[04:11:02] 
--- 步驟 2: 取得熊熊名字和風格 ---
[04:11:02] 熊熊: ['流星漫遊者', '雲風熊', '暮靄熊', '晨霧旅人', '月影收藏家', '彩霞旅人']
[04:11:02] 風格: ['水墨', '漫畫', '素描', '霓虹', '復古', '極簡']
[04:11:02] 
--- 步驟 3: 準備目錄 ---
[04:11:02] 
--- 步驟 4: 生成圖片 ---
[04:11:02] 配送計畫: ComfyUI 6 張 + MiniMax 0 張 （ComfyUI 在線）
[04:11:02]   No.290 metadata: title=漫遊者, series=永恆之光系列, personality=慷慨單純，熱愛波斯菊美。帶來滿滿的溫暖與快樂。
[04:11:02]   MiniMax 產生 prompt: 流星漫遊者
[04:11:33]   prompt: A serene ink wash painting depicting a gentle celestial bear rowing a small wooden boat across a mystical moonlit lake, accompanied by a cute human child sitting beside it, a fluffy orange cat perched elegantly on the boat's edge, and a small yellow duckling nestled peacefully near the bear's paws, with delicate cosmos flowers floating gently on the rippling water around them while a brilliant meteor streaks across the star-filled sky above misty distant mountains, its warm ethereal glow illuminating the entire scene in soft amber and silver tones, the traditional Chinese ink wash style rendered with flowing brushstrokes, soft gradients of gray and black washes for the water reflections, and luminous golden light cascading over the characters creating an atmosphere of warmth and joyful wandering through an eternal dreamscape, soft kawaii style, horizontal composition 16:9, high quality illustration, detailed fur texture
[04:11:33] ComfyUI #1: 流星漫遊者 (水墨) [1600x900]
[04:11:59]   已保存: 290-流星漫遊者.png
[04:11:59]   No.291 metadata: title=雲風熊, series=童話冒險系列, personality=心胸寬闊，喜歡海草搖曳。是個夢幻的小精靈。
[04:11:59]   MiniMax 產生 prompt: 雲風熊
[04:12:13]   prompt: A dreamy cloud-like bear with soft plush fur drifts through a mysterious enchanted forest where bioluminescent mushrooms cast ethereal purple and blue glows across ancient moss-covered trees, while a small white rabbit hops alongside and a tiny fabric doll with button eyes peeks out from the bear's arms, a curious human child in a yellow raincoat holds the bear's paw as they follow a path of glowing fireflies through towering ferns and twisted vines, the scene capturing the whimsy and wonder of a fairytale adventure with magical light rays filtering through the canopy above and gentle mist swirling around their feet, rendered in a vibrant manga comic style with expressive character designs and dynamic composition, soft kawaii style, horizontal composition 16:9, high quality illustration, detailed fur texture
[04:12:13] ComfyUI #2: 雲風熊 (漫畫) [1600x900]
[04:12:33]   已保存: 291-雲風熊.png
[04:12:33]   No.292 metadata: title=暮靄熊, series=願望之翼系列, personality=我用素描風格描繪海天一色！胸懷寬大，柔情萬千，總是給身邊的人帶來幸福感。
[04:12:33]   MiniMax 產生 prompt: 暮靄熊
[04:12:49]   prompt: At a dreamy coastal beach at golden hour, a gentle brown bear sits peacefully on smooth driftwood, gazing out at the vast ocean where the sky and sea blend seamlessly together in soft gradients of amber and lavender, the warm evening light casting long shadows across the sandy shore as seagulls fly gracefully in the distance, rendered in delicate pencil sketch style with flowing lines and subtle cross-hatching, the bear's kind eyes reflecting the tranquil beauty of the moment while holding a small human child warmly in its arms, both watching the magical sunset together with content smiles, soft mist rising from the water's surface creating an ethereal atmosphere of peace and serenity, gentle waves lapping rhythmically against the shore, the tender moment capturing a deep bond of affection and boundless happiness, soft kawaii style, horizontal composition 16:9, high quality illustration, detailed fur texture
[04:12:49] ComfyUI #3: 暮靄熊 (素描) [1600x900]
[04:13:09]   已保存: 292-暮靄熊.png
[04:13:09]   No.293 metadata: title=旅人, series=彩虹橋樑系列, personality=我於花香四溢裡找到了美好！明朗坦率，熱愛探索未知。
[04:13:09]   MiniMax 產生 prompt: 晨霧旅人
[04:13:29]   prompt: A lone brave teddy bear with soft golden-brown fur stands on a winding neon-lit bridge spanning across a dreamy morning mist valley, its arms outstretched in joyful wonder as vibrant rainbow colors illuminate the foggy landscape below, scattered cherry blossoms and wildflowers bloom along the bridge's edge glowing with soft pink and purple neon light, the bear's bright expressive eyes reflect the magical colors of the rainbow bridge as it beckons its loyal small white rabbit friend to join the adventure, ethereal morning dew droplets sparkle like tiny diamonds in the luminous atmosphere, dynamic composition with dramatic backlighting, flowing neon ribbons connecting the bridge to a distant glowing horizon, warm golden morning sunbeams pierce through the mist creating a mystical atmosphere of hope and new beginnings, digital art with cinematic lighting, soft kawaii style, horizontal composition 16:9, high quality illustration, detailed fur texture
[04:13:29] ComfyUI #4: 晨霧旅人 (霓虹) [1600x900]
[04:13:49]   已保存: 293-晨霧旅人.png
[04:13:49]   No.294 metadata: title=收藏家, series=魔法鏡子系列, personality=倒影的，喜歡山嵐繚繞。帶來滿滿的溫暖與快樂。
[04:13:49]   MiniMax 產生 prompt: 月影收藏家
[04:14:12]   prompt: A charming vintage illustration of an adorable moon-silver teddy bear with soft luminous fur and gentle reflective eyes standing proudly in the foreground of a dreamy misty mountain landscape, wearing a small vintage collector's vest with tiny pockets, alongside a cute human child with rosy cheeks happily flying a rainbow-colored kite with a long flowing tail, the kite soaring high above rolling green hills shrouded in ethereal mountain fog, warm golden afternoon sunlight filtering through the mist creating magical atmosphere, retro illustration style with warm nostalgic color palette reminiscent of classic children's book illustrations from the 1950s, soft painterly brushstrokes, whimsical and heartwarming mood, the bear larger in the foreground as the main focus sharing joyful kite-flying adventure with the child, their friendship radiating warmth and happiness, soft kawaii style, horizontal composition 16:9, high quality illustration, detailed fur texture
[04:14:12] ComfyUI #5: 月影收藏家 (復古) [1600x900]
[04:14:32]   已保存: 294-月影收藏家.png
[04:14:32]   No.295 metadata: title=旅人, series=精靈王國系列, personality=我在勇氣之劍裡找到了美好！喜歡彩虹，熱愛探索未知。
[04:14:32]   MiniMax 產生 prompt: 彩霞旅人
[04:14:49]   prompt: A minimalist illustration of a magical rainbow-furred bear wearing a small adventurer's cape, standing joyfully in an enchanted meadow with soft golden sunlight filtering through the trees, gently blowing iridescent rainbow bubbles from pink lips while three tiny friends watch with wonder, a small cream-colored teddy bear toy wearing a tiny crown sits nearby gazing upward, a fluffy white rabbit with long ears and a fluffy yellow duckling both mesmerized by the floating prismatic bubbles that catch the light and create small rainbows in the air around them, soft pastel color palette with clean geometric shapes, simple but expressive character designs, warm and magical atmosphere, elven kingdom fantasy setting with gentle rolling hills in the distance, soft kawaii style, horizontal composition 16:9, high quality illustration, detailed fur texture
[04:14:49] ComfyUI #6: 彩霞旅人 (極簡) [1600x900]
[04:15:09]   已保存: 295-彩霞旅人.png
[04:15:09] 共生成 6 張圖片於 /home/fjj04/bears/2026-07-20
[04:15:09] 
--- 步驟 5: 更新熊熊博物館 ---
[04:15:09] 已複製: 290-流星漫遊者.png → /home/fjj04/my-bear-museum/bears/2026-07-20/290-流星漫遊者.png
[04:15:10]   已生成縮圖: bears/2026-07-20/thumbs/290-流星漫遊者-s.png, bears/2026-07-20/thumbs/290-流星漫遊者-m.png
[04:15:10] 已複製: 291-雲風熊.png → /home/fjj04/my-bear-museum/bears/2026-07-20/291-雲風熊.png
[04:15:10]   已生成縮圖: bears/2026-07-20/thumbs/291-雲風熊-s.png, bears/2026-07-20/thumbs/291-雲風熊-m.png
[04:15:10] 已複製: 292-暮靄熊.png → /home/fjj04/my-bear-museum/bears/2026-07-20/292-暮靄熊.png
[04:15:10]   已生成縮圖: bears/2026-07-20/thumbs/292-暮靄熊-s.png, bears/2026-07-20/thumbs/292-暮靄熊-m.png
[04:15:10] 已複製: 293-晨霧旅人.png → /home/fjj04/my-bear-museum/bears/2026-07-20/293-晨霧旅人.png
[04:15:10]   已生成縮圖: bears/2026-07-20/thumbs/293-晨霧旅人-s.png, bears/2026-07-20/thumbs/293-晨霧旅人-m.png
[04:15:10] 已複製: 294-月影收藏家.png → /home/fjj04/my-bear-museum/bears/2026-07-20/294-月影收藏家.png
[04:15:10]   已生成縮圖: bears/2026-07-20/thumbs/294-月影收藏家-s.png, bears/2026-07-20/thumbs/294-月影收藏家-m.png
[04:15:10] 已複製: 295-彩霞旅人.png → /home/fjj04/my-bear-museum/bears/2026-07-20/295-彩霞旅人.png
[04:15:10]   已生成縮圖: bears/2026-07-20/thumbs/295-彩霞旅人-s.png, bears/2026-07-20/thumbs/295-彩霞旅人-m.png
[04:15:10] 已更新 bears.json
[04:15:10] 新增 6 隻熊熊
[04:15:10] 
--- 步驟 6: Git Commit ---
[04:15:19] Git push 完成
[04:15:19] 
--- 步驟 7: 部署到 Cloudflare Pages ---
[04:15:35] 
===== 完成 =====
[04:15:35] 到 https://kumaweb.pages.dev 觀看結果
