[04:10:49] ===== 熊熊每日配送計畫 =====
[04:10:49] 今日日期: 2026-07-06
[04:10:49] 暫存目錄: /home/fjj04/bears/2026-07-06
[04:10:49] 目的目錄: /home/fjj04/my-bear-museum/bears/2026-07-06
[04:10:49] 
--- 步驟 1: 檢查系統狀態 ---
[04:10:49] ComfyUI: ✓ 在線
[04:10:49] 
--- 步驟 2: 取得熊熊名字和風格 ---
[04:10:49] 熊熊: ['風海熊', '風光熊', '光雲熊', '花雲熊', '月影追光者', '丘星熊']
[04:10:49] 風格: ['像素', '水彩', '油畫', '奇幻', '童趣', '賽博朋克']
[04:10:49] 
--- 步驟 3: 準備目錄 ---
[04:10:49] 
--- 步驟 4: 生成圖片 ---
[04:10:49] 配送計畫: ComfyUI 6 張 + MiniMax 0 張 （ComfyUI 在線）
[04:10:49]   No.206 metadata: title=風海熊, series=星之物語系列, personality=我於糖烤杏仁中小憩！熱情大方，胸懷寬大。
[04:10:49]   MiniMax 產生 prompt: 風海熊
[04:11:13]   prompt: A charming pixel art bear character with soft blue fur tinged with seafoam green rests peacefully on a bed of golden sugar-roasted almonds, surrounded by warmly glowing amber particles that shimmer like captured sunlight. The cosmic starry sky stretches endlessly behind, with gentle sea waves rolling beneath the character's feet as delicate wind swirls dance through the magical scene. The bear's wide, generous expression radiates inviting warmth and kindness, while the soft ambient glow creates a nostalgic, dreamy atmosphere. Around the character, tiny pixel sparkles float upward like wishes, and the warm sugar glaze on the roasted almonds catches the ethereal starlight, blending the comfort of sweet treats with the wonder of a cosmic ocean voyage, soft kawaii style, horizontal composition 16:9, high quality illustration, detailed fur texture
[04:11:13] ComfyUI #1: 風海熊 (像素) [1600x900]
[04:11:38]   已保存: 206-風海熊.png
[04:11:38]   No.207 metadata: title=風光熊, series=花園仙子系列, personality=我用水彩風格描繪星河長明！喜歡付出，低調奢華，是個夢幻的小精靈。
[04:11:38]   MiniMax 產生 prompt: 風光熊
[04:11:59]   prompt: A charming little bear with soft warm golden-cream fur sits gracefully among luminous garden flowers in a mystical setting from the fairy garden series. A magical starry river flows gently through the enchanted scene, its surface reflecting countless twinkling stars that cast soft silver and golden light across the surroundings. The bear appears as a gentle giving spirit, with delicate translucent fairy wings and a low-key luxurious aura, surrounded by floating petals and glowing light particles carried by a gentle breeze. The entire composition is rendered in beautiful watercolor style with soft washes of color, fluid brushstrokes, and delicate wet-on-wet blending techniques creating an ethereal dreamlike quality, with magical fairy dust sparkle illuminating the peaceful garden atmosphere, soft kawaii style, horizontal composition 16:9, high quality illustration, detailed fur texture
[04:11:59] ComfyUI #2: 風光熊 (水彩) [1600x900]
[04:12:19]   已保存: 207-風光熊.png
[04:12:19]   No.208 metadata: title=光雲熊, series=永恆之光系列, personality=我在綠野仙蹤裡找到了美好！踏實活潑，珍惜每一個綻放的瞬間。
[04:12:19]   MiniMax 產生 prompt: 光雲熊
[04:12:37]   prompt: A majestic kawaii bear character with warm golden-brown fur stands joyfully in a magical meadow filled with wildflowers in full bloom, soft ethereal clouds drifting around the bear and glowing with warm golden light from a gentle sunrise. The oil painting style captures rich, layered brushstrokes with warm amber and honey tones, creating a luminous, dreamlike atmosphere. The bear has a bright, cheerful expression with sparkling eyes, looking delighted by the beautiful landscape, while dappled sunlight filters through the clouds casting a magical golden glow across the rolling green hills. The impasto technique gives texture to the flower petals and cloud wisps, filling the scene with warmth and everlasting peaceful happiness, as if capturing a precious moment of joy that will last forever, soft kawaii style, horizontal composition 16:9, high quality illustration, detailed fur texture
[04:12:37] ComfyUI #3: 光雲熊 (油畫) [1600x900]
[04:12:58]   已保存: 208-光雲熊.png
[04:12:58]   No.209 metadata: title=花雲熊, series=精靈法術系列, personality=我用奇幻風格描繪雲端城堡！優雅從容，活潑大方，熱愛大自然的美好。
[04:12:58]   MiniMax 產生 prompt: 花雲熊
[04:13:15]   prompt: A charming kawaii bear character with soft pastel fur gently dusted with delicate flower petals and fluffy cloud-like textures stands gracefully upon a floating mossy island surrounded by luminous mist. Behind the bear rises a magnificent fantasy castle with elegant crystalline spires and ornate arched doorways adorned with blooming magical roses and glowing runes, suspended among the clouds. Radiant sunbeams pierce through the ethereal atmosphere creating a dreamlike golden hour glow while mystical fireflies and sparkling magic particles drift lazily through the air. Enchanted flowering vines cascade down the castle towers, and a gentle rainbow refracts through crystalline windows illuminating the scene with warm enchanted light. The composition captures a sense of serene wonder and magical adventure with the majestic bear gazing peacefully at the fantastical realm before them, embodying both grace and joyful curiosity in this enchanted elven sanctuary, soft kawaii style, horizontal composition 16:9, high quality illustration, detailed fur texture
[04:13:15] ComfyUI #4: 花雲熊 (奇幻) [1600x900]
[04:13:35]   已保存: 209-花雲熊.png
[04:13:35]   No.210 metadata: title=追光者, series=糖果森林系列, personality=我於雲霄之上裡找到了美好！喜歡旅行，熱愛探索未知。
[04:13:35]   MiniMax 產生 prompt: 月影追光者
[04:13:55]   prompt: A whimsical childlike scene featuring a small silver-white bear with soft fur and bright curious eyes floating among fluffy pastel clouds high in the sky, wearing a tiny explorer hat and holding a glowing lantern, surrounded by cascading golden sunlight rays and gentle silver moonbeams that interweave magically through the clouds, the pastel sky painted in soft pinks lavender and warm yellows with tiny glowing stars scattered about, floating candy-like mushrooms and dewdrops drift through the air, magical atmosphere filled with warm golden hour light blending with cool moonlight creating an ethereal glow, the bear looks upward with wonder and joy chasing the beautiful light, innocent playful energy and sense of adventure captured in soft watercolor style with gentle brushstrokes and dreamy pastel gradients, soft kawaii style, horizontal composition 16:9, high quality illustration, detailed fur texture
[04:13:55] ComfyUI #5: 月影追光者 (童趣) [1600x900]
[04:14:15]   已保存: 210-月影追光者.png
[04:14:15]   No.211 metadata: title=丘星熊, series=雲端王國系列, personality=幽默詼諧，喜歡珊瑚色彩。熱愛大自然的美好。
[04:14:15]   MiniMax 產生 prompt: 丘星熊
[04:14:28]   prompt: A chubby adorable bear character with soft coral pink and orange fur stands proudly in a breathtaking cyberpunk cityscape floating among the clouds, holographic stars and neon constellations shimmer overhead while bioluminescent nature vines with glowing flowers wrap around futuristic silver towers, the bear wears stylish tech goggles tinted in coral colors and holds a holographic flower, vibrant coral pink neon lights mix with electric blue holographic projections creating a magical twilight atmosphere, rain droplets catch the neon glow like tiny prisms, playful coral-colored butterflies made of digital particles flutter around the cheerful bear, the scene blends organic nature with futuristic technology in perfect harmony under a sky filled with floating islands and digital aurora borealis, soft kawaii style, horizontal composition 16:9, high quality illustration, detailed fur texture
[04:14:28] ComfyUI #6: 丘星熊 (賽博朋克) [1600x900]
[04:14:49]   已保存: 211-丘星熊.png
[04:14:49] 共生成 6 張圖片於 /home/fjj04/bears/2026-07-06
[04:14:49] 
--- 步驟 5: 更新熊熊博物館 ---
[04:14:49] 已複製: 206-風海熊.png → /home/fjj04/my-bear-museum/bears/2026-07-06/206-風海熊.png
[04:14:49]   已生成縮圖: bears/2026-07-06/thumbs/206-風海熊-s.png, bears/2026-07-06/thumbs/206-風海熊-m.png
[04:14:49] 已複製: 207-風光熊.png → /home/fjj04/my-bear-museum/bears/2026-07-06/207-風光熊.png
[04:14:49]   已生成縮圖: bears/2026-07-06/thumbs/207-風光熊-s.png, bears/2026-07-06/thumbs/207-風光熊-m.png
[04:14:49] 已複製: 208-光雲熊.png → /home/fjj04/my-bear-museum/bears/2026-07-06/208-光雲熊.png
[04:14:49]   已生成縮圖: bears/2026-07-06/thumbs/208-光雲熊-s.png, bears/2026-07-06/thumbs/208-光雲熊-m.png
[04:14:49] 已複製: 209-花雲熊.png → /home/fjj04/my-bear-museum/bears/2026-07-06/209-花雲熊.png
[04:14:49]   已生成縮圖: bears/2026-07-06/thumbs/209-花雲熊-s.png, bears/2026-07-06/thumbs/209-花雲熊-m.png
[04:14:49] 已複製: 210-月影追光者.png → /home/fjj04/my-bear-museum/bears/2026-07-06/210-月影追光者.png
[04:14:49]   已生成縮圖: bears/2026-07-06/thumbs/210-月影追光者-s.png, bears/2026-07-06/thumbs/210-月影追光者-m.png
[04:14:49] 已複製: 211-丘星熊.png → /home/fjj04/my-bear-museum/bears/2026-07-06/211-丘星熊.png
[04:14:49]   已生成縮圖: bears/2026-07-06/thumbs/211-丘星熊-s.png, bears/2026-07-06/thumbs/211-丘星熊-m.png
[04:14:49] 已更新 bears.json
[04:14:49] 新增 6 隻熊熊
[04:14:49] 
--- 步驟 6: Git Commit ---
[04:14:58] Git push 完成
[04:14:58] 
--- 步驟 7: 部署到 Cloudflare Pages ---
[04:15:14] 
===== 完成 =====
[04:15:14] 到 https://kumaweb.pages.dev 觀看結果
