[04:10:37] ===== 熊熊每日配送計畫 =====
[04:10:37] 今日日期: 2026-07-23
[04:10:37] 暫存目錄: /home/fjj04/bears/2026-07-23
[04:10:37] 目的目錄: /home/fjj04/my-bear-museum/bears/2026-07-23
[04:10:37] 
--- 步驟 1: 檢查系統狀態 ---
[04:10:37] ComfyUI: ✓ 在線
[04:10:37] 
--- 步驟 2: 取得熊熊名字和風格 ---
[04:10:37] 熊熊: ['金色仙子', '雲海熊', '月風熊', '星光冒險家', '晨曦夢想家', '紫色旅人']
[04:10:37] 風格: ['等距視角', '藝術大字', '塗鴉', '和風', '波斯地毯', '外太空']
[04:10:37] 
--- 步驟 3: 準備目錄 ---
[04:10:37] 
--- 步驟 4: 生成圖片 ---
[04:10:37] 配送計畫: ComfyUI 6 張 + MiniMax 0 張 （ComfyUI 在線）
[04:10:37]   No.308 metadata: title=仙子, series=星光隧道系列, personality=浪漫溫柔，喜歡星月情話。熱愛大自然的美好。
[04:10:37]   MiniMax 產生 prompt: 金色仙子
[04:10:50]   prompt: An adorable golden teddy bear with soft honey-colored fur and delicate fairy wings sits on a fluffy blanket at a cozy mountain campsite, gazing up at a breathtaking sky filled with twinkling stars and a glowing crescent moon while surrounded by magical floating lanterns and scattered wildflowers, with a small fluffy white dog curled up beside the bear, a tiny teddy bear toy sitting upright on a picnic basket, and a cute human child pointing excitedly at a shooting star streaking across the cosmic canvas, all rendered in charming isometric 2.5D perspective with warm amber lantern glow contrasting against the cool blue-violet twilight sky filled with swirling galaxies and twinkling constellations, capturing a romantic moment of friendship and wonder as they share moonlit stories beneath the infinite starlit heavens, soft kawaii style, horizontal composition 16:9, high quality illustration, detailed fur texture
[04:10:50] ComfyUI #1: 金色仙子 (等距視角) [1600x900]
[04:11:10]   已保存: 308-金色仙子.png
[04:11:10]   No.309 metadata: title=雲海熊, series=精靈王國系列, personality=我用藝術大字風格描繪花語信箱！勇敢剛毅，温暖如陽，總是給身邊的人帶來幸福感。
[04:11:10]   MiniMax 產生 prompt: 雲海熊
[04:11:26]   prompt: In a magical elven kingdom meadow where fluffy clouds drift like a sea above rolling violet hills, a kawaii blue and white teddy bear with round expressive eyes and a warm golden nose sits on a wooden swing, soaring joyfully into the sky while laughing with delight, the bear's fur blowing softly in the gentle breeze as floating artistic calligraphy letters in pastel colors swirl around like enchanted flower petals spelling cheerful words, joined by a tiny cream-colored teddy bear friend sitting on the swing beside them, a fluffy yellow duckling perched happily on the swing's rope, and a small round orange cat batting at the passing clouds with tiny paws, all of them sharing the simple magical joy of swinging together under a rainbow-tinted sunset where golden sunbeams and soft lavender mist create a dreamy ethereal atmosphere, their tiny paws and wings outstretched in pure happiness as they fly through the cloudscape together, soft kawaii style, horizontal composition 16:9, high quality illustration, detailed fur texture
[04:11:26] ComfyUI #2: 雲海熊 (藝術大字) [1600x900]
[04:11:46]   已保存: 309-雲海熊.png
[04:11:46]   No.310 metadata: title=月風熊, series=公主殿下系列, personality=我用塗鴉風格描繪星河滾滾！低調內斂，獨立開朗，熱愛大自然的美好。
[04:11:46]   MiniMax 產生 prompt: 月風熊
[04:12:01]   prompt: A gentle moon bear with soft cream-colored fur sits atop a grassy hill in a hand-drawn doodle style, her tiny princess crown barely visible beneath the moonlight as loose pencil strokes and sketchy lines swirl around her like the night breeze, the sky above filled with rolling galaxies and countless twinkling stars painted in whimsical brushstrokes with crosshatched textures, wildflowers and tall grass drawn with casual confident lines frame her peaceful silhouette, delicate wind swirls carry dandelion seeds across the scene as a small curious fox curls beside her paw and a paper crane flies overhead, the entire illustration rendered on aged parchment paper with visible sketch marks bleeding into watercolor splashes and ink dots, capturing that magical moment when nature's quiet beauty meets the boundless creativity of an independent spirit, soft kawaii style, horizontal composition 16:9, high quality illustration, detailed fur texture
[04:12:01] ComfyUI #3: 月風熊 (塗鴉) [1600x900]
[04:12:21]   已保存: 310-月風熊.png
[04:12:21]   No.311 metadata: title=冒險家, series=水晶宮殿系列, personality=活潑可愛，喜歡繁星閃爍。充滿好奇與勇氣。
[04:12:21]   MiniMax 產生 prompt: 星光冒險家
[04:12:35]   prompt: A cheerful bear adventurer with soft golden fur wearing a traditional Japanese winter ensemble stands in a magical snowy courtyard, carefully placing a carrot on the snowman they are building together with a tiny adorable teddy bear toy companion, the small bear helping by holding a wooden stick arm out while both look up with delighted expressions, delicate snowflakes falling gently around them, in the background a magnificent crystal palace with traditional Japanese architecture glimmers under a twilight sky filled with twinkling stars and aurora borealis, the scene rendered in elegant washo style with soft watercolor brushstrokes blending traditional Japanese aesthetics with fantasy elements, magical sparkles scattered across the snowy landscape, warm golden lantern light from paper torii gates illuminating the winter wonderland, capturing the spirit of friendship courage and wonder as these two little companions create their frozen friend together in a serene and enchanting moment, soft kawaii style, horizontal composition 16:9, high quality illustration, detailed fur texture
[04:12:35] ComfyUI #4: 星光冒險家 (和風) [1600x900]
[04:12:55]   已保存: 311-星光冒險家.png
[04:12:55]   No.312 metadata: title=夢想家, series=命運之輪系列, personality=我用波斯地毯風格描繪魔法寶石！優雅從容，忠誠活潑，珍惜每一個美好的瞬間。
[04:12:55]   MiniMax 產生 prompt: 晨曦夢想家
[04:13:11]   prompt: A charming kawaii bear dressed in elegant Persian royal garments sits contentedly on an ornate Persian carpet spread across a magical flower meadow filled with blooming roses, tulips, and lavender, surrounded by sparkling magic gems that emit soft golden and amethyst light while a cheerful human child with rosy cheeks and a fluffy yellow duckling join the温馨 picnic, with intricate Persian carpet patterns seamlessly flowing into the meadow landscape creating a dreamlike tapestry where geometric flowers and swirling arabesque borders frame the happy friends sharing tea and pastries under a twilight sky decorated with fate stars and destiny constellations from the Wheel of Destiny series, with butterflies dancing around jeweled cushions and Persian miniature painting style detailing every thread of the carpet and every petal of the magical blossoms, soft kawaii style, horizontal composition 16:9, high quality illustration, detailed fur texture
[04:13:11] ComfyUI #5: 晨曦夢想家 (波斯地毯) [1600x900]
[04:13:31]   已保存: 312-晨曦夢想家.png
[04:13:31]   No.313 metadata: title=旅人, series=雲端王國系列, personality=機智靈活，熱愛魔法師。珍惜每一個美好的瞬間。
[04:13:31]   MiniMax 產生 prompt: 紫色旅人
[04:13:44]   prompt: A brave purple teddy bear with intelligent twinkling eyes and soft lavender fur, wearing a tiny wizard hat and cape, stands proudly in a breathtaking cosmic cave filled with floating glowing crystals and swirling nebula portals that shift between purple and deep blue, while a small fluffy white rabbit companion with starry ears hops excitedly beside them holding a tiny lantern that projects holographic stars onto the cave walls, bioluminescent mushrooms line the crystalline path, ethereal stardust falls gently from the cave ceiling that transforms into the night sky of the Cloud Kingdom above, magical glowing runes float in the air around the travelers, the bear gestures toward a mysterious glowing portal ahead with its paw, capturing the precious moment of adventure and friendship in this mystical underground wonderland illuminated by cosmic aurora lights streaming through cracks in the dimensional ceiling, soft kawaii style, horizontal composition 16:9, high quality illustration, detailed fur texture
[04:13:44] ComfyUI #6: 紫色旅人 (外太空) [1600x900]
[04:14:04]   已保存: 313-紫色旅人.png
[04:14:04] 共生成 6 張圖片於 /home/fjj04/bears/2026-07-23
[04:14:04] 
--- 步驟 5: 更新熊熊博物館 ---
[04:14:04] 已複製: 308-金色仙子.png → /home/fjj04/my-bear-museum/bears/2026-07-23/308-金色仙子.png
[04:14:04]   已生成縮圖: bears/2026-07-23/thumbs/308-金色仙子-s.png, bears/2026-07-23/thumbs/308-金色仙子-m.png
[04:14:04] 已複製: 309-雲海熊.png → /home/fjj04/my-bear-museum/bears/2026-07-23/309-雲海熊.png
[04:14:04]   已生成縮圖: bears/2026-07-23/thumbs/309-雲海熊-s.png, bears/2026-07-23/thumbs/309-雲海熊-m.png
[04:14:04] 已複製: 310-月風熊.png → /home/fjj04/my-bear-museum/bears/2026-07-23/310-月風熊.png
[04:14:04]   已生成縮圖: bears/2026-07-23/thumbs/310-月風熊-s.png, bears/2026-07-23/thumbs/310-月風熊-m.png
[04:14:04] 已複製: 311-星光冒險家.png → /home/fjj04/my-bear-museum/bears/2026-07-23/311-星光冒險家.png
[04:14:04]   已生成縮圖: bears/2026-07-23/thumbs/311-星光冒險家-s.png, bears/2026-07-23/thumbs/311-星光冒險家-m.png
[04:14:04] 已複製: 312-晨曦夢想家.png → /home/fjj04/my-bear-museum/bears/2026-07-23/312-晨曦夢想家.png
[04:14:04]   已生成縮圖: bears/2026-07-23/thumbs/312-晨曦夢想家-s.png, bears/2026-07-23/thumbs/312-晨曦夢想家-m.png
[04:14:04] 已複製: 313-紫色旅人.png → /home/fjj04/my-bear-museum/bears/2026-07-23/313-紫色旅人.png
[04:14:04]   已生成縮圖: bears/2026-07-23/thumbs/313-紫色旅人-s.png, bears/2026-07-23/thumbs/313-紫色旅人-m.png
[04:14:04] 已更新 bears.json
[04:14:04] 新增 6 隻熊熊
[04:14:04] 
--- 步驟 6: Git Commit ---
[04:14:13] Git push 完成
[04:14:13] 
--- 步驟 7: 部署到 Cloudflare Pages ---
[04:14:29] 
===== 完成 =====
[04:14:29] 到 https://kumaweb.pages.dev 觀看結果
