[04:10:35] ===== 熊熊每日配送計畫 =====
[04:10:35] 今日日期: 2026-08-10
[04:10:35] 暫存目錄: /home/fjj04/bears/2026-08-10
[04:10:35] 目的目錄: /home/fjj04/my-bear-museum/bears/2026-08-10
[04:10:35] 
--- 步驟 1: 檢查系統狀態 ---
[04:10:35] ComfyUI: ✓ 在線
[04:10:35] 
--- 步驟 2: 取得熊熊名字和風格 ---
[04:10:35] 熊熊: ['彩霞踏星者', '晨曦追光者', '流星收藏家', '光月熊', '銀河使者', '蜜光熊']
[04:10:35] 風格: ['賽博朋克', '浮世繪', '點描', '水墨', '漫畫', '素描']
[04:10:35] 
--- 步驟 3: 準備目錄 ---
[04:10:35] 
--- 步驟 4: 生成圖片 ---
[04:10:35] 配送計畫: ComfyUI 6 張 + MiniMax 0 張 （ComfyUI 在線）
[04:10:35]   No.423 metadata: title=踏星者, series=夢幻王國系列, personality=忠誠守護，熱愛奶油甜餅。熱愛大自然的美好。, conditions={'time_of_day': {'zh': '上午', 'en': 'in the late morning'}, 'emotion': {'zh': '沉思安靜', 'en': 'in thoughtful silence'}}
[04:10:35]   MiniMax 產生 prompt: 彩霞踏星者
[04:10:55]   prompt: In the dreamy cyberpunk landscape of the Star Kingdom, a warm brown teddy bear with sunset-tinted iridescent fur stands contemplatively on a floating holographic platform surrounded by bioluminescent gardens and soft neon light. Late morning golden sunbeams pierce gently through the translucent starscape above, while the bear gently holds a butter cookie, gazing thoughtfully at the ethereal sky. A small loyal golden dog companion sits peacefully beside the guardian, sharing in the quiet moment of reflection. Floating flower petals drift slowly through the misty air, and gentle rainbow aurora ribbons curl around ancient starlight trees with circuit-like vines, creating a magical harmony between nature's beauty and futuristic wonder, soft kawaii style, horizontal composition 16:9, high quality illustration, detailed fur texture
[04:10:55] ComfyUI #1: 彩霞踏星者 (賽博朋克) [1600x900]
[04:11:21]   已保存: 423-彩霞踏星者.png
[04:11:21]   No.424 metadata: title=追光者, series=風精靈語系列, personality=我在花語溫柔裡找到了美好！天真善良，喜歡收集閃閃發亮的東西。, conditions={'time_of_day': {'zh': '清晨', 'en': 'at dawn with golden light'}}
[04:11:21]   MiniMax 產生 prompt: 晨曦追光者
[04:11:37]   prompt: A gentle teddy bear with soft warm brown fur reaches joyfully toward the rising golden sun at dawn in a vast traditional Japanese ukiyo-e style flower meadow filled with cherry blossoms and wildflowers, the morning light casting long ethereal golden rays through the petals creating a magical atmosphere of hope and new beginnings, a small fabric doll companion sits beside an open wicker picnic basket decorated with tiny flowers, a curious orange cat stretches playfully nearby while a yellow duckling waddles through the meadow grasses, scattered around them are glittering morning dew drops catching the light like tiny diamonds the innocent bear has collected, delicate wind spirits depicted as translucent swirls dance through the scene carrying cherry blossom petals through the golden air, the composition uses classic ukiyo-e woodblock print techniques with bold outlines, flat color areas, and dramatic perspective, the bear's expressive eyes shine with wonder and pure joy as warm gentle breezes carry the promise of a beautiful day, soft kawaii style, horizontal composition 16:9, high quality illustration, detailed fur texture
[04:11:37] ComfyUI #2: 晨曦追光者 (浮世繪) [1600x900]
[04:11:57]   已保存: 424-晨曦追光者.png
[04:11:57]   No.425 metadata: title=收藏家, series=命運之輪系列, personality=我在海洋童話裡找到了美好！喜歡花開，珍惜每一個綻放的瞬間。, conditions={'prop': {'zh': '戴圍巾', 'en': 'wearing a cozy scarf'}, 'emotion': {'zh': '沉思安靜', 'en': 'in thoughtful silence'}}
[04:11:57]   MiniMax 產生 prompt: 流星收藏家
[04:12:19]   prompt: A silver-grey kawaii bear with soft shimmering fur sits peacefully among blooming wildflowers at a misty shoreline, gazing upward in quiet wonder at a sky filled with falling stars and meteors that streak across a moonlit ocean horizon, wearing a cozy cream-colored scarf draped gently around its neck while small waves lap at the sandy shore dotted with seashells and glowing sea glass, the entire magical scene rendered in delicate pointillism technique with thousands of tiny luminous dots creating a shimmering, dreamlike atmosphere as fireflies and flower petals drift through the air, the bear's expression is serene and deeply thoughtful, lost in the moment of witnessing celestial beauty reflected in the tranquil sea below, surrounding by scattered meteor fragments and pressed flowers in small glass jars beside the bear like a collection of treasured memories, bathed in ethereal moonlight with soft teal and silver tones blending into warm rose and gold near the horizon, soft kawaii style, horizontal composition 16:9, high quality illustration, detailed fur texture
[04:12:19] ComfyUI #3: 流星收藏家 (點描) [1600x900]
[04:12:39]   已保存: 425-流星收藏家.png
[04:12:39]   No.426 metadata: title=光月熊, series=夢想王國系列, personality=我在花香四溢中玩耍！明朗坦率，純真單純。, conditions={'weather': {'zh': '薄霧晨', 'en': 'in the misty morning fog'}, 'time_of_day': {'zh': '月夜', 'en': 'under the glowing full moon'}, 'emotion': {'zh': '害羞微笑', 'en': 'smiling shyly'}}
[04:12:39]   MiniMax 產生 prompt: 光月熊
[04:12:57]   prompt: A gentle ink wash painting depicts a small luminous moon bear with soft warm cream-colored fur sitting contentedly among a garden of blooming flowers, its round curious eyes looking slightly to the side with a shy endearing smile, wisps of ethereal mist and moonlight creating a dreamlike atmosphere with delicate ink gradients and flowing brushstrokes, a small white rabbit companion hops nearby among the flowers while fireflies float gently in the air, the composition uses traditional Chinese ink wash techniques with soft gray washes and fine ink lines, the bear wears a small flower crown and holds a sprig of blossoms in its paw, the moon glows softly above casting silver light through the fog creating beautiful negative space and atmospheric depth characteristic of traditional East Asian ink painting, soft kawaii style, horizontal composition 16:9, high quality illustration, detailed fur texture
[04:12:57] ComfyUI #4: 光月熊 (水墨) [1600x900]
[04:13:17]   已保存: 426-光月熊.png
[04:13:17]   No.427 metadata: title=使者, series=雲端漫步系列, personality=今天發現了向日葵田，想分享給你！咖啡店的，總是給身邊的人帶來幸福感。, conditions={'prop': {'zh': '撐傘', 'en': 'holding a transparent umbrella'}}
[04:13:17]   MiniMax 產生 prompt: 銀河使者
[04:13:30]   prompt: In a whimsical manga illustration, a cheerful bear with soft fur in gentle earth tones stands in a vibrant sunflower field under a dreamy sky filled with twinkling stars and swirling galaxies, holding a delicate transparent umbrella with raindrops sparkling like diamonds, a small fluffy dog with wagging tail playfully kicking a soccer ball toward the bear with joyful energy, both characters wearing cute sporty outfits with star patterns, the scene capturing a magical moment of friendship and happiness as cosmic light mixes with golden sunlight filtering through the flowers, the bear's warm smile and the dog's excited expression conveying pure friendship and shared joy, soft cel-shaded manga art style with dynamic lines and expressive character designs, vibrant colors contrasting between the celestial background and the sunny flower field below, soft kawaii style, horizontal composition 16:9, high quality illustration, detailed fur texture
[04:13:30] ComfyUI #5: 銀河使者 (漫畫) [1600x900]
[04:13:51]   已保存: 427-銀河使者.png
[04:13:51]   No.428 metadata: title=蜜光熊, series=糖果王國系列, personality=我於銀河璀璨裡找到了美好！天真單純，珍惜每一個綻放的瞬間。, conditions={'time_of_day': {'zh': '黃昏', 'en': 'at sunset with orange sky'}, 'prop': {'zh': '拿氣球', 'en': 'holding colorful balloons'}, 'emotion': {'zh': '沉思安靜', 'en': 'in thoughtful silence'}}
[04:13:51]   MiniMax 產生 prompt: 蜜光熊
[04:14:11]   prompt: A golden honey-colored teddy bear with soft brown fur stands in a magical candy kingdom meadow at sunset, its warm amber coat glowing in the golden hour light as the orange and pink sky stretches endlessly above. The bear holds colorful balloons in its gentle paws while gazing thoughtfully at the horizon where glittering stars begin to appear in the deepening sky, a small gentle smile on its face. Beside it sits a small fluffy duckling and a tiny rabbit, all three quietly taking in the beautiful moment together. In the distance, candy-like mountains and whimsical trees dot the landscape while soft pastel clouds drift by, and delicate sketch lines with cross-hatching create a dreamy pencil drawing effect with magical sparkles scattered throughout, soft kawaii style, horizontal composition 16:9, high quality illustration, detailed fur texture
[04:14:11] ComfyUI #6: 蜜光熊 (素描) [1600x900]
[04:14:31]   已保存: 428-蜜光熊.png
[04:14:31] 共生成 6 張圖片於 /home/fjj04/bears/2026-08-10
[04:14:31] 
--- 步驟 5: 更新熊熊博物館 ---
[04:14:31] 已複製: 423-彩霞踏星者.png → /home/fjj04/my-bear-museum/bears/2026-08-10/423-彩霞踏星者.png
[04:14:32]   已生成縮圖: bears/2026-08-10/thumbs/423-彩霞踏星者-s.png, bears/2026-08-10/thumbs/423-彩霞踏星者-m.png
[04:14:32] 已複製: 424-晨曦追光者.png → /home/fjj04/my-bear-museum/bears/2026-08-10/424-晨曦追光者.png
[04:14:32]   已生成縮圖: bears/2026-08-10/thumbs/424-晨曦追光者-s.png, bears/2026-08-10/thumbs/424-晨曦追光者-m.png
[04:14:32] 已複製: 425-流星收藏家.png → /home/fjj04/my-bear-museum/bears/2026-08-10/425-流星收藏家.png
[04:14:32]   已生成縮圖: bears/2026-08-10/thumbs/425-流星收藏家-s.png, bears/2026-08-10/thumbs/425-流星收藏家-m.png
[04:14:32] 已複製: 426-光月熊.png → /home/fjj04/my-bear-museum/bears/2026-08-10/426-光月熊.png
[04:14:32]   已生成縮圖: bears/2026-08-10/thumbs/426-光月熊-s.png, bears/2026-08-10/thumbs/426-光月熊-m.png
[04:14:32] 已複製: 427-銀河使者.png → /home/fjj04/my-bear-museum/bears/2026-08-10/427-銀河使者.png
[04:14:32]   已生成縮圖: bears/2026-08-10/thumbs/427-銀河使者-s.png, bears/2026-08-10/thumbs/427-銀河使者-m.png
[04:14:32] 已複製: 428-蜜光熊.png → /home/fjj04/my-bear-museum/bears/2026-08-10/428-蜜光熊.png
[04:14:32]   已生成縮圖: bears/2026-08-10/thumbs/428-蜜光熊-s.png, bears/2026-08-10/thumbs/428-蜜光熊-m.png
[04:14:32] 已更新 bears.json
[04:14:32] 新增 6 隻熊熊
[04:14:32] 
--- 步驟 6: Git Commit ---
[04:14:41] Git push 完成
[04:14:41] 
--- 步驟 7: 部署到 Cloudflare Pages ---
[04:14:57] 
===== 完成 =====
[04:14:57] 到 https://kumaweb.pages.dev 觀看結果
