[04:10:47] ===== 熊熊每日配送計畫 =====
[04:10:47] 今日日期: 2026-06-18
[04:10:47] 暫存目錄: /home/fjj04/bears/2026-06-18
[04:10:47] 目的目錄: /home/fjj04/my-bear-museum/bears/2026-06-18
[04:10:47] 
--- 步驟 1: 檢查系統狀態 ---
[04:10:47] ComfyUI: ✓ 在線
[04:10:47] 
--- 步驟 2: 取得熊熊名字和風格 ---
[04:10:47] 熊熊: ['霞海熊', '白雲收藏家', '丘風熊', '星光妖精', '暮色旅人', '暖陽拾夢者']
[04:10:47] 風格: ['奇幻', '童趣', '賽博朋克', '浮世繪', '點描', '水墨']
[04:10:47] 
--- 步驟 3: 準備目錄 ---
[04:10:47] 
--- 步驟 4: 生成圖片 ---
[04:10:47] 配送計畫: ComfyUI 6 張 + MiniMax 0 張 （ComfyUI 在線）
[04:10:47]   No.92 metadata: title=霞海熊, series=精靈王國系列, personality=今天發現了沙灘城堡，想分享給你！喜歡觀察，充滿好奇與勇氣。
[04:10:47]   MiniMax 產生 prompt: 霞海熊
[04:11:04]   prompt: A magnificent golden-furred bear with warm amber and peachy sunset highlights stands joyfully on a mystical beach at golden hour, proudly presenting a magical sand castle adorned with tiny elvish crystal spires and delicate seashell turrets to the viewer, sparkling with fairy dust and enchanted sand that glimmers like crushed gemstones, while behind the curious bear the fantasy sea transforms into liquid gold with ethereal aurora ribbons dancing across a lavender-pink twilight sky, the entire elven kingdom coastline dotted with glowing bioluminescent shells and floating crystalline fireflies, the brave little bear with bright wondering eyes and a wide smile gestures excitedly with one soft paw toward the castle as if sharing a wonderful secret discovery, soft magical light bathes the scene in warm honey tones with gentle sparkles drifting through the fantasy air, capturing a moment of pure wonder and courage in an enchanted realm where nature and magic intertwine seamlessly, soft kawaii style, horizontal composition 16:9, high quality illustration, detailed fur texture
[04:11:04] ComfyUI #1: 霞海熊 (奇幻) [1600x900]
[04:11:24]   已保存: 92-霞海熊.png
[04:11:24]   No.93 metadata: title=收藏家, series=星星王國系列, personality=我於楓紅似火裡找到了美好！純真可愛，喜歡收集閃閃發亮的東西。
[04:11:24]   MiniMax 產生 prompt: 白雲收藏家
[04:11:40]   prompt: A small white and cream furred bear with bright curious eyes stands happily in a magical autumn forest where maple leaves glow like fiery jewels against a soft golden sunset sky. The gentle bear carefully holds a sparkling collection of dewdrop gems and glowing autumn leaves in its tiny paws, surrounded by swirling golden particles of light and tiny floating stars from the Star Kingdom realm above. Whimsical clouds shaped like soft pillows drift lazily through the warm amber sky as the pure-hearted collector gazes with wonder at its precious treasures, each sparkly item reflecting rainbow prisms that dance across the bear's fluffy white fur in a scene filled with childlike innocence and magical autumn enchantment, soft kawaii style, horizontal composition 16:9, high quality illustration, detailed fur texture
[04:11:40] ComfyUI #2: 白雲收藏家 (童趣) [1600x900]
[04:12:00]   已保存: 93-白雲收藏家.png
[04:12:00]   No.94 metadata: title=丘風熊, series=幽靈燈塔系列, personality=幽默詼諧，喜歡溪水潺潺。充滿好奇與勇氣。
[04:12:00]   MiniMax 產生 prompt: 丘風熊
[04:12:12]   prompt: A chubby brown bear with a mischievous grin stands beside a towering spectral lighthouse that glows with ethereal cyan light, its holographic beam cutting through the misty cyberpunk cityscape filled with towering neon skyscrapers and floating digital signs. The bear gazes in wonder at streams of glowing luminescent water flowing through chrome pipes and futuristic waterfalls cascading between platforms, while holographic fish shimmer like living pixels in the cyber stream. Rain droplets catch the neon reflections as the bear's curious eyes reflect the magical light show, and in the distance, a giant digital moon rises over the city, casting rainbow prismatic shadows across the bear's fluffy fur, creating a scene where ancient nature meets futuristic technology in perfect harmony, soft kawaii style, horizontal composition 16:9, high quality illustration, detailed fur texture
[04:12:12] ComfyUI #3: 丘風熊 (賽博朋克) [1600x900]
[04:12:32]   已保存: 94-丘風熊.png
[04:12:32]   No.95 metadata: title=妖精, series=雲端王國系列, personality=我於王國物語裡找到了美好！勇敢冒險，熱愛探索未知。
[04:12:32]   MiniMax 產生 prompt: 星光妖精
[04:12:45]   prompt: A magical kawaii bear fairy with sparkling star dust on soft luminous fur standing gracefully on fluffy white clouds in a breathtaking celestial sky, traditional Japanese ukiyo-e woodblock print composition featuring delicate cherry blossom petals gently falling around her, intricate wave patterns and flowing clouds in the background reminiscent of classic Hokusai artwork, golden star light glowing from her fairy wings creating a warm ethereal atmosphere, small mystical orbs and constellations floating in the deep indigo twilight sky, brave adventurous pose with one paw reaching toward a glowing rainbow bridge leading to distant cloud palace towers, bold black outlines characteristic of ukiyo-e style with rich flat color areas of soft pink coral and celestial blue, magical adventure through the cloud kingdom, whimsy and wonder, cinematic lighting with warm and cool tones contrasting beautifully, handcrafted digital art illustration with traditional Japanese aesthetics, soft kawaii style, horizontal composition 16:9, high quality illustration, detailed fur texture
[04:12:45] ComfyUI #4: 星光妖精 (浮世繪) [1600x900]
[04:13:05]   已保存: 95-星光妖精.png
[04:13:05]   No.96 metadata: title=旅人, series=森林守護者系列, personality=我在魔法城堡中探險！神秘脫俗，積極樂觀。
[04:13:05]   MiniMax 產生 prompt: 暮色旅人
[04:13:15]   prompt: A small adorable bear with warm amber and golden-brown fur wearing a tiny explorer hat and cloak stands at the entrance of an ethereal magical castle deep within an enchanted forest, surrounded by countless luminescent mushrooms and floating fireflies that illuminate the mysterious stone walls covered in ancient moss and glowing runes, the evening twilight sky visible through towering mystical trees creates a dreamy purple and orange gradient backdrop, rendered in beautiful pointillism technique with thousands of tiny delicate dots of warm earth tones blending seamlessly into cool twilight purples and blues, magical sparkles and dust particles dance through the air creating an atmosphere of wonder and adventure, the bear gazes upward with hopeful curious eyes and a gentle smile, conveying a sense of optimistic exploration in this extraordinary otherworldly sanctuary, soft kawaii style, horizontal composition 16:9, high quality illustration, detailed fur texture
[04:13:15] ComfyUI #5: 暮色旅人 (點描) [1600x900]
[04:13:35]   已保存: 96-暮色旅人.png
[04:13:35]   No.97 metadata: title=拾夢者, series=星星糖果系列, personality=我在百合純情中漫步！温情脈脈，創意無限。
[04:13:35]   MiniMax 產生 prompt: 暖陽拾夢者
[04:13:51]   prompt: A gentle kawaii bear character with warm golden-brown fur walks through a mystical dreamscape rendered in traditional Chinese ink wash painting style, soft flowing brushstrokes blending with delicate gray gradients creating misty mountains and ethereal clouds in the distance, warm honey-colored sunlight streaming down through layers of atmospheric mist, scattered with glowing star-shaped candy and blooming pure white lily flowers representing innocence and pure love, the bear reaches with tender paws toward floating luminescent dream orbs that pulse with soft pastel colors, creating a magical atmosphere filled with warmth creativity and gentle wonder, traditional ink splatter effects and subtle calligraphy-inspired elements enhance the composition, soft ink washes fade into the edges of the scene like forgotten memories, soft kawaii style, horizontal composition 16:9, high quality illustration, detailed fur texture
[04:13:51] ComfyUI #6: 暖陽拾夢者 (水墨) [1600x900]
[04:14:11]   已保存: 97-暖陽拾夢者.png
[04:14:11] 共生成 6 張圖片於 /home/fjj04/bears/2026-06-18
[04:14:11] 
--- 步驟 5: 更新熊熊博物館 ---
[04:14:11] 已複製: 92-霞海熊.png → /home/fjj04/my-bear-museum/bears/2026-06-18/92-霞海熊.png
[04:14:11]   已生成縮圖: bears/2026-06-18/thumbs/92-霞海熊-s.png, bears/2026-06-18/thumbs/92-霞海熊-m.png
[04:14:11] 已複製: 93-白雲收藏家.png → /home/fjj04/my-bear-museum/bears/2026-06-18/93-白雲收藏家.png
[04:14:11]   已生成縮圖: bears/2026-06-18/thumbs/93-白雲收藏家-s.png, bears/2026-06-18/thumbs/93-白雲收藏家-m.png
[04:14:11] 已複製: 94-丘風熊.png → /home/fjj04/my-bear-museum/bears/2026-06-18/94-丘風熊.png
[04:14:11]   已生成縮圖: bears/2026-06-18/thumbs/94-丘風熊-s.png, bears/2026-06-18/thumbs/94-丘風熊-m.png
[04:14:11] 已複製: 95-星光妖精.png → /home/fjj04/my-bear-museum/bears/2026-06-18/95-星光妖精.png
[04:14:11]   已生成縮圖: bears/2026-06-18/thumbs/95-星光妖精-s.png, bears/2026-06-18/thumbs/95-星光妖精-m.png
[04:14:11] 已複製: 96-暮色旅人.png → /home/fjj04/my-bear-museum/bears/2026-06-18/96-暮色旅人.png
[04:14:11]   已生成縮圖: bears/2026-06-18/thumbs/96-暮色旅人-s.png, bears/2026-06-18/thumbs/96-暮色旅人-m.png
[04:14:11] 已複製: 97-暖陽拾夢者.png → /home/fjj04/my-bear-museum/bears/2026-06-18/97-暖陽拾夢者.png
[04:14:12]   已生成縮圖: bears/2026-06-18/thumbs/97-暖陽拾夢者-s.png, bears/2026-06-18/thumbs/97-暖陽拾夢者-m.png
[04:14:12] 已更新 bears.json
[04:14:12] 新增 6 隻熊熊
[04:14:12] 
--- 步驟 6: Git Commit ---
[04:14:20] Git push 完成
[04:14:20] 
--- 步驟 7: 部署到 Cloudflare Pages ---
[04:14:40] 
===== 完成 =====
[04:14:40] 到 https://kumaweb.pages.dev 觀看結果
