[04:11:00] ===== 熊熊每日配送計畫 =====
[04:11:00] 今日日期: 2026-07-16
[04:11:00] 暫存目錄: /home/fjj04/bears/2026-07-16
[04:11:00] 目的目錄: /home/fjj04/my-bear-museum/bears/2026-07-16
[04:11:00] 
--- 步驟 1: 檢查系統狀態 ---
[04:11:00] ComfyUI: ✓ 在線
[04:11:00] 
--- 步驟 2: 取得熊熊名字和風格 ---
[04:11:00] 熊熊: ['星空熊', '溪光熊', '丘花熊', '珍珠熊', '星光占卜師', '彩霞騎士']
[04:11:00] 風格: ['霓虹燈', '浮雕', '故障藝術', '等距視角', '藝術大字', '塗鴉']
[04:11:00] 
--- 步驟 3: 準備目錄 ---
[04:11:00] 
--- 步驟 4: 生成圖片 ---
[04:11:00] 配送計畫: ComfyUI 6 張 + MiniMax 0 張 （ComfyUI 在線）
[04:11:00]   No.266 metadata: title=星空熊, series=守護王國系列, personality=快樂精靈，熱愛冬雪飄飄。珍惜每一個美好的瞬間。
[04:11:00]   MiniMax 產生 prompt: 星空熊
[04:11:12]   prompt: A cheerful kawaii bear with soft fur and starry patterns on its chest walks through a magical winter weekend market at twilight, where colorful neon lights reflect off gentle snowflakes drifting through the crisp night air, string lights illuminate wooden market stalls selling cozy crafts and warm treats, the little fluffy dog trots beside the bear wearing a tiny scarf while the human child holds the bear's paw, their breath visible in the cold air as they admire glowing lanterns and frost-covered garlands, the warm golden and pink neon glow creates a dreamy atmosphere where each snowflake sparkles like a tiny star falling from the vast starry sky above, the bear's eyes sparkle with joy as it cherishes this beautiful moment with its beloved friends, magical particles and soft bokeh lights float around the scene, soft kawaii style, horizontal composition 16:9, high quality illustration, detailed fur texture
[04:11:12] ComfyUI #1: 星空熊 (霓虹燈) [1600x900]
[04:11:33]   已保存: 266-星空熊.png
[04:11:33]   No.267 metadata: title=溪光熊, series=時光寶盒系列, personality=善良溫柔，熱愛奇幻鑰匙。充滿好奇與勇氣。
[04:11:33]   MiniMax 產生 prompt: 溪光熊
[04:12:00]   prompt: A majestic stone-carved bear with warm honey-brown fur emerges from the misty forest beside a crystal-clear mountain stream, gently holding a magnificent glowing golden fantasy key that emanates soft magical sparkles and ethereal light, creating rippling reflections across the sparkling water. This kind and gentle bear has curious bright eyes filled with wonder and courage, standing on a mossy riverbank surrounded by delicate wildflowers and lush ferns. Beside the bear sits a small curious white rabbit companion, its tiny paws resting near an ornate mystical treasure chest half-buried in soft emerald moss near the water's edge, both characters looking at the magical key with expressions of friendship and discovery. The entire scene is rendered in exquisite high relief sculpture art style, appearing as if carved from polished amber-tinted stone with dramatic chisel marks and deep shadow details, soft kawaii style, horizontal composition 16:9, high quality illustration, detailed fur texture
[04:12:00] ComfyUI #2: 溪光熊 (浮雕) [1600x900]
[04:12:20]   已保存: 267-溪光熊.png
[04:12:20]   No.268 metadata: title=丘花熊, series=光之物語系列, personality=今天發現了海風輕語，想分享給你！珍惜機會，珍惜每一個美好的瞬間。
[04:12:20]   MiniMax 產生 prompt: 丘花熊
[04:12:36]   prompt: A cute kawaii pink bear adorned with delicate flower patterns on its soft fur stands on a dreamy beach at golden hour, holding a small glowing seashell that pulses with ethereal light, the sea breeze visualized as flowing translucent ribbons and sparkles swirling gracefully around the bear, accompanied by a playful golden retriever puppy running through the shallow waves and a small human child with bright curious eyes pointing excitedly at a rainbow appearing over the shimmering ocean, rendered in vibrant glitch art style with dramatic RGB color separation and chromatic aberration effects, scanline distortion and digital pixel fragments floating creatively around all characters, magical bioluminescent particles scattered throughout the scene creating a fantastical atmosphere, warm sunset and cool ocean light blending together, the bear gestures lovingly toward its friends with a joyful smile as if sharing the precious secret of the whispering sea wind, the composition filled with movement wonder and the beauty of shared moments, cinematic lighting and enchanting mood, soft kawaii style, horizontal composition 16:9, high quality illustration, detailed fur texture
[04:12:36] ComfyUI #3: 丘花熊 (故障藝術) [1600x900]
[04:12:57]   已保存: 268-丘花熊.png
[04:12:57]   No.269 metadata: title=珍珠熊, series=月之物語系列, personality=我於陽光燦爛裡找到了美好！抱枕的，珍惜每一個綻放的瞬間。
[04:12:57]   MiniMax 產生 prompt: 珍珠熊
[04:13:14]   prompt: Isometric perspective view of a dreamy sunny meadow at golden hour where a soft cream-colored teddy bear with subtle pearlescent shimmering fur sits contentedly hugging a plush pillow, warm golden sunlight streaming through creating magical bokeh light effects, the bear's eyes closed with a peaceful grateful smile reflecting pure joy, scattered blooming wildflowers in pink and lavender surrounding the scene, delicate butterflies dancing around, a fluffy white bunny companion nestled cozily beside the bear's feet, a cheerful yellow duckling friend sitting on the other side watching butterflies together, the rolling meadow stretching into a dreamy horizon where a gentle crescent moon peeks through soft clouds blending moonlight elements with the sunny atmosphere, tiny magical glowing particles floating in the warm air creating a luminous ethereal glow throughout the entire peaceful scene, soft kawaii style, horizontal composition 16:9, high quality illustration, detailed fur texture
[04:13:14] ComfyUI #4: 珍珠熊 (等距視角) [1600x900]
[04:13:34]   已保存: 269-珍珠熊.png
[04:13:34]   No.270 metadata: title=占卜師, series=彩虹糖漿系列, personality=我在雲霧繚繞中小憩！創意獨特，忠誠善良。
[04:13:34]   MiniMax 產生 prompt: 星光占卜師
[04:13:54]   prompt: In a dreamy celestial cloud realm, a mystical kawaii bear oracle sits peacefully on a fluffy violet cloud with eyes gently closed, wearing a deep purple velvet cape embroidered with golden constellations and a silver crescent moon tiara, surrounded by floating glowing stars and magical stardust particles swirling in the misty indigo sky, a tiny celestial rabbit companion with a tiny crown of stars sits beside the wise bear, gazing up with admiration at the fortune-teller, the scene illuminated by warm ethereal golden light streaming through the mystical atmosphere, artistic bold typography spelling "DESTINY" and "STARS" integrated beautifully into the composition, soft bokeh effects of lavender and rose swirling around the peaceful friends, magical glowing orbs and tiny shooting stars creating a wondrous celestial tapestry, ultra detailed digital illustration with dreamy soft focus background featuring galaxy colors of deep purple, soft pink and shimmering gold, soft kawaii style, horizontal composition 16:9, high quality illustration, detailed fur texture
[04:13:54] ComfyUI #5: 星光占卜師 (藝術大字) [1600x900]
[04:14:14]   已保存: 270-星光占卜師.png
[04:14:14]   No.271 metadata: title=騎士, series=願望流星系列, personality=喜歡傾聽，熱愛月光精靈。帶來滿滿的溫暖與快樂。
[04:14:14]   MiniMax 產生 prompt: 彩霞騎士
[04:14:25]   prompt: A charming knight bear with warm sunset-colored fur wearing whimsical hand-drawn armor and a flowing cape adorned with doodle stars sits beneath a starry night sky, gazing up at a luminous full moon with a gentle expression, while a small glowing moon spirit floats beside the bear radiating soft golden light, scattered shooting stars streak across the sky leaving glowing trails, the scene rendered in playful sketch style with loose pencil strokes, whimsical doodle decorations, and magical warm lighting that fills the artwork with comfort and happiness, the bear and moon spirit share a tender moment of connection as if making wishes together, soft kawaii style, horizontal composition 16:9, high quality illustration, detailed fur texture
[04:14:25] ComfyUI #6: 彩霞騎士 (塗鴉) [1600x900]
[04:14:45]   已保存: 271-彩霞騎士.png
[04:14:45] 共生成 6 張圖片於 /home/fjj04/bears/2026-07-16
[04:14:45] 
--- 步驟 5: 更新熊熊博物館 ---
[04:14:45] 已複製: 266-星空熊.png → /home/fjj04/my-bear-museum/bears/2026-07-16/266-星空熊.png
[04:14:45]   已生成縮圖: bears/2026-07-16/thumbs/266-星空熊-s.png, bears/2026-07-16/thumbs/266-星空熊-m.png
[04:14:45] 已複製: 267-溪光熊.png → /home/fjj04/my-bear-museum/bears/2026-07-16/267-溪光熊.png
[04:14:45]   已生成縮圖: bears/2026-07-16/thumbs/267-溪光熊-s.png, bears/2026-07-16/thumbs/267-溪光熊-m.png
[04:14:45] 已複製: 268-丘花熊.png → /home/fjj04/my-bear-museum/bears/2026-07-16/268-丘花熊.png
[04:14:46]   已生成縮圖: bears/2026-07-16/thumbs/268-丘花熊-s.png, bears/2026-07-16/thumbs/268-丘花熊-m.png
[04:14:46] 已複製: 269-珍珠熊.png → /home/fjj04/my-bear-museum/bears/2026-07-16/269-珍珠熊.png
[04:14:46]   已生成縮圖: bears/2026-07-16/thumbs/269-珍珠熊-s.png, bears/2026-07-16/thumbs/269-珍珠熊-m.png
[04:14:46] 已複製: 270-星光占卜師.png → /home/fjj04/my-bear-museum/bears/2026-07-16/270-星光占卜師.png
[04:14:46]   已生成縮圖: bears/2026-07-16/thumbs/270-星光占卜師-s.png, bears/2026-07-16/thumbs/270-星光占卜師-m.png
[04:14:46] 已複製: 271-彩霞騎士.png → /home/fjj04/my-bear-museum/bears/2026-07-16/271-彩霞騎士.png
[04:14:46]   已生成縮圖: bears/2026-07-16/thumbs/271-彩霞騎士-s.png, bears/2026-07-16/thumbs/271-彩霞騎士-m.png
[04:14:46] 已更新 bears.json
[04:14:46] 新增 6 隻熊熊
[04:14:46] 
--- 步驟 6: Git Commit ---
[04:14:54] Git push 完成
[04:14:54] 
--- 步驟 7: 部署到 Cloudflare Pages ---
[04:15:14] 
===== 完成 =====
[04:15:14] 到 https://kumaweb.pages.dev 觀看結果
