[04:10:37] ===== 熊熊每日配送計畫 =====
[04:10:37] 今日日期: 2026-07-02
[04:10:37] 暫存目錄: /home/fjj04/bears/2026-07-02
[04:10:37] 目的目錄: /home/fjj04/my-bear-museum/bears/2026-07-02
[04:10:37] 
--- 步驟 1: 檢查系統狀態 ---
[04:10:42] ComfyUI: ✗ 離線
[04:10:42] 
--- 步驟 2: 取得熊熊名字和風格 ---
[04:10:42] 熊熊: ['潮雲熊', '彩霞織夢者', '素雪熊', '海夢熊', '虹海熊', '星光織夢者']
[04:10:42] 風格: ['國畫', '粉彩', '蒸汽朋克', '黏土', '水彩暈染', '紙雕']
[04:10:42] 
--- 步驟 3: 準備目錄 ---
[04:10:42] 
--- 步驟 4: 生成圖片 ---
[04:10:42] 配送計畫: ComfyUI 6 張 + MiniMax 0 張 （ComfyUI 離線）
[04:10:42]   No.182 metadata: title=潮雲熊, series=水晶球占系列, personality=今天發現了夢幻王國，想分享給你！正向能量，總是給身邊的人帶來幸福感。
[04:10:42]   MiniMax 產生 prompt: 潮雲熊
[04:10:59]   prompt: A charming kawaii bear with soft blue-gray fur resembling ocean waves and fluffy cloud-like ears gently holds a mystical glowing crystal ball between its paws, its eyes sparkling with joy and wonder. The bear stands gracefully on an ancient moss-covered rock in a traditional Chinese ink painting landscape, where ethereal clouds shaped like ocean tides drift through misty mountains in classical brushwork style. Delicate bamboo stalks, plum blossoms, and orchids frame the composition with elegant brushstrokes, while the crystal ball reveals visions of a magical dream kingdom within its swirling depths. Golden light emanates from within the sphere casting ethereal rainbow reflections across the scene. The traditional Chinese guohua painting technique uses flowing ink washes with subtle blue-gray gradients, creating a serene yet enchanting atmosphere filled with positive energy and mystical beauty, soft kawaii style, horizontal composition 16:9, high quality illustration, detailed fur texture
[04:10:59] MiniMax #1: 潮雲熊 (國畫) [16:9]
[04:11:18]   已保存: 182-潮雲熊.png
[04:11:18]   No.183 metadata: title=織夢者, series=精靈翅膀系列, personality=今天發現了星辰守護，想分享給你！優雅得體，總是給身邊的人帶來幸福感。
[04:11:18]   MiniMax 產生 prompt: 彩霞織夢者
[04:11:33]   prompt: A majestic teddy bear with luxurious fur displaying a breathtaking gradient of soft pastel colors transitioning from warm peachy pink to gentle lavender and ethereal sky blue, wearing delicate translucent fairy wings that shimmer with iridescent rainbow highlights, standing gracefully in an enchanted meadow filled with glowing fireflies and luminescent flowers, weaving golden threads of starlight between her gentle paws while a magical tapestry of dreams materializes in the air around her, illuminated by warm ethereal light streaming through cotton-candy clouds, her expression one of serene elegance and genuine happiness as she prepares to share the precious gift of the Star Guardian with her beloved friend, surrounded by floating translucent star crystals and cascading ribbons of pastel light that dance like gentle auroras, all rendered in soft dreamy pastel watercolor illustration style with smooth gradients and a warm magical atmosphere, soft kawaii style, horizontal composition 16:9, high quality illustration, detailed fur texture
[04:11:33] MiniMax #2: 彩霞織夢者 (粉彩) [16:9]
[04:11:52]   已保存: 183-彩霞織夢者.png
[04:11:52]   No.184 metadata: title=素雪熊, series=精靈物語系列, personality=我用蒸汽朋克風格描繪白雲點點！好奇探索，純真活潑，熱愛大自然的美好。
[04:11:52]   MiniMax 產生 prompt: 素雪熊
[04:12:10]   prompt: A magnificent white bear with pristine cream-colored fur stands proudly on a cobblestone platform in a fantastical forest clearing, wearing a small brass monocle and having delicate copper gears and tiny steam valves embedded along its fur like precious accessories. Enormous Victorian-era brass gears intertwined with glowing blue crystal steam pipes rise up around the bear, releasing soft misty clouds that drift among floating luminous orbs and mechanical dragonflies with copper wings. The curious little bear stretches its paw toward a magical garden where bioluminescent wildflowers bloom beside old brass instruments and flowering vines cascade down intricate clockwork structures. Warm golden hour sunlight streams through the emerald canopy above, casting dappled patterns across the steampunk machinery while gentle steam wisps create an ethereal atmosphere of wonder and enchantment. A small brass compass dangles from the bear's neck, and scattered around the scene are tiny golden gears, miniature clockwork butterflies, and soft cloud-like puffs that evoke the bear's pure, lively spirit as it lovingly explores this magical fairy tale world where nature and Victorian invention exist in perfect harmony, soft kawaii style, horizontal composition 16:9, high quality illustration, detailed fur texture
[04:12:10] MiniMax #3: 素雪熊 (蒸汽朋克) [16:9]
[04:12:27]   已保存: 184-素雪熊.png
[04:12:27]   No.185 metadata: title=海夢熊, series=水晶球占系列, personality=懂得原諒，喜歡雲霄之上。總是給身邊的人帶來幸福感。
[04:12:27]   MiniMax 產生 prompt: 海夢熊
[04:12:37]   prompt: A charming chubby clay bear with soft ocean blue fur sits peacefully above fluffy white clouds in a dreamy celestial realm, holding a glowing crystal ball that swirls with iridescent light and tiny floating stars. The gentle bear has a warm forgiving smile with rosy cheeks, wearing a delicate golden crown with small seashell ornaments. Magical sparkles and translucent light rays filter through the scene creating a heavenly atmosphere, while gentle ocean waves appear in the crystal ball reflecting dreams and happiness. The sculptural clay figure has beautiful handcrafted details with soft matte textures and subtle gradient lighting, surrounded by floating heart shapes and golden dust particles that suggest forgiveness and joy spreading throughout the magical space, soft kawaii style, horizontal composition 16:9, high quality illustration, detailed fur texture
[04:12:37] MiniMax #4: 海夢熊 (黏土) [16:9]
[04:12:55]   已保存: 185-海夢熊.png
[04:12:55]   No.186 metadata: title=虹海熊, series=彩虹精靈系列, personality=今天發現了月宮玉兔，想分享給你！開朗活潑，珍惜每一個美好的瞬間。
[04:12:55]   MiniMax 產生 prompt: 虹海熊
[04:13:05]   prompt: A cheerful rainbow-colored bear with soft blue and teal fur stands joyfully beside a glowing moonlit path, discovering a magical moon rabbit hopping among luminous clouds in an enchanted twilight forest. Watercolor pigment bleeds softly across the scene, creating dreamy halos of pink, purple and gold where the celestial light touches the bear's colorful fur. The bear's bright eyes sparkle with excitement as it gestures warmly toward the rabbit, surrounded by floating rainbow particles and gentle ocean waves visible in the distant misty horizon, soft kawaii style, horizontal composition 16:9, high quality illustration, detailed fur texture
[04:13:05] MiniMax #5: 虹海熊 (水彩暈染) [16:9]
[04:13:23]   已保存: 186-虹海熊.png
[04:13:23]   No.187 metadata: title=織夢者, series=守護王國系列, personality=今天發現了天朗氣清，想分享給你！喜歡關懷，珍惜每一個美好的瞬間。
[04:13:23]   MiniMax 產生 prompt: 星光織夢者
[04:13:36]   prompt: A magnificent kawaii bear character crafted from intricate layered paper sculpture, sitting gracefully among floating paper-cut stars and crescent moons that seem to have been carefully carved from celestial parchment, the bear's soft cream-colored fur rendered through delicate paper layering techniques with warm golden light filtering through the translucent paper cutouts, creating beautiful dimensional shadows between each layer, the surrounding scene filled with delicate paper-crafted dream wisps and glowing thread-like strands that weave through the air like captured starlight, gentle glowing orbs of warm light scattered throughout the magical paper universe, the composition inspired by traditional paper carving art with incredibly detailed cut patterns and filigree edges, soft pastel tones of lavender, pink, and gold illuminating the dreamlike atmosphere, evoking a sense of gentle wonder and precious moments of beauty being shared, magical guardian kingdom aesthetic with ethereal sparkles dancing around the caring bear character, soft kawaii style, horizontal composition 16:9, high quality illustration, detailed fur texture
[04:13:36] MiniMax #6: 星光織夢者 (紙雕) [16:9]
[04:13:54]   已保存: 187-星光織夢者.png
[04:13:54] 共生成 6 張圖片於 /home/fjj04/bears/2026-07-02
[04:13:54] 
--- 步驟 5: 更新熊熊博物館 ---
[04:13:54] 已複製: 182-潮雲熊.png → /home/fjj04/my-bear-museum/bears/2026-07-02/182-潮雲熊.png
[04:13:54]   已生成縮圖: bears/2026-07-02/thumbs/182-潮雲熊-s.png, bears/2026-07-02/thumbs/182-潮雲熊-m.png
[04:13:54] 已複製: 183-彩霞織夢者.png → /home/fjj04/my-bear-museum/bears/2026-07-02/183-彩霞織夢者.png
[04:13:54]   已生成縮圖: bears/2026-07-02/thumbs/183-彩霞織夢者-s.png, bears/2026-07-02/thumbs/183-彩霞織夢者-m.png
[04:13:54] 已複製: 184-素雪熊.png → /home/fjj04/my-bear-museum/bears/2026-07-02/184-素雪熊.png
[04:13:54]   已生成縮圖: bears/2026-07-02/thumbs/184-素雪熊-s.png, bears/2026-07-02/thumbs/184-素雪熊-m.png
[04:13:54] 已複製: 185-海夢熊.png → /home/fjj04/my-bear-museum/bears/2026-07-02/185-海夢熊.png
[04:13:54]   已生成縮圖: bears/2026-07-02/thumbs/185-海夢熊-s.png, bears/2026-07-02/thumbs/185-海夢熊-m.png
[04:13:54] 已複製: 186-虹海熊.png → /home/fjj04/my-bear-museum/bears/2026-07-02/186-虹海熊.png
[04:13:54]   已生成縮圖: bears/2026-07-02/thumbs/186-虹海熊-s.png, bears/2026-07-02/thumbs/186-虹海熊-m.png
[04:13:54] 已複製: 187-星光織夢者.png → /home/fjj04/my-bear-museum/bears/2026-07-02/187-星光織夢者.png
[04:13:54]   已生成縮圖: bears/2026-07-02/thumbs/187-星光織夢者-s.png, bears/2026-07-02/thumbs/187-星光織夢者-m.png
[04:13:54] 已更新 bears.json
[04:13:54] 新增 6 隻熊熊
[04:13:54] 
--- 步驟 6: Git Commit ---
[04:14:00] Git push 完成
[04:14:00] 
--- 步驟 7: 部署到 Cloudflare Pages ---
[04:14:16] 
===== 完成 =====
[04:14:16] 到 https://kumaweb.pages.dev 觀看結果
