[04:10:29] ===== 熊熊每日配送計畫 =====
[04:10:29] 今日日期: 2026-07-26
[04:10:29] 暫存目錄: /home/fjj04/bears/2026-07-26
[04:10:29] 目的目錄: /home/fjj04/my-bear-museum/bears/2026-07-26
[04:10:29] 
--- 步驟 1: 檢查系統狀態 ---
[04:10:34] ComfyUI: ✗ 離線
[04:10:34] 
--- 步驟 2: 取得熊熊名字和風格 ---
[04:10:34] 熊熊: ['朵風熊', '晨曦映月者', '月影織夢者', '溪雲熊', '花星熊', '暖陽守護神']
[04:10:34] 風格: ['賽博朋克', '浮世繪', '點描', '水墨', '漫畫', '素描']
[04:10:34] 
--- 步驟 3: 準備目錄 ---
[04:10:34] 
--- 步驟 4: 生成圖片 ---
[04:10:34] 配送計畫: ComfyUI 6 張 + MiniMax 0 張 （ComfyUI 離線）
[04:10:34]   No.326 metadata: title=朵風熊, series=魔法旅程系列, personality=今天發現了天高雲淡，想分享給你！喜歡冒險，總是給身邊的人帶來幸福感。
[04:10:34]   MiniMax 產生 prompt: 朵風熊
[04:10:54]   prompt: A cheerful kawaii bear with soft fluffy fur rows a small wooden boat across a serene lake under a vast clear sky with wispy clouds, wearing a futuristic cyberpunk jacket with neon light strips that cast colorful reflections on the rippling water below, accompanied by a cute small teddy bear toy sitting proudly in the boat and a fluffy white rabbit wearing tiny goggles perched on the bow, the scene bathed in magical sunset lighting with holographic wind symbols swirling around the bear as a gentle breeze carries cherry blossom petals across the water's surface, creating a dreamy atmosphere where nature meets futuristic technology in perfect harmony, the three friends sharing this magical adventure together as the rabbit waves excitedly at passing dragonflies and the teddy bear toy claps its plush paws with joy, soft kawaii style, horizontal composition 16:9, high quality illustration, detailed fur texture
[04:10:54] MiniMax #1: 朵風熊 (賽博朋克) [16:9]
[04:11:24]   已保存: 326-朵風熊.png
[04:11:24]   No.327 metadata: title=映月者, series=精靈翅膀系列, personality=珍惜友誼，熱愛星月情話。充滿好奇與勇氣。
[04:11:24]   MiniMax 產生 prompt: 晨曦映月者
[04:11:52]   prompt: A small winged bear with gentle golden-brown fur gazes at a luminous full moon from the edge of a serene traditional Japanese pond, its reflection rippling beautifully across the still water, wearing delicate fairy wings adorned with tiny crescent moon and star motifs that shimmer with soft magic, while a cute little celestial rabbit companion with a fluffy cotton tail sits contentedly beside it, both looking up at the sky with wonder and holding a small glowing lantern between them symbolizing their treasured friendship, the entire scene rendered in classic ukiyo-e woodblock print style with bold outlines, flat areas of rich indigo and warm amber tones, traditional Japanese elements like weeping willow trees drooping gracefully along the pond's edge, a few floating cherry blossom petals catching in the gentle breeze, traditional paper lanterns glowing softly along a winding stone path, with dramatic clouds sweeping across the twilight sky filled with countless twinkling stars and the magnificent moon casting a warm ethereal glow over the entire peaceful landscape, the composition capturing this magical moment of quiet companionship and starlit conversation between two dear friends sharing their love of moon and star tales in this enchanted twilight garden, soft kawaii style, horizontal composition 16:9, high quality illustration, detailed fur texture
[04:11:52] MiniMax #2: 晨曦映月者 (浮世繪) [16:9]
[04:12:22]   已保存: 327-晨曦映月者.png
[04:12:22]   No.328 metadata: title=織夢者, series=精靈羽毛系列, personality=我在霞影交織中追光！自給自足的，溫柔體貼。
[04:12:22]   MiniMax 產生 prompt: 月影織夢者
[04:12:40]   prompt: A small ethereal bear with soft shimmering fur sits gracefully among delicate wildflowers in a mystical twilight meadow, surrounded by swirling ribbons of woven starlight and golden dream threads that float gently through the air like gossamer silk, as thousands of luminous fireflies dance around her in a magical ballet, their tiny bodies leaving trails of soft glowing dust that merge with the fading sunset's orange and violet hues painted entirely in meticulous pointillism technique where every small dot of color builds up to create this enchanting dreamscape with warm dappled light filtering through the atmosphere, while a tiny curious firefly sprite perches on the bear's paw looking up with wonder as if they are best friends sharing this secret moment of chasing twilight's fading glow together, soft kawaii style, horizontal composition 16:9, high quality illustration, detailed fur texture
[04:12:40] MiniMax #3: 月影織夢者 (點描) [16:9]
[04:13:10]   已保存: 328-月影織夢者.png
[04:13:10]   No.329 metadata: title=溪雲熊, series=希望之盾系列, personality=今天發現了幸福童話，想分享給你！天真單純，充滿好奇與勇氣。
[04:13:10]   MiniMax 產生 prompt: 溪雲熊
[04:13:23]   prompt: A gentle bear stands beside a misty mountain stream, one paw reaching toward a glowing firefly that hovers above the water's surface, as if sharing a wonderful discovery. The bear's expression radiates innocent joy and wonder, its round eyes filled with curiosity while it beckons a small white rabbit nearby to come see this magical moment together. Around them, traditional Chinese ink wash mountains rise in soft gray washes, their peaks disappearing into ethereal clouds that blend seamlessly with the misty water below. A few delicate cherry blossom petals drift through the scene, catching the gentle light of dawn breaking over the distant hills. The ink wash technique creates beautiful gradations of gray and black, with splashes of soft color点缀 the firefly's golden glow and the rabbit's white fur. This heartwarming moment captures pure friendship and shared wonder, where a brave and simple bear wishes to spread happiness by revealing nature's little fairy tale to those it loves, soft kawaii style, horizontal composition 16:9, high quality illustration, detailed fur texture
[04:13:23] MiniMax #4: 溪雲熊 (水墨) [16:9]
[04:13:44]   已保存: 329-溪雲熊.png
[04:13:44]   No.330 metadata: title=花星熊, series=糖果森林系列, personality=我在霞光萬道中追光！熱情可愛，懂得關懷。
[04:13:44]   MiniMax 產生 prompt: 花星熊
[04:14:00]   prompt: The Flower Star Bear dashes joyfully through a magical candy-colored forest bathed in soft rosy dawn light, its fluffy fur dotted with adorable flower and star patterns in warm pink and golden hues, while two cheerful friends a tiny white rabbit and a yellow duckling bounce alongside with delighted expressions, the three companions reaching toward glowing golden sparkles and light rays streaming through the whimsical trees, the bear's passionate eyes sparkling with wonder as it chases the magical glow of sunrise, bold manga-style outlines define the dynamic action poses, expressive wide eyes capture the pure joy of friendship and adventure in this enchanted woodland where lollipop flowers and cotton candy clouds fill the dreamy background, vibrant cel-shaded colors pop against the warm pastel sky, sparkle effects and gentle speed lines emphasize the bear's energetic movement through the candy forest, soft kawaii style, horizontal composition 16:9, high quality illustration, detailed fur texture
[04:14:00] MiniMax #5: 花星熊 (漫畫) [16:9]
[04:14:29]   已保存: 330-花星熊.png
[04:14:29]   No.331 metadata: title=守護神, series=水晶球占系列, personality=創意無限，喜歡雲端雨滴。總是給身邊的人帶來幸福感。
[04:14:29]   MiniMax 產生 prompt: 暖陽守護神
[04:14:46]   prompt: A warm golden-amber teddy bear guardian with delicate pencil sketch lines and soft cross-hatching sits peacefully in a dreamy cloudscape, holding a translucent crystal ball that glows with inner light and reflects tiny floating rainbows. The bear has gentle, wise eyes radiating contentment and boundless creativity, surrounded by wispy clouds and sparkling water droplets that drift through the scene like frozen moments of joy. A small human child in a cozy knit sweater sits beside the bear in complete wonder, both characters looking up at a sky filled with golden sunbeams piercing through soft gray clouds. The sketch art style reveals beautiful pencil strokes, layered shading, and the artist's loving hand in every detail. Soft morning light bathes the scene in warm honey tones, while gentle raindrops fall like diamonds around them, creating an atmosphere of pure happiness, protection, and magical wonder, soft kawaii style, horizontal composition 16:9, high quality illustration, detailed fur texture
[04:14:46] MiniMax #6: 暖陽守護神 (素描) [16:9]
[04:15:16]   已保存: 331-暖陽守護神.png
[04:15:16] 共生成 6 張圖片於 /home/fjj04/bears/2026-07-26
[04:15:16] 
--- 步驟 5: 更新熊熊博物館 ---
[04:15:16] 已複製: 326-朵風熊.png → /home/fjj04/my-bear-museum/bears/2026-07-26/326-朵風熊.png
[04:15:16]   已生成縮圖: bears/2026-07-26/thumbs/326-朵風熊-s.png, bears/2026-07-26/thumbs/326-朵風熊-m.png
[04:15:16] 已複製: 327-晨曦映月者.png → /home/fjj04/my-bear-museum/bears/2026-07-26/327-晨曦映月者.png
[04:15:16]   已生成縮圖: bears/2026-07-26/thumbs/327-晨曦映月者-s.png, bears/2026-07-26/thumbs/327-晨曦映月者-m.png
[04:15:16] 已複製: 328-月影織夢者.png → /home/fjj04/my-bear-museum/bears/2026-07-26/328-月影織夢者.png
[04:15:16]   已生成縮圖: bears/2026-07-26/thumbs/328-月影織夢者-s.png, bears/2026-07-26/thumbs/328-月影織夢者-m.png
[04:15:16] 已複製: 329-溪雲熊.png → /home/fjj04/my-bear-museum/bears/2026-07-26/329-溪雲熊.png
[04:15:16]   已生成縮圖: bears/2026-07-26/thumbs/329-溪雲熊-s.png, bears/2026-07-26/thumbs/329-溪雲熊-m.png
[04:15:16] 已複製: 330-花星熊.png → /home/fjj04/my-bear-museum/bears/2026-07-26/330-花星熊.png
[04:15:16]   已生成縮圖: bears/2026-07-26/thumbs/330-花星熊-s.png, bears/2026-07-26/thumbs/330-花星熊-m.png
[04:15:16] 已複製: 331-暖陽守護神.png → /home/fjj04/my-bear-museum/bears/2026-07-26/331-暖陽守護神.png
[04:15:16]   已生成縮圖: bears/2026-07-26/thumbs/331-暖陽守護神-s.png, bears/2026-07-26/thumbs/331-暖陽守護神-m.png
[04:15:16] 已更新 bears.json
[04:15:16] 新增 6 隻熊熊
[04:15:16] 
--- 步驟 6: Git Commit ---
[04:15:22] Git push 完成
[04:15:22] 
--- 步驟 7: 部署到 Cloudflare Pages ---
[04:15:36] 
===== 完成 =====
[04:15:36] 到 https://kumaweb.pages.dev 觀看結果
