[04:10:41] ===== 熊熊每日配送計畫 =====
[04:10:41] 今日日期: 2026-08-01
[04:10:41] 暫存目錄: /home/fjj04/bears/2026-08-01
[04:10:41] 目的目錄: /home/fjj04/my-bear-museum/bears/2026-08-01
[04:10:41] 
--- 步驟 1: 檢查系統狀態 ---
[04:10:41] ComfyUI: ✓ 在線
[04:10:41] 
--- 步驟 2: 取得熊熊名字和風格 ---
[04:10:41] 熊熊: ['珊瑚熊', '溪夢熊', '海風熊', '開館紀念熊', '夢花熊', '海花熊']
[04:10:41] 風格: ['漫畫', '素描', '霓虹', '復古', '極簡', '抽象']
[04:10:41] 
--- 步驟 3: 準備目錄 ---
[04:10:41] 
--- 步驟 4: 生成圖片 ---
[04:10:41] 配送計畫: ComfyUI 6 張 + MiniMax 0 張 （ComfyUI 在線）
[04:10:41]   No.369 metadata: title=珊瑚熊, series=智慧之書系列, personality=今天發現了海底珍珠，想分享給你！有耐心，充滿好奇與勇氣。, conditions={'time_of_day': {'zh': '夜晚星空', 'en': 'under starry night sky'}}
[04:10:41]   MiniMax 產生 prompt: 珊瑚熊
[04:10:54]   prompt: A coral-colored bear with warm orange-red fur stands proudly beside a freshly built snowman on a quiet snowy hill, wearing a cheerful smile while gently placing a glowing pearl atop the snowman's head as a magical decoration, its small white rabbit companion bouncing excitedly nearby with twinkling stars illuminating the winter night sky, a tiny teddy bear toy peeks out from behind the snowman with curious eyes, the gentle snowflakes drift down like glitter around them creating a dreamlike atmosphere under the starry night, the bear's patient and brave expression conveys the joy of sharing discoveries with beloved friends, soft moonlight casts a gentle glow on the white snow contrasting beautifully with the coral fur, manga art style with bold clean lines and expressive character poses captures this heartwarming friendship moment of courage and curiosity in a magical winter wonderland, soft kawaii style, horizontal composition 16:9, high quality illustration, detailed fur texture
[04:10:54] ComfyUI #1: 珊瑚熊 (漫畫) [1600x900]
[04:11:15]   已保存: 369-珊瑚熊.png
[04:11:15]   No.370 metadata: title=溪夢熊, series=風精靈語系列, personality=我在海棠嬌媚裡找到了美好！純真活潑，熱愛探索未知。, conditions={'weather': {'zh': '下雪天', 'en': 'in a snowy winter wonderland'}, 'holiday': {'zh': '中秋節', 'en': 'during Mid-Autumn Festival with mooncakes'}, 'prop': {'zh': '拿氣球', 'en': 'holding colorful balloons'}}
[04:11:15]   MiniMax 產生 prompt: 溪夢熊
[04:11:30]   prompt: A whimsical sketch illustration of a chubby teddy bear with soft beige fur, holding colorful balloons and soaring high on a wooden swing set, accompanied by a cute human child pushing from behind, a small fabric doll with button eyes sitting happily on the adjacent swing, and a cheerful yellow duckling perched on the swing's seat, set in a magical snowy winter wonderland during the Mid-Autumn Festival with a luminous full moon glowing overhead, traditional red lanterns hanging from nearby branches casting warm golden light, delicate snowflakes gently falling around them creating a dreamy atmosphere, round mooncakes displayed on a small wooden table beneath the swings, while the wind spirits dance invisibly through the scene, their ethereal presence suggested by flowing lines and sparkles in the sketch, the bear wearing an expression of pure joy and wonder as snow dusts its fur, the child laughing with excitement, capturing that innocent spirit of exploration and discovery through expressive linework and soft cross-hatching techniques, soft kawaii style, horizontal composition 16:9, high quality illustration, detailed fur texture
[04:11:30] ComfyUI #2: 溪夢熊 (素描) [1600x900]
[04:11:50]   已保存: 370-溪夢熊.png
[04:11:50]   No.371 metadata: title=海風熊, series=雲端城堡系列, personality=我在智慧之書中守護！創意迸發，低調奢華。, conditions={'time_of_day': {'zh': '上午', 'en': 'in the late morning'}, 'emotion': {'zh': '害羞微笑', 'en': 'smiling shyly'}}
[04:11:50]   MiniMax 產生 prompt: 海風熊
[04:12:05]   prompt: A charming light blue sea breeze bear with soft glowing cyan and pink neon accents stands gracefully on a floating cloud castle platform surrounded by wispy clouds, gently cradling an ancient glowing wisdom book against its chest while offering a shy, modest smile in the late morning sunlight. The neon art style creates a dreamy cyberpunk atmosphere where soft luminescent lines outline the bear's fur and the surrounding fantasy architecture, with gentle morning light blending with vibrant neon glows to create a magical low-key luxury ambiance, soft kawaii style, horizontal composition 16:9, high quality illustration, detailed fur texture
[04:12:05] ComfyUI #3: 海風熊 (霓虹) [1600x900]
[04:12:30]   已保存: 371-海風熊.png
[04:12:30]   No.372 metadata: title=開館紀念熊, series=精靈茶會系列, personality=我於占卜師中漫步！精力充沛，樂觀積極。, conditions={'prop': {'zh': '撐傘', 'en': 'holding a transparent umbrella'}}
[04:12:30]   MiniMax 產生 prompt: 開館紀念熊
[04:12:46]   prompt: In a charming retro fairy tale setting, a small plush bear with warm honey-brown fur sits cheerfully on a wooden swing set, her round face beaming with an exuberant smile as she sways through the air with boundless joy, gripping a delicate transparent umbrella that catches the soft magical light filtering through scattered stars, while a tiny teddy bear toy friend perches on the swing beside her, equally delighted by the playful adventure, both surrounded by floating teacups and glowing fireflies that drift lazily through a whimsical garden filled with blooming moonflowers and twinkling lanterns, the entire scene rendered in a nostalgic vintage illustration style reminiscent of classic European picture books, with warm golden hour lighting casting long gentle shadows and delicate fairy dust sparkling around them like confetti celebrating a grand opening, capturing the magical essence of wandering among mystical fortune tellers in a dreamlike tea party wonderland, soft kawaii style, horizontal composition 16:9, high quality illustration, detailed fur texture
[04:12:46] ComfyUI #4: 開館紀念熊 (復古) [1600x900]
[04:13:06]   已保存: 372-開館紀念熊.png
[04:13:06]   No.373 metadata: title=夢花熊, series=魔法王國系列, personality=我在暮雲歸處中探險！踏實開朗，喜歡太陽。, conditions={'emotion': {'zh': '害羞微笑', 'en': 'smiling shyly'}}
[04:13:06]   MiniMax 產生 prompt: 夢花熊
[04:13:19]   prompt: A gentle dream flower bear with soft warm fur stands beneath a canopy of delicate cherry blossom branches in full bloom, accompanied by a small orange cat rubbing against its leg, a little white rabbit hopping nearby among fallen petals, and a cute human child holding the bear's paw, the bear looking down with a shy smile as pink petals drift softly through the golden morning sunlight, the minimalist composition uses clean flowing lines and soft pastel shades of blush pink, cream, and warm honey, creating a magical yet serene atmosphere with the bear as the gentle focal point surrounded by its beloved friends on a peaceful spring outing in a whimsical fantasy kingdom setting, soft kawaii style, horizontal composition 16:9, high quality illustration, detailed fur texture
[04:13:19] ComfyUI #5: 夢花熊 (極簡) [1600x900]
[04:13:39]   已保存: 373-夢花熊.png
[04:13:39]   No.374 metadata: title=海花熊, series=星之物語系列, personality=今天發現了楓紅似火，想分享給你！純真活潑，充滿好奇與勇氣。, conditions={'time_of_day': {'zh': '上午', 'en': 'in the late morning'}, 'emotion': {'zh': '沉思安靜', 'en': 'in thoughtful silence'}}
[04:13:39]   MiniMax 產生 prompt: 海花熊
[04:13:58]   prompt: A charming seafoam teal bear with large curious eyes sits peacefully beside a window inside an old wooden train carriage, gazing thoughtfully at the passing autumn countryside with a gentle contemplative expression, the soft morning light casting warm golden rays through the window illuminating floating abstract shapes and gentle starry particles from the Star Story series drifting around them, while a sweet human child with rosy cheeks sits quietly next to the bear and a small fluffy orange cat rests peacefully on the child's lap, all three characters lost in quiet reflection as vivid crimson maple leaves swirl past the window like flames dancing in the breeze, the countryside rolling hills painted in abstract flowing forms of amber gold burnt orange and deep red creating a dreamlike atmosphere, the interior of the train rendered in soft pastel tones with elegant curved lines and geometric patterns characteristic of abstract art style, delicate cosmic dust and tiny twinkling stars sprinkle the scene like magical whispers connecting the bear to the universe, soft kawaii style, horizontal composition 16:9, high quality illustration, detailed fur texture
[04:13:58] ComfyUI #6: 海花熊 (抽象) [1600x900]
[04:14:18]   已保存: 374-海花熊.png
[04:14:18] 共生成 6 張圖片於 /home/fjj04/bears/2026-08-01
[04:14:18] 
--- 步驟 5: 更新熊熊博物館 ---
[04:14:18] 已複製: 369-珊瑚熊.png → /home/fjj04/my-bear-museum/bears/2026-08-01/369-珊瑚熊.png
[04:14:18]   已生成縮圖: bears/2026-08-01/thumbs/369-珊瑚熊-s.png, bears/2026-08-01/thumbs/369-珊瑚熊-m.png
[04:14:18] 已複製: 370-溪夢熊.png → /home/fjj04/my-bear-museum/bears/2026-08-01/370-溪夢熊.png
[04:14:18]   已生成縮圖: bears/2026-08-01/thumbs/370-溪夢熊-s.png, bears/2026-08-01/thumbs/370-溪夢熊-m.png
[04:14:18] 已複製: 371-海風熊.png → /home/fjj04/my-bear-museum/bears/2026-08-01/371-海風熊.png
[04:14:18]   已生成縮圖: bears/2026-08-01/thumbs/371-海風熊-s.png, bears/2026-08-01/thumbs/371-海風熊-m.png
[04:14:18] 已複製: 372-開館紀念熊.png → /home/fjj04/my-bear-museum/bears/2026-08-01/372-開館紀念熊.png
[04:14:19]   已生成縮圖: bears/2026-08-01/thumbs/372-開館紀念熊-s.png, bears/2026-08-01/thumbs/372-開館紀念熊-m.png
[04:14:19] 已複製: 373-夢花熊.png → /home/fjj04/my-bear-museum/bears/2026-08-01/373-夢花熊.png
[04:14:19]   已生成縮圖: bears/2026-08-01/thumbs/373-夢花熊-s.png, bears/2026-08-01/thumbs/373-夢花熊-m.png
[04:14:19] 已複製: 374-海花熊.png → /home/fjj04/my-bear-museum/bears/2026-08-01/374-海花熊.png
[04:14:19]   已生成縮圖: bears/2026-08-01/thumbs/374-海花熊-s.png, bears/2026-08-01/thumbs/374-海花熊-m.png
[04:14:19] 已更新 bears.json
[04:14:19] 新增 6 隻熊熊
[04:14:19] 
--- 步驟 6: Git Commit ---
[04:14:27] Git push 完成
[04:14:27] 
--- 步驟 7: 部署到 Cloudflare Pages ---
[04:14:42] 
===== 完成 =====
[04:14:42] 到 https://kumaweb.pages.dev 觀看結果
