[04:11:05] ===== 熊熊每日配送計畫 =====
[04:11:05] 今日日期: 2026-08-12
[04:11:05] 暫存目錄: /home/fjj04/bears/2026-08-12
[04:11:05] 目的目錄: /home/fjj04/my-bear-museum/bears/2026-08-12
[04:11:05] 
--- 步驟 1: 檢查系統狀態 ---
[04:11:05] ComfyUI: ✓ 在線
[04:11:05] 
--- 步驟 2: 取得熊熊名字和風格 ---
[04:11:05] 熊熊: ['魄海熊', '羽雲熊', '彩霞精靈', '森星熊', '白雲拾光者', '銀河旅行者']
[04:11:05] 風格: ['蒸汽朋克', '黏土', '水彩暈染', '紙雕', '織品', '玻璃馬賽克']
[04:11:05] 
--- 步驟 3: 準備目錄 ---
[04:11:05] 
--- 步驟 4: 生成圖片 ---
[04:11:05] 配送計畫: ComfyUI 6 張 + MiniMax 0 張 （ComfyUI 在線）
[04:11:05]   No.435 metadata: title=魄海熊, series=風之物語系列, personality=我用蒸汽朋克風格描繪風輕雲淡！懂得放下，陽光開朗，熱愛大自然的美好。, conditions={'weather': {'zh': '彩虹出現', 'en': 'under a brilliant rainbow'}, 'time_of_day': {'zh': '清晨', 'en': 'at dawn with golden light'}, 'prop': {'zh': '拿氣球', 'en': 'holding colorful balloons'}, 'emotion': {'zh': '好奇張望', 'en': 'looking curious and excited'}}
[04:11:05]   MiniMax 產生 prompt: 魄海熊
[04:11:24]   prompt: A charming steampunk teddy bear character with glossy honey-brown fur and intricate brass gear accessories sits at a mountain campsite at dawn, gazing upward with wide curious eyes and an excited smile as he holds colorful balloons that float gently in the cool morning breeze, his small mechanical backpack with spinning gears and copper pipes reflecting the golden sunrise light, while beside him sits a tiny vintage teddy bear toy with button eyes and a yellow fluffy duckling, all three adventurers surrounded by a brilliant rainbow arcing across the pastel-colored sky where soft clouds drift by, mist rising from the valley below as gears and windmills built into the campsite twinkle with morning dew, the steampunk aesthetic blending perfectly with the natural mountain beauty as delicate wind chimes made of brass tubes create a gentle melody, capturing a peaceful yet adventurous moment of friendship and wonder at the colorful rainbow bridge stretching across the peaceful dawn landscape, soft kawaii style, horizontal composition 16:9, high quality illustration, detailed fur texture
[04:11:24] ComfyUI #1: 魄海熊 (蒸汽朋克) [1600x900]
[04:11:44]   已保存: 435-魄海熊.png
[04:11:44]   No.436 metadata: title=羽雲熊, series=勇氣之劍系列, personality=焦油黑，喜歡草原廣袤。帶來滿滿的溫暖與快樂。, conditions=None
[04:11:44]   MiniMax 產生 prompt: 羽雲熊
[04:12:03]   prompt: A charming clay animation style scene featuring an adorable tar-black bear cub with soft dark brown fur sitting joyfully on a wooden swing set in a vast sunny meadow, accompanied by a cute little white rabbit and a small fluffy dog playfully swinging beside him, the bear leaning back with a happy smile while pumping his legs to go higher, the rabbit with floppy ears blowing in the breeze and the fluffy dog barking with excitement, warm golden sunlight streaming through the scene with long soft shadows, lush green grass stretching endlessly to the horizon dotted with wildflowers, a gentle breeze making the clouds drift slowly across a brilliant blue sky, 3D stop motion clay animation aesthetic with tactile textured surfaces, handcrafted rounded forms and subtle fingerprints visible in the clay, vibrant saturated colors with soft ambient lighting, capturing the pure joy of childhood friendship and carefree afternoon play in the countryside, soft kawaii style, horizontal composition 16:9, high quality illustration, detailed fur texture
[04:12:03] ComfyUI #2: 羽雲熊 (黏土) [1600x900]
[04:12:23]   已保存: 436-羽雲熊.png
[04:12:23]   No.437 metadata: title=精靈, series=星光大道系列, personality=今天發現了海風吹拂，想分享給你！神秘幽雅，珍惜每一個美好的瞬間。, conditions={'holiday': {'zh': '生日派對', 'en': 'at a birthday party with cake'}}
[04:12:23]   MiniMax 產生 prompt: 彩霞精靈
[04:12:41]   prompt: At a magical beachside birthday party as the sun sets, a mystical and elegant fairy spirit bear with fur in gradients of sunset pink, coral, lavender, and soft gold stands beside a beautifully decorated tiered birthday cake, wearing a delicate flower crown and holding a small seashell gift for the celebration, while two adorable rabbit friends and a fluffy duckling gather around with joyful expressions, surrounded by floating birthday balloons, starfish decorations, and gentle ocean waves creating a soft sea breeze, the entire scene rendered in dreamy watercolor blending technique with soft color transitions, wet-on-wet effects, and magical golden hour lighting that makes the characters appear to glow with warmth and wonder, capturing the spirit of treasuring every beautiful moment together, soft kawaii style, horizontal composition 16:9, high quality illustration, detailed fur texture
[04:12:41] ComfyUI #3: 彩霞精靈 (水彩暈染) [1600x900]
[04:13:01]   已保存: 437-彩霞精靈.png
[04:13:01]   No.438 metadata: title=森星熊, series=星光大道系列, personality=寬大為懷，喜歡時光寶盒。總是給身邊的人帶來幸福感。, conditions={'weather': {'zh': '彩虹出現', 'en': 'under a brilliant rainbow'}, 'holiday': {'zh': '中秋節', 'en': 'during Mid-Autumn Festival with mooncakes'}, 'emotion': {'zh': '興奮跳躍', 'en': 'jumping with excitement'}}
[04:13:01]   MiniMax 產生 prompt: 森星熊
[04:13:24]   prompt: A magnificent paper cutting sculpture of a cheerful forest bear with warm golden-brown fur, standing in an enchanted forest clearing surrounded by lush green paper-cut trees and twinkling star-shaped leaves, the bear is joyfully leaping into the air with pure excitement, arms stretched wide, wearing a tiny glowing lantern hat, beneath a magnificent arching rainbow spanning across the sky beside a large glowing full moon representing Mid-Autumn Festival, delicate paper-cut clouds floating overhead, scattered mooncakes and incense holders on a nearby traditional wooden table with paper lanterns casting warm golden light, two small adorable rabbit companions join the celebration nearby, one holding a tiny mooncake and the other hopping along happily, intricate layered paper sculpture technique with multiple depth levels, translucent paper elements creating magical light effects, fine detailed paper cutting patterns in the fur and forest elements, soft golden and amber ambient lighting blending with cool rainbow colors, festive and heartwarming atmosphere, whimsical storybook illustration in dimensional paper art style, soft kawaii style, horizontal composition 16:9, high quality illustration, detailed fur texture
[04:13:24] ComfyUI #4: 森星熊 (紙雕) [1600x900]
[04:13:44]   已保存: 438-森星熊.png
[04:13:44]   No.439 metadata: title=拾光者, series=魔法森林童話系列, personality=我在百合純情裡找到了美好！善於思考，珍惜每一個綻放的瞬間。, conditions={'prop': {'zh': '背書包', 'en': 'carrying a school backpack'}, 'emotion': {'zh': '驚訝表情', 'en': 'with a surprised expression'}}
[04:13:44]   MiniMax 產生 prompt: 白雲拾光者
[04:14:04]   prompt: A fluffy white bear wearing a small colorful school backpack sits by the window of a vintage wooden train carriage, eyes wide with a surprised and delighted expression as the countryside rushes by. Beside the bear sits a tiny hand-stitched fabric doll friend, also gazing out in wonder at the passing scenery. Outside the window, rolling green meadows covered in delicate white lilies stretch toward distant misty forest hills under soft golden afternoon light streaming through the glass. The entire scene is rendered in textile art style with visible embroidered stitches forming the bear's fluffy fur, patchwork fabric textures on their clothes, and woven patterns creating the pastoral landscape, evoking the warmth of a handmade fairy tale, soft kawaii style, horizontal composition 16:9, high quality illustration, detailed fur texture
[04:14:04] ComfyUI #5: 白雲拾光者 (織品) [1600x900]
[04:14:29]   已保存: 439-白雲拾光者.png
[04:14:29]   No.440 metadata: title=旅行者, series=童話王國系列, personality=我用玻璃馬賽克風格描繪百合純潔！積極進取，踏實勤奮，總是給身邊的人帶來幸福感。, conditions={'weather': {'zh': '颱風天', 'en': 'during a typhoon with dramatic winds'}, 'emotion': {'zh': '驚訝表情', 'en': 'with a surprised expression'}}
[04:14:29]   MiniMax 產生 prompt: 銀河旅行者
[04:14:44]   prompt: A radiant white bear with luminous glass mosaic fur sits by a window inside a cozy cottage, its tiny paws gripping the windowsill as it gazes in complete amazement at the ferocious typhoon raging outside, where massive winds howl and rain pelts the glass in dramatic sheets while colorful glass mosaic shards around the scene catch the electric storm light and scatter prismatic rainbows across the walls, a small curious hamster wearing a tiny backpack and a little girl with a glowing lantern peek out from behind the bear, all three watching the spectacular storm together with wonder and delight, the interior illuminated by warm flickering candlelight that contrasts beautifully with the cool blue lightning flashes outside, the mosaic style creating beautiful fractured light patterns throughout the composition like stained glass windows come to life, soft kawaii style, horizontal composition 16:9, high quality illustration, detailed fur texture
[04:14:44] ComfyUI #6: 銀河旅行者 (玻璃馬賽克) [1600x900]
[04:15:04]   已保存: 440-銀河旅行者.png
[04:15:04] 共生成 6 張圖片於 /home/fjj04/bears/2026-08-12
[04:15:04] 
--- 步驟 5: 更新熊熊博物館 ---
[04:15:04] 已複製: 435-魄海熊.png → /home/fjj04/my-bear-museum/bears/2026-08-12/435-魄海熊.png
[04:15:05]   已生成縮圖: bears/2026-08-12/thumbs/435-魄海熊-s.png, bears/2026-08-12/thumbs/435-魄海熊-m.png
[04:15:05] 已複製: 436-羽雲熊.png → /home/fjj04/my-bear-museum/bears/2026-08-12/436-羽雲熊.png
[04:15:05]   已生成縮圖: bears/2026-08-12/thumbs/436-羽雲熊-s.png, bears/2026-08-12/thumbs/436-羽雲熊-m.png
[04:15:05] 已複製: 437-彩霞精靈.png → /home/fjj04/my-bear-museum/bears/2026-08-12/437-彩霞精靈.png
[04:15:05]   已生成縮圖: bears/2026-08-12/thumbs/437-彩霞精靈-s.png, bears/2026-08-12/thumbs/437-彩霞精靈-m.png
[04:15:05] 已複製: 438-森星熊.png → /home/fjj04/my-bear-museum/bears/2026-08-12/438-森星熊.png
[04:15:05]   已生成縮圖: bears/2026-08-12/thumbs/438-森星熊-s.png, bears/2026-08-12/thumbs/438-森星熊-m.png
[04:15:05] 已複製: 439-白雲拾光者.png → /home/fjj04/my-bear-museum/bears/2026-08-12/439-白雲拾光者.png
[04:15:05]   已生成縮圖: bears/2026-08-12/thumbs/439-白雲拾光者-s.png, bears/2026-08-12/thumbs/439-白雲拾光者-m.png
[04:15:05] 已複製: 440-銀河旅行者.png → /home/fjj04/my-bear-museum/bears/2026-08-12/440-銀河旅行者.png
[04:15:05]   已生成縮圖: bears/2026-08-12/thumbs/440-銀河旅行者-s.png, bears/2026-08-12/thumbs/440-銀河旅行者-m.png
[04:15:05] 已更新 bears.json
[04:15:05] 新增 6 隻熊熊
[04:15:05] 
--- 步驟 6: Git Commit ---
[04:15:18] Git push 完成
[04:15:18] 
--- 步驟 7: 部署到 Cloudflare Pages ---
[04:15:42] 
===== 完成 =====
[04:15:42] 到 https://kumaweb.pages.dev 觀看結果
