[04:11:07] ===== 熊熊每日配送計畫 =====
[04:11:07] 今日日期: 2026-06-24
[04:11:07] 暫存目錄: /home/fjj04/bears/2026-06-24
[04:11:07] 目的目錄: /home/fjj04/my-bear-museum/bears/2026-06-24
[04:11:07] 
--- 步驟 1: 檢查系統狀態 ---
[04:11:07] ComfyUI: ✓ 在線
[04:11:07] 
--- 步驟 2: 取得熊熊名字和風格 ---
[04:11:07] 熊熊: ['星光踏星者', '晨曦魔法師', '白雲使者', '魂風熊', '朵花熊', '朵海熊']
[04:11:07] 風格: ['浮世繪', '點描', '水墨', '漫畫', '素描', '霓虹']
[04:11:07] 
--- 步驟 3: 準備目錄 ---
[04:11:07] 
--- 步驟 4: 生成圖片 ---
[04:11:07] 配送計畫: ComfyUI 6 張 + MiniMax 0 張 （ComfyUI 在線）
[04:11:07]   No.134 metadata: title=踏星者, series=命運之輪系列, personality=我用浮世繪風格描繪藍海深邃！光明正大，優雅精緻，總是給身邊的人帶來幸福感。
[04:11:07]   MiniMax 產生 prompt: 星光踏星者
[04:11:29]   prompt: A magnificent deep blue-furred bear with subtle starlight patterns across its coat stands gracefully atop a towering wave, its elegant form illuminated by the soft glow of a full moon suspended in the indigo night sky above a vast ocean stretching to the horizon. The traditional Japanese ukiyo-e woodblock print style captures bold outlines and flat areas of color characteristic of classic Japanese prints, while delicate cherry blossom petals drift through the scene carried by a gentle sea breeze and countless stars twinkle overhead like celestial diamonds scattered across the heavens. The bear wears elegant flowing robes in complementary shades of blue and silver, holding a luminous pearl that casts ethereal light across the rolling waves below, creating a magical atmosphere of serene beauty and cosmic wonder, soft kawaii style, horizontal composition 16:9, high quality illustration, detailed fur texture
[04:11:29] ComfyUI #1: 星光踏星者 (浮世繪) [1600x900]
[04:11:49]   已保存: 134-星光踏星者.png
[04:11:49]   No.135 metadata: title=魔法師, series=彩虹盡頭系列, personality=我於糖烤杏仁中小憩！開朗明亮，善良體貼。
[04:11:49]   MiniMax 產生 prompt: 晨曦魔法師
[04:11:59]   prompt: A cheerful kawaii bear dressed as a friendly wizard stands atop a rainbow-colored hill during the magical golden hour of sunrise, wearing a pointed star-adorned wizard hat and a cozy cloak dappled with countless tiny dots of warm amber and caramel tones, holding a sparkling crystal wand that shoots tiny rainbow streams of light into the pastel morning sky, surrounded by floating caramelized almond-scented sparkles and soft pointillist dots of rose pink, honey gold, and lavender purple that shimmer like precious gemstones, with the brilliant pointillist technique creating a mesmerizing field of colorful dots that form the silhouette of distant rainbow arches connecting fluffy cumulus clouds painted entirely in small perfect circles of impasto paint strokes, the entire magical scene bathed in the most enchanting warm dawn light that makes every tiny dot glow like a miniature sun, soft kawaii style, horizontal composition 16:9, high quality illustration, detailed fur texture
[04:11:59] ComfyUI #2: 晨曦魔法師 (點描) [1600x900]
[04:12:20]   已保存: 135-晨曦魔法師.png
[04:12:20]   No.136 metadata: title=使者, series=星辰精靈系列, personality=我在雲端城堡裡找到了美好！成熟穩重，珍惜每一個綻放的瞬間。
[04:12:20]   MiniMax 產生 prompt: 白雲使者
[04:12:31]   prompt: A majestic white bear dressed in flowing robes stands gracefully upon ancient stone steps within an ethereal cloud castle, surrounded by swirling mist and glowing celestial spirits that drift among translucent stars. The scene is rendered in traditional ink wash style with elegant brushstrokes and flowing gradients of gray and black, accented by delicate pink cherry blossoms in full bloom that symbolise fleeting beauty. Soft golden light filters through the ethereal clouds, creating a mystical atmosphere where the mature messenger bear gazes serenely at the celestial garden below, with tiny spirit orbs floating around like wishes waiting to be granted, soft kawaii style, horizontal composition 16:9, high quality illustration, detailed fur texture
[04:12:31] ComfyUI #3: 白雲使者 (水墨) [1600x900]
[04:12:51]   已保存: 136-白雲使者.png
[04:12:51]   No.137 metadata: title=魂風熊, series=時光旅人系列, personality=我在藍天如鏡中小憩！感性可愛，創意無限。
[04:12:51]   MiniMax 產生 prompt: 魂風熊
[04:13:05]   prompt: A charming manga-style bear with soulful expressive eyes rests peacefully floating on a massive fluffy cloud that hovers over a vast crystalline blue sky so still it reflects perfectly like a mirror, the entire scene bathed in soft ethereal golden hour lighting with gentle magical wind spirits made of translucent swirls dancing around the serene character, delicate cherry blossom petals and tiny glowing orbs drift lazily through the air creating a dreamy atmospheric composition while the bear lies back with a content smile, the manga art capturing every detail of the emotional tender moment as subtle constellation patterns shimmer faintly in the distant heavens suggesting the time traveler series mystical elements, soft kawaii style, horizontal composition 16:9, high quality illustration, detailed fur texture
[04:13:05] ComfyUI #4: 魂風熊 (漫畫) [1600x900]
[04:13:25]   已保存: 137-魂風熊.png
[04:13:25]   No.138 metadata: title=朵花熊, series=小仙子系列, personality=我在海天一色裡找到了美好！珍惜愛情，熱愛探索未知。
[04:13:25]   MiniMax 產生 prompt: 朵花熊
[04:13:36]   prompt: A delicate pencil sketch of a charming kawaii bear with flower blossoms woven into its soft fur, standing gracefully at the edge where the endless ocean meets a dreamy pastel sky in perfect harmony. Enchanted sparkles and tiny fairy lights drift around the gentle bear like magical petals dancing on gentle waves. The scene captures the romantic essence of discovering beauty at the horizon line, with the bear gazing wistfully at the seamless blend of sea and sky, surrounded by floating flower petals and mystical aurora glow. Soft shading and intricate cross-hatching technique create depth in this fairy-tale moment, emphasizing the bear's loving and adventurous spirit, soft kawaii style, horizontal composition 16:9, high quality illustration, detailed fur texture
[04:13:36] ComfyUI #5: 朵花熊 (素描) [1600x900]
[04:13:56]   已保存: 138-朵花熊.png
[04:13:56]   No.139 metadata: title=朵海熊, series=精靈茶會系列, personality=我於星雲繚繞裡找到了美好！低調奢華，熱愛探索未知。
[04:13:56]   MiniMax 產生 prompt: 朵海熊
[04:14:18]   prompt: A charming sea bear with luxurious seafoam-blue fur and shimmering pearl-white highlights, wearing an exquisite elven tea gown decorated with glowing seashell patterns and cascading nebula ribbons, sits gracefully at an ornate floating tea table set in an enchanting cosmic realm filled with beautiful swirling nebulae and twinkling star clusters, gently holding a delicate crystal teacup that emanates soft neon aurora light, accompanied by tiny magical forest creatures and floating celestial teapots, the entire scene bathed in dreamy neon pink, electric blue, and aurora green glows creating a luxurious yet whimsical atmosphere of cosmic wonder, soft kawaii style, horizontal composition 16:9, high quality illustration, detailed fur texture
[04:14:18] ComfyUI #6: 朵海熊 (霓虹) [1600x900]
[04:14:38]   已保存: 139-朵海熊.png
[04:14:38] 共生成 6 張圖片於 /home/fjj04/bears/2026-06-24
[04:14:38] 
--- 步驟 5: 更新熊熊博物館 ---
[04:14:38] 已複製: 134-星光踏星者.png → /home/fjj04/my-bear-museum/bears/2026-06-24/134-星光踏星者.png
[04:14:38]   已生成縮圖: bears/2026-06-24/thumbs/134-星光踏星者-s.png, bears/2026-06-24/thumbs/134-星光踏星者-m.png
[04:14:38] 已複製: 135-晨曦魔法師.png → /home/fjj04/my-bear-museum/bears/2026-06-24/135-晨曦魔法師.png
[04:14:38]   已生成縮圖: bears/2026-06-24/thumbs/135-晨曦魔法師-s.png, bears/2026-06-24/thumbs/135-晨曦魔法師-m.png
[04:14:38] 已複製: 136-白雲使者.png → /home/fjj04/my-bear-museum/bears/2026-06-24/136-白雲使者.png
[04:14:38]   已生成縮圖: bears/2026-06-24/thumbs/136-白雲使者-s.png, bears/2026-06-24/thumbs/136-白雲使者-m.png
[04:14:38] 已複製: 137-魂風熊.png → /home/fjj04/my-bear-museum/bears/2026-06-24/137-魂風熊.png
[04:14:38]   已生成縮圖: bears/2026-06-24/thumbs/137-魂風熊-s.png, bears/2026-06-24/thumbs/137-魂風熊-m.png
[04:14:38] 已複製: 138-朵花熊.png → /home/fjj04/my-bear-museum/bears/2026-06-24/138-朵花熊.png
[04:14:38]   已生成縮圖: bears/2026-06-24/thumbs/138-朵花熊-s.png, bears/2026-06-24/thumbs/138-朵花熊-m.png
[04:14:38] 已複製: 139-朵海熊.png → /home/fjj04/my-bear-museum/bears/2026-06-24/139-朵海熊.png
[04:14:38]   已生成縮圖: bears/2026-06-24/thumbs/139-朵海熊-s.png, bears/2026-06-24/thumbs/139-朵海熊-m.png
[04:14:38] 已更新 bears.json
[04:14:38] 新增 6 隻熊熊
[04:14:38] 
--- 步驟 6: Git Commit ---
[04:14:47] Git push 完成
[04:14:47] 
--- 步驟 7: 部署到 Cloudflare Pages ---
[04:15:01] 
===== 完成 =====
[04:15:01] 到 https://kumaweb.pages.dev 觀看結果
