[04:10:56] ===== 熊熊每日配送計畫 =====
[04:10:56] 今日日期: 2026-06-30
[04:10:56] 暫存目錄: /home/fjj04/bears/2026-06-30
[04:10:56] 目的目錄: /home/fjj04/my-bear-museum/bears/2026-06-30
[04:10:56] 
--- 步驟 1: 檢查系統狀態 ---
[04:11:01] ComfyUI: ✗ 離線
[04:11:01] 
--- 步驟 2: 取得熊熊名字和風格 ---
[04:11:01] 熊熊: ['彩霞漫遊者', '流星雲遊者', '魂雲熊', '月影拾光者', '心星熊', '流星守護神']
[04:11:01] 風格: ['奇幻', '童趣', '賽博朋克', '浮世繪', '點描', '水墨']
[04:11:01] 
--- 步驟 3: 準備目錄 ---
[04:11:01] 
--- 步驟 4: 生成圖片 ---
[04:11:01] 配送計畫: ComfyUI 6 張 + MiniMax 0 張 （ComfyUI 離線）
[04:11:01]   No.170 metadata: title=漫遊者, series=夢想王國系列, personality=我用奇幻風格描繪花間精靈！勇敢豪爽，浪漫癡情，是個夢幻的小精靈。
[04:11:01]   MiniMax 產生 prompt: 彩霞漫遊者
[04:11:13]   prompt: A brave little flower spirit bear with warm honey-golden fur stands atop a mossy hill in an enchanted twilight meadow, surrounded by blooming luminescent flowers that emit soft golden pollen into the air as the sky transforms into a breathtaking canvas of colorful aurora clouds swirling with shades of rose pink lavender violet and warm amber light, her adventurous eyes filled with romantic wonder gazing across this dreamlike landscape while delicate sparkles and magical wisps dance around her figure like loyal companions, the entire ethereal scene illuminated by otherworldly twilight rays that paint every petal and cloud with dreamy fantasy luminescence, soft kawaii style, horizontal composition 16:9, high quality illustration, detailed fur texture
[04:11:13] MiniMax #1: 彩霞漫遊者 (奇幻) [16:9]
[04:11:30]   已保存: 170-彩霞漫遊者.png
[04:11:30]   No.171 metadata: title=雲遊者, series=水晶球占系列, personality=我用童趣風格描繪願望之翼！善於領導，善良可愛，充滿好奇與勇氣。
[04:11:30]   MiniMax 產生 prompt: 流星雲遊者
[04:11:42]   prompt: A whimsical young bear with soft fur adorned with twinkling meteor patterns and delicate iridescent wish-wings floats gracefully through a dreamy pastel sky filled with fluffy candy-colored clouds, holding a glowing crystal ball that reveals swirling constellations and floating stars, while shooting stars streak past leaving golden trails, the entire scene bathed in magical soft light with floating dandelion seeds and tiny sparkle particles, conveying wonder curiosity and gentle leadership through innocent expressions and a hopeful stance, rendered in a charming childlike art style with rounded shapes and playful composition, soft kawaii style, horizontal composition 16:9, high quality illustration, detailed fur texture
[04:11:42] MiniMax #2: 流星雲遊者 (童趣) [16:9]
[04:12:00]   已保存: 171-流星雲遊者.png
[04:12:00]   No.172 metadata: title=魂雲熊, series=勇氣之劍系列, personality=喜歡花開，熱愛綠野仙蹤。珍惜每一個美好的瞬間。
[04:12:00]   MiniMax 產生 prompt: 魂雲熊
[04:12:12]   prompt: A majestic bear with flowing ethereal fur stands beneath a cascading waterfall of holographic flowers in a futuristic neon-lit cyberpunk cityscape, the luminous petals drifting through electric mist while rainbow-colored holograms of butterflies dance around the bear's gentle form, the creature pauses to breathe in the beauty of a digital rainbow arching across a twilight sky filled with floating lanterns, ancient trees transformed into glowing circuitry intertwine with blooming roses that pulse with soft bioluminescence, and in the distance a golden pathway reminiscent of The Wizard of Oz winds through towering skyscrapers with window reflections that shimmer like scattered diamonds, creating a surreal sanctuary where technology and nature exist in perfect harmony, as the bear gazes upward with tender appreciation for the magical moment unfolding above the bustling cyberpunk streets far below, soft kawaii style, horizontal composition 16:9, high quality illustration, detailed fur texture
[04:12:12] MiniMax #3: 魂雲熊 (賽博朋克) [16:9]
[04:12:31]   已保存: 172-魂雲熊.png
[04:12:31]   No.173 metadata: title=拾光者, series=魔法森林童話系列, personality=今天發現了雲縫透光，想分享給你！意氣昂揚，帶來滿滿的溫暖與快樂。
[04:12:31]   MiniMax 產生 prompt: 月影拾光者
[04:12:40]   prompt: In a mystical forest drenched in the atmospheric elegance of ukiyo-e art, a charming kawaii bear stands triumphantly beneath towering ancient trees, gazing upward with joyful determination as brilliant beams of golden sunlight pierce through dramatic gaps in the billowing clouds above. Maple leaves and cherry blossoms drift lazily through the luminous air, while soft morning mist curls around moss-covered stones and twisted forest roots. The bear's round hopeful face radiates pure delight, one paw reaching toward the radiant sky as if embracing the magical light. Vibrant yet harmonious colors of deep indigo, warm amber, and soft rose define the composition, with delicate ink outlines and traditional woodblock printing textures creating depth and movement throughout this enchanted woodland scene filled with fireflies and floating golden particles, soft kawaii style, horizontal composition 16:9, high quality illustration, detailed fur texture
[04:12:40] MiniMax #4: 月影拾光者 (浮世繪) [16:9]
[04:13:00]   已保存: 173-月影拾光者.png
[04:13:00]   No.174 metadata: title=心星熊, series=王子殿下系列, personality=今天發現了水晶宮殿，想分享給你！穩重如磐，總是給身邊的人帶來幸福感。
[04:13:00]   MiniMax 產生 prompt: 心星熊
[04:13:18]   prompt: A charming kawaii bear character dressed in elegant royal prince attire with beautiful heart and star patterns decorating its soft fur, standing proudly before a magnificent crystal palace that sparkles with ethereal rainbow light and reflections. The bear gazes warmly at the viewer with gentle loving eyes, one paw raised invitingly as if welcoming them to share in this wonderful discovery. Pointillism art style rendered with thousands of tiny distinct dots of color creating the fur texture and magical atmosphere, surrounded by floating stars, glowing crystals, and sparkling fairy lights. The scene is bathed in dreamy pastel lighting with soft golden rays filtering through the translucent palace towers, while gentle crystal waterfalls cascade in the background. Flowering gardens with glowing blossoms surround the prince bear, and happy sparkles dance through the air, conveying a sense of joy, warmth, and the pure happiness of sharing something magical with a beloved friend, soft kawaii style, horizontal composition 16:9, high quality illustration, detailed fur texture
[04:13:18] MiniMax #5: 心星熊 (點描) [16:9]
[04:13:56]   已保存: 174-心星熊.png
[04:13:56]   No.175 metadata: title=守護神, series=幽靈燈塔系列, personality=我在星辰精靈裡找到了美好！創意迸發，珍惜每一個綻放的瞬間。
[04:13:56]   MiniMax 產生 prompt: 流星守護神
[04:14:09]   prompt: In a misty ink wash landscape where an ancient ghostly lighthouse stands sentinel on rocky cliffs, a gentle bear guardian with flowing fur rendered in elegant brushstrokes gazes upward at a brilliant meteor shower streaking across the night sky, the celestial light casting ethereal silver-blue washes over the scene while delicate wisps of spiritual energy dance around the bear like blooming starflowers, creating a mystical atmosphere where the boundary between the earthly and celestial realms seems to dissolve into flowing ink gradients and dramatic negative space, with the lighthouse beacon glowing softly in the background as if calling to lost souls among the stars, soft kawaii style, horizontal composition 16:9, high quality illustration, detailed fur texture
[04:14:09] MiniMax #6: 流星守護神 (水墨) [16:9]
[04:14:27]   已保存: 175-流星守護神.png
[04:14:27] 共生成 6 張圖片於 /home/fjj04/bears/2026-06-30
[04:14:27] 
--- 步驟 5: 更新熊熊博物館 ---
[04:14:27] 已複製: 170-彩霞漫遊者.png → /home/fjj04/my-bear-museum/bears/2026-06-30/170-彩霞漫遊者.png
[04:14:27]   已生成縮圖: bears/2026-06-30/thumbs/170-彩霞漫遊者-s.png, bears/2026-06-30/thumbs/170-彩霞漫遊者-m.png
[04:14:27] 已複製: 171-流星雲遊者.png → /home/fjj04/my-bear-museum/bears/2026-06-30/171-流星雲遊者.png
[04:14:27]   已生成縮圖: bears/2026-06-30/thumbs/171-流星雲遊者-s.png, bears/2026-06-30/thumbs/171-流星雲遊者-m.png
[04:14:27] 已複製: 172-魂雲熊.png → /home/fjj04/my-bear-museum/bears/2026-06-30/172-魂雲熊.png
[04:14:27]   已生成縮圖: bears/2026-06-30/thumbs/172-魂雲熊-s.png, bears/2026-06-30/thumbs/172-魂雲熊-m.png
[04:14:27] 已複製: 173-月影拾光者.png → /home/fjj04/my-bear-museum/bears/2026-06-30/173-月影拾光者.png
[04:14:27]   已生成縮圖: bears/2026-06-30/thumbs/173-月影拾光者-s.png, bears/2026-06-30/thumbs/173-月影拾光者-m.png
[04:14:27] 已複製: 174-心星熊.png → /home/fjj04/my-bear-museum/bears/2026-06-30/174-心星熊.png
[04:14:27]   已生成縮圖: bears/2026-06-30/thumbs/174-心星熊-s.png, bears/2026-06-30/thumbs/174-心星熊-m.png
[04:14:27] 已複製: 175-流星守護神.png → /home/fjj04/my-bear-museum/bears/2026-06-30/175-流星守護神.png
[04:14:27]   已生成縮圖: bears/2026-06-30/thumbs/175-流星守護神-s.png, bears/2026-06-30/thumbs/175-流星守護神-m.png
[04:14:27] 已更新 bears.json
[04:14:27] 新增 6 隻熊熊
[04:14:27] 
--- 步驟 6: Git Commit ---
[04:14:32] Git push 完成
[04:14:32] 
--- 步驟 7: 部署到 Cloudflare Pages ---
[04:14:43] 
===== 完成 =====
[04:14:43] 到 https://kumaweb.pages.dev 觀看結果
