[04:10:10] ===== 熊熊每日配送計畫 =====
[04:10:10] 今日日期: 2026-06-21
[04:10:10] 暫存目錄: /home/fjj04/bears/2026-06-21
[04:10:10] 目的目錄: /home/fjj04/my-bear-museum/bears/2026-06-21
[04:10:10] 
--- 步驟 1: 檢查系統狀態 ---
[04:10:10] ComfyUI: ✓ 在線
[04:10:10] 
--- 步驟 2: 取得熊熊名字和風格 ---
[04:10:10] 熊熊: ['星光雲遊者', '銀河熊', '白雲妖精', '風夢熊', '晨曦踏星者', '暖陽雲遊者']
[04:10:10] 風格: ['織品', '玻璃馬賽克', '霓虹燈', '浮雕', '故障藝術', '等距視角']
[04:10:10] 
--- 步驟 3: 準備目錄 ---
[04:10:10] 
--- 步驟 4: 生成圖片 ---
[04:10:10] 配送計畫: ComfyUI 6 張 + MiniMax 0 張 （ComfyUI 在線）
[04:10:10]   No.110 metadata: title=雲遊者, series=星辰精靈系列, personality=我於天際無垠裡找到了美好！善於創造，珍惜每一個綻放的瞬間。
[04:10:10]   MiniMax 產生 prompt: 星光雲遊者
[04:10:22]   prompt: A charming celestial bear crafted from richly textured textile fabrics, embroidered with shimmering starry patterns and delicate thread work in deep midnight blue and silver, floats gracefully among luminous clouds in a vast cosmic sky filled with softly glowing constellations and swirling galaxies, wearing a cozy patchwork cape adorned with tiny constellation symbols while holding a glowing orb of creative energy, surrounded by sparkling stardust particles and gentle celestial light, the woven fur appears to shimmer with embroidered star motifs, creating a magical atmosphere of wandering through infinite skies where dreams bloom like flowers, with ethereal glow effects and dreamy pastel nebula colors surrounding the fabric bear in a whimsical celestial wonderland scene, soft kawaii style, horizontal composition 16:9, high quality illustration, detailed fur texture
[04:10:22] ComfyUI #1: 星光雲遊者 (織品) [1600x900]
[04:10:42]   已保存: 110-星光雲遊者.png
[04:10:42]   No.111 metadata: title=銀河熊, series=奇蹟之花系列, personality=我用玻璃馬賽克風格描繪萬物生長！踏實勤奮，喜歡冒險，帶來滿滿的溫暖與快樂。
[04:10:42]   MiniMax 產生 prompt: 銀河熊
[04:10:55]   prompt: A majestic kawaii bear cub stands proudly in a cosmic meadow filled with glowing miracle flowers, surrounded by swirling galaxies and twinkling stars that dance across the colorful glass mosaic tesserae creating a breathtaking stained glass window effect, the bear's fur rendered in shimmering pieces of deep indigo and silver catching starlight, while delicate crystal petals bloom around its paws symbolizing growth and new beginnings, warm golden rays filter through translucent mosaic fragments casting prismatic rainbows across the mystical garden, tiny adventure companions including fireflies and butterflies add whimsical details to this magical scene, the overall composition combines cosmic wonder with earthly warmth in a masterful glass art installation style with intricate geometric patterns and jewel-like colors that sparkle with life and happiness, soft kawaii style, horizontal composition 16:9, high quality illustration, detailed fur texture
[04:10:55] ComfyUI #2: 銀河熊 (玻璃馬賽克) [1600x900]
[04:11:15]   已保存: 111-銀河熊.png
[04:11:15]   No.112 metadata: title=妖精, series=勇氣之劍系列, personality=我於水仙自戀中玩耍！喜歡奉獻，善於溝通。
[04:11:15]   MiniMax 產生 prompt: 白雲妖精
[04:11:27]   prompt: A majestic white fairy bear with translucent luminous wings stands gracefully in a dreamlike neon-lit sanctuary, surrounded by floating holographic water narcissus flowers that mirror her elegant beauty, radiant golden light cascading from her crystal-studded crown as she extends a giving hand toward cascading streams of shimmering starlight, while deep indigo and electric cyan neon outlines trace the ethereal wisps of cloud that form her flowing mane, the entire scene pulsing with soft magenta and violet glows that reflect her narcissistic yet loving spirit, magical sparkles dancing through the air as luminous sword-like crystals hover nearby representing the courage theme, creating a breathtaking fantasy atmosphere where modern neon artistry meets ancient fairy tale enchantment, soft kawaii style, horizontal composition 16:9, high quality illustration, detailed fur texture
[04:11:27] ComfyUI #3: 白雲妖精 (霓虹燈) [1600x900]
[04:11:47]   已保存: 112-白雲妖精.png
[04:11:47]   No.113 metadata: title=風夢熊, series=棉花糖王國系列, personality=我在精靈舞會中探險！優雅大方，樂觀向上。
[04:11:47]   MiniMax 產生 prompt: 風夢熊
[04:12:01]   prompt: A graceful teddy bear with soft creamy fur stands majestically in an enchanted cotton candy kingdom ballroom, its form rendered in stunning relief sculpture technique that creates dimensional depth with raised surfaces catching golden light. Delicate wind currents swirl around the bear carrying iridescent sparkles and translucent fairy wings, while elegant crystal chandeliers illuminate the scene with warm amber and pink magical luminescence. The bear gazes with confident optimism at a grand procession of mythical creatures and flower sprites dancing across marble floors, surrounded by floating candy-colored clouds and crystalline stalactites dripping with sugary nectar, soft kawaii style, horizontal composition 16:9, high quality illustration, detailed fur texture
[04:12:01] ComfyUI #4: 風夢熊 (浮雕) [1600x900]
[04:12:21]   已保存: 113-風夢熊.png
[04:12:21]   No.114 metadata: title=踏星者, series=星光隧道系列, personality=今天發現了桂花飄香，想分享給你！爽朗大方，總是給身邊的人帶來幸福感。
[04:12:21]   MiniMax 產生 prompt: 晨曦踏星者
[04:12:42]   prompt: In a mesmerizing starlight tunnel at the magical moment of dawn, a cheerful bear with warm honey-colored fur walks confidently among cascading stars and floating osmanthus flowers, their sweet golden blossoms releasing fragrance into the cosmic air as the first light of morning breaks through the celestial passage. Digital artifacts dance throughout the scene: colorful RGB color separations split the starlight into magenta and cyan fringes, scan lines ripple across the crystalline tunnel walls, and fragmented pixel patterns glitch and flicker like a living digital dreamscape. The bear's bright eyes sparkle with pure happiness and generosity, embodying the joy of discovery and the warm desire to share wonderful moments with others, surrounded by swirling aurora-like cosmic energy in a fantastical glitch art composition filled with vibrant neon tones, dynamic light streaks, and ethereal magical atmosphere, soft kawaii style, horizontal composition 16:9, high quality illustration, detailed fur texture
[04:12:42] ComfyUI #5: 晨曦踏星者 (故障藝術) [1600x900]
[04:13:02]   已保存: 114-晨曦踏星者.png
[04:13:02]   No.115 metadata: title=雲遊者, series=彩虹糖漿系列, personality=我用等距視角風格描繪草莓奶昔！幽默逗趣，慷慨大方，珍惜每一個美好的瞬間。
[04:13:02]   MiniMax 產生 prompt: 暖陽雲遊者
[04:13:19]   prompt: A warm golden honey-colored bear with soft plush fur stands proudly in an enchanting isometric fantasy world, surrounded by flowing rainbow syrup rivers and crystal-clear gelatinous platforms floating among fluffy pastel clouds. The chubby adorable bear wears a tiny explorer hat and holds a glowing strawberry milkshake that sparkles with magical stardust. Warm golden sunlight bathes the entire scene in a cozy ethereal glow while whimsical fireflies and tiny floating hearts add to the magical atmosphere. The chubby bear's big friendly eyes sparkle with joy and generosity, inviting viewers into this deliciously sweet wonderland where every corner reveals a new delightful surprise, soft kawaii style, horizontal composition 16:9, high quality illustration, detailed fur texture
[04:13:19] ComfyUI #6: 暖陽雲遊者 (等距視角) [1600x900]
[04:13:39]   已保存: 115-暖陽雲遊者.png
[04:13:39] 共生成 6 張圖片於 /home/fjj04/bears/2026-06-21
[04:13:39] 
--- 步驟 5: 更新熊熊博物館 ---
[04:13:39] 已複製: 110-星光雲遊者.png → /home/fjj04/my-bear-museum/bears/2026-06-21/110-星光雲遊者.png
[04:13:39]   已生成縮圖: bears/2026-06-21/thumbs/110-星光雲遊者-s.png, bears/2026-06-21/thumbs/110-星光雲遊者-m.png
[04:13:39] 已複製: 111-銀河熊.png → /home/fjj04/my-bear-museum/bears/2026-06-21/111-銀河熊.png
[04:13:40]   已生成縮圖: bears/2026-06-21/thumbs/111-銀河熊-s.png, bears/2026-06-21/thumbs/111-銀河熊-m.png
[04:13:40] 已複製: 112-白雲妖精.png → /home/fjj04/my-bear-museum/bears/2026-06-21/112-白雲妖精.png
[04:13:40]   已生成縮圖: bears/2026-06-21/thumbs/112-白雲妖精-s.png, bears/2026-06-21/thumbs/112-白雲妖精-m.png
[04:13:40] 已複製: 113-風夢熊.png → /home/fjj04/my-bear-museum/bears/2026-06-21/113-風夢熊.png
[04:13:40]   已生成縮圖: bears/2026-06-21/thumbs/113-風夢熊-s.png, bears/2026-06-21/thumbs/113-風夢熊-m.png
[04:13:40] 已複製: 114-晨曦踏星者.png → /home/fjj04/my-bear-museum/bears/2026-06-21/114-晨曦踏星者.png
[04:13:40]   已生成縮圖: bears/2026-06-21/thumbs/114-晨曦踏星者-s.png, bears/2026-06-21/thumbs/114-晨曦踏星者-m.png
[04:13:40] 已複製: 115-暖陽雲遊者.png → /home/fjj04/my-bear-museum/bears/2026-06-21/115-暖陽雲遊者.png
[04:13:40]   已生成縮圖: bears/2026-06-21/thumbs/115-暖陽雲遊者-s.png, bears/2026-06-21/thumbs/115-暖陽雲遊者-m.png
[04:13:40] 已更新 bears.json
[04:13:40] 新增 6 隻熊熊
[04:13:40] 
--- 步驟 6: Git Commit ---
[04:13:48] Git push 完成
[04:13:48] 
--- 步驟 7: 部署到 Cloudflare Pages ---
[04:14:04] 
===== 完成 =====
[04:14:04] 到 https://kumaweb.pages.dev 觀看結果
