[04:11:00] ===== 熊熊每日配送計畫 =====
[04:11:00] 今日日期: 2026-07-19
[04:11:00] 暫存目錄: /home/fjj04/bears/2026-07-19
[04:11:00] 目的目錄: /home/fjj04/my-bear-museum/bears/2026-07-19
[04:11:00] 
--- 步驟 1: 檢查系統狀態 ---
[04:11:01] ComfyUI: ✓ 在線
[04:11:01] 
--- 步驟 2: 取得熊熊名字和風格 ---
[04:11:01] 熊熊: ['丘月熊', '心風熊', '雪光熊', '溪星熊', '晨霧熊', '月花熊']
[04:11:01] 風格: ['油畫', '奇幻', '童趣', '賽博朋克', '浮世繪', '點描']
[04:11:01] 
--- 步驟 3: 準備目錄 ---
[04:11:01] 
--- 步驟 4: 生成圖片 ---
[04:11:01] 配送計畫: ComfyUI 6 張 + MiniMax 0 張 （ComfyUI 在線）
[04:11:01]   No.284 metadata: title=丘月熊, series=星辰精靈系列, personality=我在星光熠熠中小憩！沉穩踏實，灑脫自在。
[04:11:01]   MiniMax 產生 prompt: 丘月熊
[04:11:18]   prompt: A gentle honey-brown bear sits peacefully atop a rolling green hill beneath a luminous full moon, its soft fur catching the silvery moonlight while countless twinkling stars shimmer across a deep indigo night sky, tiny luminous starlight spirits drift lazily around the bear like gentle fireflies leaving trails of golden dust in the air, creating a magical dreamlike atmosphere rendered in rich flowing oil painting strokes with warm amber and cool blue tones blending seamlessly, the bear gazes contentedly at the celestial display with half-closed eyes showing peaceful contentment, wildflowers dot the grass around the bear's paws, a soft breeze seems to rustle through the scene as one starlight spirit perches curiously on the bear's shoulder while two others dance playfully in the air above, soft kawaii style, horizontal composition 16:9, high quality illustration, detailed fur texture
[04:11:18] ComfyUI #1: 丘月熊 (油畫) [1600x900]
[04:11:43]   已保存: 284-丘月熊.png
[04:11:43]   No.285 metadata: title=心風熊, series=占卜師系列, personality=我在星空璀璨裡找到了美好！有愛心，珍惜每一個綻放的瞬間。
[04:11:43]   MiniMax 產生 prompt: 心風熊
[04:11:54]   prompt: In a mystical winter wonderland beneath a celestial sky filled with twinkling stars and swirling auroras, a gentle bear with soft fur adorned with subtle starry patterns lovingly sculpts a snowman with two dear friends, a fluffy cream-colored dog wearing a tiny knit scarf and a pure white rabbit with delicate ears, the magical scene illuminated by soft ethereal moonlight and floating sparkles, while mystical wind carries small glowing snowflakes around them, the bear's warm heart shining through as they carefully place a glowing crystal where the snowman's heart should be, creating a magical bond between all three companions who gaze proudly at their creation with joyful smiles, soft kawaii style, horizontal composition 16:9, high quality illustration, detailed fur texture
[04:11:54] ComfyUI #2: 心風熊 (奇幻) [1600x900]
[04:12:14]   已保存: 285-心風熊.png
[04:12:14]   No.286 metadata: title=雪光熊, series=星星糖屋系列, personality=我在香草冰淇淋中守護！樂觀進取，有規矩。
[04:12:14]   MiniMax 產生 prompt: 雪光熊
[04:12:28]   prompt: A cheerful white teddy bear with soft cream-colored fur stands joyfully in a magical winter wonderland, its arms raised triumphantly as it oversees the construction of a fluffy snowman, while a small round orange tabby cat playfully rolls a snowball nearby and a tiny fluffy white rabbit carefully places a glittering star-shaped candy as the snowman's nose, surrounded by gently falling snowflakes that sparkle like sugar crystals under the soft pastel rainbow sky, with candy-colored aurora lights dancing above and small twinkling stars scattered across the horizon like the ones from the Star Candy House, creating a heartwarming scene of friendship and teamwork where the bear acts as the cheerful leader ensuring everyone follows the fun rules of snowman building, rendered in a charming naive childlike art style with bold outlines, soft rounded shapes, and cheerful pastel colors that evoke the innocent joy of winter playtime, soft kawaii style, horizontal composition 16:9, high quality illustration, detailed fur texture
[04:12:28] ComfyUI #3: 雪光熊 (童趣) [1600x900]
[04:12:48]   已保存: 286-雪光熊.png
[04:12:48]   No.287 metadata: title=溪星熊, series=溫暖王國系列, personality=今天發現了夢境之門，想分享給你！勇敢無畏，總是給身邊的人帶來幸福感。
[04:12:48]   MiniMax 產生 prompt: 溪星熊
[04:13:00]   prompt: In a futuristic cyberpunk winter wonderland, a brave little bear with soft stream-blue fur adorned with glowing star patterns stands in a snowy courtyard surrounded by holographic neon signs and dripping with colorful LED reflections, enthusiastically leading a small orange cat and a little white rabbit in building a magical snowman together, while a tiny teddy bear toy perches on the snowman's head as a crown, the scene illuminated by soft pink and cyan neon light bars mounted on nearby cyberpunk buildings casting ethereal glows across the pristine snow, the bear's confident smile spreading warmth and joy as dreamlike holographic snowflakes drift down from the glowing city sky above, soft kawaii style, horizontal composition 16:9, high quality illustration, detailed fur texture
[04:13:00] ComfyUI #4: 溪星熊 (賽博朋克) [1600x900]
[04:13:20]   已保存: 287-溪星熊.png
[04:13:20]   No.288 metadata: title=晨霧熊, series=占卜師系列, personality=我用浮世繪風格描繪雲霞萬千！浪漫癡情，創意泉湧，熱愛大自然的美好。
[04:13:20]   MiniMax 產生 prompt: 晨霧熊
[04:13:39]   prompt: A majestic kawaii bear emerges from ethereal morning mist, rendered in authentic ukiyo-e woodblock print style. The scene captures the divine spirit of dawn breaking over a tranquil Japanese landscape, with delicate pink and orange clouds swirling dramatically across the traditional composition. The bear wears flowing robes adorned with mystical fortune-telling symbols, standing gracefully beside a glowing crystal ball that reflects the rosy dawn light. Around the bear float enchanted paper talismans and a friendly white fox spirit companion, both gazing up in wonder at the celestial clouds above. Traditional ukiyo-e elements fill the background: Mount Fuji shrouded in morning haze, cherry blossom branches swaying gently, and waves patterns along the border. Bold black outlines define the characters while flat color areas create the distinctive layered effect of classic Japanese woodblock prints, with dramatic perspective showing the bear prominently in the foreground as the romantic dawn illuminates nature's beauty, soft kawaii style, horizontal composition 16:9, high quality illustration, detailed fur texture
[04:13:39] ComfyUI #5: 晨霧熊 (浮世繪) [1600x900]
[04:13:59]   已保存: 288-晨霧熊.png
[04:13:59]   No.289 metadata: title=月花熊, series=夢境之門系列, personality=我於天空蔚藍中追光！關懷備至，浪漫癡迷。
[04:13:59]   MiniMax 產生 prompt: 月花熊
[04:14:17]   prompt: A romantic and dreamy pointillism illustration depicts a small celestial white bear with soft blue fur and a gentle moonlit glow standing on a fluffy cloud among luminous flowers in a magical twilight sky, the bear gazes lovingly at golden light particles swirling around while delicate butterflies flutter nearby and tiny fireflies create trails of warm light. The scene features countless tiny dots in soft pastels of blue, pink, gold, lavender and cream creating a mesmerizing stippled atmosphere with magical bokeh light effects, romantic and enchanting, pointillism technique with luminous colors, soft kawaii style, horizontal composition 16:9, high quality illustration, detailed fur texture
[04:14:17] ComfyUI #6: 月花熊 (點描) [1600x900]
[04:14:37]   已保存: 289-月花熊.png
[04:14:37] 共生成 6 張圖片於 /home/fjj04/bears/2026-07-19
[04:14:37] 
--- 步驟 5: 更新熊熊博物館 ---
[04:14:37] 已複製: 284-丘月熊.png → /home/fjj04/my-bear-museum/bears/2026-07-19/284-丘月熊.png
[04:14:37]   已生成縮圖: bears/2026-07-19/thumbs/284-丘月熊-s.png, bears/2026-07-19/thumbs/284-丘月熊-m.png
[04:14:37] 已複製: 285-心風熊.png → /home/fjj04/my-bear-museum/bears/2026-07-19/285-心風熊.png
[04:14:37]   已生成縮圖: bears/2026-07-19/thumbs/285-心風熊-s.png, bears/2026-07-19/thumbs/285-心風熊-m.png
[04:14:37] 已複製: 286-雪光熊.png → /home/fjj04/my-bear-museum/bears/2026-07-19/286-雪光熊.png
[04:14:37]   已生成縮圖: bears/2026-07-19/thumbs/286-雪光熊-s.png, bears/2026-07-19/thumbs/286-雪光熊-m.png
[04:14:37] 已複製: 287-溪星熊.png → /home/fjj04/my-bear-museum/bears/2026-07-19/287-溪星熊.png
[04:14:37]   已生成縮圖: bears/2026-07-19/thumbs/287-溪星熊-s.png, bears/2026-07-19/thumbs/287-溪星熊-m.png
[04:14:37] 已複製: 288-晨霧熊.png → /home/fjj04/my-bear-museum/bears/2026-07-19/288-晨霧熊.png
[04:14:37]   已生成縮圖: bears/2026-07-19/thumbs/288-晨霧熊-s.png, bears/2026-07-19/thumbs/288-晨霧熊-m.png
[04:14:37] 已複製: 289-月花熊.png → /home/fjj04/my-bear-museum/bears/2026-07-19/289-月花熊.png
[04:14:37]   已生成縮圖: bears/2026-07-19/thumbs/289-月花熊-s.png, bears/2026-07-19/thumbs/289-月花熊-m.png
[04:14:37] 已更新 bears.json
[04:14:37] 新增 6 隻熊熊
[04:14:37] 
--- 步驟 6: Git Commit ---
[04:14:46] Git push 完成
[04:14:46] 
--- 步驟 7: 部署到 Cloudflare Pages ---
[04:15:06] 
===== 完成 =====
[04:15:06] 到 https://kumaweb.pages.dev 觀看結果
