[04:11:00] ===== 熊熊每日配送計畫 =====
[04:11:00] 今日日期: 2026-08-06
[04:11:00] 暫存目錄: /home/fjj04/bears/2026-08-06
[04:11:00] 目的目錄: /home/fjj04/my-bear-museum/bears/2026-08-06
[04:11:00] 
--- 步驟 1: 檢查系統狀態 ---
[04:11:00] ComfyUI: ✓ 在線
[04:11:00] 
--- 步驟 2: 取得熊熊名字和風格 ---
[04:11:00] 熊熊: ['雲夢熊', '花夢熊', '彩霞庇護者', '晨曦收藏家', '羽風熊', '銀河漫遊者']
[04:11:00] 風格: ['墨西哥壁畫', '印度細密畫', '俄羅斯聖像畫', '韓國民畫', '刺繡', '折紙']
[04:11:00] 
--- 步驟 3: 準備目錄 ---
[04:11:00] 
--- 步驟 4: 生成圖片 ---
[04:11:00] 配送計畫: ComfyUI 6 張 + MiniMax 0 張 （ComfyUI 在線）
[04:11:00]   No.399 metadata: title=雲夢熊, series=月之物語系列, personality=我用墨西哥壁畫風格描繪焦糖蘋果！天真無邪，熱情活潑，珍惜每一個美好的瞬間。, conditions={'time_of_day': {'zh': '上午', 'en': 'in the late morning'}}
[04:11:00]   MiniMax 產生 prompt: 雲夢熊
[04:11:21]   prompt: A fluffy caramel-colored bear with dreamy soft cloud-like markings on its fur stands joyfully in a vibrant Mexican marketplace plaza during late morning, surrounded by colorful papel picado banners and traditional Talavera pottery stalls. The bear holds a glistening caramel apple on a wooden stick with both paws, eyes sparkling with innocent wonder and a bright smile, wearing a beautifully embroidered traditional Mexican poncho with intricate floral patterns. A small playful golden puppy sits beside the bear, tail wagging excitedly while looking up at the treat. Mexican muralism art style with bold black outlines, flat vibrant color fields, and folk art patterns depicting sun symbols and native marigolds filling the background, while warm golden morning sunlight creates dappled patterns across the stone plaza floor, magical sparkles drifting through the air around the bear, the scene capturing pure innocent joy and passionate love for life's sweetest moments, soft kawaii style, horizontal composition 16:9, high quality illustration, detailed fur texture
[04:11:21] ComfyUI #1: 雲夢熊 (墨西哥壁畫) [1600x900]
[04:11:41]   已保存: 399-雲夢熊.png
[04:11:41]   No.400 metadata: title=花夢熊, series=月亮船航行系列, personality=我於星光燦若中跳舞！夕照的，海量汪涵。, conditions={'holiday': {'zh': '中秋節', 'en': 'during Mid-Autumn Festival with mooncakes'}}
[04:11:41]   MiniMax 產生 prompt: 花夢熊
[04:12:07]   prompt: A magnificent bear with soft fur dancing joyfully on a celestial boat shaped like a crescent moon, her flowery dress swirling as she moves gracefully across the vast twilight ocean beneath a sky filled with glittering stars and a brilliant full moon rising, the ocean waves catching both the warm sunset glow and cool moonlight creating magical golden and silver reflections, small celestial companions including a tiny white rabbit holding a glowing lotus lantern and two adorable ducklings wearing tiny flower crowns watch with wonder from the deck, delicate paper lanterns shaped like blooming chrysanthemums float gently around them casting soft amber light, ornate golden railings adorned with intricate mandala patterns and cascading jasmine flowers, Indian miniature painting style with elaborate decorative borders featuring paisley patterns and tiny jewel-like details, a lacquered tray of mooncakes and a steaming pot of chrysanthemum tea resting on silk cushions nearby, the evening breeze carrying the scent of osmanthus flowers, magical ethereal atmosphere where sunset and moonlight blend seamlessly over the endless dreamlike sea journey, soft kawaii style, horizontal composition 16:9, high quality illustration, detailed fur texture
[04:12:07] ComfyUI #2: 花夢熊 (印度細密畫) [1600x900]
[04:12:28]   已保存: 400-花夢熊.png
[04:12:28]   No.401 metadata: title=庇護者, series=時光寶盒系列, personality=我於鬱金香綻放裡找到了美好！踏實勤奮，喜歡收集閃閃發亮的東西。, conditions={'time_of_day': {'zh': '上午', 'en': 'in the late morning'}}
[04:12:28]   MiniMax 產生 prompt: 彩霞庇護者
[04:12:48]   prompt: Russian icon painting style in Byzantine Eastern Orthodox tradition, a guardian bear with warm golden-brown fur wearing ornate ceremonial robes with jeweled trim and a glowing golden halo behind its head, seated peacefully in a lush meadow bursting with colorful tulips in late morning light, accompanied by a small fluffy dog sitting attentively at its feet and a cherished teddy bear toy resting beside a wicker picnic basket, a spread of fresh bread and berries arranged on a red checkered cloth, small piles of shiny golden coins and glittering treasures collected by the bear scattered around the scene, warm amber sunlight with rainbow-tinted clouds drifting across the sky, the bear's expression serene and watchful, intricate gold-leaf background with sacred geometric patterns, traditional ornate icon border framing the composition, rich jewel tones of ruby and sapphire, spiritual atmosphere with divine sacred quality, soft kawaii style, horizontal composition 16:9, high quality illustration, detailed fur texture
[04:12:48] ComfyUI #3: 彩霞庇護者 (俄羅斯聖像畫) [1600x900]
[04:13:08]   已保存: 401-彩霞庇護者.png
[04:13:08]   No.402 metadata: title=收藏家, series=雲端王國系列, personality=我在星座神話中跳舞！喜歡創造，忠誠守信。, conditions={'weather': {'zh': '颱風天', 'en': 'during a typhoon with dramatic winds'}, 'holiday': {'zh': '中秋節', 'en': 'during Mid-Autumn Festival with mooncakes'}, 'prop': {'zh': '背書包', 'en': 'carrying a school backpack'}}
[04:13:08]   MiniMax 產生 prompt: 晨曦收藏家
[04:13:34]   prompt: A Korean folk painting scene featuring an adorable kawaii bear with warm honey-colored fur wearing a colorful school backpack, joyfully dancing among swirling cherry blossom petals being dramatically blown by fierce typhoon winds, accompanied by a small fluffy dog wearing a tiny traditional Korean hat holding a round mooncake and a sweet little fabric doll dressed in patterned 민화 attire, traditional Korean lanterns glowing alongside a luminous full autumn moon in the stormy sky, bold black outlines and vibrant flat colors in authentic Korean folk art style with symbolic cloud and wave patterns, magical constellation patterns dancing across the sky reflecting the bear's love of stellar mythology, floating islands and ethereal clouds of the Cloud Kingdom series in the background, dynamic wind effects swirling petals and lanterns together in chaotic beauty, loyal friendship between the three companions as they face the dramatic weather together, playful yet determined expressions, festive atmosphere celebrating the rare magical convergence of spring blossoms and autumn harvest under typhoon skies, soft kawaii style, horizontal composition 16:9, high quality illustration, detailed fur texture
[04:13:34] ComfyUI #4: 晨曦收藏家 (韓國民畫) [1600x900]
[04:13:55]   已保存: 402-晨曦收藏家.png
[04:13:55]   No.403 metadata: title=羽風熊, series=花之物語系列, personality=我用刺繡風格描繪貝殼絮語！喜歡幫助，灑脫大方，總是給身邊的人帶來幸福感。, conditions={'prop': {'zh': '拿話筒', 'en': 'holding a microphone singing'}, 'emotion': {'zh': '沉思安靜', 'en': 'in thoughtful silence'}}
[04:13:55]   MiniMax 產生 prompt: 羽風熊
[04:14:13]   prompt: A charming teddy bear with soft cream-colored feather-like fur and delicate wind-inspired markings sits peacefully on a mossy riverbank covered with delicate embroidered wildflowers and scattered seashells, wearing a crown of woven daisies, gently holding a vintage brass microphone to its lips as if about to sing a soft melody while gazing thoughtfully at the flowing water with a serene contemplative expression. A small white bunny companion rests peacefully beside him, one paw gently touching the bear's knee, both enjoying the quiet moment together under warm golden sunset lighting filtering through translucent petals, with wispy clouds drifting overhead and tiny embroidered butterflies dancing in the gentle breeze. The entire scene is rendered in intricate embroidery style with visible satin stitch textures, French knots for flower petals, layered fabric creating rich dimensional depth, and subtle metallic thread accents catching the fading light, soft kawaii style, horizontal composition 16:9, high quality illustration, detailed fur texture
[04:14:13] ComfyUI #5: 羽風熊 (刺繡) [1600x900]
[04:14:33]   已保存: 403-羽風熊.png
[04:14:33]   No.404 metadata: title=漫遊者, series=精靈舞會系列, personality=機智聰明，喜歡潮汐物語。熱愛大自然的美好。, conditions={'weather': {'zh': '下雪天', 'en': 'in a snowy winter wonderland'}}
[04:14:33]   MiniMax 產生 prompt: 銀河漫遊者
[04:14:48]   prompt: A majestic origami-style teddy bear with silvery-white folded paper fur stands gracefully in a magical snowy winter wonderland, its geometric angular body catching the soft diffused light filtering through gently falling snowflakes, while intricate paper-folded details create the illusion of celestial patterns across its form, the little wanderer gazes curiously at a crystal-clear frozen pond where delicate frost crystals form natural lace patterns, its clever eyes reflecting the peaceful beauty of untouched snow-covered pine forests in the background, a tiny folded paper rabbit companion nestles against the bear's leg looking up with wide curious eyes, scattered magical snowflakes swirl around them like fairy dust from the enchanted ball, the entire paper-crafted scene radiates serene wonder and harmony with nature as delicate snow accumulates on the shoulders of this intelligent explorer who clearly loves the natural world's quiet winter poetry, soft kawaii style, horizontal composition 16:9, high quality illustration, detailed fur texture
[04:14:48] ComfyUI #6: 銀河漫遊者 (折紙) [1600x900]
[04:15:08]   已保存: 404-銀河漫遊者.png
[04:15:08] 共生成 6 張圖片於 /home/fjj04/bears/2026-08-06
[04:15:08] 
--- 步驟 5: 更新熊熊博物館 ---
[04:15:08] 已複製: 399-雲夢熊.png → /home/fjj04/my-bear-museum/bears/2026-08-06/399-雲夢熊.png
[04:15:08]   已生成縮圖: bears/2026-08-06/thumbs/399-雲夢熊-s.png, bears/2026-08-06/thumbs/399-雲夢熊-m.png
[04:15:08] 已複製: 400-花夢熊.png → /home/fjj04/my-bear-museum/bears/2026-08-06/400-花夢熊.png
[04:15:08]   已生成縮圖: bears/2026-08-06/thumbs/400-花夢熊-s.png, bears/2026-08-06/thumbs/400-花夢熊-m.png
[04:15:08] 已複製: 401-彩霞庇護者.png → /home/fjj04/my-bear-museum/bears/2026-08-06/401-彩霞庇護者.png
[04:15:09]   已生成縮圖: bears/2026-08-06/thumbs/401-彩霞庇護者-s.png, bears/2026-08-06/thumbs/401-彩霞庇護者-m.png
[04:15:09] 已複製: 402-晨曦收藏家.png → /home/fjj04/my-bear-museum/bears/2026-08-06/402-晨曦收藏家.png
[04:15:09]   已生成縮圖: bears/2026-08-06/thumbs/402-晨曦收藏家-s.png, bears/2026-08-06/thumbs/402-晨曦收藏家-m.png
[04:15:09] 已複製: 403-羽風熊.png → /home/fjj04/my-bear-museum/bears/2026-08-06/403-羽風熊.png
[04:15:09]   已生成縮圖: bears/2026-08-06/thumbs/403-羽風熊-s.png, bears/2026-08-06/thumbs/403-羽風熊-m.png
[04:15:09] 已複製: 404-銀河漫遊者.png → /home/fjj04/my-bear-museum/bears/2026-08-06/404-銀河漫遊者.png
[04:15:09]   已生成縮圖: bears/2026-08-06/thumbs/404-銀河漫遊者-s.png, bears/2026-08-06/thumbs/404-銀河漫遊者-m.png
[04:15:09] 已更新 bears.json
[04:15:09] 新增 6 隻熊熊
[04:15:09] 
--- 步驟 6: Git Commit ---
[04:15:18] Git push 完成
[04:15:18] 
--- 步驟 7: 部署到 Cloudflare Pages ---
[04:15:35] 
===== 完成 =====
[04:15:35] 到 https://kumaweb.pages.dev 觀看結果
