[04:11:50] ===== 熊熊每日配送計畫 =====
[04:11:50] 今日日期: 2026-08-07
[04:11:50] 暫存目錄: /home/fjj04/bears/2026-08-07
[04:11:50] 目的目錄: /home/fjj04/my-bear-museum/bears/2026-08-07
[04:11:50] 
--- 步驟 1: 檢查系統狀態 ---
[04:11:50] ComfyUI: ✓ 在線
[04:11:50] 
--- 步驟 2: 取得熊熊名字和風格 ---
[04:11:50] 熊熊: ['星光追光者', '翠綠旅人', '暮色仙子', '泉花熊', '海月熊', '月影守護者']
[04:11:50] 風格: ['冰雕', '石雕', '編織', '古埃及壁畫', '文藝復興油畫', 'Art Deco']
[04:11:50] 
--- 步驟 3: 準備目錄 ---
[04:11:50] 
--- 步驟 4: 生成圖片 ---
[04:11:50] 配送計畫: ComfyUI 6 張 + MiniMax 0 張 （ComfyUI 在線）
[04:11:50]   No.405 metadata: title=追光者, series=星光大道系列, personality=我在蜜糖甜甜裡找到了美好！有度量，熱愛探索未知。, conditions={'weather': {'zh': '彩虹出現', 'en': 'under a brilliant rainbow'}}
[04:11:50]   MiniMax 產生 prompt: 星光追光者
[04:12:07]   prompt: A magnificent ice sculpture of an adorable kawaii bear with translucent crystalline fur in soft cream and pale gold tones, standing gracefully on a frozen glittering lake at twilight, gazing up in wonder at a magnificent brilliant rainbow arching across the sky, the rainbow's colors refracting and dancing through the bear's icy fur creating magical prismatic light effects, the bear has a curious and delighted expression with its small paws reaching toward the sky, accompanied by a tiny fluffy hamster friend with rosy cheeks and a playful duckling wearing a tiny backpack exploring together in the magical winter wonderland, the scene filled with floating ice crystals and soft ambient light from the rainbow, atmospheric and dreamy winter landscape with distant snowy mountains under the colorful rainbow, soft kawaii style, horizontal composition 16:9, high quality illustration, detailed fur texture
[04:12:07] ComfyUI #1: 星光追光者 (冰雕) [1600x900]
[04:12:27]   已保存: 405-星光追光者.png
[04:12:27]   No.406 metadata: title=旅人, series=水晶宮殿系列, personality=活潑可愛，熱愛花團錦簇。熱愛大自然的美好。, conditions={'time_of_day': {'zh': '黃昏', 'en': 'at sunset with orange sky'}, 'emotion': {'zh': '好奇張望', 'en': 'looking curious and excited'}}
[04:12:27]   MiniMax 產生 prompt: 翠綠旅人
[04:12:42]   prompt: A charming emerald jade-colored bear cub sculpted from luminous stone stands on an ancient cobblestone path winding through a lush meadow bursting with vibrant roses, daisies, and lavender, the warm orange sunset sky casting a magical golden glow across the crystalline towers of a grand palace in the background, the stone texture of the bear's fur beautifully carved with intricate details, wearing a tiny explorer's hat and holding a wooden walking stick, tilting its head with wide curious eyes and an excited expression as it gazes at a cluster of glowing crystal mushrooms nearby, a fluffy white rabbit companion hops beside it with equal wonder, soft bokeh light particles floating through the air, fantasy adventure atmosphere, hyper-detailed stone carving art style with smooth polished surfaces and sharp chiseled edges, dramatic sunset backlighting creating a warm ethereal halo around the characters, soft kawaii style, horizontal composition 16:9, high quality illustration, detailed fur texture
[04:12:42] ComfyUI #2: 翠綠旅人 (石雕) [1600x900]
[04:13:02]   已保存: 406-翠綠旅人.png
[04:13:02]   No.407 metadata: title=仙子, series=雲端花園系列, personality=天真爛漫，喜歡星軌划过。是個夢幻的小精靈。, conditions={'emotion': {'zh': '沉思安靜', 'en': 'in thoughtful silence'}}
[04:13:02]   MiniMax 產生 prompt: 暮色仙子
[04:13:15]   prompt: A charming knitted teddy bear fairy with soft cream-colored fur sits peacefully on a red and white checkered blanket spread across a gentle rolling meadow bursting with wildflowers in the clouds above, the warm golden light of twilight casting long shadows across the landscape as scattered stars begin to appear in the deepening purple sky, while a small fluffy orange cat curls contentedly beside a woven picnic basket filled with fresh berries and honey pastries, the two companions enjoying a quiet moment of contemplation together watching a shooting star trace its path across the heavens, surrounded by delicate embroidered clouds floating lazily overhead, rendered in beautiful hand-knitted textile art style with visible yarn texture and soft fiber optic lighting that gives the entire scene a warm ethereal glow, soft kawaii style, horizontal composition 16:9, high quality illustration, detailed fur texture
[04:13:15] ComfyUI #3: 暮色仙子 (編織) [1600x900]
[04:13:35]   已保存: 407-暮色仙子.png
[04:13:35]   No.408 metadata: title=泉花熊, series=守護王國系列, personality=低調奢雅，熱愛貝殼絮語。總是給身邊的人帶來幸福感。, conditions={'emotion': {'zh': '開心大笑', 'en': 'laughing joyfully'}}
[04:13:35]   MiniMax 產生 prompt: 泉花熊
[04:13:48]   prompt: A majestic ancient Egyptian mural painting depicting a graceful light brown bear adorned with delicate lotus flower patterns and gold jewelry, standing in a profile pose on a sunlit golden beach surrounded by turquoise waves, holding a beautiful scallop shell to their ear while laughing joyfully, accompanied by a cheerful young human child in traditional Egyptian clothing pointing excitedly at the sand, a small plush teddy bear toy sitting nearby on a pile of sparkling treasure including gemstones and gold coins, and an adorable yellow duckling waddling happily with its wings spread, all rendered in authentic ancient Egyptian artistic style with bold black outlines, flat stylized figures, hieroglyphic decorations framing the scene, rich lapis blue and gold ochre color palette, geometric patterns resembling temple walls, warm golden sunlight casting long shadows across the sandy shore, the ocean glistening with shimmering light, scattered seashells and coral scattered around the treasure discovery, creating a joyful treasure hunting adventure filled with wonder and happiness, soft kawaii style, horizontal composition 16:9, high quality illustration, detailed fur texture
[04:13:48] ComfyUI #4: 泉花熊 (古埃及壁畫) [1600x900]
[04:14:08]   已保存: 408-泉花熊.png
[04:14:08]   No.409 metadata: title=海月熊, series=精靈舞會系列, personality=我在雲層疊疊中漫步！浪漫癡心，沉穩如山。, conditions={'prop': {'zh': '撐傘', 'en': 'holding a transparent umbrella'}, 'emotion': {'zh': '興奮跳躍', 'en': 'jumping with excitement'}}
[04:14:08]   MiniMax 產生 prompt: 海月熊
[04:14:25]   prompt: A majestic bear with shimmering blue-gray fur that glistens like moonlight dancing on ocean waves stands among soft billowing clouds in a Renaissance oil painting composition, his small body caught mid-jump with pure joy and excitement, one paw gripping a delicate transparent umbrella that catches the magical light while the other paw reaches toward the sky, his round ears perked up and big eyes sparkling with childlike wonder, elegant elven companions in flowing jewel-toned robes float nearby on the clouds, some playing delicate golden harps while others scatter stardust and flower petals, in the distance a magnificent crystal palace emerges from swirling mist and gentle ocean waves beneath a luminous full moon, the entire scene bathed in warm golden Renaissance chiaroscuro lighting with rich impasto textures, classical composition with the bear as the joyful focal point in the foreground, intricate details of embroidered velvet clothing and pearl-adorned accessories visible on the ethereal elven figures, soft pinks and golds of a perpetual twilight sky blending with deep ocean blues and silver moonbeams, creating a romantic fantastical atmosphere of an enchanted sea-sky celebration, soft kawaii style, horizontal composition 16:9, high quality illustration, detailed fur texture
[04:14:25] ComfyUI #5: 海月熊 (文藝復興油畫) [1600x900]
[04:14:45]   已保存: 409-海月熊.png
[04:14:45]   No.410 metadata: title=守護者, series=希望之鄉系列, personality=我用Art Deco風格描繪精靈翅膀！珍惜親情，慷慨善良，是個夢幻的小精靈。, conditions={'weather': {'zh': '晴天', 'en': 'on a bright sunny day'}, 'time_of_day': {'zh': '月夜', 'en': 'under the glowing full moon'}, 'holiday': {'zh': '農曆新年', 'en': 'during Lunar New Year with red lanterns'}, 'emotion': {'zh': '好奇張望', 'en': 'looking curious and excited'}}
[04:14:45]   MiniMax 產生 prompt: 月影守護者
[04:15:00]   prompt: A majestic Art Deco illustration of a small spirit bear guardian with elegant geometric fairy wings rendered in bold gold and silver lines, standing at the entrance of a mysterious enchanted forest under a glowing full moon on a magical Lunar New Year night, its fur glowing softly in the moonlight while looking around with curious and excited expression, a small orange cat companion peeking from behind a geometrically shaped oak tree beside a tiny teddy bear toy wearing a red festive scarf, red traditional lanterns with golden tassels hanging from Art Deco styled branches creating warm pools of light against the cool blue moonlight, scattered golden geometric patterns and stepped sunburst moon rays illuminating the mystical woodland clearing filled with swirling geometric fireflies, the scene composed in classic Art Deco style with bold symmetrical outlines, stepped architectural forms, metallic gold accents, and stylized swirling patterns capturing the spirit of adventure and wonder between close friends exploring the magical night forest, soft kawaii style, horizontal composition 16:9, high quality illustration, detailed fur texture
[04:15:00] ComfyUI #6: 月影守護者 (Art Deco) [1600x900]
[04:15:20]   已保存: 410-月影守護者.png
[04:15:20] 共生成 6 張圖片於 /home/fjj04/bears/2026-08-07
[04:15:20] 
--- 步驟 5: 更新熊熊博物館 ---
[04:15:20] 已複製: 405-星光追光者.png → /home/fjj04/my-bear-museum/bears/2026-08-07/405-星光追光者.png
[04:15:21]   已生成縮圖: bears/2026-08-07/thumbs/405-星光追光者-s.png, bears/2026-08-07/thumbs/405-星光追光者-m.png
[04:15:21] 已複製: 406-翠綠旅人.png → /home/fjj04/my-bear-museum/bears/2026-08-07/406-翠綠旅人.png
[04:15:21]   已生成縮圖: bears/2026-08-07/thumbs/406-翠綠旅人-s.png, bears/2026-08-07/thumbs/406-翠綠旅人-m.png
[04:15:21] 已複製: 407-暮色仙子.png → /home/fjj04/my-bear-museum/bears/2026-08-07/407-暮色仙子.png
[04:15:21]   已生成縮圖: bears/2026-08-07/thumbs/407-暮色仙子-s.png, bears/2026-08-07/thumbs/407-暮色仙子-m.png
[04:15:21] 已複製: 408-泉花熊.png → /home/fjj04/my-bear-museum/bears/2026-08-07/408-泉花熊.png
[04:15:21]   已生成縮圖: bears/2026-08-07/thumbs/408-泉花熊-s.png, bears/2026-08-07/thumbs/408-泉花熊-m.png
[04:15:21] 已複製: 409-海月熊.png → /home/fjj04/my-bear-museum/bears/2026-08-07/409-海月熊.png
[04:15:21]   已生成縮圖: bears/2026-08-07/thumbs/409-海月熊-s.png, bears/2026-08-07/thumbs/409-海月熊-m.png
[04:15:21] 已複製: 410-月影守護者.png → /home/fjj04/my-bear-museum/bears/2026-08-07/410-月影守護者.png
[04:15:21]   已生成縮圖: bears/2026-08-07/thumbs/410-月影守護者-s.png, bears/2026-08-07/thumbs/410-月影守護者-m.png
[04:15:21] 已更新 bears.json
[04:15:21] 新增 6 隻熊熊
[04:15:21] 
--- 步驟 6: Git Commit ---
[04:15:30] Git push 完成
[04:15:30] 
--- 步驟 7: 部署到 Cloudflare Pages ---
[04:15:48] 
===== 完成 =====
[04:15:48] 到 https://kumaweb.pages.dev 觀看結果
