[04:10:54] ===== 熊熊每日配送計畫 =====
[04:10:54] 今日日期: 2026-07-03
[04:10:54] 暫存目錄: /home/fjj04/bears/2026-07-03
[04:10:54] 目的目錄: /home/fjj04/my-bear-museum/bears/2026-07-03
[04:10:54] 
--- 步驟 1: 檢查系統狀態 ---
[04:10:59] ComfyUI: ✗ 離線
[04:10:59] 
--- 步驟 2: 取得熊熊名字和風格 ---
[04:10:59] 熊熊: ['暖陽熊', '星光使者', '彩霞王子', '霧氣熊', '霧風熊', '晚霞熊']
[04:10:59] 風格: ['織品', '玻璃馬賽克', '霓虹燈', '浮雕', '故障藝術', '等距視角']
[04:10:59] 
--- 步驟 3: 準備目錄 ---
[04:10:59] 
--- 步驟 4: 生成圖片 ---
[04:10:59] 配送計畫: ComfyUI 6 張 + MiniMax 0 張 （ComfyUI 離線）
[04:10:59]   No.188 metadata: title=暖陽熊, series=夢境流星系列, personality=我用織品風格描繪波浪滾滾！勇敢無畏，喜歡花開，是個夢幻的小精靈。
[04:10:59]   MiniMax 產生 prompt: 暖陽熊
[04:11:21]   MiniMax prompt 不完整 (finish=length, len=0): ''，重試一次
[04:11:35]   prompt: A fluffy bear cub with warm golden honey-colored fur sits proudly atop a rocky cliff overlooking a vast ocean with rolling waves, wearing a charming hand-embroidered textile outfit adorned with tiny flowers, brave and fearless expression on its cute face, while above a dreamy night sky a magical meteor shower streaks across the starlit heavens, scattered cherry blossoms and wildflowers blooming around the scene, the entire composition rendered in rich textile art style with visible fabric textures woven threads and embroidered details creating a cozy handcrafted aesthetic, magical starlight illuminating the waves with shimmering reflections, a dreamy whimsical atmosphere, soft kawaii style, horizontal composition 16:9, high quality illustration, detailed fur texture
[04:11:35] MiniMax #1: 暖陽熊 (織品) [16:9]
[04:11:53]   已保存: 188-暖陽熊.png
[04:11:53]   No.189 metadata: title=使者, series=水晶宮殿系列, personality=我用玻璃馬賽克風格描繪巧克力慕斯！謙虛低調，沉穩從容，帶來滿滿的溫暖與快樂。
[04:11:53]   MiniMax 產生 prompt: 星光使者
[04:12:05]   prompt: A gentle brown bear with soft warm chocolate-colored fur stands gracefully in an ethereal crystal palace surrounded by magnificent stained glass windows and intricate glass mosaic tiles that shimmer with rainbow iridescence. The star messenger holds a glowing golden orb gently against their chest casting warm amber light across the translucent glass surroundings. Thousands of tiny glass pieces sparkle like distant stars creating a magical atmosphere filled with warmth and gentle joy. Soft starlight streams through the mosaic dome above illuminating the bear's humble yet regal presence in this enchanting crystalline realm where every glass fragment reflects the gentle glow of distant constellations, soft kawaii style, horizontal composition 16:9, high quality illustration, detailed fur texture
[04:12:05] MiniMax #2: 星光使者 (玻璃馬賽克) [16:9]
[04:12:33]   已保存: 189-星光使者.png
[04:12:33]   No.190 metadata: title=王子, series=夢境之門系列, personality=感性善良，熱愛夢幻泡泡。熱愛大自然的美好。
[04:12:33]   MiniMax 產生 prompt: 彩霞王子
[04:12:54]   prompt: A majestic prince bear with fur shimmering in warm sunset tones of golden amber, soft rose pink, and twilight purple, standing proudly before a grand mystical dream gate surrounded by cascading neon light reflections. Translucent dreamy bubbles float gently through the air, each catching and scattering rainbow neon glows in their delicate surfaces. Luminous neon signs and glowing tubes frame the portal in vibrant blues, hot pinks, and electric purples, casting dreamy light across the prince's elegant fur. Cherry blossom petals drift lazily through the neon-lit night while delicate wildflowers bloom at his feet, and luminous butterflies dance around him. The atmosphere is enchanting and emotional, with sparkling stardust and mystical light rays creating a portal between waking life and beautiful dreams, celebrating the prince's love for nature's wonders and his kind, sensitive heart in this magical twilight setting, soft kawaii style, horizontal composition 16:9, high quality illustration, detailed fur texture
[04:12:54] MiniMax #3: 彩霞王子 (霓虹燈) [16:9]
[04:13:11]   已保存: 190-彩霞王子.png
[04:13:11]   No.191 metadata: title=霧氣熊, series=魔法森林深系列, personality=我於帆船遠航中追光！有責任感，有勇氣。
[04:13:11]   MiniMax 產生 prompt: 霧氣熊
[04:13:25]   prompt: A magnificent bear emerges from ancient stone in exquisite relief sculpture, its powerful form half-hidden within the depths of an enchanted misty forest where ethereal light filters through towering twisted trees draped in luminous moss and magical vines. The courageous bear gazes toward a brilliant shaft of golden light piercing the fog, perhaps glimpsed from a distant sea voyage, with waves and sailing elements subtly carved into the relief background. Delicate droplets of moisture suspended in the air catch prismatic colors from the mystical glow, creating an atmosphere of ancient wonder and serene bravery. The entire scene is carved in exquisite bas-relief technique, with masterful depth and shadows creating stunning dimension within the weathered stone surface, soft kawaii style, horizontal composition 16:9, high quality illustration, detailed fur texture
[04:13:25] MiniMax #4: 霧氣熊 (浮雕) [16:9]
[04:13:42]   已保存: 191-霧氣熊.png
[04:13:42]   No.192 metadata: title=霧風熊, series=幽靈燈塔系列, personality=今天發現了牡丹國色，想分享給你！開朗樂天，是個夢幻的小精靈。
[04:13:42]   MiniMax 產生 prompt: 霧風熊
[04:13:57]   prompt: A cheerful kawaii bear character with soft misty white fur stands joyfully beside an ancient ghost lighthouse shrouded in ethereal fog, proudly presenting a magnificent blooming peony flower to the viewer, while digital glitch art effects create beautiful RGB color splitting and pixel distortion throughout the ethereal night scene, magical aurora lights dance above the misty seashore creating a dreamy and optimistic atmosphere, the bear has bright sparkling eyes and a warm friendly smile as little spirit particles float around it like fairy dust, soft kawaii style, horizontal composition 16:9, high quality illustration, detailed fur texture
[04:13:57] MiniMax #5: 霧風熊 (故障藝術) [16:9]
[04:14:14]   已保存: 192-霧風熊.png
[04:14:14]   No.193 metadata: title=晚霞熊, series=奇蹟彩虹系列, personality=我用等距視角風格描繪白雲悠悠！浪漫感性，善解人意，充滿好奇與勇氣。
[04:14:14]   MiniMax 產生 prompt: 晚霞熊
[04:14:26]   prompt: In a whimsical isometric 2.5D scene, an adorable chubby teddy bear with soft warm brown fur stands on a floating hexagonal platform surrounded by gently drifting white clouds painted in the romantic hues of a beautiful evening glow sunset, with rays of golden orange, soft pink and gentle purple light casting a magical warm glow across the entire scene, while delicate iridescent rainbow sparkles float gently through the air like gentle wishes, creating a dreamy tender atmosphere filled with wonder and curiosity as the sky transitions into the most romantic twilight colors imaginable, with the little bear gazing up at the magical rainbow light with bright hopeful eyes that reflect his understanding gentle soul, the entire scene rendered in a charming illustration style with soft gradients and warm romantic lighting that captures the essence of peaceful evening magic, soft kawaii style, horizontal composition 16:9, high quality illustration, detailed fur texture
[04:14:26] MiniMax #6: 晚霞熊 (等距視角) [16:9]
[04:14:44]   已保存: 193-晚霞熊.png
[04:14:44] 共生成 6 張圖片於 /home/fjj04/bears/2026-07-03
[04:14:44] 
--- 步驟 5: 更新熊熊博物館 ---
[04:14:44] 已複製: 188-暖陽熊.png → /home/fjj04/my-bear-museum/bears/2026-07-03/188-暖陽熊.png
[04:14:44]   已生成縮圖: bears/2026-07-03/thumbs/188-暖陽熊-s.png, bears/2026-07-03/thumbs/188-暖陽熊-m.png
[04:14:44] 已複製: 189-星光使者.png → /home/fjj04/my-bear-museum/bears/2026-07-03/189-星光使者.png
[04:14:44]   已生成縮圖: bears/2026-07-03/thumbs/189-星光使者-s.png, bears/2026-07-03/thumbs/189-星光使者-m.png
[04:14:44] 已複製: 190-彩霞王子.png → /home/fjj04/my-bear-museum/bears/2026-07-03/190-彩霞王子.png
[04:14:44]   已生成縮圖: bears/2026-07-03/thumbs/190-彩霞王子-s.png, bears/2026-07-03/thumbs/190-彩霞王子-m.png
[04:14:44] 已複製: 191-霧氣熊.png → /home/fjj04/my-bear-museum/bears/2026-07-03/191-霧氣熊.png
[04:14:44]   已生成縮圖: bears/2026-07-03/thumbs/191-霧氣熊-s.png, bears/2026-07-03/thumbs/191-霧氣熊-m.png
[04:14:44] 已複製: 192-霧風熊.png → /home/fjj04/my-bear-museum/bears/2026-07-03/192-霧風熊.png
[04:14:44]   已生成縮圖: bears/2026-07-03/thumbs/192-霧風熊-s.png, bears/2026-07-03/thumbs/192-霧風熊-m.png
[04:14:44] 已複製: 193-晚霞熊.png → /home/fjj04/my-bear-museum/bears/2026-07-03/193-晚霞熊.png
[04:14:44]   已生成縮圖: bears/2026-07-03/thumbs/193-晚霞熊-s.png, bears/2026-07-03/thumbs/193-晚霞熊-m.png
[04:14:44] 已更新 bears.json
[04:14:44] 新增 6 隻熊熊
[04:14:44] 
--- 步驟 6: Git Commit ---
[04:14:49] Git push 完成
[04:14:49] 
--- 步驟 7: 部署到 Cloudflare Pages ---
[04:15:02] 
===== 完成 =====
[04:15:02] 到 https://kumaweb.pages.dev 觀看結果
