[04:10:43] ===== 熊熊每日配送計畫 =====
[04:10:43] 今日日期: 2026-07-29
[04:10:43] 暫存目錄: /home/fjj04/bears/2026-07-29
[04:10:43] 目的目錄: /home/fjj04/my-bear-museum/bears/2026-07-29
[04:10:43] 
--- 步驟 1: 檢查系統狀態 ---
[04:10:43] ComfyUI: ✓ 在線
[04:10:43] 
--- 步驟 2: 取得熊熊名字和風格 ---
[04:10:43] 熊熊: ['霞雲熊', '星光拾夢者', '月夢熊', '暖陽使者', '夢雲熊', '微風熊']
[04:10:43] 風格: ['霓虹燈', '浮雕', '故障藝術', '等距視角', '藝術大字', '塗鴉']
[04:10:43] 
--- 步驟 3: 準備目錄 ---
[04:10:43] 
--- 步驟 4: 生成圖片 ---
[04:10:43] 配送計畫: ComfyUI 6 張 + MiniMax 0 張 （ComfyUI 在線）
[04:10:43]   No.344 metadata: title=霞雲熊, series=夢幻王國系列, personality=我用霓虹燈風格描繪雲縫透光！幽默逗趣，有規矩，總是給身邊的人帶來幸福感。
[04:10:43]   MiniMax 產生 prompt: 霞雲熊
[04:11:13]   MiniMax prompt 不完整 (finish=length, len=0): ''，重試一次
[04:11:27]   prompt: A charming sunset-colored bear with glowing amber and coral fur stands on a sun-drenched golden beach, its fur shimmering with soft neon light halos as if catching the last rays of sunset through scattered clouds, while a fluffy white rabbit with pink neon ear-tips hops excitedly beside a tiny teddy bear toy clutching a tiny shovel, the three friends gathered around a shallow hole they've been digging together, surrounded by scattered seashells and a weathered treasure map fluttering in the sea breeze, with gentle ocean waves sparkling with iridescent neon reflections and the warm summer sky painted in gradients of tangerine and rose, the bear wearing a playful expression with one paw resting proudly on a partially buried glittering treasure chest, magical sparkles and tiny glowing orbs floating around the scene like fireflies, capturing a moment of cheerful friendship and successful adventure in a dreamlike fantasy kingdom atmosphere, soft kawaii style, horizontal composition 16:9, high quality illustration, detailed fur texture
[04:11:27] ComfyUI #1: 霞雲熊 (霓虹燈) [1600x900]
[04:11:47]   已保存: 344-霞雲熊.png
[04:11:47]   No.345 metadata: title=拾夢者, series=魔法森林深系列, personality=我在海洋童話中小憩！積極活潑，雪的冷。
[04:11:47]   MiniMax 產生 prompt: 星光拾夢者
[04:12:06]   prompt: A magnificent white marble relief sculpture depicting a dreamy bear collector wearing a flowing starry cape, resting beside a giant glowing seashell in an enchanted underwater fairy tale forest within the deep magic woods. Soft bioluminescent jellyfish drift through crystalline waters while tiny snowflakes fall gently from above, melting into sparkles of stardust around the bear's intricate relief-carved fur. The bear's warm amber fur contrasts beautifully with the cool blue-green marble background, eyes closed in peaceful contentment. Around the scene, delicate seahorses carved in translucent agate swim through kelp forests, and luminescent pearls are embedded in the stone surface catching magical light. A curious baby seal pup playfully nudges the bear's paw while a tiny glowing star sprite fairy hovers nearby, adding warmth to the snowy underwater dreamscape. Northern lights shimmer above through the canopy of magical trees, their reflection dancing on calm waters in this ethereal relief art piece, soft kawaii style, horizontal composition 16:9, high quality illustration, detailed fur texture
[04:12:06] ComfyUI #2: 星光拾夢者 (浮雕) [1600x900]
[04:12:26]   已保存: 345-星光拾夢者.png
[04:12:26]   No.346 metadata: title=月夢熊, series=夢幻王國系列, personality=我在海洋童話中漫步！成熟內斂，天真單純。
[04:12:26]   MiniMax 產生 prompt: 月夢熊
[04:12:38]   prompt: A majestic bear with soft silvery-blue fur stands at the edge of a mystical glowing forest, moonlight filtering through twisted crystalline trees creating an ethereal atmosphere where fireflies dance among the branches, the bear looks back with gentle knowing eyes at three small animal companions following closely behind—a fluffy cream-colored dog with wagging tail, a tiny white rabbit with long ears perked up in curiosity, and a small orange cat with bright eyes examining strange bioluminescent mushrooms, their expressions filled with wonder and trust as they venture deeper into the enchanted woodland path, colorful digital artifacts and pixel glitches float around them like scattered dream fragments, with streams of cyan and magenta light bleeding through the scene creating a surreal fairy tale atmosphere reminiscent of ocean depths meeting starlit skies, the bear's mature yet innocent presence guides the little friends through this corrupted magical realm where ancient trees shimmer with otherworldly patterns and distant whispers of forgotten stories echo through the glitched air, soft kawaii style, horizontal composition 16:9, high quality illustration, detailed fur texture
[04:12:38] ComfyUI #3: 月夢熊 (故障藝術) [1600x900]
[04:12:58]   已保存: 346-月夢熊.png
[04:12:58]   No.347 metadata: title=使者, series=魔法森林深系列, personality=今天發現了精靈法術，想分享給你！勇敢堅強，總是給身邊的人帶來幸福感。
[04:12:58]   MiniMax 產生 prompt: 暖陽使者
[04:13:11]   prompt: In a breathtaking isometric view of an ancient enchanted forest, a brave honey-colored bear with warm golden fur stands proudly beside a luminous fairy circle, gesturing excitedly toward a curious human child and a small white rabbit who have just arrived to witness the magical discovery, glowing fairy dust and sparkles swirl through the mossy air illuminated by soft emerald and amber light filtering through towering magical mushrooms and twisted ancient trees, while delicate translucent butterflies dance around cascading bioluminescent flowers and floating golden orbs that the messenger bear proudly reveals after finding this incredible elven spell hidden beneath a glowing mushroom ring, soft kawaii style, horizontal composition 16:9, high quality illustration, detailed fur texture
[04:13:11] ComfyUI #4: 暖陽使者 (等距視角) [1600x900]
[04:13:32]   已保存: 347-暖陽使者.png
[04:13:32]   No.348 metadata: title=夢雲熊, series=魔法城堡系列, personality=我於流星雨降裡找到了美好！柔情萬千的，熱愛探索未知。
[04:13:32]   MiniMax 產生 prompt: 夢雲熊
[04:13:46]   prompt: A dreamy cloud-like teddy bear with soft white and pale blue fur gently glowing under a magical night sky filled with falling stars and meteor shower trails, standing in an enchanted meadow surrounded by floating castle turrets and sparkly dust particles, while a cute human child in a colorful soccer jersey and a fluffy golden retriever puppy playfully chase after a glowing magical soccer ball together with a tiny yellow duckling waddling excitedly nearby, the bear elegantly kicking the ball with one paw as starlight reflects off its fur creating a heavenly aura, large decorative golden and silver typography letters floating around the scene spelling whimsical fantasy words in an artistic font style, warm fairy lights scattered throughout the grass and fireflies dancing in the background, magical castle towers in the distance with banners waving, soft pastel sunset gradient blending into the starry cosmos above, joyful laughter echoing through the mystical forest clearing, soft kawaii style, horizontal composition 16:9, high quality illustration, detailed fur texture
[04:13:46] ComfyUI #5: 夢雲熊 (藝術大字) [1600x900]
[04:14:06]   已保存: 348-夢雲熊.png
[04:14:06]   No.349 metadata: title=微風熊, series=星星糖屋系列, personality=我在秋風送爽中小憩！灑脫活潑，沙灘的。
[04:14:06]   MiniMax 產生 prompt: 微風熊
[04:14:25]   prompt: A cheerful doodle-style bear with soft brown fur and a carefree expression plays soccer with a cute human child on a breezy autumn meadow dotted with wildflowers, their sketch-like forms rendered in loose pencil strokes and delicate crosshatching with splashes of warm golden and amber watercolor washes, the autumn breeze visualized through swirling leaf patterns and flowing line work around them as the child stretches arms wide trying to catch the ball while the bear kicks it playfully, both characters full of boundless energy and laughter, bathed in soft magical golden hour lighting that gives everything a dreamy enchanted quality, loose artistic lines and whimsical imperfections throughout the composition creating that charming hand-drawn doodle aesthetic, soft kawaii style, horizontal composition 16:9, high quality illustration, detailed fur texture
[04:14:25] ComfyUI #6: 微風熊 (塗鴉) [1600x900]
[04:14:45]   已保存: 349-微風熊.png
[04:14:45] 共生成 6 張圖片於 /home/fjj04/bears/2026-07-29
[04:14:45] 
--- 步驟 5: 更新熊熊博物館 ---
[04:14:45] 已複製: 344-霞雲熊.png → /home/fjj04/my-bear-museum/bears/2026-07-29/344-霞雲熊.png
[04:14:45]   已生成縮圖: bears/2026-07-29/thumbs/344-霞雲熊-s.png, bears/2026-07-29/thumbs/344-霞雲熊-m.png
[04:14:45] 已複製: 345-星光拾夢者.png → /home/fjj04/my-bear-museum/bears/2026-07-29/345-星光拾夢者.png
[04:14:46]   已生成縮圖: bears/2026-07-29/thumbs/345-星光拾夢者-s.png, bears/2026-07-29/thumbs/345-星光拾夢者-m.png
[04:14:46] 已複製: 346-月夢熊.png → /home/fjj04/my-bear-museum/bears/2026-07-29/346-月夢熊.png
[04:14:46]   已生成縮圖: bears/2026-07-29/thumbs/346-月夢熊-s.png, bears/2026-07-29/thumbs/346-月夢熊-m.png
[04:14:46] 已複製: 347-暖陽使者.png → /home/fjj04/my-bear-museum/bears/2026-07-29/347-暖陽使者.png
[04:14:46]   已生成縮圖: bears/2026-07-29/thumbs/347-暖陽使者-s.png, bears/2026-07-29/thumbs/347-暖陽使者-m.png
[04:14:46] 已複製: 348-夢雲熊.png → /home/fjj04/my-bear-museum/bears/2026-07-29/348-夢雲熊.png
[04:14:46]   已生成縮圖: bears/2026-07-29/thumbs/348-夢雲熊-s.png, bears/2026-07-29/thumbs/348-夢雲熊-m.png
[04:14:46] 已複製: 349-微風熊.png → /home/fjj04/my-bear-museum/bears/2026-07-29/349-微風熊.png
[04:14:46]   已生成縮圖: bears/2026-07-29/thumbs/349-微風熊-s.png, bears/2026-07-29/thumbs/349-微風熊-m.png
[04:14:46] 已更新 bears.json
[04:14:46] 新增 6 隻熊熊
[04:14:46] 
--- 步驟 6: Git Commit ---
[04:14:55] Git push 完成
[04:14:55] 
--- 步驟 7: 部署到 Cloudflare Pages ---
[04:15:12] 
===== 完成 =====
[04:15:12] 到 https://kumaweb.pages.dev 觀看結果
