[04:11:10] ===== 熊熊每日配送計畫 =====
[04:11:10] 今日日期: 2026-08-02
[04:11:10] 暫存目錄: /home/fjj04/bears/2026-08-02
[04:11:10] 目的目錄: /home/fjj04/my-bear-museum/bears/2026-08-02
[04:11:10] 
--- 步驟 1: 檢查系統狀態 ---
[04:11:10] ComfyUI: ✓ 在線
[04:11:10] 
--- 步驟 2: 取得熊熊名字和風格 ---
[04:11:10] 熊熊: ['月影旅行者', '露星熊', '海雲熊', '草莓熊', '暖陽夢想家', '夢光熊']
[04:11:10] 風格: ['國畫', '粉彩', '蒸汽朋克', '黏土', '水彩暈染', '紙雕']
[04:11:10] 
--- 步驟 3: 準備目錄 ---
[04:11:10] 
--- 步驟 4: 生成圖片 ---
[04:11:10] 配送計畫: ComfyUI 6 張 + MiniMax 0 張 （ComfyUI 在線）
[04:11:10]   No.375 metadata: title=旅行者, series=魔法城堡系列, personality=我於願望流星中玩耍！天真單純，胸懷寬大。, conditions={'holiday': {'zh': '生日派對', 'en': 'at a birthday party with cake'}, 'emotion': {'zh': '沉思安靜', 'en': 'in thoughtful silence'}}
[04:11:10]   MiniMax 產生 prompt: 月影旅行者
[04:11:25]   prompt: A contemplative gray teddy bear with silver-tipped fur stands peacefully beside a decorated birthday cake in front of a mystical castle, gazing upward at falling shooting stars streaking across the traditional Chinese ink wash sky with a quiet, thoughtful expression, a small child companion sits happily nearby holding a party balloon while soft moonlight bathes the magical scene, delicate brushstrokes and flowing ink gradients create an ethereal atmosphere filled with birthday candles glowing warmly against the night sky, the generous-hearted bear wears a tiny explorer hat as stars fall like wishes around them, soft kawaii style, horizontal composition 16:9, high quality illustration, detailed fur texture
[04:11:25] ComfyUI #1: 月影旅行者 (國畫) [1600x900]
[04:11:45]   已保存: 375-月影旅行者.png
[04:11:45]   No.376 metadata: title=露星熊, series=時光旅人系列, personality=我用粉彩風格描繪香草冰淇淋甜！善於配合，優雅脫俗，熱愛大自然的美好。, conditions=None
[04:11:45]   MiniMax 產生 prompt: 露星熊
[04:12:00]   prompt: A charming pastel-colored teddy bear with soft cream and lavender fur stands gracefully in a misty morning meadow dotted with tiny wildflowers and dewdrops that sparkle like fallen stars, gentle sunlight filtering through the fog in soft golden rays, wearing an elegant lace-trimmed cream dress with a small silver star brooch, accompanied by a fluffy white bunny with pink ears that sits contentedly beside her, both characters looking at a shimmering dewdrop on a flower petal with wonder and gentle smiles, the scene bathed in dreamy pastel tones of pink, lavender, soft yellow and baby blue with a magical ethereal atmosphere that captures the beauty of nature's quiet morning moments, delicate watercolor-style rendering with soft edges and a warm tender mood, soft kawaii style, horizontal composition 16:9, high quality illustration, detailed fur texture
[04:12:00] ComfyUI #2: 露星熊 (粉彩) [1600x900]
[04:12:20]   已保存: 376-露星熊.png
[04:12:20]   No.377 metadata: title=海雲熊, series=月宮玉兔系列, personality=我在花園秘境中玩耍！創意無限，忠誠可靠。, conditions={'weather': {'zh': '下雪天', 'en': 'in a snowy winter wonderland'}, 'prop': {'zh': '戴圍巾', 'en': 'wearing a cozy scarf'}}
[04:12:20]   MiniMax 產生 prompt: 海雲熊
[04:12:37]   prompt: In a whimsical winter garden transformed by magical steampunk machinery, a charming mechanical bear with polished bronze fur and gleaming copper joints stands proudly beside an ornate brass fountain, its flowing scarf trailing gracefully in the snowy breeze as delicate snowflakes swirl around while steam billows from copper pipes embedded in frost-covered garden hedges, a small jade rabbit with glowing pearl eyes and tiny gear-adorned ears hops joyfully at the bear's feet, both friends laughing together as they watch ice crystals form on spinning gears and glowing amber lanterns float mysteriously through the air, creating a fantastical scene where Victorian industrial elegance meets a peaceful snowy wonderland filled with crystalline icicles hanging from crystalline roses, magical steam rising from hidden boilers beneath the snow, and soft golden light emanating from clockwork stars scattered across the twilight sky above their enchanting secret garden playground, soft kawaii style, horizontal composition 16:9, high quality illustration, detailed fur texture
[04:12:37] ComfyUI #3: 海雲熊 (蒸汽朋克) [1600x900]
[04:12:57]   已保存: 377-海雲熊.png
[04:12:57]   No.378 metadata: title=草莓熊, series=命運之輪系列, personality=我用黏土風格描繪巧克力豆豆！感性開朗，喜歡落葉，帶來滿滿的溫暖與快樂。, conditions={'time_of_day': {'zh': '黃昏', 'en': 'at sunset with orange sky'}, 'prop': {'zh': '背書包', 'en': 'carrying a school backpack'}, 'emotion': {'zh': '驚訝表情', 'en': 'with a surprised expression'}}
[04:12:57]   MiniMax 產生 prompt: 草莓熊
[04:13:07]   prompt: A cheerful clay-style stop-motion character of a cute round strawberry bear with a bright red fur body scattered with cute brown chocolate chip dots, a warm happy expression on its round face, rosy pink cheeks, tiny bean-shaped eyes, a small curved smile, and a cute little strawberry-shaped nose. The bear stands on a grassy meadow path at sunset with golden orange sky glowing warmly, carrying a small round school backpack on its back, looking upward with a surprised and delighted expression as colorful autumn leaves gently fall around it like golden snowflakes. A gentle warm breeze blows leaves in the air creating a magical atmosphere. Nearby, a tiny fluffy hamster friend with round cheeks explores curiously among the fallen leaves, looking up at the strawberry bear with wonder, both characters bathed in soft golden sunset lighting that makes their clay textures glow warmly. The scene is full of warmth, friendship, and autumn wonder, soft kawaii style, horizontal composition 16:9, high quality illustration, detailed fur texture
[04:13:07] ComfyUI #4: 草莓熊 (黏土) [1600x900]
[04:13:27]   已保存: 378-草莓熊.png
[04:13:27]   No.379 metadata: title=夢想家, series=希望之鄉系列, personality=今天發現了繁星墜落，想分享給你！柔情似水，是個夢幻的小精靈。, conditions={'weather': {'zh': '下雪天', 'en': 'in a snowy winter wonderland'}, 'prop': {'zh': '戴圍巾', 'en': 'wearing a cozy scarf'}}
[04:13:27]   MiniMax 產生 prompt: 暖陽夢想家
[04:13:49]   MiniMax prompt 不完整 (finish=length, len=0): ''，重試一次
[04:14:10]   prompt: A warm honey-colored teddy bear with soft golden-brown fur wearing a cozy red scarf sits on a wooden swing set in a snowy winter wonderland, surrounded by gentle snowfall and magical falling stars shimmering in the twilight purple and pink sky, accompanied by a small fluffy white puppy and a tiny white rabbit with a small fabric doll friend, all enjoying the dreamy playground scene together with joyful anticipation, the bear gently pushing off with feet touching the snow-covered ground while the puppy and rabbit sit on adjacent swings beside the little doll, watercolor painting style with soft bleeding edges and dreamy color washes, warm golden light from the setting sun contrasting with cool blue snow and soft pastel sky, creating an ethereal atmosphere of tender friendship and wonder as the gentle snowflakes and falling stars create a celestial dreamscape around the loving companions sharing this precious moment of magical discovery, soft kawaii style, horizontal composition 16:9, high quality illustration, detailed fur texture
[04:14:10] ComfyUI #5: 暖陽夢想家 (水彩暈染) [1600x900]
[04:14:30]   已保存: 379-暖陽夢想家.png
[04:14:30]   No.380 metadata: title=夢光熊, series=彩虹橋樑系列, personality=我用紙雕風格描繪魔法森林物語！晨曦大道的，懂得原諒，珍惜每一個美好的瞬間。, conditions=None
[04:14:30]   MiniMax 產生 prompt: 夢光熊
[04:14:48]   prompt: A magical papercut art illustration of a dream light bear standing in an enchanted forest at the golden hour of dawn, where soft sunlight filters through delicate paper-cut trees and a luminous rainbow-colored bridge arcs across the sky connecting floating paper platforms. The bear wears a gentle forgiving smile while clutching a small paper flower, standing beside a cute white rabbit companion and a cluster of colorful paper butterflies dancing in the warm morning breeze. The intricate paper carving style reveals multiple layered paper depths with visible cut edges and subtle shadows between each layer, creating a three-dimensional illusion through pure paper craftsmanship, while soft pastel rainbow light casts prismatic reflections across the forest floor where tiny paper mushrooms and flowers bloom. The entire scene captures the essence of cherishing beautiful moments with dreamy ethereal atmosphere and warm hopeful lighting that celebrates forgiveness and new beginnings in a fantasy woodland setting, soft kawaii style, horizontal composition 16:9, high quality illustration, detailed fur texture
[04:14:48] ComfyUI #6: 夢光熊 (紙雕) [1600x900]
[04:15:08]   已保存: 380-夢光熊.png
[04:15:08] 共生成 6 張圖片於 /home/fjj04/bears/2026-08-02
[04:15:08] 
--- 步驟 5: 更新熊熊博物館 ---
[04:15:08] 已複製: 375-月影旅行者.png → /home/fjj04/my-bear-museum/bears/2026-08-02/375-月影旅行者.png
[04:15:08]   已生成縮圖: bears/2026-08-02/thumbs/375-月影旅行者-s.png, bears/2026-08-02/thumbs/375-月影旅行者-m.png
[04:15:08] 已複製: 376-露星熊.png → /home/fjj04/my-bear-museum/bears/2026-08-02/376-露星熊.png
[04:15:08]   已生成縮圖: bears/2026-08-02/thumbs/376-露星熊-s.png, bears/2026-08-02/thumbs/376-露星熊-m.png
[04:15:08] 已複製: 377-海雲熊.png → /home/fjj04/my-bear-museum/bears/2026-08-02/377-海雲熊.png
[04:15:09]   已生成縮圖: bears/2026-08-02/thumbs/377-海雲熊-s.png, bears/2026-08-02/thumbs/377-海雲熊-m.png
[04:15:09] 已複製: 378-草莓熊.png → /home/fjj04/my-bear-museum/bears/2026-08-02/378-草莓熊.png
[04:15:09]   已生成縮圖: bears/2026-08-02/thumbs/378-草莓熊-s.png, bears/2026-08-02/thumbs/378-草莓熊-m.png
[04:15:09] 已複製: 379-暖陽夢想家.png → /home/fjj04/my-bear-museum/bears/2026-08-02/379-暖陽夢想家.png
[04:15:09]   已生成縮圖: bears/2026-08-02/thumbs/379-暖陽夢想家-s.png, bears/2026-08-02/thumbs/379-暖陽夢想家-m.png
[04:15:09] 已複製: 380-夢光熊.png → /home/fjj04/my-bear-museum/bears/2026-08-02/380-夢光熊.png
[04:15:09]   已生成縮圖: bears/2026-08-02/thumbs/380-夢光熊-s.png, bears/2026-08-02/thumbs/380-夢光熊-m.png
[04:15:09] 已更新 bears.json
[04:15:09] 新增 6 隻熊熊
[04:15:09] 
--- 步驟 6: Git Commit ---
[04:15:17] Git push 完成
[04:15:17] 
--- 步驟 7: 部署到 Cloudflare Pages ---
[04:15:33] 
===== 完成 =====
[04:15:33] 到 https://kumaweb.pages.dev 觀看結果
