[04:11:04] ===== 熊熊每日配送計畫 =====
[04:11:04] 今日日期: 2026-07-10
[04:11:04] 暫存目錄: /home/fjj04/bears/2026-07-10
[04:11:04] 目的目錄: /home/fjj04/my-bear-museum/bears/2026-07-10
[04:11:04] 
--- 步驟 1: 檢查系統狀態 ---
[04:11:04] ComfyUI: ✓ 在線
[04:11:04] 
--- 步驟 2: 取得熊熊名字和風格 ---
[04:11:04] 熊熊: ['星光守護者', '流星嚮導', '糖月熊', '海星熊', '暖陽映月者', '晨曦王子']
[04:11:04] 風格: ['浮雕', '故障藝術', '等距視角', '藝術大字', '塗鴉', '和風']
[04:11:04] 
--- 步驟 3: 準備目錄 ---
[04:11:04] 
--- 步驟 4: 生成圖片 ---
[04:11:04] 配送計畫: ComfyUI 6 張 + MiniMax 0 張 （ComfyUI 在線）
[04:11:04]   No.230 metadata: title=守護者, series=森林王國系列, personality=我在雲霞萬千中玩耍！爽朗大方，灑脫活潑。
[04:11:04]   MiniMax 產生 prompt: 星光守護者
[04:11:24]   prompt: A charming bas-relief sculptural bear guardian with warm golden fur standing proudly among soft billowing clouds at a magical golden sunset, rosy-pink cloud wisps swirling playfully around the scene as stars begin to twinkle in the twilight sky, the bear has an elegant raised carving quality with defined sculptural edges and layered shadows typical of traditional relief work, set against a mystical forest kingdom silhouette with towering ancient trees in the background, warm amber and coral lighting bathes the entire composition in a rich golden hour glow, the bear's expression radiates pure joy and freedom with a wide cheerful smile and confident pose, magical sparkles and stardust particles drift lazily through the misty air, intricate carved patterns and textures visible across the bear's body with careful attention to dimensional depth, delicate cloud formations frame the guardian bear as it surveys its peaceful realm with protective yet playful energy, ethereal atmospheric perspective creates layers of depth between foreground clouds and distant forest canopy, the entire bas-relief composition feels three-dimensional yet timeless with sophisticated shadow work and highlighted raised surfaces catching the warm magical light, soft kawaii style, horizontal composition 16:9, high quality illustration, detailed fur texture
[04:11:24] ComfyUI #1: 星光守護者 (浮雕) [1600x900]
[04:11:45]   已保存: 230-星光守護者.png
[04:11:45]   No.231 metadata: title=嚮導, series=雲端花園系列, personality=踏實開朗，喜歡永恆之光。充滿好奇與勇氣。
[04:11:45]   MiniMax 產生 prompt: 流星嚮導
[04:11:58]   prompt: A brave and cheerful bear guide wearing a shimmering constellation cape stands at the entrance of a magnificent floating cloud garden, its paths illuminated by eternal starlight streaming through the fractured sky. The glitch art style creates mesmerizing digital artifacts with displaced pixel fragments, split color channels in cyan and magenta, and scattered geometric shapes that float like falling stars around the bear. Majestic crystal flowers bloom in the ethereal clouds while the brave little guide points forward with unwavering curiosity, leading viewers through this corrupted yet beautiful digital paradise filled with soft glowing particles and cascading light trails, soft kawaii style, horizontal composition 16:9, high quality illustration, detailed fur texture
[04:11:58] ComfyUI #2: 流星嚮導 (故障藝術) [1600x900]
[04:12:18]   已保存: 231-流星嚮導.png
[04:12:18]   No.232 metadata: title=糖月熊, series=精靈禮物系列, personality=今天發現了奶油餅乾，想分享給你！幽默開朗，是個夢幻的小精靈。
[04:12:18]   MiniMax 產生 prompt: 糖月熊
[04:12:26]   prompt: A chubby adorable teddy bear character with warm golden-brown fur and large sparkly eyes, wearing a tiny pointed elf hat decorated with crescent moons and stars, standing in an isometric three-dimensional scene holding a plate of freshly baked butter cookies, surrounded by floating magical sparkles and soft dreamy lighting, a cozy enchanted forest clearing in the background with tiny glowing mushrooms and delicate flowers, the bear has a cheerful humorous expression reaching out to share treats, whimsical fantasy atmosphere with pastel colors and gentle bokeh, detailed illustration style with soft shading and warm tones, soft kawaii style, horizontal composition 16:9, high quality illustration, detailed fur texture
[04:12:26] ComfyUI #3: 糖月熊 (等距視角) [1600x900]
[04:12:46]   已保存: 232-糖月熊.png
[04:12:46]   No.233 metadata: title=海星熊, series=願望流星系列, personality=今天發現了河流蜿蜒，想分享給你！喜歡創造，是個夢幻的小精靈。
[04:12:46]   MiniMax 產生 prompt: 海星熊
[04:12:57]   prompt: A magical blue bear with adorable starfish patterns decorating its soft fur stands by a sparkling winding river under a twilight sky filled with glowing stars and wishing comets, holding a glowing starfish in its tiny paws while artistic calligraphy letters float around it like enchanted fireflies, surrounded by dreamy aurora lights and gentle water sparkles creating a wish-granting atmosphere with soft ethereal glow illuminating the scene, the bear's bright eyes filled with wonder and creative joy as it gestures toward the beautiful flowing river discovery, the dreamweaver spirit embraces the viewer with its magical personality, painted in artistic lettering style with flowing brush strokes and magical sparkles cascading throughout the entire composition, soft kawaii style, horizontal composition 16:9, high quality illustration, detailed fur texture
[04:12:57] ComfyUI #4: 海星熊 (藝術大字) [1600x900]
[04:13:17]   已保存: 233-海星熊.png
[04:13:17]   No.234 metadata: title=映月者, series=月光小徑系列, personality=我用塗鴉風格描繪銀河璀璨！踏實勤奮，有耐心，熱愛大自然的美好。
[04:13:17]   MiniMax 產生 prompt: 暖陽映月者
[04:13:27]   prompt: A cheerful kawaii bear character with soft warm brown fur stands proudly on a grassy hilltop under the spectacular Milky Way galaxy, holding a small glowing lantern that reflects moonlight onto the starry sky above. The bear wears a cozy knit scarf in autumn colors while gazing up at the brilliant constellation with big loving eyes. Loose energetic doodle lines and vibrant splashes of neon graffiti colors swirl around the peaceful night scene like magical energy. The warm golden glow of sunset on the horizon contrasts beautifully with the cool purple and blue tones of the moonlit heavens. Breathtaking celestial atmosphere with shooting stars scattered across the dreamy backdrop, captured in spontaneous hand-drawn doodle art style with bold outlines, playful imperfections, and expressive brush strokes that bring the patient nature-loving character to life, soft kawaii style, horizontal composition 16:9, high quality illustration, detailed fur texture
[04:13:27] ComfyUI #5: 暖陽映月者 (塗鴉) [1600x900]
[04:13:47]   已保存: 234-暖陽映月者.png
[04:13:47]   No.235 metadata: title=王子, series=命運之輪系列, personality=創意無限，熱愛奶油泡芙。熱愛大自然的美好。
[04:13:47]   MiniMax 產生 prompt: 晨曦王子
[04:14:07]   prompt: A majestic bear dressed in elegant traditional Japanese royal garments stands gracefully on ancient stone stepping stones leading across a tranquil koi pond, soft golden morning light from a rising sun filtering through cherry blossom trees in full bloom, wearing an ornate crown decorated with tiny golden bells and precious gemstones, draped in a flowing silk robe in warm amber and soft cream hues trimmed with delicate gold embroidery, traditional Japanese lanterns glowing warmly along a vermillion torii gate in the misty background, delicate cherry blossom petals drifting through the air like pink snow, magical golden threads of light swirling around the prince like strands of destiny, a small ceramic plate in one paw holding a freshly baked cream puff dusted with powdered sugar, surrounded by lush bamboo groves and traditional garden elements, the entire scene rendered in authentic Japanese woodblock print style with soft gradient washes and flowing ink outlines, ethereal dawn atmosphere with gentle mist rising from the pond creating a dreamlike quality of serene royalty and natural beauty intertwining in the peaceful morning light, soft kawaii style, horizontal composition 16:9, high quality illustration, detailed fur texture
[04:14:07] ComfyUI #6: 晨曦王子 (和風) [1600x900]
[04:14:27]   已保存: 235-晨曦王子.png
[04:14:27] 共生成 6 張圖片於 /home/fjj04/bears/2026-07-10
[04:14:27] 
--- 步驟 5: 更新熊熊博物館 ---
[04:14:27] 已複製: 230-星光守護者.png → /home/fjj04/my-bear-museum/bears/2026-07-10/230-星光守護者.png
[04:14:27]   已生成縮圖: bears/2026-07-10/thumbs/230-星光守護者-s.png, bears/2026-07-10/thumbs/230-星光守護者-m.png
[04:14:27] 已複製: 231-流星嚮導.png → /home/fjj04/my-bear-museum/bears/2026-07-10/231-流星嚮導.png
[04:14:27]   已生成縮圖: bears/2026-07-10/thumbs/231-流星嚮導-s.png, bears/2026-07-10/thumbs/231-流星嚮導-m.png
[04:14:27] 已複製: 232-糖月熊.png → /home/fjj04/my-bear-museum/bears/2026-07-10/232-糖月熊.png
[04:14:27]   已生成縮圖: bears/2026-07-10/thumbs/232-糖月熊-s.png, bears/2026-07-10/thumbs/232-糖月熊-m.png
[04:14:27] 已複製: 233-海星熊.png → /home/fjj04/my-bear-museum/bears/2026-07-10/233-海星熊.png
[04:14:27]   已生成縮圖: bears/2026-07-10/thumbs/233-海星熊-s.png, bears/2026-07-10/thumbs/233-海星熊-m.png
[04:14:27] 已複製: 234-暖陽映月者.png → /home/fjj04/my-bear-museum/bears/2026-07-10/234-暖陽映月者.png
[04:14:28]   已生成縮圖: bears/2026-07-10/thumbs/234-暖陽映月者-s.png, bears/2026-07-10/thumbs/234-暖陽映月者-m.png
[04:14:28] 已複製: 235-晨曦王子.png → /home/fjj04/my-bear-museum/bears/2026-07-10/235-晨曦王子.png
[04:14:28]   已生成縮圖: bears/2026-07-10/thumbs/235-晨曦王子-s.png, bears/2026-07-10/thumbs/235-晨曦王子-m.png
[04:14:28] 已更新 bears.json
[04:14:28] 新增 6 隻熊熊
[04:14:28] 
--- 步驟 6: Git Commit ---
[04:14:36] Git push 完成
[04:14:36] 
--- 步驟 7: 部署到 Cloudflare Pages ---
[04:14:52] 
===== 完成 =====
[04:14:52] 到 https://kumaweb.pages.dev 觀看結果
