[04:10:14] ===== 熊熊每日配送計畫 =====
[04:10:14] 今日日期: 2026-07-30
[04:10:14] 暫存目錄: /home/fjj04/bears/2026-07-30
[04:10:14] 目的目錄: /home/fjj04/my-bear-museum/bears/2026-07-30
[04:10:14] 
--- 步驟 1: 檢查系統狀態 ---
[04:10:14] ComfyUI: ✓ 在線
[04:10:14] 
--- 步驟 2: 取得熊熊名字和風格 ---
[04:10:14] 熊熊: ['暖陽嚮導', '晨曦庇護者', '白雲冒險家', '金色旅人', '心雲熊', '月影拾夢者']
[04:10:14] 風格: ['和風', '波斯地毯', '外太空', '童話書', '漫畫網點', '厚塗']
[04:10:14] 
--- 步驟 3: 準備目錄 ---
[04:10:14] 
--- 步驟 4: 生成圖片 ---
[04:10:14] 配送計畫: ComfyUI 6 張 + MiniMax 0 張 （ComfyUI 在線）
[04:10:14]   No.350 metadata: title=嚮導, series=守護王國系列, personality=今天發現了願望流星，想分享給你！獨立勇敢，珍惜每一個美好的瞬間。
[04:10:14]   MiniMax 產生 prompt: 暖陽嚮導
[04:10:32]   prompt: A gentle bear with warm honey-golden fur sits at the center of a traditional wooden boat gliding across a tranquil misty lake at sunset, gazing up at a brilliant meteor streaking across the pastel orange and purple sky leaving a trail of shimmering stardust that transforms the entire scene with magical celestial light. Beside the bear in the boat are three beloved companions: a curious small orange cat with bright eyes, a fluffy white dog with a wagging tail, and a tiny fabric doll with embroidered features, all watching the shooting star in awe and wonder. The Japanese wabi-sabi art style brings soft flowing brushstrokes and a harmonious blend of warm sunset tones and cool lake reflections, creating an atmosphere of peaceful adventure and shared wonder as the bear, as if being a guide to precious moments, points toward the sky encouraging friends to make heartfelt wishes while the meteor paints the twilight with hope and dreams, soft kawaii style, horizontal composition 16:9, high quality illustration, detailed fur texture
[04:10:32] ComfyUI #1: 暖陽嚮導 (和風) [1600x900]
[04:10:52]   已保存: 350-暖陽嚮導.png
[04:10:52]   No.351 metadata: title=庇護者, series=奇蹟彩虹系列, personality=善於觀察，熱愛花季限定。充滿好奇與勇氣。
[04:10:52]   MiniMax 產生 prompt: 晨曦庇護者
[04:11:06]   prompt: A warm golden-furred guardian bear sits contentedly by the window of an old wooden train carriage, gazing out at rolling meadows blanketed with vibrant cherry blossoms and rainbow wildflowers rushing past in the morning light, accompanied by a small fabric doll with button eyes and a tiny worn teddy bear toy sitting together on the plush velvet seat beside them, the three friends sharing this magical flower-season journey through the countryside as sunlight streams through the window casting prismatic rainbows across the intricate Persian carpet patterns adorning the interior walls and floor with elaborate medallions and flowing vines, while delicate cherry petals drift past the window frame, the entire scene rendered in rich jewel tones and gold threads characteristic of traditional Persian textile art with mesmerizing geometric details and woven texture throughout, soft kawaii style, horizontal composition 16:9, high quality illustration, detailed fur texture
[04:11:06] ComfyUI #2: 晨曦庇護者 (波斯地毯) [1600x900]
[04:11:26]   已保存: 351-晨曦庇護者.png
[04:11:26]   No.352 metadata: title=冒險家, series=願望流星系列, personality=我在珊瑚礁彩中守護！陽光開朗，神秘優雅。
[04:11:26]   MiniMax 產生 prompt: 白雲冒險家
[04:11:40]   prompt: A majestic white-furred bear with cloud-soft fur stands proudly on golden sand, its fur shimmering with iridescent starlight as cosmic dust drifts around like glitter, while a bright meteor shower streaks across a twilight sky filled with swirling galaxies and sparkling stars, casting magical glow over crystalline ocean waves that reveal colorful coral reefs beneath, the bear and a cheerful human child companion wearing a tiny explorer's hat crouch near a mysterious treasure chest half-buried in sand, their faces illuminated by the warm glow of wish stars falling from above, ancient gold coins and glowing seashells spilling from the chest, the child's small hand reaching up to touch a floating star fragment while the bear gazes down with kind mysterious eyes, ethereal northern lights mixing with coral reef bioluminescence creating a dreamlike atmosphere where space and ocean merge into one fantastical realm of wonder and adventure, soft kawaii style, horizontal composition 16:9, high quality illustration, detailed fur texture
[04:11:40] ComfyUI #3: 白雲冒險家 (外太空) [1600x900]
[04:12:00]   已保存: 352-白雲冒險家.png
[04:12:00]   No.353 metadata: title=旅人, series=小仙子系列, personality=我於星星糖屋中玩耍！珍惜時間，熱情積極。
[04:12:00]   MiniMax 產生 prompt: 金色旅人
[04:12:11]   prompt: A majestic golden-furred bear cub with bright curious eyes sits on a wooden swing set in a magical meadow filled with glowing star-shaped flowers and floating golden sparkles, wearing a tiny explorer's hat and a cheerful smile. Beside the swing, a cute human child in a fairy tale dress pushes the swing gently while a fluffy orange cat lounges peacefully on a nearby wooden bench wrapped in soft ribbons, and a small worn teddy bear toy perches on the swing next to the golden bear as if joining the adventure. The scene is rendered in a warm storybook illustration style with soft watercolor textures, delicate ink outlines, and enchanted golden hour sunlight filtering through oversized fantasy mushrooms and tulip-shaped lanterns scattered across the lush green clearing, creating a whimsical atmosphere of joyful friendship and endless exploration where magic sparkles dance in the air like scattered diamonds and gentle butterflies flutter among rainbow-colored wildflowers surrounding the rustic wooden playground structure, soft kawaii style, horizontal composition 16:9, high quality illustration, detailed fur texture
[04:12:12] ComfyUI #4: 金色旅人 (童話書) [1600x900]
[04:12:32]   已保存: 353-金色旅人.png
[04:12:32]   No.354 metadata: title=心雲熊, series=奇幻鑰匙系列, personality=芒果黃，喜歡薰衣草田。珍惜每一個美好的瞬間。
[04:12:32]   MiniMax 產生 prompt: 心雲熊
[04:12:45]   prompt: A mango-yellow bear with the softest fur stands in a breathtaking lavender field under a gentle golden sunset, her warm amber eyes filled with wonder and appreciation as she gazes at the magical glowing key floating before her, the air filled with drifting pollen and floating light particles that make the moment feel eternal and precious, a tiny fluffy rabbit companion sits beside her wearing a small flower crown, both characters looking up in quiet amazement at the mystical scene around them, rendered in classic manga halftone dot screen technique with delicate cross-hatching shadows, warm ethereal lighting casting long purple shadows across the rolling hills, fireflies beginning to appear as twilight deepens, the entire composition captures a treasured beautiful instant between best friends in a fantasy world, soft kawaii style, horizontal composition 16:9, high quality illustration, detailed fur texture
[04:12:45] ComfyUI #5: 心雲熊 (漫畫網點) [1600x900]
[04:13:05]   已保存: 354-心雲熊.png
[04:13:05]   No.355 metadata: title=拾夢者, series=精靈花園系列, personality=我用厚塗風格描繪海風徐徐！菊花茶的，開朗明亮，總是給身邊的人帶來幸福感。
[04:13:05]   MiniMax 產生 prompt: 月影拾夢者
[04:13:17]   prompt: A charming kawaii bear with soft cream-colored fur sits happily in the center foreground of a magical mountain campsite, wearing a tiny woven bracelet, its round face glowing with an infectious smile that radiates pure joy like sunshine through chrysanthemum petals, as the bear proudly tends to a crackling campfire beside a cozy tent decorated with embroidered flowers, while a sweet human child with rosy cheeks and a small fabric doll friend gather around sharing warm cocoa under a spectacular canopy of twinkling stars and a luminous crescent moon that bathes the entire scene in dreamy silver-blue light, with thick visible brushstrokes creating rich texture and depth in the style of impasto oil painting, gentle fireflies dancing in the cool mountain air among wildflowers and moss-covered rocks, the atmosphere filled with wonder and happiness as the cheerful trio gazes upward at shooting stars streaking across the velvet sky with wide curious eyes, magical starlight reflecting in their hopeful expressions, soft kawaii style, horizontal composition 16:9, high quality illustration, detailed fur texture
[04:13:17] ComfyUI #6: 月影拾夢者 (厚塗) [1600x900]
[04:13:37]   已保存: 355-月影拾夢者.png
[04:13:37] 共生成 6 張圖片於 /home/fjj04/bears/2026-07-30
[04:13:37] 
--- 步驟 5: 更新熊熊博物館 ---
[04:13:37] 已複製: 350-暖陽嚮導.png → /home/fjj04/my-bear-museum/bears/2026-07-30/350-暖陽嚮導.png
[04:13:37]   已生成縮圖: bears/2026-07-30/thumbs/350-暖陽嚮導-s.png, bears/2026-07-30/thumbs/350-暖陽嚮導-m.png
[04:13:37] 已複製: 351-晨曦庇護者.png → /home/fjj04/my-bear-museum/bears/2026-07-30/351-晨曦庇護者.png
[04:13:37]   已生成縮圖: bears/2026-07-30/thumbs/351-晨曦庇護者-s.png, bears/2026-07-30/thumbs/351-晨曦庇護者-m.png
[04:13:37] 已複製: 352-白雲冒險家.png → /home/fjj04/my-bear-museum/bears/2026-07-30/352-白雲冒險家.png
[04:13:37]   已生成縮圖: bears/2026-07-30/thumbs/352-白雲冒險家-s.png, bears/2026-07-30/thumbs/352-白雲冒險家-m.png
[04:13:37] 已複製: 353-金色旅人.png → /home/fjj04/my-bear-museum/bears/2026-07-30/353-金色旅人.png
[04:13:38]   已生成縮圖: bears/2026-07-30/thumbs/353-金色旅人-s.png, bears/2026-07-30/thumbs/353-金色旅人-m.png
[04:13:38] 已複製: 354-心雲熊.png → /home/fjj04/my-bear-museum/bears/2026-07-30/354-心雲熊.png
[04:13:38]   已生成縮圖: bears/2026-07-30/thumbs/354-心雲熊-s.png, bears/2026-07-30/thumbs/354-心雲熊-m.png
[04:13:38] 已複製: 355-月影拾夢者.png → /home/fjj04/my-bear-museum/bears/2026-07-30/355-月影拾夢者.png
[04:13:38]   已生成縮圖: bears/2026-07-30/thumbs/355-月影拾夢者-s.png, bears/2026-07-30/thumbs/355-月影拾夢者-m.png
[04:13:38] 已更新 bears.json
[04:13:38] 新增 6 隻熊熊
[04:13:38] 
--- 步驟 6: Git Commit ---
[04:13:47] Git push 完成
[04:13:47] 
--- 步驟 7: 部署到 Cloudflare Pages ---
[04:14:02] 
===== 完成 =====
[04:14:02] 到 https://kumaweb.pages.dev 觀看結果
