[04:11:19] ===== 熊熊每日配送計畫 =====
[04:11:19] 今日日期: 2026-07-22
[04:11:19] 暫存目錄: /home/fjj04/bears/2026-07-22
[04:11:19] 目的目錄: /home/fjj04/my-bear-museum/bears/2026-07-22
[04:11:19] 
--- 步驟 1: 檢查系統狀態 ---
[04:11:19] ComfyUI: ✓ 在線
[04:11:19] 
--- 步驟 2: 取得熊熊名字和風格 ---
[04:11:19] 熊熊: ['光星熊', '月海熊', '糖雲熊', '魄光熊', '溪風熊', '星雲熊']
[04:11:19] 風格: ['紙雕', '織品', '玻璃馬賽克', '霓虹燈', '浮雕', '故障藝術']
[04:11:19] 
--- 步驟 3: 準備目錄 ---
[04:11:19] 
--- 步驟 4: 生成圖片 ---
[04:11:19] 配送計畫: ComfyUI 6 張 + MiniMax 0 張 （ComfyUI 在線）
[04:11:19]   No.302 metadata: title=光星熊, series=願望之翼系列, personality=我於蔚藍海岸中追光！幽默開朗，創意十足。
[04:11:19]   MiniMax 產生 prompt: 光星熊
[04:11:40]   prompt: A magnificent golden-furred bear stands joyfully on a sun-drenched azure coastline, arms spread wide as it playfully chases shimmering beams of golden light dancing across gentle turquoise waves, intricate paper-cut layers reveal delicate sunburst patterns and swirling light rays carved with extraordinary precision, the dimensional paper sculpture creates stunning depth as translucent waves seem to flow upward, a playful seal and two curious sandpipers join the bear's light-chasing adventure near a whimsical paper lighthouse casting rainbow reflections, ethereal sparkles of light drift through the scene like wishes being caught, warm amber and coral sunset hues blend with cool ocean blues, delicate paper tendrils curl around the edges suggesting wings of transformation, the cheerful bear's expressive face beams with wonder as it leaps toward the horizon where sky meets sea, each paper layer reveals new magical details from the sun's corona to tiny shells on the shore, beautiful soft diffused light illuminates the entire paper art composition, soft kawaii style, horizontal composition 16:9, high quality illustration, detailed fur texture
[04:11:40] ComfyUI #1: 光星熊 (紙雕) [1600x900]
[04:12:00]   已保存: 302-光星熊.png
[04:12:00]   No.303 metadata: title=月海熊, series=幽靈燈塔系列, personality=創意無限，熱愛霞光萬道。充滿好奇與勇氣。
[04:12:00]   MiniMax 產生 prompt: 月海熊
[04:12:17]   prompt: A charming textile art illustration featuring a soft blue and white bear with a moonlit ocean pattern woven into its fur, sitting by the window of a vintage wooden train carriage rolling through golden countryside fields at sunset. Beside the bear sits a small adorable teddy bear toy wearing a tiny backpack, and a cheerful human child with rosy cheeks, their faces lit by the warm orange and pink hues of the setting sun streaming through the window. The magical twilight sky creates an ethereal glow illuminating the rolling hills covered in wildflowers and distant lighthouse silhouettes, as the old train moves peacefully along the tracks. The fabric art style shows visible stitches, soft plush textures, and a handcrafted aesthetic with warm dreamy lighting capturing the spirit of adventure and lifelong friendship, soft kawaii style, horizontal composition 16:9, high quality illustration, detailed fur texture
[04:12:17] ComfyUI #2: 月海熊 (織品) [1600x900]
[04:12:37]   已保存: 303-月海熊.png
[04:12:37]   No.304 metadata: title=糖雲熊, series=精靈翅膀系列, personality=我於霞影交織中小憩！純真活潑，沉穩從容。
[04:12:37]   MiniMax 產生 prompt: 糖雲熊
[04:12:56]   prompt: A fluffy peachy-pink kawaii bear with soft candy-colored fur rests peacefully on billowing white clouds in a dreamy sunset meadow, eyes gently closed with a serene contented smile. Warm sunset light bathes the scene in soft pink, coral, and golden orange hues that swirl together like ribbons of celestial silk across the sky. Delicate translucent fairy wings with opalescent rainbow patterns extend from the bear's back, catching the golden hour light with a gentle shimmer. Around the peaceful bear float tiny glowing fairy dust particles and small butterflies with stained glass wings in matching pastel colors, creating a magical atmosphere. The entire scene is rendered in vibrant glass mosaic style with geometric tiles in translucent jewel tones, rich textures, and seamless interlocking patterns that glow softly with backlit warmth, capturing a perfect moment of innocent joy and tranquility in an enchanted dreamscape, soft kawaii style, horizontal composition 16:9, high quality illustration, detailed fur texture
[04:12:56] ComfyUI #3: 糖雲熊 (玻璃馬賽克) [1600x900]
[04:13:26]   已保存: 304-糖雲熊.png
[04:13:26]   No.305 metadata: title=魄光熊, series=願望之翼系列, personality=今天發現了波浪滾滾，想分享給你！獨立自強，充滿好奇與勇氣。
[04:13:26]   MiniMax 產生 prompt: 魄光熊
[04:13:40]   prompt: A luminous spirit bear stands at the edge of a moonlit shore, its translucent fur glowing with soft ethereal light as waves cascade across the sand in shimmering ribbons of light. The night sky blazes with a breathtaking aurora of neon colors—electric blues, vibrant magentas, and luminous cyans—that reflect off the rolling ocean waves like liquid diamonds. The brave little bear gazes at the horizon with wonder in its bright eyes, its small paw reaching toward a friendly little fox cub who has come to explore alongside it, both creatures silhouetted against the spectacular glowing horizon where the sea meets the sky in a cascade of neon light. Ancient dream crystals float gently in the air around them, casting prismatic rainbows across the wet sand as the tide whispers ancient wishes to be carried on the wind. The magical atmosphere pulses with gentle energy, celebrating the joy of discovery and the courage to share wonders with those you cherish, while delicate wisps of luminescent light dance across the water's surface like captured starlight, soft kawaii style, horizontal composition 16:9, high quality illustration, detailed fur texture
[04:13:40] ComfyUI #4: 魄光熊 (霓虹燈) [1600x900]
[04:14:00]   已保存: 305-魄光熊.png
[04:14:00]   No.306 metadata: title=溪風熊, series=精靈法術系列, personality=我在銀河璀璨中漫步！成熟可靠，優雅迷人。
[04:14:00]   MiniMax 產生 prompt: 溪風熊
[04:14:16]   prompt: A majestic teddy bear with silky caramel fur stands at the edge of a luminous celestial stream, water flowing with stardust and cosmic light swirling around graceful paws, positioned as a stunning embossed relief sculpture with dramatically raised textures catching ethereal white light against a deep indigo galaxy background scattered with twinkling stars, wearing a delicate silver crown adorned with tiny moonstones, accompanied by three gentle firefly spirits dancing playfully in the cool mist rising from the magical waters, the mystical elf-like bear gazes serenely into the distance with wise amber eyes, elegant posture radiating quiet confidence, embossed details revealing intricate swirling patterns on the fur suggesting the movement of cosmic wind, surrounded by floating petals of luminescent blossoms carried by an otherworldly breeze, soft kawaii style, horizontal composition 16:9, high quality illustration, detailed fur texture
[04:14:16] ComfyUI #5: 溪風熊 (浮雕) [1600x900]
[04:14:37]   已保存: 306-溪風熊.png
[04:14:37]   No.307 metadata: title=星雲熊, series=星星碎片系列, personality=我於海鷗物語中守護！圍棋的，陽光精靈。
[04:14:37]   MiniMax 產生 prompt: 星雲熊
[04:14:50]   prompt: A fluffy bear with soft fur in deep cosmic purples and blues sits beside a glowing campfire in a mountain clearing during a magical stargazing night, surrounded by digital glitch art distortion effects with scattered star fragments floating through the pixelated air, the bear holds a small fabric doll friend protectively while a curious orange cat paws at glowing embers and a cheerful human child points excitedly at shooting stars above, the scene filled with rainbow chromatic aberration and CRT scanline overlays creating an otherworldly adventure atmosphere with warm firelight contrasting against the cool nebula-colored night sky, soft kawaii style, horizontal composition 16:9, high quality illustration, detailed fur texture
[04:14:50] ComfyUI #6: 星雲熊 (故障藝術) [1600x900]
[04:15:10]   已保存: 307-星雲熊.png
[04:15:10] 共生成 6 張圖片於 /home/fjj04/bears/2026-07-22
[04:15:10] 
--- 步驟 5: 更新熊熊博物館 ---
[04:15:10] 已複製: 302-光星熊.png → /home/fjj04/my-bear-museum/bears/2026-07-22/302-光星熊.png
[04:15:11]   已生成縮圖: bears/2026-07-22/thumbs/302-光星熊-s.png, bears/2026-07-22/thumbs/302-光星熊-m.png
[04:15:11] 已複製: 303-月海熊.png → /home/fjj04/my-bear-museum/bears/2026-07-22/303-月海熊.png
[04:15:11]   已生成縮圖: bears/2026-07-22/thumbs/303-月海熊-s.png, bears/2026-07-22/thumbs/303-月海熊-m.png
[04:15:11] 已複製: 304-糖雲熊.png → /home/fjj04/my-bear-museum/bears/2026-07-22/304-糖雲熊.png
[04:15:11]   已生成縮圖: bears/2026-07-22/thumbs/304-糖雲熊-s.png, bears/2026-07-22/thumbs/304-糖雲熊-m.png
[04:15:11] 已複製: 305-魄光熊.png → /home/fjj04/my-bear-museum/bears/2026-07-22/305-魄光熊.png
[04:15:11]   已生成縮圖: bears/2026-07-22/thumbs/305-魄光熊-s.png, bears/2026-07-22/thumbs/305-魄光熊-m.png
[04:15:11] 已複製: 306-溪風熊.png → /home/fjj04/my-bear-museum/bears/2026-07-22/306-溪風熊.png
[04:15:11]   已生成縮圖: bears/2026-07-22/thumbs/306-溪風熊-s.png, bears/2026-07-22/thumbs/306-溪風熊-m.png
[04:15:11] 已複製: 307-星雲熊.png → /home/fjj04/my-bear-museum/bears/2026-07-22/307-星雲熊.png
[04:15:11]   已生成縮圖: bears/2026-07-22/thumbs/307-星雲熊-s.png, bears/2026-07-22/thumbs/307-星雲熊-m.png
[04:15:11] 已更新 bears.json
[04:15:11] 新增 6 隻熊熊
[04:15:11] 
--- 步驟 6: Git Commit ---
[04:15:20] Git push 完成
[04:15:20] 
--- 步驟 7: 部署到 Cloudflare Pages ---
[04:15:36] 
===== 完成 =====
[04:15:36] 到 https://kumaweb.pages.dev 觀看結果
