[04:10:41] ===== 熊熊每日配送計畫 =====
[04:10:41] 今日日期: 2026-08-09
[04:10:41] 暫存目錄: /home/fjj04/bears/2026-08-09
[04:10:41] 目的目錄: /home/fjj04/my-bear-museum/bears/2026-08-09
[04:10:41] 
--- 步驟 1: 檢查系統狀態 ---
[04:10:41] ComfyUI: ✓ 在線
[04:10:41] 
--- 步驟 2: 取得熊熊名字和風格 ---
[04:10:41] 熊熊: ['水晶熊', '潮光熊', '暖陽拾光者', '星光騎士', '星光拾光者', '月影魔法師']
[04:10:41] 風格: ['3D', '像素', '水彩', '油畫', '奇幻', '童趣']
[04:10:41] 
--- 步驟 3: 準備目錄 ---
[04:10:41] 
--- 步驟 4: 生成圖片 ---
[04:10:41] 配送計畫: ComfyUI 6 張 + MiniMax 0 張 （ComfyUI 在線）
[04:10:41]   No.417 metadata: title=水晶熊, series=精靈國度系列, personality=今天發現了勇氣之劍，想分享給你！驛站的，總是給身邊的人帶來幸福感。, conditions={'emotion': {'zh': '害羞微笑', 'en': 'smiling shyly'}}
[04:10:41]   MiniMax 產生 prompt: 水晶熊
[04:10:55]   prompt: A beautiful translucent crystal bear with shimmering rainbow-refracting fur stands in the center of a breathtaking magical underground cave, discovering an ancient golden sword of courage embedded in glowing magical crystal formations that illuminate the entire cavern with warm ethereal light, the crystal bear smiles shyly while proudly presenting the legendary sword to a tiny adorable teddy bear toy companion standing beside her, the small teddy bear looks up with wonder and admiration, surrounded by sparkling crystal pillars, luminescent mushrooms, floating magical particles, and cascading water droplets catching the light, creating a dreamy fantasy atmosphere in this elven kingdom adventure scene, 3D rendered with soft volumetric lighting, cinematic composition, gentle shadows, warm and cool color contrast highlighting the crystal textures, expressive character poses capturing the tender friendship moment between the two characters exploring together, soft kawaii style, horizontal composition 16:9, high quality illustration, detailed fur texture
[04:10:55] ComfyUI #1: 水晶熊 (3D) [1600x900]
[04:11:20]   已保存: 417-水晶熊.png
[04:11:20]   No.418 metadata: title=潮光熊, series=童話冒險系列, personality=我於杜鵑花開裡找到了美好！創意泉湧，熱愛探索未知。, conditions={'emotion': {'zh': '好奇張望', 'en': 'looking curious and excited'}}
[04:11:20]   MiniMax 產生 prompt: 潮光熊
[04:11:40]   prompt: In pixel art style, a luminous teal bear with shimmering iridescent fur rows a small wooden boat across a serene mountain lake surrounded by blooming pink and purple rhododendron flowers, gazing around with wide curious eyes filled with wonder and excitement about discovering this beautiful paradise. The bear's creative spirit shines as bright sunlight sparkles on the gentle waves, while a small orange tabby cat sits comfortably in the boat stretching one paw toward the water, a fluffy white rabbit peeks from a woven basket tucked beside the bear with twitching whiskers and perked ears, and a tiny fabric doll with rosy cheeks waves cheerfully from the bow of the boat. Soft golden afternoon light filters through the flower petals creating magical dappled patterns on the water surface, tiny golden fish swim beneath the crystal-clear lake casting dancing shadows, delicate dragonflies hover nearby, and the peaceful fairy tale atmosphere captures the essence of adventure and exploration with every detail rendered in charming pixel art technique, soft kawaii style, horizontal composition 16:9, high quality illustration, detailed fur texture
[04:11:40] ComfyUI #2: 潮光熊 (像素) [1600x900]
[04:12:00]   已保存: 418-潮光熊.png
[04:12:00]   No.419 metadata: title=拾光者, series=溫暖王國系列, personality=我用水彩風格描繪秋風送爽！快樂天使，幽默逗趣，帶來滿滿的溫暖與快樂。, conditions={'weather': {'zh': '下雨天', 'en': 'in the gentle rain'}}
[04:12:00]   MiniMax 產生 prompt: 暖陽拾光者
[04:12:17]   prompt: In a soft watercolor painting style, a cheerful golden-furred bear with a warm sunny disposition walks joyfully through an autumn meadow under gentle rainfall, wearing a colorful raincoat and holding a translucent yellow umbrella decorated with tiny sun patterns, while accompanied by a smiling human child in a duck-patterned raincoat and a fluffy teddy bear toy tucked in the child's backpack, their footprints creating rippling reflections in small puddles scattered across the golden and amber-colored grass, the raindrops creating delicate sparkles in the soft diffused light that filters through the clouds like a warm embrace, with fallen maple leaves floating on the breeze as the happy little friends laugh together spreading warmth and joy despite the rainy day, soft kawaii style, horizontal composition 16:9, high quality illustration, detailed fur texture
[04:12:17] ComfyUI #3: 暖陽拾光者 (水彩) [1600x900]
[04:12:37]   已保存: 419-暖陽拾光者.png
[04:12:37]   No.420 metadata: title=騎士, series=星光隧道系列, personality=我用油畫風格描繪雲開見日！香噴噴，活潑開朗，珍惜每一個美好的瞬間。, conditions={'time_of_day': {'zh': '黃昏', 'en': 'at sunset with orange sky'}, 'holiday': {'zh': '新年', 'en': 'celebrating New Year with confetti'}}
[04:12:37]   MiniMax 產生 prompt: 星光騎士
[04:12:50]   prompt: A magnificent oil painting depicting a brave little knight bear wearing shining silver armor adorned with tiny golden stars, standing proudly in the foreground of an enchanted mysterious forest at sunset with a warm orange sky painted with sweeping brushstrokes, golden sunlight filtering through ancient towering trees with lush green leaves, a cheerful little white rabbit companion hopping beside the knight bear looking up with curious bright eyes, colorful New Year confetti and festive red ribbons floating gently through the forest air celebrating the special holiday moment, the forest floor scattered with scattered flower petals and glowing fireflies creating a magical atmosphere, rich textured impasto technique visible in every brushstroke, dramatic lighting contrasting warm sunset tones against cool mysterious shadows, capturing the joyful adventurous spirit of friendship and treasuring every beautiful瞬间 in life, soft kawaii style, horizontal composition 16:9, high quality illustration, detailed fur texture
[04:12:50] ComfyUI #4: 星光騎士 (油畫) [1600x900]
[04:13:10]   已保存: 420-星光騎士.png
[04:13:10]   No.421 metadata: title=拾光者, series=精靈國度系列, personality=穩重可靠，熱愛暮色蒼茫。充滿好奇與勇氣。, conditions={'holiday': {'zh': '中秋節', 'en': 'during Mid-Autumn Festival with mooncakes'}, 'emotion': {'zh': '害羞微笑', 'en': 'smiling shyly'}}
[04:13:10]   MiniMax 產生 prompt: 星光拾光者
[04:13:33]   prompt: A majestic kawaii bear character with soft golden-brown fur and wise, gentle eyes stands proudly at a mountain campsite during the magical twilight of Mid-Autumn Festival, carefully holding a glowing mystical lantern that collects shimmering starlight and silvery moonbeams in crystal vials. The bear wears a cozy elven-inspired cape in deep twilight purple with constellation embroidery, displaying a shy yet serene smile as the first stars emerge in the gradient sky of deep indigo and warm amber. A small yellow duckling perches curiously on a nearby camping stool examining a plate of traditional mooncakes, a tiny teddy bear toy sits snugly in a miniature sleeping bag by the warm glow of a small campfire, and an orange tabby cat stretches playfully near scattered magical lanterns casting soft golden light across the clearing. The fantasy landscape features towering ancient trees with glowing fireflies swirling around branches, a luminous full moon rising over misty mountain peaks, and a starry night sky filled with twinkling constellations. The bear gazes upward with wonder and courage, the warm friendship between all companions evident as they share this peaceful adventure together, with small sparkles of collected starlight dancing in the air, soft kawaii style, horizontal composition 16:9, high quality illustration, detailed fur texture
[04:13:33] ComfyUI #5: 星光拾光者 (奇幻) [1600x900]
[04:13:53]   已保存: 421-星光拾光者.png
[04:13:53]   No.422 metadata: title=魔法師, series=光之物語系列, personality=我於香草布丁裡找到了美好！桂花金，熱愛探索未知。, conditions={'emotion': {'zh': '好奇張望', 'en': 'looking curious and excited'}}
[04:13:53]   MiniMax 產生 prompt: 月影魔法師
[04:14:08]   prompt: A charming magical bear cub with creamy golden fur and a small wizard hat adorned with twinkling stars stands in a whimsical meadow at golden hour, gazing around with wide curious eyes full of excitement as it playfully kicks a glowing soccer ball made of sparkles and stardust, while its beloved small fabric doll friend cheers from the sidelines with equal wonder, both characters radiating pure joy in a childlike illustration style with soft dreamy lighting and magical particles floating in the air around them, soft kawaii style, horizontal composition 16:9, high quality illustration, detailed fur texture
[04:14:08] ComfyUI #6: 月影魔法師 (童趣) [1600x900]
[04:14:28]   已保存: 422-月影魔法師.png
[04:14:28] 共生成 6 張圖片於 /home/fjj04/bears/2026-08-09
[04:14:28] 
--- 步驟 5: 更新熊熊博物館 ---
[04:14:28] 已複製: 417-水晶熊.png → /home/fjj04/my-bear-museum/bears/2026-08-09/417-水晶熊.png
[04:14:29]   已生成縮圖: bears/2026-08-09/thumbs/417-水晶熊-s.png, bears/2026-08-09/thumbs/417-水晶熊-m.png
[04:14:29] 已複製: 418-潮光熊.png → /home/fjj04/my-bear-museum/bears/2026-08-09/418-潮光熊.png
[04:14:29]   已生成縮圖: bears/2026-08-09/thumbs/418-潮光熊-s.png, bears/2026-08-09/thumbs/418-潮光熊-m.png
[04:14:29] 已複製: 419-暖陽拾光者.png → /home/fjj04/my-bear-museum/bears/2026-08-09/419-暖陽拾光者.png
[04:14:29]   已生成縮圖: bears/2026-08-09/thumbs/419-暖陽拾光者-s.png, bears/2026-08-09/thumbs/419-暖陽拾光者-m.png
[04:14:29] 已複製: 420-星光騎士.png → /home/fjj04/my-bear-museum/bears/2026-08-09/420-星光騎士.png
[04:14:29]   已生成縮圖: bears/2026-08-09/thumbs/420-星光騎士-s.png, bears/2026-08-09/thumbs/420-星光騎士-m.png
[04:14:29] 已複製: 421-星光拾光者.png → /home/fjj04/my-bear-museum/bears/2026-08-09/421-星光拾光者.png
[04:14:29]   已生成縮圖: bears/2026-08-09/thumbs/421-星光拾光者-s.png, bears/2026-08-09/thumbs/421-星光拾光者-m.png
[04:14:29] 已複製: 422-月影魔法師.png → /home/fjj04/my-bear-museum/bears/2026-08-09/422-月影魔法師.png
[04:14:29]   已生成縮圖: bears/2026-08-09/thumbs/422-月影魔法師-s.png, bears/2026-08-09/thumbs/422-月影魔法師-m.png
[04:14:29] 已更新 bears.json
[04:14:29] 新增 6 隻熊熊
[04:14:29] 
--- 步驟 6: Git Commit ---
[04:14:39] Git push 完成
[04:14:39] 
--- 步驟 7: 部署到 Cloudflare Pages ---
[04:14:55] 
===== 完成 =====
[04:14:55] 到 https://kumaweb.pages.dev 觀看結果
