[04:10:41] ===== 熊熊每日配送計畫 =====
[04:10:41] 今日日期: 2026-07-15
[04:10:41] 暫存目錄: /home/fjj04/bears/2026-07-15
[04:10:41] 目的目錄: /home/fjj04/my-bear-museum/bears/2026-07-15
[04:10:41] 
--- 步驟 1: 檢查系統狀態 ---
[04:10:41] ComfyUI: ✓ 在線
[04:10:41] 
--- 步驟 2: 取得熊熊名字和風格 ---
[04:10:41] 熊熊: ['露風熊', '彩霞使者', '海光熊', '月影熊', '星光熊', '心光熊']
[04:10:41] 風格: ['蒸汽朋克', '黏土', '水彩暈染', '紙雕', '織品', '玻璃馬賽克']
[04:10:41] 
--- 步驟 3: 準備目錄 ---
[04:10:41] 
--- 步驟 4: 生成圖片 ---
[04:10:41] 配送計畫: ComfyUI 6 張 + MiniMax 0 張 （ComfyUI 在線）
[04:10:41]   No.260 metadata: title=露風熊, series=奇幻鑰匙系列, personality=我在銀河九天中守護！忠誠善良，倒影的。
[04:10:41]   MiniMax 產生 prompt: 露風熊
[04:10:58]   prompt: A magnificent teddy bear guardian stands proudly atop an ornate brass airship observatory floating among the swirling cosmic clouds of the Milky Way galaxy, wearing Victorian steampunk attire with polished copper gears, intricate brass armor plates, weathered leather straps, and glowing amber goggles resting on its head, one paw resting gently on a fantastical glowing key that radiates magical starlight while the other paw reaches protectively toward a small child in a puffy coat and a tiny mechanical owl companion perched on the child's shoulder, all surrounded by ethereal spiraling nebulas, distant planets with Saturn-like rings, countless twinkling stars, and floating steampunk dirigibles with spinning propellers and steam billowing from brass smokestacks, the bear's reflective eyes showing the galaxy's mirror image as gentle cosmic dew settles on its fur, warm golden celestial light illuminating the scene with dramatic god rays piercing through the starfield, detailed steampunk mechanical textures with riveted metal panels and exposed clockwork mechanisms, majestic and mystical atmosphere celebrating loyalty and cosmic guardianship, soft kawaii style, horizontal composition 16:9, high quality illustration, detailed fur texture
[04:10:58] ComfyUI #1: 露風熊 (蒸汽朋克) [1600x900]
[04:11:18]   已保存: 260-露風熊.png
[04:11:18]   No.261 metadata: title=使者, series=王國物語系列, personality=我在蜂蜜堅果中跳舞！誠實可靠，柔情萬千。
[04:11:18]   MiniMax 產生 prompt: 彩霞使者
[04:11:49]   prompt: A delightful claymation-style teddy bear with soft, rounded features and colorful sunset-gradient fur in warm oranges, pinks, and soft purples, standing in a lush green meadow on a gentle hilltop under a bright blue sky dotted with fluffy white clouds, gently holding and playing with a long string connected to a large, vibrant rainbow-colored kite that soars and dances gracefully above, the kite's tail fluttering beautifully in the gentle breeze, while a cute small fabric doll friend with button eyes and a sweet embroidered smile rests happily on the bear's shoulder, both looking up at the colorful kite with pure joy and wonder, the warm golden sunlight of late afternoon casting a magical glow across the entire scene, casting soft shadows on the grass, with colorful wildflowers scattered throughout the meadow, creating a heartwarming moment of friendship, playfulness, and innocent adventure in this whimsical kingdom world, soft kawaii style, horizontal composition 16:9, high quality illustration, detailed fur texture
[04:11:49] ComfyUI #2: 彩霞使者 (黏土) [1600x900]
[04:12:09]   已保存: 261-彩霞使者.png
[04:12:09]   No.262 metadata: title=海光熊, series=彩虹盡頭系列, personality=低調奢華，熱愛香草冰淇淋。熱愛大自然的美好。
[04:12:09]   MiniMax 產生 prompt: 海光熊
[04:12:24]   prompt: A gentle sea light bear with luminous blue and teal fur that shimmers with subtle rainbow iridescence stands on a peaceful coastal shore at golden hour, holding a cone of creamy vanilla ice cream with delicate joy. Soft watercolor washes of coral pink and lavender blend across the sunset sky while gentle ocean waves catch the magical light, creating pools of gold and aquamarine on the wet sand. Beside the bear sits a small white rabbit companion, also enjoying vanilla ice cream, their ears twitching contentedly as they watch fireflies begin to sparkle above the horizon where sea meets sky. The scene captures a moment of quiet luxury and natural beauty, with warm sunlight casting a gentle glow across their peaceful faces, surrounded by seashells and wild beach flowers swaying in the sea breeze, dreamy and heartwarming, soft kawaii style, horizontal composition 16:9, high quality illustration, detailed fur texture
[04:12:24] ComfyUI #3: 海光熊 (水彩暈染) [1600x900]
[04:12:44]   已保存: 262-海光熊.png
[04:12:44]   No.263 metadata: title=月影熊, series=精靈舞會系列, personality=珍惜友誼，喜歡天際線美。充滿好奇與勇氣。
[04:12:44]   MiniMax 產生 prompt: 月影熊
[04:13:00]   prompt: A graceful moon shadow bear with soft silver and deep blue fur stands at a charming weekend outdoor market as golden hour light filters through paper lantern garlands, with her three beloved companions following close behind: a small worn teddy bear toy wearing a tiny backpack, an orange tabby cat sniffing at a flower stall, and a fluffy yellow duckling waddling excitedly between market stalls selling handmade crafts, fresh flowers, and warm baked goods. The scene is rendered in exquisite paper-cut art style with multiple translucent paper layers creating soft shadows and white edge highlights on every element, intricate cut-out details revealing market canopies and twinkling fairy lights in the background, and a dreamy sky gradient transitioning from warm sunset oranges to dusky purple moonlight above the market rooftops and distant city skyline. The bear gazes upward with wonder at the magical evening sky while her small friends cluster around her feet, their expressions filled with curiosity and joy, capturing the precious moment of cherished friendship exploring beautiful skylines together at a cozy weekend gathering, soft kawaii style, horizontal composition 16:9, high quality illustration, detailed fur texture
[04:13:00] ComfyUI #4: 月影熊 (紙雕) [1600x900]
[04:13:20]   已保存: 263-月影熊.png
[04:13:20]   No.264 metadata: title=星光熊, series=彩虹泡泡系列, personality=我於海浪輕柔裡找到了美好！大方慷慨，珍惜每一個綻放的瞬間。
[04:13:20]   MiniMax 產生 prompt: 星光熊
[04:13:48]   MiniMax prompt 不完整 (finish=length, len=0): ''，重試一次
[04:14:08]   prompt: A soft textile art illustration of a gentle starlight blue bear standing on a sandy beach at golden sunset, the bear wears a cozy knit sweater with rainbow stripes and has a warm, generous smile. Translucent rainbow bubbles float gently around the bear, catching the warm light of the fading sun. The gentle ocean waves lap softly at the shore, creating a peaceful and harmonious atmosphere. A fluffy little duckling plays nearby in the shallow water, chasing tiny foam bubbles and splashing joyfully. Small fabric flowers in pastel colors bloom along the shoreline, their textile petals soft and delicate. The sunset sky transitions from coral pink to lavender, with the first evening stars beginning to appear. The scene captures a moment of pure joy and gratitude, the bear and duckling sharing a beautiful connection as they treasure this magical blooming moment together. Created in a soft textile craft style with visible yarn-like textures, woven fabric patterns, and hand-embroidered details throughout, soft kawaii style, horizontal composition 16:9, high quality illustration, detailed fur texture
[04:14:08] ComfyUI #5: 星光熊 (織品) [1600x900]
[04:14:28]   已保存: 264-星光熊.png
[04:14:28]   No.265 metadata: title=心光熊, series=森林守護者系列, personality=我在貝殼收集中小憩！優雅脫俗，喜歡魔法。
[04:14:28]   MiniMax 產生 prompt: 心光熊
[04:14:46]   prompt: In a sun-dappled weekend market filled with colorful stalls draped in bunting and rustic wooden crates overflowing with treasures, a luminous brown bear with a radiant glowing heart pendant rests gracefully on a velvet cushion, surrounded by an exquisite collection of iridescent seashells in pinks, teals, and creams while magical sparkles drift from its chest, a fluffy white dog with floppy ears snuggled contentedly beside its feet, a tiny yellow duckling perched proudly on a nearby shelf examining a glittering shell, and a small embroidered fabric doll with button eyes sitting upright as if guarding the collection, their soft expressions reflecting the warm golden afternoon light streaming through the canopy of flowering vines above, creating a dreamy and enchanting scene rendered in stunning glass mosaic technique with tessellated tiles catching the light, jewel-like colors blending seamlessly, translucent fragments glowing with inner luminescence, capturing the bear's ethereal elegance and the magical friendship shared between these gentle companions exploring the charming market together, soft kawaii style, horizontal composition 16:9, high quality illustration, detailed fur texture
[04:14:46] ComfyUI #6: 心光熊 (玻璃馬賽克) [1600x900]
[04:15:06]   已保存: 265-心光熊.png
[04:15:06] 共生成 6 張圖片於 /home/fjj04/bears/2026-07-15
[04:15:06] 
--- 步驟 5: 更新熊熊博物館 ---
[04:15:06] 已複製: 260-露風熊.png → /home/fjj04/my-bear-museum/bears/2026-07-15/260-露風熊.png
[04:15:06]   已生成縮圖: bears/2026-07-15/thumbs/260-露風熊-s.png, bears/2026-07-15/thumbs/260-露風熊-m.png
[04:15:06] 已複製: 261-彩霞使者.png → /home/fjj04/my-bear-museum/bears/2026-07-15/261-彩霞使者.png
[04:15:06]   已生成縮圖: bears/2026-07-15/thumbs/261-彩霞使者-s.png, bears/2026-07-15/thumbs/261-彩霞使者-m.png
[04:15:06] 已複製: 262-海光熊.png → /home/fjj04/my-bear-museum/bears/2026-07-15/262-海光熊.png
[04:15:06]   已生成縮圖: bears/2026-07-15/thumbs/262-海光熊-s.png, bears/2026-07-15/thumbs/262-海光熊-m.png
[04:15:06] 已複製: 263-月影熊.png → /home/fjj04/my-bear-museum/bears/2026-07-15/263-月影熊.png
[04:15:06]   已生成縮圖: bears/2026-07-15/thumbs/263-月影熊-s.png, bears/2026-07-15/thumbs/263-月影熊-m.png
[04:15:06] 已複製: 264-星光熊.png → /home/fjj04/my-bear-museum/bears/2026-07-15/264-星光熊.png
[04:15:06]   已生成縮圖: bears/2026-07-15/thumbs/264-星光熊-s.png, bears/2026-07-15/thumbs/264-星光熊-m.png
[04:15:06] 已複製: 265-心光熊.png → /home/fjj04/my-bear-museum/bears/2026-07-15/265-心光熊.png
[04:15:06]   已生成縮圖: bears/2026-07-15/thumbs/265-心光熊-s.png, bears/2026-07-15/thumbs/265-心光熊-m.png
[04:15:06] 已更新 bears.json
[04:15:06] 新增 6 隻熊熊
[04:15:06] 
--- 步驟 6: Git Commit ---
[04:15:15] Git push 完成
[04:15:15] 
--- 步驟 7: 部署到 Cloudflare Pages ---
[04:15:31] 
===== 完成 =====
[04:15:31] 到 https://kumaweb.pages.dev 觀看結果
