[04:10:40] ===== 熊熊每日配送計畫 =====
[04:10:40] 今日日期: 2026-06-29
[04:10:40] 暫存目錄: /home/fjj04/bears/2026-06-29
[04:10:40] 目的目錄: /home/fjj04/my-bear-museum/bears/2026-06-29
[04:10:40] 
--- 步驟 1: 檢查系統狀態 ---
[04:10:45] ComfyUI: ✗ 離線
[04:10:45] 
--- 步驟 2: 取得熊熊名字和風格 ---
[04:10:45] 熊熊: ['極光熊', '霞月熊', '虹雲熊', '彩霞旅行者', '森夢熊', '森花熊']
[04:10:45] 風格: ['像素藝術', '表情包', '3D', '像素', '水彩', '油畫']
[04:10:45] 
--- 步驟 3: 準備目錄 ---
[04:10:45] 
--- 步驟 4: 生成圖片 ---
[04:10:45] 配送計畫: ComfyUI 6 張 + MiniMax 0 張 （ComfyUI 離線）
[04:10:45]   No.164 metadata: title=極光熊, series=勇氣之劍系列, personality=我用像素藝術風格描繪流星追蹤！樂觀開闊，低調奢華，熱愛大自然的美好。
[04:10:45]   MiniMax 產生 prompt: 極光熊
[04:10:57]   prompt: A brave little pixel art bear stands atop a crystalline mountain peak under a breathtaking aurora-lit sky, wearing a small glowing sword at its side. The night heavens shimmer with cascading ribbons of green, purple, and pink aurora borealis dancing across a star-filled sky as brilliant meteors streak past in luminous trails. Vibrant pixel-perfect details capture the creature's optimistic expression as it gazes upward with wonder, surrounded by floating magical particles and glowing flora that dots the mystical landscape below. The scene radiates low-key luxury through its rich color palette and enchanting natural beauty, with distant cosmic nebulae adding depth to this fantasy adventure moment, soft kawaii style, horizontal composition 16:9, high quality illustration, detailed fur texture
[04:10:57] MiniMax #1: 極光熊 (像素藝術) [16:9]
[04:11:14]   已保存: 164-極光熊.png
[04:11:14]   No.165 metadata: title=霞月熊, series=月之物語系列, personality=我於星月情話裡找到了美好！灑脫自在，熱愛探索未知。
[04:11:14]   MiniMax 產生 prompt: 霞月熊
[04:11:26]   prompt: A charming teddy bear with soft rosy-pink fur stands gracefully beneath a luminous full moon, surrounded by twinkling stars scattered across a dreamy twilight gradient sky transitioning from gentle coral to deep indigo, wearing a delicate crescent moon pendant that glows with soft silver light, its arms spread wide in a carefree pose as if embracing the infinite cosmos, with small cherry blossom petals drifting lazily through the starry air, the bear's eyes sparkle with wonder and excitement reflecting the celestial beauty above, magical sparkles and tiny glowing orbs float around the scene creating an ethereal atmosphere of romance and adventure, expressive friendly face with a joyful smile, rendered in a cute expression pack style with bold outlines and soft shading perfect for sticker format, soft kawaii style, horizontal composition 16:9, high quality illustration, detailed fur texture
[04:11:26] MiniMax #2: 霞月熊 (表情包) [16:9]
[04:11:52]   已保存: 165-霞月熊.png
[04:11:52]   No.166 metadata: title=虹雲熊, series=花之物語系列, personality=優雅得體，熱愛星月情話。帶來滿滿的溫暖與快樂。
[04:11:52]   MiniMax 產生 prompt: 虹雲熊
[04:12:02]   prompt: A majestic 3D rendered bear with soft rainbow gradient fur floats gently among floating flower petals in an enchanted twilight garden, its warm gentle expression radiating pure happiness as it gazes up at a luminous crescent moon surrounded by twinkling golden stars scattered across a dreamy pastel purple and pink gradient sky, delicate cherry blossoms and glowing magical flowers bloom all around while gentle sparkles and fireflies dance in the warm golden hour light, the elegant and graceful bear stands poised on a mossy stone surrounded by cascading wisteria vines creating a romantic fairytale atmosphere with volumetric soft lighting and dreamy bokeh effects in the background, soft kawaii style, horizontal composition 16:9, high quality illustration, detailed fur texture
[04:12:02] MiniMax #3: 虹雲熊 (3D) [16:9]
[04:12:20]   已保存: 166-虹雲熊.png
[04:12:20]   No.167 metadata: title=旅行者, series=童話王國系列, personality=低調奢華，喜歡花語心意。帶來滿滿的溫暖與快樂。
[04:12:20]   MiniMax 產生 prompt: 彩霞旅行者
[04:12:42]   prompt: A charming pixel art bear character with soft sunset-gradient fur transitioning from warm peach to gentle coral and lavender tones, wearing a cozy traveler's cape adorned with delicate floral embroidery representing heartfelt sentiments, standing on a winding stone path through a magical fairy tale kingdom meadow dotted with glowing luminescent flowers and floating flower petals drifting through a dreamy golden hour atmosphere, warm sunset light casting a luminous glow across the whimsical landscape scattered with tiny sparkling particles and colorful wispy clouds drifting across the twilight sky, the bear carries a small bouquet of fragrant wildflowers in its tiny paws, surrounded by scattered rose petals and ancient fairy tale mushrooms, the overall scene radiates warmth and gentle happiness with a nostalgic retro 16-bit aesthetic, soft kawaii style, horizontal composition 16:9, high quality illustration, detailed fur texture
[04:12:42] MiniMax #4: 彩霞旅行者 (像素) [16:9]
[04:13:00]   已保存: 167-彩霞旅行者.png
[04:13:00]   No.168 metadata: title=森夢熊, series=精靈翅膀系列, personality=今天發現了星光大道，想分享給你！低調奢華，充滿好奇與勇氣。
[04:13:00]   MiniMax 產生 prompt: 森夢熊
[04:13:17]   prompt: An enchanting forest bear with delicate translucent fairy wings stands in a magical woodland path, gazing up in wonder at a breathtaking starlight boulevard that winds through ancient glowing trees. Soft watercolor washes of deep forest greens and midnight blues create a dreamlike atmosphere, with golden stardust particles floating gently through the air. The little bear's expression radiates quiet confidence and adventurous curiosity as it discovers this hidden celestial pathway, its fur rendered in soft watercolor gradients that catch the magical starlight with understated luxury elegance, while luminous fireflies dance around moss-covered branches in this whimsical fairy tale setting, soft kawaii style, horizontal composition 16:9, high quality illustration, detailed fur texture
[04:13:17] MiniMax #5: 森夢熊 (水彩) [16:9]
[04:13:36]   已保存: 168-森夢熊.png
[04:13:37]   No.169 metadata: title=森花熊, series=花園仙子系列, personality=我於蓮花出淤泥中漫步！優雅從容，勇敢前進。
[04:13:37]   MiniMax 產生 prompt: 森花熊
[04:13:52]   prompt: A majestic yet adorable bear stands gracefully in a mystical garden pool, surrounded by blooming lotus flowers rising elegantly from the dark muddy water below, the bear's soft fur rendered in rich warm browns with delicate wildflowers woven through the fur like a crown, the entire scene painted in classical oil painting style with thick impasto brushstrokes, warm golden afternoon sunlight filtering through the enchanted forest canopy creating ethereal dappled light and shadow across the water's surface, magical sparkles of fairy dust floating gently in the air around the bear, the composition capturing the serene beauty of nature and the dignified spirit of emerging gracefully from challenging circumstances, lush green lily pads and pink lotus blossoms frame the central figure, soft reflections shimmer on the calm water creating a dreamlike atmosphere, soft kawaii style, horizontal composition 16:9, high quality illustration, detailed fur texture
[04:13:52] MiniMax #6: 森花熊 (油畫) [16:9]
[04:14:14]   已保存: 169-森花熊.png
[04:14:14] 共生成 6 張圖片於 /home/fjj04/bears/2026-06-29
[04:14:14] 
--- 步驟 5: 更新熊熊博物館 ---
[04:14:14] 已複製: 164-極光熊.png → /home/fjj04/my-bear-museum/bears/2026-06-29/164-極光熊.png
[04:14:14]   已生成縮圖: bears/2026-06-29/thumbs/164-極光熊-s.png, bears/2026-06-29/thumbs/164-極光熊-m.png
[04:14:14] 已複製: 165-霞月熊.png → /home/fjj04/my-bear-museum/bears/2026-06-29/165-霞月熊.png
[04:14:14]   已生成縮圖: bears/2026-06-29/thumbs/165-霞月熊-s.png, bears/2026-06-29/thumbs/165-霞月熊-m.png
[04:14:14] 已複製: 166-虹雲熊.png → /home/fjj04/my-bear-museum/bears/2026-06-29/166-虹雲熊.png
[04:14:14]   已生成縮圖: bears/2026-06-29/thumbs/166-虹雲熊-s.png, bears/2026-06-29/thumbs/166-虹雲熊-m.png
[04:14:14] 已複製: 167-彩霞旅行者.png → /home/fjj04/my-bear-museum/bears/2026-06-29/167-彩霞旅行者.png
[04:14:14]   已生成縮圖: bears/2026-06-29/thumbs/167-彩霞旅行者-s.png, bears/2026-06-29/thumbs/167-彩霞旅行者-m.png
[04:14:14] 已複製: 168-森夢熊.png → /home/fjj04/my-bear-museum/bears/2026-06-29/168-森夢熊.png
[04:14:14]   已生成縮圖: bears/2026-06-29/thumbs/168-森夢熊-s.png, bears/2026-06-29/thumbs/168-森夢熊-m.png
[04:14:14] 已複製: 169-森花熊.png → /home/fjj04/my-bear-museum/bears/2026-06-29/169-森花熊.png
[04:14:14]   已生成縮圖: bears/2026-06-29/thumbs/169-森花熊-s.png, bears/2026-06-29/thumbs/169-森花熊-m.png
[04:14:14] 已更新 bears.json
[04:14:14] 新增 6 隻熊熊
[04:14:14] 
--- 步驟 6: Git Commit ---
[04:14:19] Git push 完成
[04:14:19] 
--- 步驟 7: 部署到 Cloudflare Pages ---
[04:14:30] 
===== 完成 =====
[04:14:30] 到 https://kumaweb.pages.dev 觀看結果
