[04:00:43] ===== 喵時光每日配送計畫 =====
[04:00:43] 今日日期: 2026-06-26
[04:00:43] 暫存目錄: /home/fjj04/cats/2026-06-26
[04:00:43] 目的目錄: /home/fjj04/my-bear-museum/cats-images/2026-06-26
[04:00:43] 
--- 步驟 1: 檢查系統狀態 ---
[04:00:44] ComfyUI: ✓ 在線
[04:00:44] 
--- 步驟 2: 取得風格 ---
[04:00:44] 風格 (6): ['粉彩', '童趣蠟筆', '夜景霓虹', '古典素描', '紙雕', '玻璃馬賽克']
[04:00:44] 
--- 步驟 3: 準備配送項目 ---
[04:00:44]   罐罐1: cat_粉彩_20260626_01.jpg (橘貓/粉彩)
[04:00:44]   罐罐2: cat_童趣蠟筆_20260626_02.jpg (英國短毛貓/童趣蠟筆)
[04:00:44]   罐罐3: cat_夜景霓虹_20260626_03.jpg (美國短毛貓/夜景霓虹)
[04:00:44]   罐罐4: cat_古典素描_20260626_04.jpg (蘇格蘭摺耳貓/古典素描)
[04:00:44]   罐罐5: cat_紙雕_20260626_05.jpg (波斯貓/紙雕)
[04:00:44]   罐罐6: cat_玻璃馬賽_20260626_06.jpg (緬甸貓/玻璃馬賽克)
[04:00:44] 
--- 步驟 4: 生成圖片 ---
[04:00:44] 配送計畫: ComfyUI 6 張 + MiniMax 0 張 （ComfyUI 在線）
[04:00:44]   MiniMax 產生 prompt: 橘貓的日常 (single)
[04:00:52]   MiniMax prompt 生成失敗: MiniMax chat 回傳空 prompt，使用 fallback
[04:00:52]   prompt (fallback): A cute adorable orange tabby cat with fluffy orange fur, 橘貓的日常, 日常 mode, scene: 粉彩, 粉彩 art style, dreamy atmosphere, soft kawaii style, cute cat illustration, high quality illustration, detailed fur texture
[04:00:52] ComfyUI #1: 橘貓的日常 (粉彩) [1024x1024]
[04:01:07]   已保存: cat_粉彩_20260626_01.jpg
[04:01:07]   MiniMax 產生 prompt: 英國短毛貓的日常 (single)
[04:01:16]   MiniMax prompt 生成失敗: MiniMax chat 回傳空 prompt，使用 fallback
[04:01:16]   prompt (fallback): A cute adorable British Shorthair with round face and dense blue-grey coat, 英國短毛貓的日常, 日常 mode, scene: 童趣蠟筆, 童趣蠟筆 art style, dreamy atmosphere, soft kawaii style, cute cat illustration, high quality illustration, detailed fur texture
[04:01:16] ComfyUI #2: 英國短毛貓的日常 (童趣蠟筆) [1024x1024]
[04:01:31]   已保存: cat_童趣蠟筆_20260626_02.jpg
[04:01:31]   MiniMax 產生 prompt: 美國短毛貓的日常 (single)
[04:01:43]   MiniMax prompt 生成失敗: MiniMax chat 回傳空 prompt，使用 fallback
[04:01:43]   prompt (fallback): A cute adorable American Shorthair with classic tabby markings and robust body, 美國短毛貓的日常, 日常 mode, scene: 夜景霓虹, 夜景霓虹 art style, dreamy atmosphere, soft kawaii style, cute cat illustration, high quality illustration, detailed fur texture
[04:01:43] ComfyUI #3: 美國短毛貓的日常 (夜景霓虹) [1024x1024]
[04:01:58]   已保存: cat_夜景霓虹_20260626_03.jpg
[04:01:58]   MiniMax 產生 prompt: 蘇格蘭摺耳貓的日常 (single)
[04:02:06]   MiniMax prompt 生成失敗: MiniMax chat 回傳空 prompt，使用 fallback
[04:02:06]   prompt (fallback): A cute adorable Scottish Fold with folded ears and round face, 蘇格蘭摺耳貓的日常, 日常 mode, scene: 古典素描, 古典素描 art style, dreamy atmosphere, soft kawaii style, cute cat illustration, high quality illustration, detailed fur texture
[04:02:06] ComfyUI #4: 蘇格蘭摺耳貓的日常 (古典素描) [1024x1024]
[04:02:21]   已保存: cat_古典素描_20260626_04.jpg
[04:02:21]   MiniMax 產生 prompt: 波斯貓的日常 (single)
[04:02:29]   MiniMax prompt 生成失敗: MiniMax chat 回傳空 prompt，使用 fallback
[04:02:29]   prompt (fallback): A cute adorable Persian with long fluffy white fur and flat face, 波斯貓的日常, 日常 mode, scene: 紙雕, 紙雕 art style, dreamy atmosphere, soft kawaii style, cute cat illustration, high quality illustration, detailed fur texture
[04:02:29] ComfyUI #5: 波斯貓的日常 (紙雕) [1024x1024]
[04:02:44]   已保存: cat_紙雕_20260626_05.jpg
[04:02:44]   MiniMax 產生 prompt: 緬甸貓的日常 (single)
[04:02:54]   MiniMax prompt 生成失敗: MiniMax chat 回傳空 prompt，使用 fallback
[04:02:54]   prompt (fallback): A cute adorable Burmese with sleek dark brown coat and golden eyes, 緬甸貓的日常, 日常 mode, scene: 玻璃馬賽克, 玻璃馬賽克 art style, dreamy atmosphere, soft kawaii style, cute cat illustration, high quality illustration, detailed fur texture
[04:02:54] ComfyUI #6: 緬甸貓的日常 (玻璃馬賽克) [1024x1024]
[04:03:10]   已保存: cat_玻璃馬賽_20260626_06.jpg
[04:03:10] 共生成 6 張圖片於 /home/fjj04/cats/2026-06-26
[04:03:10] 
--- 步驟 5: 更新喵時光 ---
[04:03:10] 已複製: cat_粉彩_20260626_01.jpg → /home/fjj04/my-bear-museum/cats-images/2026-06-26/cat_粉彩_20260626_01.jpg
[04:03:10]   縮圖: 2026-06-26/thumbs/cat_粉彩_20260626_01-m.jpg
[04:03:10] 已複製: cat_童趣蠟筆_20260626_02.jpg → /home/fjj04/my-bear-museum/cats-images/2026-06-26/cat_童趣蠟筆_20260626_02.jpg
[04:03:10]   縮圖: 2026-06-26/thumbs/cat_童趣蠟筆_20260626_02-m.jpg
[04:03:10] 已複製: cat_夜景霓虹_20260626_03.jpg → /home/fjj04/my-bear-museum/cats-images/2026-06-26/cat_夜景霓虹_20260626_03.jpg
[04:03:10]   縮圖: 2026-06-26/thumbs/cat_夜景霓虹_20260626_03-m.jpg
[04:03:10] 已複製: cat_古典素描_20260626_04.jpg → /home/fjj04/my-bear-museum/cats-images/2026-06-26/cat_古典素描_20260626_04.jpg
[04:03:10]   縮圖: 2026-06-26/thumbs/cat_古典素描_20260626_04-m.jpg
[04:03:10] 已複製: cat_紙雕_20260626_05.jpg → /home/fjj04/my-bear-museum/cats-images/2026-06-26/cat_紙雕_20260626_05.jpg
[04:03:10]   縮圖: 2026-06-26/thumbs/cat_紙雕_20260626_05-m.jpg
[04:03:10] 已複製: cat_玻璃馬賽_20260626_06.jpg → /home/fjj04/my-bear-museum/cats-images/2026-06-26/cat_玻璃馬賽_20260626_06.jpg
[04:03:10]   縮圖: 2026-06-26/thumbs/cat_玻璃馬賽_20260626_06-m.jpg
[04:03:10] 已更新 cats.json
[04:03:10] 新增 6 筆記錄
[04:03:10] 
--- 步驟 6: Git Commit ---
[04:03:17] Git push 完成
[04:03:17] 
--- 步驟 7: 部署到 Cloudflare Pages ---
[04:03:32] 
===== 完成 =====
[04:03:32] 到 https://kumaweb.pages.dev/meow/ 觀看結果
