[04:00:30] ===== 喵時光每日配送計畫 =====
[04:00:30] 今日日期: 2026-06-22
[04:00:30] 暫存目錄: /home/fjj04/cats/2026-06-22
[04:00:30] 目的目錄: /home/fjj04/my-bear-museum/cats-images/2026-06-22
[04:00:30] 
--- 步驟 1: 檢查系統狀態 ---
[04:00:30] ComfyUI: ✓ 在線
[04:00:30] 
--- 步驟 2: 取得風格 ---
[04:00:30] 風格 (6): ['夜景霓虹', '古典素描', '紙雕', '玻璃馬賽克', '水彩', '油畫']
[04:00:30] 
--- 步驟 3: 準備配送項目 ---
[04:00:30]   罐罐1: cat_夜景霓虹_20260622_01.jpg (橘貓/夜景霓虹)
[04:00:30]   罐罐2: cat_古典素描_20260622_02.jpg (英國短毛貓/古典素描)
[04:00:30]   罐罐3: cat_紙雕_20260622_03.jpg (美國短毛貓/紙雕)
[04:00:30]   罐罐4: cat_玻璃馬賽_20260622_04.jpg (蘇格蘭摺耳貓/玻璃馬賽克)
[04:00:30]   罐罐5: cat_水彩_20260622_05.jpg (波斯貓/水彩)
[04:00:30]   罐罐6: cat_油畫_20260622_06.jpg (緬甸貓/油畫)
[04:00:30] 
--- 步驟 4: 生成圖片 ---
[04:00:30] 配送計畫: ComfyUI 6 張 + MiniMax 0 張 （ComfyUI 在線）
[04:00:30]   MiniMax 產生 prompt: 橘貓的日常 (single)
[04:00:41]   MiniMax prompt 生成失敗: MiniMax chat 回傳空 prompt，使用 fallback
[04:00:41]   prompt (fallback): A cute adorable orange tabby cat with fluffy orange fur, 橘貓的日常, 日常 mode, scene: 夜景霓虹, 夜景霓虹 art style, dreamy atmosphere, soft kawaii style, cute cat illustration, high quality illustration, detailed fur texture
[04:00:41] ComfyUI #1: 橘貓的日常 (夜景霓虹) [1024x1024]
[04:00:57]   已保存: cat_夜景霓虹_20260622_01.jpg
[04:00:57]   MiniMax 產生 prompt: 英國短毛貓的日常 (single)
[04:01:07]   MiniMax prompt 生成失敗: MiniMax chat 回傳空 prompt，使用 fallback
[04:01:07]   prompt (fallback): A cute adorable British Shorthair with round face and dense blue-grey coat, 英國短毛貓的日常, 日常 mode, scene: 古典素描, 古典素描 art style, dreamy atmosphere, soft kawaii style, cute cat illustration, high quality illustration, detailed fur texture
[04:01:07] ComfyUI #2: 英國短毛貓的日常 (古典素描) [1024x1024]
[04:01:22]   已保存: cat_古典素描_20260622_02.jpg
[04:01:22]   MiniMax 產生 prompt: 美國短毛貓的日常 (single)
[04:01:32]   MiniMax prompt 生成失敗: MiniMax chat 回傳空 prompt，使用 fallback
[04:01:32]   prompt (fallback): A cute adorable American Shorthair with classic tabby markings and robust body, 美國短毛貓的日常, 日常 mode, scene: 紙雕, 紙雕 art style, dreamy atmosphere, soft kawaii style, cute cat illustration, high quality illustration, detailed fur texture
[04:01:32] ComfyUI #3: 美國短毛貓的日常 (紙雕) [1024x1024]
[04:01:47]   已保存: cat_紙雕_20260622_03.jpg
[04:01:47]   MiniMax 產生 prompt: 蘇格蘭摺耳貓的日常 (single)
[04:01:56]   MiniMax prompt 生成失敗: MiniMax chat 回傳空 prompt，使用 fallback
[04:01:56]   prompt (fallback): A cute adorable Scottish Fold with folded ears and round face, 蘇格蘭摺耳貓的日常, 日常 mode, scene: 玻璃馬賽克, 玻璃馬賽克 art style, dreamy atmosphere, soft kawaii style, cute cat illustration, high quality illustration, detailed fur texture
[04:01:56] ComfyUI #4: 蘇格蘭摺耳貓的日常 (玻璃馬賽克) [1024x1024]
[04:02:11]   已保存: cat_玻璃馬賽_20260622_04.jpg
[04:02:11]   MiniMax 產生 prompt: 波斯貓的日常 (single)
[04:02:16]   MiniMax prompt 生成失敗: MiniMax chat 回傳空 prompt，使用 fallback
[04:02:16]   prompt (fallback): A cute adorable Persian with long fluffy white fur and flat face, 波斯貓的日常, 日常 mode, scene: 水彩, 水彩 art style, dreamy atmosphere, soft kawaii style, cute cat illustration, high quality illustration, detailed fur texture
[04:02:16] ComfyUI #5: 波斯貓的日常 (水彩) [1024x1024]
[04:02:31]   已保存: cat_水彩_20260622_05.jpg
[04:02:31]   MiniMax 產生 prompt: 緬甸貓的日常 (single)
[04:02:43]   MiniMax prompt 生成失敗: MiniMax chat 回傳空 prompt，使用 fallback
[04:02:43]   prompt (fallback): A cute adorable Burmese with sleek dark brown coat and golden eyes, 緬甸貓的日常, 日常 mode, scene: 油畫, 油畫 art style, dreamy atmosphere, soft kawaii style, cute cat illustration, high quality illustration, detailed fur texture
[04:02:43] ComfyUI #6: 緬甸貓的日常 (油畫) [1024x1024]
[04:02:58]   已保存: cat_油畫_20260622_06.jpg
[04:02:58] 共生成 6 張圖片於 /home/fjj04/cats/2026-06-22
[04:02:58] 
--- 步驟 5: 更新喵時光 ---
[04:02:58] 已複製: cat_夜景霓虹_20260622_01.jpg → /home/fjj04/my-bear-museum/cats-images/2026-06-22/cat_夜景霓虹_20260622_01.jpg
[04:02:58]   縮圖: 2026-06-22/thumbs/cat_夜景霓虹_20260622_01-m.jpg
[04:02:58] 已複製: cat_古典素描_20260622_02.jpg → /home/fjj04/my-bear-museum/cats-images/2026-06-22/cat_古典素描_20260622_02.jpg
[04:02:58]   縮圖: 2026-06-22/thumbs/cat_古典素描_20260622_02-m.jpg
[04:02:58] 已複製: cat_紙雕_20260622_03.jpg → /home/fjj04/my-bear-museum/cats-images/2026-06-22/cat_紙雕_20260622_03.jpg
[04:02:58]   縮圖: 2026-06-22/thumbs/cat_紙雕_20260622_03-m.jpg
[04:02:58] 已複製: cat_玻璃馬賽_20260622_04.jpg → /home/fjj04/my-bear-museum/cats-images/2026-06-22/cat_玻璃馬賽_20260622_04.jpg
[04:02:58]   縮圖: 2026-06-22/thumbs/cat_玻璃馬賽_20260622_04-m.jpg
[04:02:58] 已複製: cat_水彩_20260622_05.jpg → /home/fjj04/my-bear-museum/cats-images/2026-06-22/cat_水彩_20260622_05.jpg
[04:02:58]   縮圖: 2026-06-22/thumbs/cat_水彩_20260622_05-m.jpg
[04:02:58] 已複製: cat_油畫_20260622_06.jpg → /home/fjj04/my-bear-museum/cats-images/2026-06-22/cat_油畫_20260622_06.jpg
[04:02:58]   縮圖: 2026-06-22/thumbs/cat_油畫_20260622_06-m.jpg
[04:02:58] 已更新 cats.json
[04:02:58] 新增 6 筆記錄
[04:02:58] 
--- 步驟 6: Git Commit ---
[04:03:05] Git push 完成
[04:03:05] 
--- 步驟 7: 部署到 Cloudflare Pages ---
[04:03:19] 
===== 完成 =====
[04:03:19] 到 https://kumaweb.pages.dev/meow/ 觀看結果
