[04:01:06] ===== 喵時光每日配送計畫 =====
[04:01:06] 今日日期: 2026-06-24
[04:01:06] 暫存目錄: /home/fjj04/cats/2026-06-24
[04:01:06] 目的目錄: /home/fjj04/my-bear-museum/cats-images/2026-06-24
[04:01:06] 
--- 步驟 1: 檢查系統狀態 ---
[04:01:06] ComfyUI: ✓ 在線
[04:01:06] 
--- 步驟 2: 取得風格 ---
[04:01:06] 風格 (6): ['童趣蠟筆', '夜景霓虹', '古典素描', '紙雕', '玻璃馬賽克', '水彩']
[04:01:06] 
--- 步驟 3: 準備配送項目 ---
[04:01:06]   罐罐1: cat_童趣蠟筆_20260624_01.jpg (橘貓/童趣蠟筆)
[04:01:06]   罐罐2: cat_夜景霓虹_20260624_02.jpg (英國短毛貓/夜景霓虹)
[04:01:06]   罐罐3: cat_古典素描_20260624_03.jpg (美國短毛貓/古典素描)
[04:01:06]   罐罐4: cat_紙雕_20260624_04.jpg (蘇格蘭摺耳貓/紙雕)
[04:01:06]   罐罐5: cat_玻璃馬賽_20260624_05.jpg (波斯貓/玻璃馬賽克)
[04:01:06]   罐罐6: cat_水彩_20260624_06.jpg (緬甸貓/水彩)
[04:01:06] 
--- 步驟 4: 生成圖片 ---
[04:01:06] 配送計畫: ComfyUI 6 張 + MiniMax 0 張 （ComfyUI 在線）
[04:01:06]   MiniMax 產生 prompt: 橘貓的日常 (single)
[04:01:15]   MiniMax prompt 生成失敗: MiniMax chat 回傳空 prompt，使用 fallback
[04:01:15]   prompt (fallback): A cute adorable orange tabby cat with fluffy orange fur, 橘貓的日常, 日常 mode, scene: 童趣蠟筆, 童趣蠟筆 art style, dreamy atmosphere, soft kawaii style, cute cat illustration, high quality illustration, detailed fur texture
[04:01:15] ComfyUI #1: 橘貓的日常 (童趣蠟筆) [1024x1024]
[04:01:40]   已保存: cat_童趣蠟筆_20260624_01.jpg
[04:01:40]   MiniMax 產生 prompt: 英國短毛貓的日常 (single)
[04:01:49]   MiniMax prompt 生成失敗: MiniMax chat 回傳空 prompt，使用 fallback
[04:01:49]   prompt (fallback): A cute adorable British Shorthair with round face and dense blue-grey coat, 英國短毛貓的日常, 日常 mode, scene: 夜景霓虹, 夜景霓虹 art style, dreamy atmosphere, soft kawaii style, cute cat illustration, high quality illustration, detailed fur texture
[04:01:49] ComfyUI #2: 英國短毛貓的日常 (夜景霓虹) [1024x1024]
[04:02:04]   已保存: cat_夜景霓虹_20260624_02.jpg
[04:02:04]   MiniMax 產生 prompt: 美國短毛貓的日常 (single)
[04:02:13]   MiniMax prompt 生成失敗: MiniMax chat 回傳空 prompt，使用 fallback
[04:02:13]   prompt (fallback): A cute adorable American Shorthair with classic tabby markings and robust body, 美國短毛貓的日常, 日常 mode, scene: 古典素描, 古典素描 art style, dreamy atmosphere, soft kawaii style, cute cat illustration, high quality illustration, detailed fur texture
[04:02:13] ComfyUI #3: 美國短毛貓的日常 (古典素描) [1024x1024]
[04:02:28]   已保存: cat_古典素描_20260624_03.jpg
[04:02:28]   MiniMax 產生 prompt: 蘇格蘭摺耳貓的日常 (single)
[04:02:36]   MiniMax prompt 生成失敗: MiniMax chat 回傳空 prompt，使用 fallback
[04:02:36]   prompt (fallback): A cute adorable Scottish Fold with folded ears and round face, 蘇格蘭摺耳貓的日常, 日常 mode, scene: 紙雕, 紙雕 art style, dreamy atmosphere, soft kawaii style, cute cat illustration, high quality illustration, detailed fur texture
[04:02:36] ComfyUI #4: 蘇格蘭摺耳貓的日常 (紙雕) [1024x1024]
[04:02:51]   已保存: cat_紙雕_20260624_04.jpg
[04:02:51]   MiniMax 產生 prompt: 波斯貓的日常 (single)
[04:02:59]   MiniMax prompt 生成失敗: MiniMax chat 回傳空 prompt，使用 fallback
[04:02:59]   prompt (fallback): A cute adorable Persian with long fluffy white fur and flat face, 波斯貓的日常, 日常 mode, scene: 玻璃馬賽克, 玻璃馬賽克 art style, dreamy atmosphere, soft kawaii style, cute cat illustration, high quality illustration, detailed fur texture
[04:02:59] ComfyUI #5: 波斯貓的日常 (玻璃馬賽克) [1024x1024]
[04:03:15]   已保存: cat_玻璃馬賽_20260624_05.jpg
[04:03:15]   MiniMax 產生 prompt: 緬甸貓的日常 (single)
[04:03:22]   MiniMax prompt 生成失敗: MiniMax chat 回傳空 prompt，使用 fallback
[04:03:22]   prompt (fallback): A cute adorable Burmese with sleek dark brown coat and golden eyes, 緬甸貓的日常, 日常 mode, scene: 水彩, 水彩 art style, dreamy atmosphere, soft kawaii style, cute cat illustration, high quality illustration, detailed fur texture
[04:03:22] ComfyUI #6: 緬甸貓的日常 (水彩) [1024x1024]
[04:03:37]   已保存: cat_水彩_20260624_06.jpg
[04:03:37] 共生成 6 張圖片於 /home/fjj04/cats/2026-06-24
[04:03:37] 
--- 步驟 5: 更新喵時光 ---
[04:03:37] 已複製: cat_童趣蠟筆_20260624_01.jpg → /home/fjj04/my-bear-museum/cats-images/2026-06-24/cat_童趣蠟筆_20260624_01.jpg
[04:03:37]   縮圖: 2026-06-24/thumbs/cat_童趣蠟筆_20260624_01-m.jpg
[04:03:37] 已複製: cat_夜景霓虹_20260624_02.jpg → /home/fjj04/my-bear-museum/cats-images/2026-06-24/cat_夜景霓虹_20260624_02.jpg
[04:03:37]   縮圖: 2026-06-24/thumbs/cat_夜景霓虹_20260624_02-m.jpg
[04:03:37] 已複製: cat_古典素描_20260624_03.jpg → /home/fjj04/my-bear-museum/cats-images/2026-06-24/cat_古典素描_20260624_03.jpg
[04:03:37]   縮圖: 2026-06-24/thumbs/cat_古典素描_20260624_03-m.jpg
[04:03:37] 已複製: cat_紙雕_20260624_04.jpg → /home/fjj04/my-bear-museum/cats-images/2026-06-24/cat_紙雕_20260624_04.jpg
[04:03:37]   縮圖: 2026-06-24/thumbs/cat_紙雕_20260624_04-m.jpg
[04:03:37] 已複製: cat_玻璃馬賽_20260624_05.jpg → /home/fjj04/my-bear-museum/cats-images/2026-06-24/cat_玻璃馬賽_20260624_05.jpg
[04:03:37]   縮圖: 2026-06-24/thumbs/cat_玻璃馬賽_20260624_05-m.jpg
[04:03:37] 已複製: cat_水彩_20260624_06.jpg → /home/fjj04/my-bear-museum/cats-images/2026-06-24/cat_水彩_20260624_06.jpg
[04:03:37]   縮圖: 2026-06-24/thumbs/cat_水彩_20260624_06-m.jpg
[04:03:37] 已更新 cats.json
[04:03:37] 新增 6 筆記錄
[04:03:37] 
--- 步驟 6: Git Commit ---
[04:03:44] Git push 完成
[04:03:44] 
--- 步驟 7: 部署到 Cloudflare Pages ---
[04:03:58] 
===== 完成 =====
[04:03:58] 到 https://kumaweb.pages.dev/meow/ 觀看結果
