[04:01:05] ===== 喵時光每日配送計畫 =====
[04:01:05] 今日日期: 2026-06-19
[04:01:05] 暫存目錄: /home/fjj04/cats/2026-06-19
[04:01:05] 目的目錄: /home/fjj04/my-bear-museum/cats-images/2026-06-19
[04:01:05] 
--- 步驟 1: 檢查系統狀態 ---
[04:01:05] ComfyUI: ✓ 在線
[04:01:05] 
--- 步驟 2: 取得風格 ---
[04:01:05] 風格 (6): ['和風浮世繪', '復古童話', '薄霧水彩', '粉彩', '童趣蠟筆', '夜景霓虹']
[04:01:05] 
--- 步驟 3: 準備配送項目 ---
[04:01:05]   罐罐1: cat_和風浮世_20260619_01.jpg (橘貓/和風浮世繪)
[04:01:05]   罐罐2: cat_復古童話_20260619_02.jpg (英國短毛貓/復古童話)
[04:01:05]   罐罐3: cat_薄霧水彩_20260619_03.jpg (美國短毛貓/薄霧水彩)
[04:01:05]   罐罐4: cat_粉彩_20260619_04.jpg (蘇格蘭摺耳貓/粉彩)
[04:01:05]   罐罐5: cat_童趣蠟筆_20260619_05.jpg (波斯貓/童趣蠟筆)
[04:01:05]   罐罐6: cat_夜景霓虹_20260619_06.jpg (緬甸貓/夜景霓虹)
[04:01:05] 
--- 步驟 4: 生成圖片 ---
[04:01:05] 配送計畫: ComfyUI 6 張 + MiniMax 0 張 （ComfyUI 在線）
[04:01:05]   MiniMax 產生 prompt: 橘貓的日常 (single)
[04:01:14]   MiniMax prompt 生成失敗: MiniMax chat 回傳空 prompt，使用 fallback
[04:01:14]   prompt (fallback): A cute adorable orange tabby cat with fluffy orange fur, 橘貓的日常, 日常 mode, scene: 和風浮世繪, 和風浮世繪 art style, dreamy atmosphere, soft kawaii style, cute cat illustration, high quality illustration, detailed fur texture
[04:01:14] ComfyUI #1: 橘貓的日常 (和風浮世繪) [1024x1024]
[04:01:29]   已保存: cat_和風浮世_20260619_01.jpg
[04:01:29]   MiniMax 產生 prompt: 英國短毛貓的日常 (single)
[04:01:38]   MiniMax prompt 生成失敗: MiniMax chat 回傳空 prompt，使用 fallback
[04:01:38]   prompt (fallback): A cute adorable British Shorthair with round face and dense blue-grey coat, 英國短毛貓的日常, 日常 mode, scene: 復古童話, 復古童話 art style, dreamy atmosphere, soft kawaii style, cute cat illustration, high quality illustration, detailed fur texture
[04:01:38] ComfyUI #2: 英國短毛貓的日常 (復古童話) [1024x1024]
[04:01:53]   已保存: cat_復古童話_20260619_02.jpg
[04:01:53]   MiniMax 產生 prompt: 美國短毛貓的日常 (single)
[04:02:00]   MiniMax prompt 生成失敗: MiniMax chat 回傳空 prompt，使用 fallback
[04:02:00]   prompt (fallback): A cute adorable American Shorthair with classic tabby markings and robust body, 美國短毛貓的日常, 日常 mode, scene: 薄霧水彩, 薄霧水彩 art style, dreamy atmosphere, soft kawaii style, cute cat illustration, high quality illustration, detailed fur texture
[04:02:00] ComfyUI #3: 美國短毛貓的日常 (薄霧水彩) [1024x1024]
[04:02:15]   已保存: cat_薄霧水彩_20260619_03.jpg
[04:02:15]   MiniMax 產生 prompt: 蘇格蘭摺耳貓的日常 (single)
[04:02:24]   MiniMax prompt 生成失敗: MiniMax chat 回傳空 prompt，使用 fallback
[04:02:24]   prompt (fallback): A cute adorable Scottish Fold with folded ears and round face, 蘇格蘭摺耳貓的日常, 日常 mode, scene: 粉彩, 粉彩 art style, dreamy atmosphere, soft kawaii style, cute cat illustration, high quality illustration, detailed fur texture
[04:02:24] ComfyUI #4: 蘇格蘭摺耳貓的日常 (粉彩) [1024x1024]
[04:02:39]   已保存: cat_粉彩_20260619_04.jpg
[04:02:39]   MiniMax 產生 prompt: 波斯貓的日常 (single)
[04:02:49]   MiniMax prompt 生成失敗: MiniMax chat 回傳空 prompt，使用 fallback
[04:02:49]   prompt (fallback): A cute adorable Persian with long fluffy white fur and flat face, 波斯貓的日常, 日常 mode, scene: 童趣蠟筆, 童趣蠟筆 art style, dreamy atmosphere, soft kawaii style, cute cat illustration, high quality illustration, detailed fur texture
[04:02:49] ComfyUI #5: 波斯貓的日常 (童趣蠟筆) [1024x1024]
[04:03:04]   已保存: cat_童趣蠟筆_20260619_05.jpg
[04:03:04]   MiniMax 產生 prompt: 緬甸貓的日常 (single)
[04:03:17]   MiniMax prompt 生成失敗: MiniMax chat 回傳空 prompt，使用 fallback
[04:03:17]   prompt (fallback): A cute adorable Burmese with sleek dark brown coat and golden eyes, 緬甸貓的日常, 日常 mode, scene: 夜景霓虹, 夜景霓虹 art style, dreamy atmosphere, soft kawaii style, cute cat illustration, high quality illustration, detailed fur texture
[04:03:17] ComfyUI #6: 緬甸貓的日常 (夜景霓虹) [1024x1024]
[04:03:32]   已保存: cat_夜景霓虹_20260619_06.jpg
[04:03:32] 共生成 6 張圖片於 /home/fjj04/cats/2026-06-19
[04:03:32] 
--- 步驟 5: 更新喵時光 ---
[04:03:32] 已複製: cat_和風浮世_20260619_01.jpg → /home/fjj04/my-bear-museum/cats-images/2026-06-19/cat_和風浮世_20260619_01.jpg
[04:03:32]   縮圖: /home/fjj04/my-bear-museum/cats-images/2026-06-19/thumbs/cat_和風浮世_20260619_01-m.jpg
[04:03:32] 已複製: cat_復古童話_20260619_02.jpg → /home/fjj04/my-bear-museum/cats-images/2026-06-19/cat_復古童話_20260619_02.jpg
[04:03:32]   縮圖: /home/fjj04/my-bear-museum/cats-images/2026-06-19/thumbs/cat_復古童話_20260619_02-m.jpg
[04:03:32] 已複製: cat_薄霧水彩_20260619_03.jpg → /home/fjj04/my-bear-museum/cats-images/2026-06-19/cat_薄霧水彩_20260619_03.jpg
[04:03:32]   縮圖: /home/fjj04/my-bear-museum/cats-images/2026-06-19/thumbs/cat_薄霧水彩_20260619_03-m.jpg
[04:03:32] 已複製: cat_粉彩_20260619_04.jpg → /home/fjj04/my-bear-museum/cats-images/2026-06-19/cat_粉彩_20260619_04.jpg
[04:03:32]   縮圖: /home/fjj04/my-bear-museum/cats-images/2026-06-19/thumbs/cat_粉彩_20260619_04-m.jpg
[04:03:32] 已複製: cat_童趣蠟筆_20260619_05.jpg → /home/fjj04/my-bear-museum/cats-images/2026-06-19/cat_童趣蠟筆_20260619_05.jpg
[04:03:32]   縮圖: /home/fjj04/my-bear-museum/cats-images/2026-06-19/thumbs/cat_童趣蠟筆_20260619_05-m.jpg
[04:03:32] 已複製: cat_夜景霓虹_20260619_06.jpg → /home/fjj04/my-bear-museum/cats-images/2026-06-19/cat_夜景霓虹_20260619_06.jpg
[04:03:32]   縮圖: /home/fjj04/my-bear-museum/cats-images/2026-06-19/thumbs/cat_夜景霓虹_20260619_06-m.jpg
[04:03:32] 已更新 cats.json
[04:03:32] 新增 6 筆記錄
[04:03:32] 
--- 步驟 6: Git Commit ---
[04:03:40] Git push 完成
[04:03:40] 
--- 步驟 7: 部署到 Cloudflare Pages ---
[04:03:55] 
===== 完成 =====
[04:03:55] 到 https://kumaweb.pages.dev/meow/ 觀看結果
