[04:01:00] ===== 喵時光每日配送計畫 =====
[04:01:00] 今日日期: 2026-06-16
[04:01:00] 暫存目錄: /home/fjj04/cats/2026-06-16
[04:01:00] 目的目錄: /home/fjj04/my-bear-museum/cats-images/2026-06-16
[04:01:00] 
--- 步驟 1: 檢查系統狀態 ---
[04:01:01] ComfyUI: ✗ 離線
[04:01:01] 
--- 步驟 2: 取得風格 ---
[04:01:01] 風格 (6): ['粉彩', '童趣蠟筆', '夜景霓虹', '古典素描', '紙雕', '玻璃馬賽克']
[04:01:01] 
--- 步驟 3: 準備配送項目 ---
[04:01:01]   罐罐1: cat_粉彩_20260616_01.jpg (橘貓/粉彩)
[04:01:01]   罐罐2: cat_童趣蠟筆_20260616_02.jpg (英國短毛貓/童趣蠟筆)
[04:01:01]   罐罐3: cat_夜景霓虹_20260616_03.jpg (美國短毛貓/夜景霓虹)
[04:01:01]   罐罐4: cat_古典素描_20260616_04.jpg (蘇格蘭摺耳貓/古典素描)
[04:01:01]   罐罐5: cat_紙雕_20260616_05.jpg (波斯貓/紙雕)
[04:01:01]   罐罐6: cat_玻璃馬賽_20260616_06.jpg (緬甸貓/玻璃馬賽克)
[04:01:01] 
--- 步驟 4: 生成圖片 ---
[04:01:01] 配送計畫: ComfyUI 6 張 + MiniMax 0 張 （ComfyUI 離線）
[04:01:01]   MiniMax 產生 prompt: 橘貓的日常 (single)
[04:01:11]   MiniMax prompt 生成失敗: MiniMax chat 回傳空 prompt，使用 fallback
[04:01:11]   prompt (fallback): A cute adorable orange tabby cat with fluffy orange fur, 橘貓的日常, 日常 mode, scene: 粉彩, 粉彩 art style, dreamy atmosphere, soft kawaii style, cute cat illustration, high quality illustration, detailed fur texture
[04:01:11] MiniMax #1: 橘貓的日常 (粉彩) [1:1]
[04:01:31]   已保存: cat_粉彩_20260616_01.jpg
[04:01:31]   MiniMax 產生 prompt: 英國短毛貓的日常 (single)
[04:01:42]   MiniMax prompt 生成失敗: MiniMax chat 回傳空 prompt，使用 fallback
[04:01:42]   prompt (fallback): A cute adorable British Shorthair with round face and dense blue-grey coat, 英國短毛貓的日常, 日常 mode, scene: 童趣蠟筆, 童趣蠟筆 art style, dreamy atmosphere, soft kawaii style, cute cat illustration, high quality illustration, detailed fur texture
[04:01:42] MiniMax #2: 英國短毛貓的日常 (童趣蠟筆) [1:1]
[04:01:43]   MiniMax 生成失敗: system error
[04:01:43]   MiniMax 產生 prompt: 美國短毛貓的日常 (single)
[04:01:54]   MiniMax prompt 生成失敗: MiniMax chat 回傳空 prompt，使用 fallback
[04:01:54]   prompt (fallback): A cute adorable American Shorthair with classic tabby markings and robust body, 美國短毛貓的日常, 日常 mode, scene: 夜景霓虹, 夜景霓虹 art style, dreamy atmosphere, soft kawaii style, cute cat illustration, high quality illustration, detailed fur texture
[04:01:54] MiniMax #2: 美國短毛貓的日常 (夜景霓虹) [1:1]
[04:02:14]   已保存: cat_夜景霓虹_20260616_03.jpg
[04:02:14]   MiniMax 產生 prompt: 蘇格蘭摺耳貓的日常 (single)
[04:02:23]   MiniMax prompt 生成失敗: MiniMax chat 回傳空 prompt，使用 fallback
[04:02:23]   prompt (fallback): A cute adorable Scottish Fold with folded ears and round face, 蘇格蘭摺耳貓的日常, 日常 mode, scene: 古典素描, 古典素描 art style, dreamy atmosphere, soft kawaii style, cute cat illustration, high quality illustration, detailed fur texture
[04:02:23] MiniMax #3: 蘇格蘭摺耳貓的日常 (古典素描) [1:1]
[04:02:43]   已保存: cat_古典素描_20260616_04.jpg
[04:02:43]   MiniMax 產生 prompt: 波斯貓的日常 (single)
[04:02:53]   MiniMax prompt 生成失敗: MiniMax chat 回傳空 prompt，使用 fallback
[04:02:53]   prompt (fallback): A cute adorable Persian with long fluffy white fur and flat face, 波斯貓的日常, 日常 mode, scene: 紙雕, 紙雕 art style, dreamy atmosphere, soft kawaii style, cute cat illustration, high quality illustration, detailed fur texture
[04:02:53] MiniMax #4: 波斯貓的日常 (紙雕) [1:1]
[04:02:55]   MiniMax 生成失敗: system error
[04:02:55]   MiniMax 產生 prompt: 緬甸貓的日常 (single)
[04:03:07]   MiniMax prompt 生成失敗: MiniMax chat 回傳空 prompt，使用 fallback
[04:03:07]   prompt (fallback): A cute adorable Burmese with sleek dark brown coat and golden eyes, 緬甸貓的日常, 日常 mode, scene: 玻璃馬賽克, 玻璃馬賽克 art style, dreamy atmosphere, soft kawaii style, cute cat illustration, high quality illustration, detailed fur texture
[04:03:07] MiniMax #4: 緬甸貓的日常 (玻璃馬賽克) [1:1]
[04:03:09]   MiniMax 生成失敗: system error
[04:03:09] 共生成 3 張圖片於 /home/fjj04/cats/2026-06-16
[04:03:09] 
--- 步驟 5: 更新喵時光 ---
[04:03:09] 已複製: cat_粉彩_20260616_01.jpg → /home/fjj04/my-bear-museum/cats-images/2026-06-16/cat_粉彩_20260616_01.jpg
[04:03:09] 已複製: cat_夜景霓虹_20260616_03.jpg → /home/fjj04/my-bear-museum/cats-images/2026-06-16/cat_夜景霓虹_20260616_03.jpg
[04:03:09] 已複製: cat_古典素描_20260616_04.jpg → /home/fjj04/my-bear-museum/cats-images/2026-06-16/cat_古典素描_20260616_04.jpg
[04:03:09] 已更新 cats.json
[04:03:09] 新增 3 筆記錄
[04:03:09] 
--- 步驟 6: Git Commit ---
[04:03:13] Git push 完成
[04:03:13] 
--- 步驟 7: 部署到 Cloudflare Pages ---
[04:03:25] 
===== 完成 =====
[04:03:25] 到 https://kumaweb.pages.dev/meow/ 觀看結果
[07:48:30] ===== 喵時光每日配送計畫 =====
[07:48:30] 模式: step4
[07:48:30] 今日日期: 2026-06-16
[07:48:30] 暫存目錄: /home/fjj04/cats/2026-06-16
[07:48:30] 目的目錄: /home/fjj04/my-bear-museum/cats-images/2026-06-16
[07:48:30] 
--- 步驟 1: 檢查系統狀態 ---
[07:48:30] ComfyUI: ✗ 離線
[07:48:30] 
--- 步驟 2: 取得風格 ---
[07:48:30] 風格 (6): ['水彩', '油畫', '黏土陶藝風', '水墨風', '和風浮世繪', '復古童話']
[07:48:30] 
--- 步驟 3: 準備配送項目 ---
[07:48:30]   罐罐1: cat_水彩_20260616_01.jpg (橘貓/水彩)
[07:48:30]   罐罐2: cat_油畫_20260616_02.jpg (俄羅斯藍貓/油畫)
[07:48:30]   罐罐3: cat_黏土陶藝_20260616_03.jpg (孟加拉貓/黏土陶藝風)
[07:48:30]   罐罐4: cat_水墨風_20260616_04.jpg (阿比西尼亞貓/水墨風)
[07:48:30]   罐罐5: cat_和風浮世_20260616_05.jpg (柯尼斯卷毛貓/和風浮世繪)
[07:48:30]   罐罐6: cat_復古童話_20260616_06.jpg (蘇格蘭立耳貓/復古童話)
[07:48:30] 
--- 步驟 4: 生成圖片 ---
[07:48:30] 配送計畫: ComfyUI 6 張 + MiniMax 0 張 （ComfyUI 離線）
[07:48:30]   MiniMax 產生 prompt: 橘貓的日常 (single)
[07:48:39]   MiniMax prompt 生成失敗: MiniMax chat 回傳空 prompt，使用 fallback
[07:48:39]   prompt (fallback): A cute adorable orange tabby cat with fluffy orange fur, 橘貓的日常, 日常 mode, scene: 水彩, 水彩 art style, dreamy atmosphere, soft kawaii style, cute cat illustration, high quality illustration, detailed fur texture
[07:48:39] MiniMax #1: 橘貓的日常 (水彩) [1:1]
[07:48:59]   已保存: cat_水彩_20260616_01.jpg
[07:48:59]   MiniMax 產生 prompt: 俄羅斯藍貓的日常 (single)
[07:49:07]   MiniMax prompt 生成失敗: MiniMax chat 回傳空 prompt，使用 fallback
[07:49:07]   prompt (fallback): A cute adorable Russian Blue with short dense blue-grey coat and emerald green eyes, 俄羅斯藍貓的日常, 日常 mode, scene: 油畫, 油畫 art style, dreamy atmosphere, soft kawaii style, cute cat illustration, high quality illustration, detailed fur texture
[07:49:07] MiniMax #2: 俄羅斯藍貓的日常 (油畫) [1:1]
[07:49:27]   已保存: cat_油畫_20260616_02.jpg
[07:49:27]   MiniMax 產生 prompt: 孟加拉貓的日常 (single)
