[04:00:48] ===== 喵時光每日配送計畫 =====
[04:00:48] 今日日期: 2026-06-18
[04:00:48] 暫存目錄: /home/fjj04/cats/2026-06-18
[04:00:48] 目的目錄: /home/fjj04/my-bear-museum/cats-images/2026-06-18
[04:00:48] 
--- 步驟 1: 檢查系統狀態 ---
[04:00:48] ComfyUI: ✓ 在線
[04:00:48] 
--- 步驟 2: 取得風格 ---
[04:00:48] 風格 (6): ['紙雕', '玻璃馬賽克', '水彩', '油畫', '黏土陶藝風', '水墨風']
[04:00:48] 
--- 步驟 3: 準備配送項目 ---
[04:00:48]   罐罐1: cat_紙雕_20260618_01.jpg (橘貓/紙雕)
[04:00:48]   罐罐2: cat_玻璃馬賽_20260618_02.jpg (英國短毛貓/玻璃馬賽克)
[04:00:48]   罐罐3: cat_水彩_20260618_03.jpg (美國短毛貓/水彩)
[04:00:48]   罐罐4: cat_油畫_20260618_04.jpg (蘇格蘭摺耳貓/油畫)
[04:00:48]   罐罐5: cat_黏土陶藝_20260618_05.jpg (波斯貓/黏土陶藝風)
[04:00:48]   罐罐6: cat_水墨風_20260618_06.jpg (緬甸貓/水墨風)
[04:00:48] 
--- 步驟 4: 生成圖片 ---
[04:00:48] 配送計畫: ComfyUI 6 張 + MiniMax 0 張 （ComfyUI 在線）
[04:00:48]   MiniMax 產生 prompt: 橘貓的日常 (single)
[04:00:59]   MiniMax prompt 生成失敗: MiniMax chat 回傳空 prompt，使用 fallback
[04:00:59]   prompt (fallback): A cute adorable orange tabby cat with fluffy orange fur, 橘貓的日常, 日常 mode, scene: 紙雕, 紙雕 art style, dreamy atmosphere, soft kawaii style, cute cat illustration, high quality illustration, detailed fur texture
[04:00:59] ComfyUI #1: 橘貓的日常 (紙雕) [1024x1024]
[04:01:14]   已保存: cat_紙雕_20260618_01.jpg
[04:01:14]   MiniMax 產生 prompt: 英國短毛貓的日常 (single)
[04:01:27]   MiniMax prompt 生成失敗: MiniMax chat 回傳空 prompt，使用 fallback
[04:01:27]   prompt (fallback): A cute adorable British Shorthair with round face and dense blue-grey coat, 英國短毛貓的日常, 日常 mode, scene: 玻璃馬賽克, 玻璃馬賽克 art style, dreamy atmosphere, soft kawaii style, cute cat illustration, high quality illustration, detailed fur texture
[04:01:27] ComfyUI #2: 英國短毛貓的日常 (玻璃馬賽克) [1024x1024]
[04:01:42]   已保存: cat_玻璃馬賽_20260618_02.jpg
[04:01:42]   MiniMax 產生 prompt: 美國短毛貓的日常 (single)
[04:01:51]   MiniMax prompt 生成失敗: MiniMax chat 回傳空 prompt，使用 fallback
[04:01:51]   prompt (fallback): A cute adorable American Shorthair with classic tabby markings and robust body, 美國短毛貓的日常, 日常 mode, scene: 水彩, 水彩 art style, dreamy atmosphere, soft kawaii style, cute cat illustration, high quality illustration, detailed fur texture
[04:01:51] ComfyUI #3: 美國短毛貓的日常 (水彩) [1024x1024]
[04:02:06]   已保存: cat_水彩_20260618_03.jpg
[04:02:06]   MiniMax 產生 prompt: 蘇格蘭摺耳貓的日常 (single)
[04:02:18]   MiniMax prompt 生成失敗: MiniMax chat 回傳空 prompt，使用 fallback
[04:02:18]   prompt (fallback): A cute adorable Scottish Fold with folded ears and round face, 蘇格蘭摺耳貓的日常, 日常 mode, scene: 油畫, 油畫 art style, dreamy atmosphere, soft kawaii style, cute cat illustration, high quality illustration, detailed fur texture
[04:02:18] ComfyUI #4: 蘇格蘭摺耳貓的日常 (油畫) [1024x1024]
[04:02:33]   已保存: cat_油畫_20260618_04.jpg
[04:02:33]   MiniMax 產生 prompt: 波斯貓的日常 (single)
[04:02:43]   MiniMax prompt 生成失敗: MiniMax chat 回傳空 prompt，使用 fallback
[04:02:43]   prompt (fallback): A cute adorable Persian with long fluffy white fur and flat face, 波斯貓的日常, 日常 mode, scene: 黏土陶藝風, 黏土陶藝風 art style, dreamy atmosphere, soft kawaii style, cute cat illustration, high quality illustration, detailed fur texture
[04:02:43] ComfyUI #5: 波斯貓的日常 (黏土陶藝風) [1024x1024]
[04:02:58]   已保存: cat_黏土陶藝_20260618_05.jpg
[04:02:58]   MiniMax 產生 prompt: 緬甸貓的日常 (single)
[04:03:13]   MiniMax prompt 生成失敗: MiniMax chat 回傳空 prompt，使用 fallback
[04:03:13]   prompt (fallback): A cute adorable Burmese with sleek dark brown coat and golden eyes, 緬甸貓的日常, 日常 mode, scene: 水墨風, 水墨風 art style, dreamy atmosphere, soft kawaii style, cute cat illustration, high quality illustration, detailed fur texture
[04:03:13] ComfyUI #6: 緬甸貓的日常 (水墨風) [1024x1024]
[04:03:28]   已保存: cat_水墨風_20260618_06.jpg
[04:03:28] 共生成 6 張圖片於 /home/fjj04/cats/2026-06-18
[04:03:28] 
--- 步驟 5: 更新喵時光 ---
[04:03:28] 已複製: cat_紙雕_20260618_01.jpg → /home/fjj04/my-bear-museum/cats-images/2026-06-18/cat_紙雕_20260618_01.jpg
[04:03:28]   縮圖: /home/fjj04/my-bear-museum/cats-images/2026-06-18/thumbs/cat_紙雕_20260618_01-m.jpg
[04:03:28] 已複製: cat_玻璃馬賽_20260618_02.jpg → /home/fjj04/my-bear-museum/cats-images/2026-06-18/cat_玻璃馬賽_20260618_02.jpg
[04:03:28]   縮圖: /home/fjj04/my-bear-museum/cats-images/2026-06-18/thumbs/cat_玻璃馬賽_20260618_02-m.jpg
[04:03:28] 已複製: cat_水彩_20260618_03.jpg → /home/fjj04/my-bear-museum/cats-images/2026-06-18/cat_水彩_20260618_03.jpg
[04:03:28]   縮圖: /home/fjj04/my-bear-museum/cats-images/2026-06-18/thumbs/cat_水彩_20260618_03-m.jpg
[04:03:28] 已複製: cat_油畫_20260618_04.jpg → /home/fjj04/my-bear-museum/cats-images/2026-06-18/cat_油畫_20260618_04.jpg
[04:03:28]   縮圖: /home/fjj04/my-bear-museum/cats-images/2026-06-18/thumbs/cat_油畫_20260618_04-m.jpg
[04:03:28] 已複製: cat_黏土陶藝_20260618_05.jpg → /home/fjj04/my-bear-museum/cats-images/2026-06-18/cat_黏土陶藝_20260618_05.jpg
[04:03:28]   縮圖: /home/fjj04/my-bear-museum/cats-images/2026-06-18/thumbs/cat_黏土陶藝_20260618_05-m.jpg
[04:03:28] 已複製: cat_水墨風_20260618_06.jpg → /home/fjj04/my-bear-museum/cats-images/2026-06-18/cat_水墨風_20260618_06.jpg
[04:03:28]   縮圖: /home/fjj04/my-bear-museum/cats-images/2026-06-18/thumbs/cat_水墨風_20260618_06-m.jpg
[04:03:28] 已更新 cats.json
[04:03:28] 新增 6 筆記錄
[04:03:28] 
--- 步驟 6: Git Commit ---
[04:03:37] Git push 完成
[04:03:37] 
--- 步驟 7: 部署到 Cloudflare Pages ---
[04:03:54] 
===== 完成 =====
[04:03:54] 到 https://kumaweb.pages.dev/meow/ 觀看結果
