[04:00:56] ===== 喵時光每日配送計畫 =====
[04:00:56] 今日日期: 2026-06-20
[04:00:56] 暫存目錄: /home/fjj04/cats/2026-06-20
[04:00:56] 目的目錄: /home/fjj04/my-bear-museum/cats-images/2026-06-20
[04:00:56] 
--- 步驟 1: 檢查系統狀態 ---
[04:00:56] ComfyUI: ✓ 在線
[04:00:56] 
--- 步驟 2: 取得風格 ---
[04:00:56] 風格 (6): ['古典素描', '紙雕', '玻璃馬賽克', '水彩', '油畫', '黏土陶藝風']
[04:00:56] 
--- 步驟 3: 準備配送項目 ---
[04:00:56]   罐罐1: cat_古典素描_20260620_01.jpg (橘貓/古典素描)
[04:00:56]   罐罐2: cat_紙雕_20260620_02.jpg (英國短毛貓/紙雕)
[04:00:56]   罐罐3: cat_玻璃馬賽_20260620_03.jpg (美國短毛貓/玻璃馬賽克)
[04:00:56]   罐罐4: cat_水彩_20260620_04.jpg (蘇格蘭摺耳貓/水彩)
[04:00:56]   罐罐5: cat_油畫_20260620_05.jpg (波斯貓/油畫)
[04:00:56]   罐罐6: cat_黏土陶藝_20260620_06.jpg (緬甸貓/黏土陶藝風)
[04:00:56] 
--- 步驟 4: 生成圖片 ---
[04:00:56] 配送計畫: ComfyUI 6 張 + MiniMax 0 張 （ComfyUI 在線）
[04:00:56]   MiniMax 產生 prompt: 橘貓的日常 (single)
[04:01:07]   MiniMax prompt 生成失敗: MiniMax chat 回傳空 prompt，使用 fallback
[04:01:07]   prompt (fallback): A cute adorable orange tabby cat with fluffy orange fur, 橘貓的日常, 日常 mode, scene: 古典素描, 古典素描 art style, dreamy atmosphere, soft kawaii style, cute cat illustration, high quality illustration, detailed fur texture
[04:01:07] ComfyUI #1: 橘貓的日常 (古典素描) [1024x1024]
[04:01:22]   已保存: cat_古典素描_20260620_01.jpg
[04:01:22]   MiniMax 產生 prompt: 英國短毛貓的日常 (single)
[04:01:34]   MiniMax prompt 生成失敗: MiniMax chat 回傳空 prompt，使用 fallback
[04:01:34]   prompt (fallback): A cute adorable British Shorthair with round face and dense blue-grey coat, 英國短毛貓的日常, 日常 mode, scene: 紙雕, 紙雕 art style, dreamy atmosphere, soft kawaii style, cute cat illustration, high quality illustration, detailed fur texture
[04:01:34] ComfyUI #2: 英國短毛貓的日常 (紙雕) [1024x1024]
[04:01:49]   已保存: cat_紙雕_20260620_02.jpg
[04:01:49]   MiniMax 產生 prompt: 美國短毛貓的日常 (single)
[04:02:01]   MiniMax prompt 生成失敗: MiniMax chat 回傳空 prompt，使用 fallback
[04:02:01]   prompt (fallback): A cute adorable American Shorthair with classic tabby markings and robust body, 美國短毛貓的日常, 日常 mode, scene: 玻璃馬賽克, 玻璃馬賽克 art style, dreamy atmosphere, soft kawaii style, cute cat illustration, high quality illustration, detailed fur texture
[04:02:01] ComfyUI #3: 美國短毛貓的日常 (玻璃馬賽克) [1024x1024]
[04:02:16]   已保存: cat_玻璃馬賽_20260620_03.jpg
[04:02:16]   MiniMax 產生 prompt: 蘇格蘭摺耳貓的日常 (single)
[04:02:29]   MiniMax prompt 生成失敗: MiniMax chat 回傳空 prompt，使用 fallback
[04:02:29]   prompt (fallback): A cute adorable Scottish Fold with folded ears and round face, 蘇格蘭摺耳貓的日常, 日常 mode, scene: 水彩, 水彩 art style, dreamy atmosphere, soft kawaii style, cute cat illustration, high quality illustration, detailed fur texture
[04:02:29] ComfyUI #4: 蘇格蘭摺耳貓的日常 (水彩) [1024x1024]
[04:02:44]   已保存: cat_水彩_20260620_04.jpg
[04:02:44]   MiniMax 產生 prompt: 波斯貓的日常 (single)
[04:02:52]   MiniMax prompt 生成失敗: MiniMax chat 回傳空 prompt，使用 fallback
[04:02:52]   prompt (fallback): A cute adorable Persian with long fluffy white fur and flat face, 波斯貓的日常, 日常 mode, scene: 油畫, 油畫 art style, dreamy atmosphere, soft kawaii style, cute cat illustration, high quality illustration, detailed fur texture
[04:02:52] ComfyUI #5: 波斯貓的日常 (油畫) [1024x1024]
[04:03:07]   已保存: cat_油畫_20260620_05.jpg
[04:03:07]   MiniMax 產生 prompt: 緬甸貓的日常 (single)
[04:03:19]   MiniMax prompt 生成失敗: MiniMax chat 回傳空 prompt，使用 fallback
[04:03:19]   prompt (fallback): A cute adorable Burmese with sleek dark brown coat and golden eyes, 緬甸貓的日常, 日常 mode, scene: 黏土陶藝風, 黏土陶藝風 art style, dreamy atmosphere, soft kawaii style, cute cat illustration, high quality illustration, detailed fur texture
[04:03:19] ComfyUI #6: 緬甸貓的日常 (黏土陶藝風) [1024x1024]
[04:03:34]   已保存: cat_黏土陶藝_20260620_06.jpg
[04:03:34] 共生成 6 張圖片於 /home/fjj04/cats/2026-06-20
[04:03:34] 
--- 步驟 5: 更新喵時光 ---
[04:03:34] 已複製: cat_古典素描_20260620_01.jpg → /home/fjj04/my-bear-museum/cats-images/2026-06-20/cat_古典素描_20260620_01.jpg
[04:03:35]   縮圖: /home/fjj04/my-bear-museum/cats-images/2026-06-20/thumbs/cat_古典素描_20260620_01-m.jpg
[04:03:35] 已複製: cat_紙雕_20260620_02.jpg → /home/fjj04/my-bear-museum/cats-images/2026-06-20/cat_紙雕_20260620_02.jpg
[04:03:35]   縮圖: /home/fjj04/my-bear-museum/cats-images/2026-06-20/thumbs/cat_紙雕_20260620_02-m.jpg
[04:03:35] 已複製: cat_玻璃馬賽_20260620_03.jpg → /home/fjj04/my-bear-museum/cats-images/2026-06-20/cat_玻璃馬賽_20260620_03.jpg
[04:03:35]   縮圖: /home/fjj04/my-bear-museum/cats-images/2026-06-20/thumbs/cat_玻璃馬賽_20260620_03-m.jpg
[04:03:35] 已複製: cat_水彩_20260620_04.jpg → /home/fjj04/my-bear-museum/cats-images/2026-06-20/cat_水彩_20260620_04.jpg
[04:03:35]   縮圖: /home/fjj04/my-bear-museum/cats-images/2026-06-20/thumbs/cat_水彩_20260620_04-m.jpg
[04:03:35] 已複製: cat_油畫_20260620_05.jpg → /home/fjj04/my-bear-museum/cats-images/2026-06-20/cat_油畫_20260620_05.jpg
[04:03:35]   縮圖: /home/fjj04/my-bear-museum/cats-images/2026-06-20/thumbs/cat_油畫_20260620_05-m.jpg
[04:03:35] 已複製: cat_黏土陶藝_20260620_06.jpg → /home/fjj04/my-bear-museum/cats-images/2026-06-20/cat_黏土陶藝_20260620_06.jpg
[04:03:35]   縮圖: /home/fjj04/my-bear-museum/cats-images/2026-06-20/thumbs/cat_黏土陶藝_20260620_06-m.jpg
[04:03:35] 已更新 cats.json
[04:03:35] 新增 6 筆記錄
[04:03:35] 
--- 步驟 6: Git Commit ---
[04:03:43] Git push 完成
[04:03:43] 
--- 步驟 7: 部署到 Cloudflare Pages ---
[04:03:56] 
===== 完成 =====
[04:03:56] 到 https://kumaweb.pages.dev/meow/ 觀看結果
