[04:00:27] ===== 喵時光每日配送計畫 =====
[04:00:27] 今日日期: 2026-06-17
[04:00:27] 暫存目錄: /home/fjj04/cats/2026-06-17
[04:00:27] 目的目錄: /home/fjj04/my-bear-museum/cats-images/2026-06-17
[04:00:27] 
--- 步驟 1: 檢查系統狀態 ---
[04:00:27] ComfyUI: ✗ 離線
[04:00:27] 
--- 步驟 2: 取得風格 ---
[04:00:27] 風格 (6): ['薄霧水彩', '粉彩', '童趣蠟筆', '夜景霓虹', '古典素描', '紙雕']
[04:00:27] 
--- 步驟 3: 準備配送項目 ---
[04:00:27]   罐罐1: cat_薄霧水彩_20260617_01.jpg (橘貓/薄霧水彩)
[04:00:27]   罐罐2: cat_粉彩_20260617_02.jpg (英國短毛貓/粉彩)
[04:00:27]   罐罐3: cat_童趣蠟筆_20260617_03.jpg (美國短毛貓/童趣蠟筆)
[04:00:27]   罐罐4: cat_夜景霓虹_20260617_04.jpg (蘇格蘭摺耳貓/夜景霓虹)
[04:00:27]   罐罐5: cat_古典素描_20260617_05.jpg (波斯貓/古典素描)
[04:00:27]   罐罐6: cat_紙雕_20260617_06.jpg (緬甸貓/紙雕)
[04:00:27] 
--- 步驟 4: 生成圖片 ---
[04:00:27] 配送計畫: ComfyUI 6 張 + MiniMax 0 張 （ComfyUI 離線）
[04:00:27]   MiniMax 產生 prompt: 橘貓的日常 (single)
[04:00:35]   MiniMax prompt 生成失敗: MiniMax chat 回傳空 prompt，使用 fallback
[04:00:35]   prompt (fallback): A cute adorable orange tabby cat with fluffy orange fur, 橘貓的日常, 日常 mode, scene: 薄霧水彩, 薄霧水彩 art style, dreamy atmosphere, soft kawaii style, cute cat illustration, high quality illustration, detailed fur texture
[04:00:35] MiniMax #1: 橘貓的日常 (薄霧水彩) [1:1]
[04:00:55]   已保存: cat_薄霧水彩_20260617_01.jpg
[04:00:55]   MiniMax 產生 prompt: 英國短毛貓的日常 (single)
[04:01:05]   MiniMax prompt 生成失敗: MiniMax chat 回傳空 prompt，使用 fallback
[04:01:05]   prompt (fallback): A cute adorable British Shorthair with round face and dense blue-grey coat, 英國短毛貓的日常, 日常 mode, scene: 粉彩, 粉彩 art style, dreamy atmosphere, soft kawaii style, cute cat illustration, high quality illustration, detailed fur texture
[04:01:05] MiniMax #2: 英國短毛貓的日常 (粉彩) [1:1]
[04:01:24]   已保存: cat_粉彩_20260617_02.jpg
[04:01:24]   MiniMax 產生 prompt: 美國短毛貓的日常 (single)
[04:01:33]   MiniMax prompt 生成失敗: MiniMax chat 回傳空 prompt，使用 fallback
[04:01:33]   prompt (fallback): A cute adorable American Shorthair with classic tabby markings and robust body, 美國短毛貓的日常, 日常 mode, scene: 童趣蠟筆, 童趣蠟筆 art style, dreamy atmosphere, soft kawaii style, cute cat illustration, high quality illustration, detailed fur texture
[04:01:33] MiniMax #3: 美國短毛貓的日常 (童趣蠟筆) [1:1]
[04:01:52]   已保存: cat_童趣蠟筆_20260617_03.jpg
[04:01:52]   MiniMax 產生 prompt: 蘇格蘭摺耳貓的日常 (single)
[04:02:02]   MiniMax prompt 生成失敗: MiniMax chat 回傳空 prompt，使用 fallback
[04:02:02]   prompt (fallback): A cute adorable Scottish Fold with folded ears and round face, 蘇格蘭摺耳貓的日常, 日常 mode, scene: 夜景霓虹, 夜景霓虹 art style, dreamy atmosphere, soft kawaii style, cute cat illustration, high quality illustration, detailed fur texture
[04:02:02] MiniMax #4: 蘇格蘭摺耳貓的日常 (夜景霓虹) [1:1]
[04:03:05]   已保存: cat_夜景霓虹_20260617_04.jpg
[04:03:05]   MiniMax 產生 prompt: 波斯貓的日常 (single)
[04:03:17]   MiniMax prompt 生成失敗: MiniMax chat 回傳空 prompt，使用 fallback
[04:03:17]   prompt (fallback): A cute adorable Persian with long fluffy white fur and flat face, 波斯貓的日常, 日常 mode, scene: 古典素描, 古典素描 art style, dreamy atmosphere, soft kawaii style, cute cat illustration, high quality illustration, detailed fur texture
[04:03:17] MiniMax #5: 波斯貓的日常 (古典素描) [1:1]
[04:05:17]   MiniMax 生成失敗: HTTPSConnectionPool(host='api.minimax.io', port=443): Read timed out. (read timeout=120)
[04:05:17]   MiniMax 產生 prompt: 緬甸貓的日常 (single)
[04:05:31]   MiniMax prompt 生成失敗: MiniMax chat 回傳空 prompt，使用 fallback
[04:05:31]   prompt (fallback): A cute adorable Burmese with sleek dark brown coat and golden eyes, 緬甸貓的日常, 日常 mode, scene: 紙雕, 紙雕 art style, dreamy atmosphere, soft kawaii style, cute cat illustration, high quality illustration, detailed fur texture
[04:05:31] MiniMax #5: 緬甸貓的日常 (紙雕) [1:1]
[04:05:51]   已保存: cat_紙雕_20260617_06.jpg
[04:05:51] 共生成 5 張圖片於 /home/fjj04/cats/2026-06-17
[04:05:51] 
--- 步驟 5: 更新喵時光 ---
[04:05:51] 已複製: cat_薄霧水彩_20260617_01.jpg → /home/fjj04/my-bear-museum/cats-images/2026-06-17/cat_薄霧水彩_20260617_01.jpg
[04:05:51] 已複製: cat_粉彩_20260617_02.jpg → /home/fjj04/my-bear-museum/cats-images/2026-06-17/cat_粉彩_20260617_02.jpg
[04:05:51] 已複製: cat_童趣蠟筆_20260617_03.jpg → /home/fjj04/my-bear-museum/cats-images/2026-06-17/cat_童趣蠟筆_20260617_03.jpg
[04:05:51] 已複製: cat_夜景霓虹_20260617_04.jpg → /home/fjj04/my-bear-museum/cats-images/2026-06-17/cat_夜景霓虹_20260617_04.jpg
[04:05:51] 已複製: cat_紙雕_20260617_06.jpg → /home/fjj04/my-bear-museum/cats-images/2026-06-17/cat_紙雕_20260617_06.jpg
[04:05:51] 已更新 cats.json
[04:05:51] 新增 5 筆記錄
[04:05:51] 
--- 步驟 6: Git Commit ---
[04:05:55] Git push 完成
[04:05:55] 
--- 步驟 7: 部署到 Cloudflare Pages ---
[04:06:10] 
===== 完成 =====
[04:06:10] 到 https://kumaweb.pages.dev/meow/ 觀看結果
